[2025-10-12T12:59:01.644+0000] {taskinstance.py:1956} INFO - Dependencies all met for dep_context=non-requeueable deps ti=<TaskInstance: dim_customer_dag.load_dim_customer manual__2025-10-12T12:58:56.433747+00:00 [queued]>
[2025-10-12T12:59:01.659+0000] {taskinstance.py:1956} INFO - Dependencies all met for dep_context=requeueable deps ti=<TaskInstance: dim_customer_dag.load_dim_customer manual__2025-10-12T12:58:56.433747+00:00 [queued]>
[2025-10-12T12:59:01.660+0000] {taskinstance.py:2170} INFO - Starting attempt 1 of 1
[2025-10-12T12:59:01.684+0000] {taskinstance.py:2191} INFO - Executing <Task(PythonOperator): load_dim_customer> on 2025-10-12 12:58:56.433747+00:00
[2025-10-12T12:59:01.691+0000] {standard_task_runner.py:60} INFO - Started process 2559 to run task
[2025-10-12T12:59:01.697+0000] {standard_task_runner.py:87} INFO - Running: ['***', 'tasks', 'run', 'dim_customer_dag', 'load_dim_customer', 'manual__2025-10-12T12:58:56.433747+00:00', '--job-id', '120', '--raw', '--subdir', 'DAGS_FOLDER/dim_customer_dag.py', '--cfg-path', '/tmp/tmp7g_b3035']
[2025-10-12T12:59:01.699+0000] {standard_task_runner.py:88} INFO - Job 120: Subtask load_dim_customer
[2025-10-12T12:59:01.795+0000] {task_command.py:423} INFO - Running <TaskInstance: dim_customer_dag.load_dim_customer manual__2025-10-12T12:58:56.433747+00:00 [running]> on host ba936f2a330d
[2025-10-12T12:59:01.989+0000] {taskinstance.py:2480} INFO - Exporting env vars: AIRFLOW_CTX_DAG_OWNER='***' AIRFLOW_CTX_DAG_ID='dim_customer_dag' AIRFLOW_CTX_TASK_ID='load_dim_customer' AIRFLOW_CTX_EXECUTION_DATE='2025-10-12T12:58:56.433747+00:00' AIRFLOW_CTX_TRY_NUMBER='1' AIRFLOW_CTX_DAG_RUN_ID='manual__2025-10-12T12:58:56.433747+00:00'
[2025-10-12T12:59:01.994+0000] {logging_mixin.py:188} INFO - 🚀 Starting dim_customer ETL pipeline
[2025-10-12T12:59:02.153+0000] {logging_mixin.py:188} INFO - 🕓 Last SUCCESS run for dim_customer: 2025-10-12 12:58:17.001024
[2025-10-12T12:59:02.155+0000] {logging_mixin.py:188} INFO - ✅ Last successful run found: 2025-10-12 12:58:17.001024
[2025-10-12T13:09:07.599+0000] {logging_mixin.py:188} INFO - 🔍 Found 1 new/updated records since last run.
[2025-10-12T13:09:07.812+0000] {logging_mixin.py:188} INFO - ✅ Successfully loaded 1 records into dim_customer
[2025-10-12T13:09:07.826+0000] {logging_mixin.py:188} INFO - 🟩 Logged ETL run for dim_customer: success at 2025-10-12 13:09:07.820936
[2025-10-12T13:09:07.828+0000] {logging_mixin.py:188} INFO - 🟩 dim_customer ETL completed successfully.
[2025-10-12T13:09:08.082+0000] {python.py:201} INFO - Done. Returned value was: None
[2025-10-12T13:09:08.107+0000] {taskinstance.py:1138} INFO - Marking task as SUCCESS. dag_id=dim_customer_dag, task_id=load_dim_customer, execution_date=20251012T125856, start_date=20251012T125901, end_date=20251012T130908
[2025-10-12T13:09:08.114+0000] {logging_mixin.py:188} INFO - 🟩 Logged ETL run for dim_customer: success at 2025-10-12 13:09:08.109229
[2025-10-12T13:09:08.183+0000] {local_task_job_runner.py:234} INFO - Task exited with return code 0
[2025-10-12T13:09:08.235+0000] {taskinstance.py:3280} INFO - 0 downstream tasks scheduled from follow-on schedule check
