[2025-10-21T10:14:08.809+0000] {taskinstance.py:1956} INFO - Dependencies all met for dep_context=non-requeueable deps ti=<TaskInstance: dim_customer_dag.load_dim_date manual__2025-10-21T10:14:03.753612+00:00 [queued]>
[2025-10-21T10:14:08.829+0000] {taskinstance.py:1956} INFO - Dependencies all met for dep_context=requeueable deps ti=<TaskInstance: dim_customer_dag.load_dim_date manual__2025-10-21T10:14:03.753612+00:00 [queued]>
[2025-10-21T10:14:08.830+0000] {taskinstance.py:2170} INFO - Starting attempt 1 of 1
[2025-10-21T10:14:08.866+0000] {taskinstance.py:2191} INFO - Executing <Task(PythonOperator): load_dim_date> on 2025-10-21 10:14:03.753612+00:00
[2025-10-21T10:14:08.876+0000] {standard_task_runner.py:60} INFO - Started process 113 to run task
[2025-10-21T10:14:08.884+0000] {standard_task_runner.py:87} INFO - Running: ['***', 'tasks', 'run', 'dim_customer_dag', 'load_dim_date', 'manual__2025-10-21T10:14:03.753612+00:00', '--job-id', '198', '--raw', '--subdir', 'DAGS_FOLDER/dim_customer_dag.py', '--cfg-path', '/tmp/tmpni50js9s']
[2025-10-21T10:14:08.887+0000] {standard_task_runner.py:88} INFO - Job 198: Subtask load_dim_date
[2025-10-21T10:14:09.128+0000] {task_command.py:423} INFO - Running <TaskInstance: dim_customer_dag.load_dim_date manual__2025-10-21T10:14:03.753612+00:00 [running]> on host cfaf93cb2f66
[2025-10-21T10:14:09.426+0000] {taskinstance.py:2480} INFO - Exporting env vars: AIRFLOW_CTX_DAG_OWNER='***' AIRFLOW_CTX_DAG_ID='dim_customer_dag' AIRFLOW_CTX_TASK_ID='load_dim_date' AIRFLOW_CTX_EXECUTION_DATE='2025-10-21T10:14:03.753612+00:00' AIRFLOW_CTX_TRY_NUMBER='1' AIRFLOW_CTX_DAG_RUN_ID='manual__2025-10-21T10:14:03.753612+00:00'
[2025-10-21T10:14:09.429+0000] {logging_mixin.py:188} INFO -  Starting dim_date ETL pipeline
[2025-10-21T10:14:09.476+0000] {logging_mixin.py:188} INFO -  Last SUCCESS run for dim_date: 2025-10-21 10:13:18.449900
[2025-10-21T10:14:09.477+0000] {logging_mixin.py:188} INFO -  Last successful run found: 2025-10-21 10:13:18.449900
[2025-10-21T10:14:21.325+0000] {warnings.py:109} WARNING - /opt/***/dags/etl_scripts/date_etl.py:36: UserWarning: Parsing dates in %d/%m/%Y %I:%M:%S %p format when dayfirst=False (the default) was specified. Pass `dayfirst=True` or specify a format to silence this warning.
  df["InDate"] = pd.to_datetime(df["InDate"], errors="coerce")

[2025-10-21T10:14:21.408+0000] {logging_mixin.py:188} INFO -  Found 0 new date records since last run.
[2025-10-21T10:14:21.409+0000] {logging_mixin.py:188} INFO -  No new date records to insert.
[2025-10-21T10:14:21.414+0000] {logging_mixin.py:188} INFO -  Logged ETL run for dim_date: success at 2025-10-21 10:14:21.410508
[2025-10-21T10:14:21.415+0000] {python.py:201} INFO - Done. Returned value was: None
[2025-10-21T10:14:21.434+0000] {taskinstance.py:1138} INFO - Marking task as SUCCESS. dag_id=dim_customer_dag, task_id=load_dim_date, execution_date=20251021T101403, start_date=20251021T101408, end_date=20251021T101421
[2025-10-21T10:14:21.438+0000] {logging_mixin.py:188} INFO -  Logged ETL run for dim_date: success at 2025-10-21 10:14:21.435258
[2025-10-21T10:14:21.493+0000] {local_task_job_runner.py:234} INFO - Task exited with return code 0
[2025-10-21T10:14:21.539+0000] {taskinstance.py:3280} INFO - 1 downstream tasks scheduled from follow-on schedule check
