[2025-10-14T05:52:09.225+0000] {taskinstance.py:1956} INFO - Dependencies all met for dep_context=non-requeueable deps ti=<TaskInstance: dim_customer_dag.load_dim_customer manual__2025-10-14T05:52:05.518247+00:00 [queued]>
[2025-10-14T05:52:09.239+0000] {taskinstance.py:1956} INFO - Dependencies all met for dep_context=requeueable deps ti=<TaskInstance: dim_customer_dag.load_dim_customer manual__2025-10-14T05:52:05.518247+00:00 [queued]>
[2025-10-14T05:52:09.240+0000] {taskinstance.py:2170} INFO - Starting attempt 1 of 1
[2025-10-14T05:52:09.271+0000] {taskinstance.py:2191} INFO - Executing <Task(PythonOperator): load_dim_customer> on 2025-10-14 05:52:05.518247+00:00
[2025-10-14T05:52:09.279+0000] {standard_task_runner.py:60} INFO - Started process 5178 to run task
[2025-10-14T05:52:09.284+0000] {standard_task_runner.py:87} INFO - Running: ['***', 'tasks', 'run', 'dim_customer_dag', 'load_dim_customer', 'manual__2025-10-14T05:52:05.518247+00:00', '--job-id', '171', '--raw', '--subdir', 'DAGS_FOLDER/dim_customer_dag.py', '--cfg-path', '/tmp/tmp7wve75f2']
[2025-10-14T05:52:09.286+0000] {standard_task_runner.py:88} INFO - Job 171: Subtask load_dim_customer
[2025-10-14T05:52:09.359+0000] {task_command.py:423} INFO - Running <TaskInstance: dim_customer_dag.load_dim_customer manual__2025-10-14T05:52:05.518247+00:00 [running]> on host cd1b8c665937
[2025-10-14T05:52:09.493+0000] {taskinstance.py:2480} INFO - Exporting env vars: AIRFLOW_CTX_DAG_OWNER='***' AIRFLOW_CTX_DAG_ID='dim_customer_dag' AIRFLOW_CTX_TASK_ID='load_dim_customer' AIRFLOW_CTX_EXECUTION_DATE='2025-10-14T05:52:05.518247+00:00' AIRFLOW_CTX_TRY_NUMBER='1' AIRFLOW_CTX_DAG_RUN_ID='manual__2025-10-14T05:52:05.518247+00:00'
[2025-10-14T05:52:09.495+0000] {logging_mixin.py:188} INFO -  Starting dim_customer ETL pipeline
[2025-10-14T05:52:09.579+0000] {logging_mixin.py:188} INFO -  No successful run found for dim_customer — will perform full load.
[2025-10-14T05:52:09.580+0000] {logging_mixin.py:188} INFO -  No successful run found — performing full load.
[2025-10-14T05:52:17.412+0000] {warnings.py:109} WARNING - /opt/***/dags/etl_scripts/customer_etl.py:44: UserWarning: Parsing dates in %d/%m/%Y %I:%M:%S %p format when dayfirst=False (the default) was specified. Pass `dayfirst=True` or specify a format to silence this warning.
  df["in_date"] = pd.to_datetime(df["in_date"], errors="coerce")

[2025-10-14T05:52:17.431+0000] {logging_mixin.py:188} INFO - First load — total records to insert: 10
[2025-10-14T05:52:17.467+0000] {logging_mixin.py:188} INFO - Successfully loaded 2 records into dim_customer
[2025-10-14T05:52:17.473+0000] {logging_mixin.py:188} INFO - dim_customer ETL completed successfully.
[2025-10-14T05:52:17.473+0000] {python.py:201} INFO - Done. Returned value was: None
[2025-10-14T05:52:17.489+0000] {taskinstance.py:1138} INFO - Marking task as SUCCESS. dag_id=dim_customer_dag, task_id=load_dim_customer, execution_date=20251014T055205, start_date=20251014T055209, end_date=20251014T055217
[2025-10-14T05:52:17.494+0000] {logging_mixin.py:188} INFO -  Logged ETL run for dim_customer: success at 2025-10-14 05:52:17.490769
[2025-10-14T05:52:17.537+0000] {local_task_job_runner.py:234} INFO - Task exited with return code 0
[2025-10-14T05:52:17.566+0000] {taskinstance.py:3280} INFO - 0 downstream tasks scheduled from follow-on schedule check
