[2025-10-22T05:07:28.393+0000] {taskinstance.py:1956} INFO - Dependencies all met for dep_context=non-requeueable deps ti=<TaskInstance: sales_pipeline_master_dag.load_dim_product manual__2025-10-22T05:07:25.629710+00:00 [queued]>
[2025-10-22T05:07:28.403+0000] {taskinstance.py:1956} INFO - Dependencies all met for dep_context=requeueable deps ti=<TaskInstance: sales_pipeline_master_dag.load_dim_product manual__2025-10-22T05:07:25.629710+00:00 [queued]>
[2025-10-22T05:07:28.404+0000] {taskinstance.py:2170} INFO - Starting attempt 1 of 1
[2025-10-22T05:07:28.421+0000] {taskinstance.py:2191} INFO - Executing <Task(PythonOperator): load_dim_product> on 2025-10-22 05:07:25.629710+00:00
[2025-10-22T05:07:28.428+0000] {standard_task_runner.py:60} INFO - Started process 2273 to run task
[2025-10-22T05:07:28.432+0000] {standard_task_runner.py:87} INFO - Running: ['***', 'tasks', 'run', 'sales_pipeline_master_dag', 'load_dim_product', 'manual__2025-10-22T05:07:25.629710+00:00', '--job-id', '272', '--raw', '--subdir', 'DAGS_FOLDER/dim_customer_dag.py', '--cfg-path', '/tmp/tmp0hz1zhc3']
[2025-10-22T05:07:28.433+0000] {standard_task_runner.py:88} INFO - Job 272: Subtask load_dim_product
[2025-10-22T05:07:28.507+0000] {task_command.py:423} INFO - Running <TaskInstance: sales_pipeline_master_dag.load_dim_product manual__2025-10-22T05:07:25.629710+00:00 [running]> on host 73b97317d540
[2025-10-22T05:07:28.655+0000] {taskinstance.py:2480} INFO - Exporting env vars: AIRFLOW_CTX_DAG_OWNER='***' AIRFLOW_CTX_DAG_ID='sales_pipeline_master_dag' AIRFLOW_CTX_TASK_ID='load_dim_product' AIRFLOW_CTX_EXECUTION_DATE='2025-10-22T05:07:25.629710+00:00' AIRFLOW_CTX_TRY_NUMBER='1' AIRFLOW_CTX_DAG_RUN_ID='manual__2025-10-22T05:07:25.629710+00:00'
[2025-10-22T05:07:28.658+0000] {logging_mixin.py:188} INFO - 🚀 Starting dim_product ETL pipeline
[2025-10-22T05:07:28.730+0000] {logging_mixin.py:188} INFO -  Last SUCCESS run for dim_product: 2025-10-22 05:04:56.670612
[2025-10-22T05:07:28.731+0000] {logging_mixin.py:188} INFO -  Last successful run found: 2025-10-22 05:04:56.670612
[2025-10-22T05:07:39.978+0000] {warnings.py:109} WARNING - /opt/***/dags/etl_scripts/product_etl.py:46: UserWarning: Parsing dates in %d/%m/%Y %I:%M:%S %p format when dayfirst=False (the default) was specified. Pass `dayfirst=True` or specify a format to silence this warning.
  df["in_date"] = pd.to_datetime(df["in_date"], errors="coerce")

[2025-10-22T05:07:40.004+0000] {logging_mixin.py:188} INFO - 🔍 Found 1 new/updated product records since last run.
[2025-10-22T05:07:40.031+0000] {logging_mixin.py:188} INFO - Upserted 1 rows into dim_product
[2025-10-22T05:07:40.034+0000] {logging_mixin.py:188} INFO - Upsert completed: 1 records processed into dim_product.
[2025-10-22T05:07:40.035+0000] {logging_mixin.py:188} INFO -  dim_product ETL completed successfully.
[2025-10-22T05:07:40.035+0000] {python.py:201} INFO - Done. Returned value was: None
[2025-10-22T05:07:40.061+0000] {taskinstance.py:1138} INFO - Marking task as SUCCESS. dag_id=sales_pipeline_master_dag, task_id=load_dim_product, execution_date=20251022T050725, start_date=20251022T050728, end_date=20251022T050740
[2025-10-22T05:07:40.067+0000] {logging_mixin.py:188} INFO -  Logged ETL run for dim_product: success at 2025-10-22 05:07:40.062405
[2025-10-22T05:07:40.124+0000] {local_task_job_runner.py:234} INFO - Task exited with return code 0
[2025-10-22T05:07:40.197+0000] {taskinstance.py:3280} INFO - 0 downstream tasks scheduled from follow-on schedule check
