[2025-10-22T04:06:11.980+0000] {taskinstance.py:1956} INFO - Dependencies all met for dep_context=non-requeueable deps ti=<TaskInstance: sales_pipeline_master_dag.load_dim_date manual__2025-10-22T04:06:07.512681+00:00 [queued]>
[2025-10-22T04:06:11.995+0000] {taskinstance.py:1956} INFO - Dependencies all met for dep_context=requeueable deps ti=<TaskInstance: sales_pipeline_master_dag.load_dim_date manual__2025-10-22T04:06:07.512681+00:00 [queued]>
[2025-10-22T04:06:11.996+0000] {taskinstance.py:2170} INFO - Starting attempt 1 of 1
[2025-10-22T04:06:12.022+0000] {taskinstance.py:2191} INFO - Executing <Task(PythonOperator): load_dim_date> on 2025-10-22 04:06:07.512681+00:00
[2025-10-22T04:06:12.032+0000] {standard_task_runner.py:60} INFO - Started process 1269 to run task
[2025-10-22T04:06:12.037+0000] {standard_task_runner.py:87} INFO - Running: ['***', 'tasks', 'run', 'sales_pipeline_master_dag', 'load_dim_date', 'manual__2025-10-22T04:06:07.512681+00:00', '--job-id', '231', '--raw', '--subdir', 'DAGS_FOLDER/dim_customer_dag.py', '--cfg-path', '/tmp/tmpfypux8mk']
[2025-10-22T04:06:12.040+0000] {standard_task_runner.py:88} INFO - Job 231: Subtask load_dim_date
[2025-10-22T04:06:12.136+0000] {task_command.py:423} INFO - Running <TaskInstance: sales_pipeline_master_dag.load_dim_date manual__2025-10-22T04:06:07.512681+00:00 [running]> on host 73b97317d540
[2025-10-22T04:06:12.285+0000] {taskinstance.py:2480} INFO - Exporting env vars: AIRFLOW_CTX_DAG_OWNER='***' AIRFLOW_CTX_DAG_ID='sales_pipeline_master_dag' AIRFLOW_CTX_TASK_ID='load_dim_date' AIRFLOW_CTX_EXECUTION_DATE='2025-10-22T04:06:07.512681+00:00' AIRFLOW_CTX_TRY_NUMBER='1' AIRFLOW_CTX_DAG_RUN_ID='manual__2025-10-22T04:06:07.512681+00:00'
[2025-10-22T04:06:12.288+0000] {logging_mixin.py:188} INFO -  Starting dim_date ETL pipeline
[2025-10-22T04:06:12.320+0000] {logging_mixin.py:188} INFO -  Last SUCCESS run for dim_date: 2025-10-22 03:48:29.181468
[2025-10-22T04:06:12.321+0000] {logging_mixin.py:188} INFO -  Last successful run found: 2025-10-22 03:48:29.181468
[2025-10-22T04:06:23.270+0000] {warnings.py:109} WARNING - /opt/***/dags/etl_scripts/date_etl.py:36: UserWarning: Parsing dates in %d/%m/%Y %I:%M:%S %p format when dayfirst=False (the default) was specified. Pass `dayfirst=True` or specify a format to silence this warning.
  df["InDate"] = pd.to_datetime(df["InDate"], errors="coerce")

[2025-10-22T04:06:23.366+0000] {logging_mixin.py:188} INFO -  Found 1 new date records since last run.
[2025-10-22T04:06:23.418+0000] {logging_mixin.py:188} INFO -  Successfully loaded 1 records into dim_date
[2025-10-22T04:06:23.421+0000] {logging_mixin.py:188} INFO -  dim_date ETL completed successfully.
[2025-10-22T04:06:23.421+0000] {python.py:201} INFO - Done. Returned value was: None
[2025-10-22T04:06:23.447+0000] {taskinstance.py:1138} INFO - Marking task as SUCCESS. dag_id=sales_pipeline_master_dag, task_id=load_dim_date, execution_date=20251022T040607, start_date=20251022T040611, end_date=20251022T040623
[2025-10-22T04:06:23.453+0000] {logging_mixin.py:188} INFO -  Logged ETL run for dim_date: success at 2025-10-22 04:06:23.448949
[2025-10-22T04:06:23.507+0000] {local_task_job_runner.py:234} INFO - Task exited with return code 0
[2025-10-22T04:06:23.555+0000] {taskinstance.py:3280} INFO - 0 downstream tasks scheduled from follow-on schedule check
