[2025-10-10T12:35:14.249+0000] {taskinstance.py:1956} INFO - Dependencies all met for dep_context=non-requeueable deps ti=<TaskInstance: dim_customer_dag.load_dim_customer manual__2025-10-10T12:35:11.694111+00:00 [queued]>
[2025-10-10T12:35:14.261+0000] {taskinstance.py:1956} INFO - Dependencies all met for dep_context=requeueable deps ti=<TaskInstance: dim_customer_dag.load_dim_customer manual__2025-10-10T12:35:11.694111+00:00 [queued]>
[2025-10-10T12:35:14.263+0000] {taskinstance.py:2170} INFO - Starting attempt 1 of 1
[2025-10-10T12:35:14.281+0000] {taskinstance.py:2191} INFO - Executing <Task(PythonOperator): load_dim_customer> on 2025-10-10 12:35:11.694111+00:00
[2025-10-10T12:35:14.287+0000] {standard_task_runner.py:60} INFO - Started process 79 to run task
[2025-10-10T12:35:14.293+0000] {standard_task_runner.py:87} INFO - Running: ['***', 'tasks', 'run', 'dim_customer_dag', 'load_dim_customer', 'manual__2025-10-10T12:35:11.694111+00:00', '--job-id', '105', '--raw', '--subdir', 'DAGS_FOLDER/dim_customer_dag.py', '--cfg-path', '/tmp/tmp1tqv2b8r']
[2025-10-10T12:35:14.295+0000] {standard_task_runner.py:88} INFO - Job 105: Subtask load_dim_customer
[2025-10-10T12:35:14.367+0000] {task_command.py:423} INFO - Running <TaskInstance: dim_customer_dag.load_dim_customer manual__2025-10-10T12:35:11.694111+00:00 [running]> on host b905618527a1
[2025-10-10T12:35:14.486+0000] {taskinstance.py:2480} INFO - Exporting env vars: AIRFLOW_CTX_DAG_OWNER='***' AIRFLOW_CTX_DAG_ID='dim_customer_dag' AIRFLOW_CTX_TASK_ID='load_dim_customer' AIRFLOW_CTX_EXECUTION_DATE='2025-10-10T12:35:11.694111+00:00' AIRFLOW_CTX_TRY_NUMBER='1' AIRFLOW_CTX_DAG_RUN_ID='manual__2025-10-10T12:35:11.694111+00:00'
[2025-10-10T12:35:14.558+0000] {logging_mixin.py:188} INFO - ⚠️ No successful run found for dim_customer — will perform full load.
[2025-10-10T12:35:14.559+0000] {logging_mixin.py:188} INFO - 🆕 First load — reading all staging data
[2025-10-10T12:35:14.573+0000] {taskinstance.py:2698} ERROR - Task failed with exception
Traceback (most recent call last):
  File "/home/airflow/.local/lib/python3.8/site-packages/sqlalchemy/engine/base.py", line 1910, in _execute_context
    self.dialect.do_execute(
  File "/home/airflow/.local/lib/python3.8/site-packages/sqlalchemy/engine/default.py", line 736, in do_execute
    cursor.execute(statement, parameters)
psycopg2.errors.UndefinedTable: relation "staging_customer" does not exist
LINE 1: SELECT * FROM staging_customer
                      ^


The above exception was the direct cause of the following exception:

Traceback (most recent call last):
  File "/home/airflow/.local/lib/python3.8/site-packages/airflow/models/taskinstance.py", line 433, in _execute_task
    result = execute_callable(context=context, **execute_callable_kwargs)
  File "/home/airflow/.local/lib/python3.8/site-packages/airflow/operators/python.py", line 199, in execute
    return_value = self.execute_callable()
  File "/home/airflow/.local/lib/python3.8/site-packages/airflow/operators/python.py", line 216, in execute_callable
    return self.python_callable(*self.op_args, **self.op_kwargs)
  File "/opt/airflow/dags/etl_scripts/customer_etl.py", line 25, in run_customer_etl
    staging_df = pd.read_sql("SELECT * FROM staging_customer", engine)
  File "/home/airflow/.local/lib/python3.8/site-packages/pandas/io/sql.py", line 663, in read_sql
    return pandas_sql.read_query(
  File "/home/airflow/.local/lib/python3.8/site-packages/pandas/io/sql.py", line 1738, in read_query
    result = self.execute(sql, params)
  File "/home/airflow/.local/lib/python3.8/site-packages/pandas/io/sql.py", line 1562, in execute
    return self.con.exec_driver_sql(sql, *args)
  File "/home/airflow/.local/lib/python3.8/site-packages/sqlalchemy/engine/base.py", line 1770, in exec_driver_sql
    return self._exec_driver_sql(
  File "/home/airflow/.local/lib/python3.8/site-packages/sqlalchemy/engine/base.py", line 1674, in _exec_driver_sql
    ret = self._execute_context(
  File "/home/airflow/.local/lib/python3.8/site-packages/sqlalchemy/engine/base.py", line 1953, in _execute_context
    self._handle_dbapi_exception(
  File "/home/airflow/.local/lib/python3.8/site-packages/sqlalchemy/engine/base.py", line 2134, in _handle_dbapi_exception
    util.raise_(
  File "/home/airflow/.local/lib/python3.8/site-packages/sqlalchemy/util/compat.py", line 211, in raise_
    raise exception
  File "/home/airflow/.local/lib/python3.8/site-packages/sqlalchemy/engine/base.py", line 1910, in _execute_context
    self.dialect.do_execute(
  File "/home/airflow/.local/lib/python3.8/site-packages/sqlalchemy/engine/default.py", line 736, in do_execute
    cursor.execute(statement, parameters)
sqlalchemy.exc.ProgrammingError: (psycopg2.errors.UndefinedTable) relation "staging_customer" does not exist
LINE 1: SELECT * FROM staging_customer
                      ^

[SQL: SELECT * FROM staging_customer]
(Background on this error at: https://sqlalche.me/e/14/f405)
[2025-10-10T12:35:14.595+0000] {taskinstance.py:1138} INFO - Marking task as FAILED. dag_id=dim_customer_dag, task_id=load_dim_customer, execution_date=20251010T123511, start_date=20251010T123514, end_date=20251010T123514
[2025-10-10T12:35:14.600+0000] {logging_mixin.py:188} INFO - 🟩 Logged ETL run for dim_customer: failed at 2025-10-10 12:35:14.595830
[2025-10-10T12:35:14.614+0000] {standard_task_runner.py:107} ERROR - Failed to execute job 105 for task load_dim_customer ((psycopg2.errors.UndefinedTable) relation "staging_customer" does not exist
LINE 1: SELECT * FROM staging_customer
                      ^

[SQL: SELECT * FROM staging_customer]
(Background on this error at: https://sqlalche.me/e/14/f405); 79)
[2025-10-10T12:35:14.627+0000] {local_task_job_runner.py:234} INFO - Task exited with return code 1
[2025-10-10T12:35:14.651+0000] {taskinstance.py:3280} INFO - 0 downstream tasks scheduled from follow-on schedule check
