[2025-10-22T14:31:14.036+0000] {taskinstance.py:1956} INFO - Dependencies all met for dep_context=non-requeueable deps ti=<TaskInstance: sales_pipeline_master_dag.load_dim_customer manual__2025-10-22T14:31:08.748978+00:00 [queued]>
[2025-10-22T14:31:14.059+0000] {taskinstance.py:1956} INFO - Dependencies all met for dep_context=requeueable deps ti=<TaskInstance: sales_pipeline_master_dag.load_dim_customer manual__2025-10-22T14:31:08.748978+00:00 [queued]>
[2025-10-22T14:31:14.060+0000] {taskinstance.py:2170} INFO - Starting attempt 1 of 1
[2025-10-22T14:31:14.104+0000] {taskinstance.py:2191} INFO - Executing <Task(PythonOperator): load_dim_customer> on 2025-10-22 14:31:08.748978+00:00
[2025-10-22T14:31:14.116+0000] {standard_task_runner.py:60} INFO - Started process 5135 to run task
[2025-10-22T14:31:14.127+0000] {standard_task_runner.py:87} INFO - Running: ['***', 'tasks', 'run', 'sales_pipeline_master_dag', 'load_dim_customer', 'manual__2025-10-22T14:31:08.748978+00:00', '--job-id', '346', '--raw', '--subdir', 'DAGS_FOLDER/dim_customer_dag.py', '--cfg-path', '/tmp/tmpc2o4_0c5']
[2025-10-22T14:31:14.132+0000] {standard_task_runner.py:88} INFO - Job 346: Subtask load_dim_customer
[2025-10-22T14:31:14.310+0000] {task_command.py:423} INFO - Running <TaskInstance: sales_pipeline_master_dag.load_dim_customer manual__2025-10-22T14:31:08.748978+00:00 [running]> on host 73b97317d540
[2025-10-22T14:31:14.603+0000] {taskinstance.py:2480} INFO - Exporting env vars: AIRFLOW_CTX_DAG_OWNER='***' AIRFLOW_CTX_DAG_ID='sales_pipeline_master_dag' AIRFLOW_CTX_TASK_ID='load_dim_customer' AIRFLOW_CTX_EXECUTION_DATE='2025-10-22T14:31:08.748978+00:00' AIRFLOW_CTX_TRY_NUMBER='1' AIRFLOW_CTX_DAG_RUN_ID='manual__2025-10-22T14:31:08.748978+00:00'
[2025-10-22T14:31:14.610+0000] {logging_mixin.py:188} INFO -  Starting dim_customer ETL pipeline
[2025-10-22T14:31:14.771+0000] {logging_mixin.py:188} INFO -  Last SUCCESS run for dim_customer: 2025-10-22 14:27:45.912169
[2025-10-22T14:31:14.773+0000] {logging_mixin.py:188} INFO -  Last successful run found: 2025-10-22 14:27:45.912169
[2025-10-22T14:31:28.034+0000] {warnings.py:109} WARNING - /opt/***/dags/etl_scripts/customer_etl.py:44: UserWarning: Parsing dates in %d/%m/%Y %I:%M:%S %p format when dayfirst=False (the default) was specified. Pass `dayfirst=True` or specify a format to silence this warning.
  df["in_date"] = pd.to_datetime(df["in_date"], errors="coerce")

[2025-10-22T14:44:29.505+0000] {logging_mixin.py:188} INFO - Found 1 new/updated records since last run.
[2025-10-22T14:44:29.532+0000] {logging_mixin.py:188} INFO - Table 'dim_customer' not found. Creating now...
[2025-10-22T14:44:29.573+0000] {logging_mixin.py:188} INFO - ✅ Table 'dim_customer' created successfully.
[2025-10-22T14:44:29.721+0000] {logging_mixin.py:188} INFO - Inserted/Upserted 1 rows into dim_customer
[2025-10-22T14:44:29.722+0000] {logging_mixin.py:188} INFO - Inserted 1 rows into newly created table.
[2025-10-22T14:44:29.725+0000] {logging_mixin.py:188} INFO - dim_customer ETL completed successfully.
[2025-10-22T14:44:29.993+0000] {python.py:201} INFO - Done. Returned value was: None
[2025-10-22T14:44:30.011+0000] {taskinstance.py:1138} INFO - Marking task as SUCCESS. dag_id=sales_pipeline_master_dag, task_id=load_dim_customer, execution_date=20251022T143108, start_date=20251022T143114, end_date=20251022T144430
[2025-10-22T14:44:30.037+0000] {logging_mixin.py:188} INFO -  Logged ETL run for dim_customer: success at 2025-10-22 14:44:30.012840
[2025-10-22T14:44:30.109+0000] {local_task_job_runner.py:234} INFO - Task exited with return code 0
[2025-10-22T14:44:30.141+0000] {taskinstance.py:3280} INFO - 1 downstream tasks scheduled from follow-on schedule check
