[2025-10-22T04:06:11.971+0000] {taskinstance.py:1956} INFO - Dependencies all met for dep_context=non-requeueable deps ti=<TaskInstance: sales_pipeline_master_dag.load_dim_product manual__2025-10-22T04:06:07.512681+00:00 [queued]>
[2025-10-22T04:06:11.989+0000] {taskinstance.py:1956} INFO - Dependencies all met for dep_context=requeueable deps ti=<TaskInstance: sales_pipeline_master_dag.load_dim_product manual__2025-10-22T04:06:07.512681+00:00 [queued]>
[2025-10-22T04:06:11.990+0000] {taskinstance.py:2170} INFO - Starting attempt 1 of 1
[2025-10-22T04:06:12.017+0000] {taskinstance.py:2191} INFO - Executing <Task(PythonOperator): load_dim_product> on 2025-10-22 04:06:07.512681+00:00
[2025-10-22T04:06:12.025+0000] {standard_task_runner.py:60} INFO - Started process 1267 to run task
[2025-10-22T04:06:12.032+0000] {standard_task_runner.py:87} INFO - Running: ['***', 'tasks', 'run', 'sales_pipeline_master_dag', 'load_dim_product', 'manual__2025-10-22T04:06:07.512681+00:00', '--job-id', '229', '--raw', '--subdir', 'DAGS_FOLDER/dim_customer_dag.py', '--cfg-path', '/tmp/tmpe11_cvzw']
[2025-10-22T04:06:12.035+0000] {standard_task_runner.py:88} INFO - Job 229: Subtask load_dim_product
[2025-10-22T04:06:12.134+0000] {task_command.py:423} INFO - Running <TaskInstance: sales_pipeline_master_dag.load_dim_product manual__2025-10-22T04:06:07.512681+00:00 [running]> on host 73b97317d540
[2025-10-22T04:06:12.292+0000] {taskinstance.py:2480} INFO - Exporting env vars: AIRFLOW_CTX_DAG_OWNER='***' AIRFLOW_CTX_DAG_ID='sales_pipeline_master_dag' AIRFLOW_CTX_TASK_ID='load_dim_product' AIRFLOW_CTX_EXECUTION_DATE='2025-10-22T04:06:07.512681+00:00' AIRFLOW_CTX_TRY_NUMBER='1' AIRFLOW_CTX_DAG_RUN_ID='manual__2025-10-22T04:06:07.512681+00:00'
[2025-10-22T04:06:12.294+0000] {logging_mixin.py:188} INFO - 🚀 Starting dim_product ETL pipeline
[2025-10-22T04:06:12.392+0000] {logging_mixin.py:188} INFO -  Last SUCCESS run for dim_product: 2025-10-22 03:48:29.520976
[2025-10-22T04:06:12.393+0000] {logging_mixin.py:188} INFO -  Last successful run found: 2025-10-22 03:48:29.520976
[2025-10-22T04:06:23.437+0000] {warnings.py:109} WARNING - /opt/***/dags/etl_scripts/product_etl.py:46: UserWarning: Parsing dates in %d/%m/%Y %I:%M:%S %p format when dayfirst=False (the default) was specified. Pass `dayfirst=True` or specify a format to silence this warning.
  df["in_date"] = pd.to_datetime(df["in_date"], errors="coerce")

[2025-10-22T04:06:23.461+0000] {logging_mixin.py:188} INFO - 🔍 Found 1 new/updated product records since last run.
[2025-10-22T04:06:23.517+0000] {logging_mixin.py:188} INFO -  Successfully loaded 1 records into dim_product
[2025-10-22T04:06:23.786+0000] {logging_mixin.py:188} INFO -  dim_product ETL completed successfully.
[2025-10-22T04:06:23.787+0000] {python.py:201} INFO - Done. Returned value was: None
[2025-10-22T04:06:23.806+0000] {taskinstance.py:1138} INFO - Marking task as SUCCESS. dag_id=sales_pipeline_master_dag, task_id=load_dim_product, execution_date=20251022T040607, start_date=20251022T040611, end_date=20251022T040623
[2025-10-22T04:06:23.812+0000] {logging_mixin.py:188} INFO -  Logged ETL run for dim_product: success at 2025-10-22 04:06:23.807894
[2025-10-22T04:06:23.865+0000] {local_task_job_runner.py:234} INFO - Task exited with return code 0
[2025-10-22T04:06:23.948+0000] {taskinstance.py:3280} INFO - 0 downstream tasks scheduled from follow-on schedule check
