[2025-10-22T13:56:12.259+0000] {taskinstance.py:1956} INFO - Dependencies all met for dep_context=non-requeueable deps ti=<TaskInstance: sales_pipeline_master_dag.load_fact_sales manual__2025-10-22T13:55:38.220209+00:00 [queued]>
[2025-10-22T13:56:12.281+0000] {taskinstance.py:1956} INFO - Dependencies all met for dep_context=requeueable deps ti=<TaskInstance: sales_pipeline_master_dag.load_fact_sales manual__2025-10-22T13:55:38.220209+00:00 [queued]>
[2025-10-22T13:56:12.282+0000] {taskinstance.py:2170} INFO - Starting attempt 1 of 1
[2025-10-22T13:56:12.339+0000] {taskinstance.py:2191} INFO - Executing <Task(PythonOperator): load_fact_sales> on 2025-10-22 13:55:38.220209+00:00
[2025-10-22T13:56:12.366+0000] {standard_task_runner.py:60} INFO - Started process 4563 to run task
[2025-10-22T13:56:12.385+0000] {standard_task_runner.py:87} INFO - Running: ['***', 'tasks', 'run', 'sales_pipeline_master_dag', 'load_fact_sales', 'manual__2025-10-22T13:55:38.220209+00:00', '--job-id', '322', '--raw', '--subdir', 'DAGS_FOLDER/dim_customer_dag.py', '--cfg-path', '/tmp/tmp55zywktw']
[2025-10-22T13:56:12.389+0000] {standard_task_runner.py:88} INFO - Job 322: Subtask load_fact_sales
[2025-10-22T13:56:12.668+0000] {task_command.py:423} INFO - Running <TaskInstance: sales_pipeline_master_dag.load_fact_sales manual__2025-10-22T13:55:38.220209+00:00 [running]> on host 73b97317d540
[2025-10-22T13:56:13.026+0000] {taskinstance.py:2480} INFO - Exporting env vars: AIRFLOW_CTX_DAG_OWNER='***' AIRFLOW_CTX_DAG_ID='sales_pipeline_master_dag' AIRFLOW_CTX_TASK_ID='load_fact_sales' AIRFLOW_CTX_EXECUTION_DATE='2025-10-22T13:55:38.220209+00:00' AIRFLOW_CTX_TRY_NUMBER='1' AIRFLOW_CTX_DAG_RUN_ID='manual__2025-10-22T13:55:38.220209+00:00'
[2025-10-22T13:56:13.031+0000] {logging_mixin.py:188} INFO -  Starting fact_sales ETL pipeline
[2025-10-22T13:56:13.081+0000] {logging_mixin.py:188} INFO -  Last SUCCESS run for fact_sales: 2025-10-22 13:54:59.210172
[2025-10-22T13:56:13.082+0000] {logging_mixin.py:188} INFO -  Last successful run found: 2025-10-22 13:54:59.210172
[2025-10-22T13:56:23.998+0000] {warnings.py:109} WARNING - /opt/***/dags/etl_scripts/sales_etl.py:37: UserWarning: Parsing dates in %d/%m/%Y %I:%M:%S %p format when dayfirst=False (the default) was specified. Pass `dayfirst=True` or specify a format to silence this warning.
  df["InDate"] = pd.to_datetime(df["InDate"], errors="coerce")

[2025-10-22T13:56:24.009+0000] {logging_mixin.py:188} INFO -  Found 1 new sales records since last run.
[2025-10-22T13:56:24.041+0000] {taskinstance.py:2698} ERROR - Task failed with exception
Traceback (most recent call last):
  File "/home/airflow/.local/lib/python3.8/site-packages/sqlalchemy/engine/base.py", line 1910, in _execute_context
    self.dialect.do_execute(
  File "/home/airflow/.local/lib/python3.8/site-packages/sqlalchemy/engine/default.py", line 736, in do_execute
    cursor.execute(statement, parameters)
psycopg2.errors.UndefinedTable: relation "dim_customer" does not exist
LINE 1: select * from dim_customer
                      ^


The above exception was the direct cause of the following exception:

Traceback (most recent call last):
  File "/home/airflow/.local/lib/python3.8/site-packages/airflow/models/taskinstance.py", line 433, in _execute_task
    result = execute_callable(context=context, **execute_callable_kwargs)
  File "/home/airflow/.local/lib/python3.8/site-packages/airflow/operators/python.py", line 199, in execute
    return_value = self.execute_callable()
  File "/home/airflow/.local/lib/python3.8/site-packages/airflow/operators/python.py", line 216, in execute_callable
    return self.python_callable(*self.op_args, **self.op_kwargs)
  File "/opt/airflow/dags/etl_scripts/sales_etl.py", line 54, in run_sales_etl
    customer_dim = pd.read_sql("select * from dim_customer", engine)
  File "/home/airflow/.local/lib/python3.8/site-packages/pandas/io/sql.py", line 663, in read_sql
    return pandas_sql.read_query(
  File "/home/airflow/.local/lib/python3.8/site-packages/pandas/io/sql.py", line 1738, in read_query
    result = self.execute(sql, params)
  File "/home/airflow/.local/lib/python3.8/site-packages/pandas/io/sql.py", line 1562, in execute
    return self.con.exec_driver_sql(sql, *args)
  File "/home/airflow/.local/lib/python3.8/site-packages/sqlalchemy/engine/base.py", line 1770, in exec_driver_sql
    return self._exec_driver_sql(
  File "/home/airflow/.local/lib/python3.8/site-packages/sqlalchemy/engine/base.py", line 1674, in _exec_driver_sql
    ret = self._execute_context(
  File "/home/airflow/.local/lib/python3.8/site-packages/sqlalchemy/engine/base.py", line 1953, in _execute_context
    self._handle_dbapi_exception(
  File "/home/airflow/.local/lib/python3.8/site-packages/sqlalchemy/engine/base.py", line 2134, in _handle_dbapi_exception
    util.raise_(
  File "/home/airflow/.local/lib/python3.8/site-packages/sqlalchemy/util/compat.py", line 211, in raise_
    raise exception
  File "/home/airflow/.local/lib/python3.8/site-packages/sqlalchemy/engine/base.py", line 1910, in _execute_context
    self.dialect.do_execute(
  File "/home/airflow/.local/lib/python3.8/site-packages/sqlalchemy/engine/default.py", line 736, in do_execute
    cursor.execute(statement, parameters)
sqlalchemy.exc.ProgrammingError: (psycopg2.errors.UndefinedTable) relation "dim_customer" does not exist
LINE 1: select * from dim_customer
                      ^

[SQL: select * from dim_customer]
(Background on this error at: https://sqlalche.me/e/14/f405)
[2025-10-22T13:56:24.084+0000] {taskinstance.py:1138} INFO - Marking task as FAILED. dag_id=sales_pipeline_master_dag, task_id=load_fact_sales, execution_date=20251022T135538, start_date=20251022T135612, end_date=20251022T135624
[2025-10-22T13:56:24.093+0000] {logging_mixin.py:188} INFO -  Logged ETL run for dim_customer: failed at 2025-10-22 13:56:24.086202
[2025-10-22T13:56:24.094+0000] {logging_mixin.py:188} INFO - Task load_fact_sales in DAG sales_pipeline_master_dag failed!
[2025-10-22T13:56:24.126+0000] {standard_task_runner.py:107} ERROR - Failed to execute job 322 for task load_fact_sales ((psycopg2.errors.UndefinedTable) relation "dim_customer" does not exist
LINE 1: select * from dim_customer
                      ^

[SQL: select * from dim_customer]
(Background on this error at: https://sqlalche.me/e/14/f405); 4563)
[2025-10-22T13:56:24.212+0000] {local_task_job_runner.py:234} INFO - Task exited with return code 1
[2025-10-22T13:56:24.256+0000] {taskinstance.py:3280} INFO - 0 downstream tasks scheduled from follow-on schedule check
