[2025-10-12T13:38:31.135+0000] {taskinstance.py:1956} INFO - Dependencies all met for dep_context=non-requeueable deps ti=<TaskInstance: dim_product_dag.load_dim_product manual__2025-10-12T13:38:28.066787+00:00 [queued]>
[2025-10-12T13:38:31.149+0000] {taskinstance.py:1956} INFO - Dependencies all met for dep_context=requeueable deps ti=<TaskInstance: dim_product_dag.load_dim_product manual__2025-10-12T13:38:28.066787+00:00 [queued]>
[2025-10-12T13:38:31.150+0000] {taskinstance.py:2170} INFO - Starting attempt 1 of 1
[2025-10-12T13:38:31.180+0000] {taskinstance.py:2191} INFO - Executing <Task(PythonOperator): load_dim_product> on 2025-10-12 13:38:28.066787+00:00
[2025-10-12T13:38:31.190+0000] {standard_task_runner.py:60} INFO - Started process 3077 to run task
[2025-10-12T13:38:31.196+0000] {standard_task_runner.py:87} INFO - Running: ['***', 'tasks', 'run', 'dim_product_dag', 'load_dim_product', 'manual__2025-10-12T13:38:28.066787+00:00', '--job-id', '123', '--raw', '--subdir', 'DAGS_FOLDER/dim_product_dag.py', '--cfg-path', '/tmp/tmpsj3t8mlw']
[2025-10-12T13:38:31.199+0000] {standard_task_runner.py:88} INFO - Job 123: Subtask load_dim_product
[2025-10-12T13:38:31.321+0000] {task_command.py:423} INFO - Running <TaskInstance: dim_product_dag.load_dim_product manual__2025-10-12T13:38:28.066787+00:00 [running]> on host ba936f2a330d
[2025-10-12T13:38:31.528+0000] {taskinstance.py:2480} INFO - Exporting env vars: AIRFLOW_CTX_DAG_OWNER='***' AIRFLOW_CTX_DAG_ID='dim_product_dag' AIRFLOW_CTX_TASK_ID='load_dim_product' AIRFLOW_CTX_EXECUTION_DATE='2025-10-12T13:38:28.066787+00:00' AIRFLOW_CTX_TRY_NUMBER='1' AIRFLOW_CTX_DAG_RUN_ID='manual__2025-10-12T13:38:28.066787+00:00'
[2025-10-12T13:38:31.531+0000] {logging_mixin.py:188} INFO - 🚀 Starting dim_product ETL pipeline
[2025-10-12T13:38:31.639+0000] {logging_mixin.py:188} INFO - ⚠️ No successful run found for dim_product — will perform full load.
[2025-10-12T13:38:31.640+0000] {logging_mixin.py:188} INFO - ⚠️ No successful run found — performing full load.
[2025-10-12T13:38:43.482+0000] {logging_mixin.py:188} INFO - 🆕 First load — total records to insert: 10
[2025-10-12T13:38:43.535+0000] {taskinstance.py:2698} ERROR - Task failed with exception
Traceback (most recent call last):
  File "/home/airflow/.local/lib/python3.8/site-packages/sqlalchemy/engine/base.py", line 1890, in _execute_context
    self.dialect.do_executemany(
  File "/home/airflow/.local/lib/python3.8/site-packages/sqlalchemy/dialects/postgresql/psycopg2.py", line 982, in do_executemany
    context._psycopg2_fetched_rows = xtras.execute_values(
  File "/home/airflow/.local/lib/python3.8/site-packages/psycopg2/extras.py", line 1299, in execute_values
    cur.execute(b''.join(parts))
psycopg2.errors.UndefinedColumn: column "updated_at" of relation "dim_product" does not exist
LINE 1: ...type, certification, target_audience, usage_type, updated_at...
                                                             ^


The above exception was the direct cause of the following exception:

Traceback (most recent call last):
  File "/home/airflow/.local/lib/python3.8/site-packages/airflow/models/taskinstance.py", line 433, in _execute_task
    result = execute_callable(context=context, **execute_callable_kwargs)
  File "/home/airflow/.local/lib/python3.8/site-packages/airflow/operators/python.py", line 199, in execute
    return_value = self.execute_callable()
  File "/home/airflow/.local/lib/python3.8/site-packages/airflow/operators/python.py", line 216, in execute_callable
    return self.python_callable(*self.op_args, **self.op_kwargs)
  File "/opt/airflow/dags/etl_scripts/product_etl.py", line 128, in run_product_etl
    product_dim.to_sql("dim_product", engine, if_exists=if_exists_mode, index=False)
  File "/home/airflow/.local/lib/python3.8/site-packages/pandas/core/generic.py", line 2878, in to_sql
    return sql.to_sql(
  File "/home/airflow/.local/lib/python3.8/site-packages/pandas/io/sql.py", line 769, in to_sql
    return pandas_sql.to_sql(
  File "/home/airflow/.local/lib/python3.8/site-packages/pandas/io/sql.py", line 1920, in to_sql
    total_inserted = sql_engine.insert_records(
  File "/home/airflow/.local/lib/python3.8/site-packages/pandas/io/sql.py", line 1470, in insert_records
    raise err
  File "/home/airflow/.local/lib/python3.8/site-packages/pandas/io/sql.py", line 1461, in insert_records
    return table.insert(chunksize=chunksize, method=method)
  File "/home/airflow/.local/lib/python3.8/site-packages/pandas/io/sql.py", line 1023, in insert
    num_inserted = exec_insert(conn, keys, chunk_iter)
  File "/home/airflow/.local/lib/python3.8/site-packages/pandas/io/sql.py", line 929, in _execute_insert
    result = conn.execute(self.table.insert(), data)
  File "/home/airflow/.local/lib/python3.8/site-packages/sqlalchemy/engine/base.py", line 1385, in execute
    return meth(self, multiparams, params, _EMPTY_EXECUTION_OPTS)
  File "/home/airflow/.local/lib/python3.8/site-packages/sqlalchemy/sql/elements.py", line 334, in _execute_on_connection
    return connection._execute_clauseelement(
  File "/home/airflow/.local/lib/python3.8/site-packages/sqlalchemy/engine/base.py", line 1577, in _execute_clauseelement
    ret = self._execute_context(
  File "/home/airflow/.local/lib/python3.8/site-packages/sqlalchemy/engine/base.py", line 1953, in _execute_context
    self._handle_dbapi_exception(
  File "/home/airflow/.local/lib/python3.8/site-packages/sqlalchemy/engine/base.py", line 2134, in _handle_dbapi_exception
    util.raise_(
  File "/home/airflow/.local/lib/python3.8/site-packages/sqlalchemy/util/compat.py", line 211, in raise_
    raise exception
  File "/home/airflow/.local/lib/python3.8/site-packages/sqlalchemy/engine/base.py", line 1890, in _execute_context
    self.dialect.do_executemany(
  File "/home/airflow/.local/lib/python3.8/site-packages/sqlalchemy/dialects/postgresql/psycopg2.py", line 982, in do_executemany
    context._psycopg2_fetched_rows = xtras.execute_values(
  File "/home/airflow/.local/lib/python3.8/site-packages/psycopg2/extras.py", line 1299, in execute_values
    cur.execute(b''.join(parts))
sqlalchemy.exc.ProgrammingError: (psycopg2.errors.UndefinedColumn) column "updated_at" of relation "dim_product" does not exist
LINE 1: ...type, certification, target_audience, usage_type, updated_at...
                                                             ^

[SQL: INSERT INTO dim_product (product_key, stock_code, description, category, sub_category, brand, color, size, material_type, country_of_origin, supplier_name, rating, product_weight, warranty_period, package_type, certification, target_audience, usage_type, updated_at) VALUES (%(product_key)s, %(stock_code)s, %(description)s, %(category)s, %(sub_category)s, %(brand)s, %(color)s, %(size)s, %(material_type)s, %(country_of_origin)s, %(supplier_name)s, %(rating)s, %(product_weight)s, %(warranty_period)s, %(package_type)s, %(certification)s, %(target_audience)s, %(usage_type)s, %(updated_at)s)]
[parameters: ({'product_key': 'e42bcbd6-b979-4921-a3bc-eb1f266f7860', 'stock_code': '85123A', 'description': 'WHITE HANGING HEART T-LIGHT HOLDER', 'category': 'Toys', 'sub_category': 'company', 'brand': 'Little-Todd', 'color': 'MediumVioletRed', 'size': 'Small', 'material_type': 'Cotton', 'country_of_origin': 'Colombia', 'supplier_name': 'Jackson Inc', 'rating': 2.8, 'product_weight': 14.08, 'warranty_period': '3 years', 'package_type': 'Box', 'certification': 'BIS', 'target_audience': 'Adults', 'usage_type': 'Personal', 'updated_at': datetime.datetime(2025, 10, 12, 13, 38, 43, 480385)}, {'product_key': '3723fec0-7266-48f9-9575-0fb9808bc8b1', 'stock_code': '71053', 'description': 'WHITE METAL LANTERN', 'category': 'Toys', 'sub_category': 'prepare', 'brand': 'Chase Inc', 'color': 'LightSlateGray', 'size': 'Medium', 'material_type': 'Plastic', 'country_of_origin': 'Iraq', 'supplier_name': 'Martin, Turner and Martin', 'rating': 3.32, 'product_weight': 20.2, 'warranty_period': '6 months', 'package_type': 'Carton', 'certification': 'CE', 'target_audience': 'Unisex', 'usage_type': 'Commercial', 'updated_at': datetime.datetime(2025, 10, 12, 13, 38, 43, 480385)}, {'product_key': '63ec5ed2-dae3-49f0-86e4-566e962c7edc', 'stock_code': '84406B', 'description': 'CREAM CUPID HEARTS COAT HANGER', 'category': 'Furniture', 'sub_category': 'debate', 'brand': 'Anderson-Cordova', 'color': 'MediumOrchid', 'size': 'Medium', 'material_type': 'Wood', 'country_of_origin': 'Belgium', 'supplier_name': 'Miller-Melton', 'rating': 4.12, 'product_weight': 12.4, 'warranty_period': '6 months', 'package_type': 'Box', 'certification': 'None', 'target_audience': 'Adults', 'usage_type': 'Industrial', 'updated_at': datetime.datetime(2025, 10, 12, 13, 38, 43, 480385)}, {'product_key': '9dca54c9-6829-4b4b-9deb-3413f5f5d661', 'stock_code': '84029G', 'description': 'KNITTED UNION FLAG HOT WATER BOTTLE', 'category': 'Clothing', 'sub_category': 'necessary', 'brand': 'Perez-Johnson', 'color': 'LightBlue', 'size': 'Large', 'material_type': 'Wood', 'country_of_origin': 'Reunion', 'supplier_name': 'Lynn-Lopez', 'rating': 4.62, 'product_weight': 0.44, 'warranty_period': '1 year', 'package_type': 'Wrapper', 'certification': 'FDA', 'target_audience': 'Unisex', 'usage_type': 'Personal', 'updated_at': datetime.datetime(2025, 10, 12, 13, 38, 43, 480385)}, {'product_key': '23d26ae3-600f-4b0a-9584-d5a54e079847', 'stock_code': '84029E', 'description': 'RED WOOLLY HOTTIE WHITE HEART.', 'category': 'Books', 'sub_category': 'make', 'brand': 'Johnson Group', 'color': 'LightPink', 'size': 'Large', 'material_type': 'Leather', 'country_of_origin': 'Cameroon', 'supplier_name': 'Ryan, Brock and Pennington', 'rating': 2.39, 'product_weight': 12.15, 'warranty_period': '2 years', 'package_type': 'Carton', 'certification': 'None', 'target_audience': 'Kids', 'usage_type': 'Personal', 'updated_at': datetime.datetime(2025, 10, 12, 13, 38, 43, 480385)}, {'product_key': 'a1fa06b1-cfce-4f40-a1ba-e864cd1e8cff', 'stock_code': '22752', 'description': 'SET 7 BABUSHKA NESTING BOXES', 'category': 'Clothing', 'sub_category': 'shoulder', 'brand': 'Brown-Christensen', 'color': 'Peru', 'size': 'Small', 'material_type': 'Leather', 'country_of_origin': 'Ecuador', 'supplier_name': 'Miller Group', 'rating': 1.27, 'product_weight': 3.5, 'warranty_period': '3 years', 'package_type': 'Wrapper', 'certification': 'None', 'target_audience': 'Kids', 'usage_type': 'Personal', 'updated_at': datetime.datetime(2025, 10, 12, 13, 38, 43, 480385)}, {'product_key': '6811e6f1-96f8-4c1f-a468-af02d0b00374', 'stock_code': '21730', 'description': 'GLASS STAR FROSTED T-LIGHT HOLDER', 'category': 'Electronics', 'sub_category': 'Democrat', 'brand': 'Dunn Inc', 'color': 'DarkGray', 'size': 'Small', 'material_type': 'Leather', 'country_of_origin': 'Belize', 'supplier_name': 'Thomas LLC', 'rating': 1.75, 'product_weight': 3.56, 'warranty_period': '1 year', 'package_type': 'Bag', 'certification': 'ISO', 'target_audience': 'Unisex', 'usage_type': 'Personal', 'updated_at': datetime.datetime(2025, 10, 12, 13, 38, 43, 480385)}, {'product_key': 'd623603b-ae39-4752-abe1-a988117c8060', 'stock_code': '22633', 'description': 'HAND WARMER UNION JACK', 'category': 'Clothing', 'sub_category': 'southern', 'brand': 'Young-Leon', 'color': 'Gainsboro', 'size': 'Large', 'material_type': 'Leather', 'country_of_origin': 'Angola', 'supplier_name': 'Griffith, Rios and Garcia', 'rating': 1.06, 'product_weight': 1.53, 'warranty_period': '3 years', 'package_type': 'Carton', 'certification': 'None', 'target_audience': 'Professionals', 'usage_type': 'Industrial', 'updated_at': datetime.datetime(2025, 10, 12, 13, 38, 43, 480385)}, {'product_key': '3f4c2e7d-e023-495b-8307-37ff92f476b7', 'stock_code': '22632', 'description': 'HAND WARMER RED POLKA DOT', 'category': 'Toys', 'sub_category': 'call', 'brand': 'Lee Group', 'color': 'DeepSkyBlue', 'size': 'XL', 'material_type': 'Wood', 'country_of_origin': 'Cape Verde', 'supplier_name': 'Wilson, Franklin and Dean', 'rating': 3.72, 'product_weight': 10.82, 'warranty_period': '6 months', 'package_type': 'Wrapper', 'certification': 'CE', 'target_audience': 'Unisex', 'usage_type': 'Personal', 'updated_at': datetime.datetime(2025, 10, 12, 13, 38, 43, 480385)}, {'product_key': 'f40a7358-b23c-403f-9730-4b11bd2b7750', 'stock_code': '84879', 'description': 'ASSORTED COLOUR BIRD ORNAMENT', 'category': 'Furniture', 'sub_category': 'employee', 'brand': 'Murray PLC', 'color': 'OliveDrab', 'size': 'Large', 'material_type': 'Leather', 'country_of_origin': 'American Samoa', 'supplier_name': 'Hicks, Lawrence and Davidson', 'rating': 3.25, 'product_weight': 5.45, 'warranty_period': '1 year', 'package_type': 'Box', 'certification': 'FDA', 'target_audience': 'Adults', 'usage_type': 'Personal', 'updated_at': datetime.datetime(2025, 10, 12, 13, 38, 43, 480385)})]
(Background on this error at: https://sqlalche.me/e/14/f405)
[2025-10-12T13:38:43.575+0000] {taskinstance.py:1138} INFO - Marking task as FAILED. dag_id=dim_product_dag, task_id=load_dim_product, execution_date=20251012T133828, start_date=20251012T133831, end_date=20251012T133843
[2025-10-12T13:38:43.582+0000] {logging_mixin.py:188} INFO - 🟩 Logged ETL run for dim_product: failed at 2025-10-12 13:38:43.576242
[2025-10-12T13:38:43.608+0000] {standard_task_runner.py:107} ERROR - Failed to execute job 123 for task load_dim_product ((psycopg2.errors.UndefinedColumn) column "updated_at" of relation "dim_product" does not exist
LINE 1: ...type, certification, target_audience, usage_type, updated_at...
                                                             ^

[SQL: INSERT INTO dim_product (product_key, stock_code, description, category, sub_category, brand, color, size, material_type, country_of_origin, supplier_name, rating, product_weight, warranty_period, package_type, certification, target_audience, usage_type, updated_at) VALUES (%(product_key)s, %(stock_code)s, %(description)s, %(category)s, %(sub_category)s, %(brand)s, %(color)s, %(size)s, %(material_type)s, %(country_of_origin)s, %(supplier_name)s, %(rating)s, %(product_weight)s, %(warranty_period)s, %(package_type)s, %(certification)s, %(target_audience)s, %(usage_type)s, %(updated_at)s)]
[parameters: ({'product_key': 'e42bcbd6-b979-4921-a3bc-eb1f266f7860', 'stock_code': '85123A', 'description': 'WHITE HANGING HEART T-LIGHT HOLDER', 'category': 'Toys', 'sub_category': 'company', 'brand': 'Little-Todd', 'color': 'MediumVioletRed', 'size': 'Small', 'material_type': 'Cotton', 'country_of_origin': 'Colombia', 'supplier_name': 'Jackson Inc', 'rating': 2.8, 'product_weight': 14.08, 'warranty_period': '3 years', 'package_type': 'Box', 'certification': 'BIS', 'target_audience': 'Adults', 'usage_type': 'Personal', 'updated_at': datetime.datetime(2025, 10, 12, 13, 38, 43, 480385)}, {'product_key': '3723fec0-7266-48f9-9575-0fb9808bc8b1', 'stock_code': '71053', 'description': 'WHITE METAL LANTERN', 'category': 'Toys', 'sub_category': 'prepare', 'brand': 'Chase Inc', 'color': 'LightSlateGray', 'size': 'Medium', 'material_type': 'Plastic', 'country_of_origin': 'Iraq', 'supplier_name': 'Martin, Turner and Martin', 'rating': 3.32, 'product_weight': 20.2, 'warranty_period': '6 months', 'package_type': 'Carton', 'certification': 'CE', 'target_audience': 'Unisex', 'usage_type': 'Commercial', 'updated_at': datetime.datetime(2025, 10, 12, 13, 38, 43, 480385)}, {'product_key': '63ec5ed2-dae3-49f0-86e4-566e962c7edc', 'stock_code': '84406B', 'description': 'CREAM CUPID HEARTS COAT HANGER', 'category': 'Furniture', 'sub_category': 'debate', 'brand': 'Anderson-Cordova', 'color': 'MediumOrchid', 'size': 'Medium', 'material_type': 'Wood', 'country_of_origin': 'Belgium', 'supplier_name': 'Miller-Melton', 'rating': 4.12, 'product_weight': 12.4, 'warranty_period': '6 months', 'package_type': 'Box', 'certification': 'None', 'target_audience': 'Adults', 'usage_type': 'Industrial', 'updated_at': datetime.datetime(2025, 10, 12, 13, 38, 43, 480385)}, {'product_key': '9dca54c9-6829-4b4b-9deb-3413f5f5d661', 'stock_code': '84029G', 'description': 'KNITTED UNION FLAG HOT WATER BOTTLE', 'category': 'Clothing', 'sub_category': 'necessary', 'brand': 'Perez-Johnson', 'color': 'LightBlue', 'size': 'Large', 'material_type': 'Wood', 'country_of_origin': 'Reunion', 'supplier_name': 'Lynn-Lopez', 'rating': 4.62, 'product_weight': 0.44, 'warranty_period': '1 year', 'package_type': 'Wrapper', 'certification': 'FDA', 'target_audience': 'Unisex', 'usage_type': 'Personal', 'updated_at': datetime.datetime(2025, 10, 12, 13, 38, 43, 480385)}, {'product_key': '23d26ae3-600f-4b0a-9584-d5a54e079847', 'stock_code': '84029E', 'description': 'RED WOOLLY HOTTIE WHITE HEART.', 'category': 'Books', 'sub_category': 'make', 'brand': 'Johnson Group', 'color': 'LightPink', 'size': 'Large', 'material_type': 'Leather', 'country_of_origin': 'Cameroon', 'supplier_name': 'Ryan, Brock and Pennington', 'rating': 2.39, 'product_weight': 12.15, 'warranty_period': '2 years', 'package_type': 'Carton', 'certification': 'None', 'target_audience': 'Kids', 'usage_type': 'Personal', 'updated_at': datetime.datetime(2025, 10, 12, 13, 38, 43, 480385)}, {'product_key': 'a1fa06b1-cfce-4f40-a1ba-e864cd1e8cff', 'stock_code': '22752', 'description': 'SET 7 BABUSHKA NESTING BOXES', 'category': 'Clothing', 'sub_category': 'shoulder', 'brand': 'Brown-Christensen', 'color': 'Peru', 'size': 'Small', 'material_type': 'Leather', 'country_of_origin': 'Ecuador', 'supplier_name': 'Miller Group', 'rating': 1.27, 'product_weight': 3.5, 'warranty_period': '3 years', 'package_type': 'Wrapper', 'certification': 'None', 'target_audience': 'Kids', 'usage_type': 'Personal', 'updated_at': datetime.datetime(2025, 10, 12, 13, 38, 43, 480385)}, {'product_key': '6811e6f1-96f8-4c1f-a468-af02d0b00374', 'stock_code': '21730', 'description': 'GLASS STAR FROSTED T-LIGHT HOLDER', 'category': 'Electronics', 'sub_category': 'Democrat', 'brand': 'Dunn Inc', 'color': 'DarkGray', 'size': 'Small', 'material_type': 'Leather', 'country_of_origin': 'Belize', 'supplier_name': 'Thomas LLC', 'rating': 1.75, 'product_weight': 3.56, 'warranty_period': '1 year', 'package_type': 'Bag', 'certification': 'ISO', 'target_audience': 'Unisex', 'usage_type': 'Personal', 'updated_at': datetime.datetime(2025, 10, 12, 13, 38, 43, 480385)}, {'product_key': 'd623603b-ae39-4752-abe1-a988117c8060', 'stock_code': '22633', 'description': 'HAND WARMER UNION JACK', 'category': 'Clothing', 'sub_category': 'southern', 'brand': 'Young-Leon', 'color': 'Gainsboro', 'size': 'Large', 'material_type': 'Leather', 'country_of_origin': 'Angola', 'supplier_name': 'Griffith, Rios and Garcia', 'rating': 1.06, 'product_weight': 1.53, 'warranty_period': '3 years', 'package_type': 'Carton', 'certification': 'None', 'target_audience': 'Professionals', 'usage_type': 'Industrial', 'updated_at': datetime.datetime(2025, 10, 12, 13, 38, 43, 480385)}, {'product_key': '3f4c2e7d-e023-495b-8307-37ff92f476b7', 'stock_code': '22632', 'description': 'HAND WARMER RED POLKA DOT', 'category': 'Toys', 'sub_category': 'call', 'brand': 'Lee Group', 'color': 'DeepSkyBlue', 'size': 'XL', 'material_type': 'Wood', 'country_of_origin': 'Cape Verde', 'supplier_name': 'Wilson, Franklin and Dean', 'rating': 3.72, 'product_weight': 10.82, 'warranty_period': '6 months', 'package_type': 'Wrapper', 'certification': 'CE', 'target_audience': 'Unisex', 'usage_type': 'Personal', 'updated_at': datetime.datetime(2025, 10, 12, 13, 38, 43, 480385)}, {'product_key': 'f40a7358-b23c-403f-9730-4b11bd2b7750', 'stock_code': '84879', 'description': 'ASSORTED COLOUR BIRD ORNAMENT', 'category': 'Furniture', 'sub_category': 'employee', 'brand': 'Murray PLC', 'color': 'OliveDrab', 'size': 'Large', 'material_type': 'Leather', 'country_of_origin': 'American Samoa', 'supplier_name': 'Hicks, Lawrence and Davidson', 'rating': 3.25, 'product_weight': 5.45, 'warranty_period': '1 year', 'package_type': 'Box', 'certification': 'FDA', 'target_audience': 'Adults', 'usage_type': 'Personal', 'updated_at': datetime.datetime(2025, 10, 12, 13, 38, 43, 480385)})]
(Background on this error at: https://sqlalche.me/e/14/f405); 3077)
[2025-10-12T13:38:43.649+0000] {local_task_job_runner.py:234} INFO - Task exited with return code 1
[2025-10-12T13:38:43.689+0000] {taskinstance.py:3280} INFO - 0 downstream tasks scheduled from follow-on schedule check
