[2025-10-22T03:44:22.132+0000] {taskinstance.py:1956} INFO - Dependencies all met for dep_context=non-requeueable deps ti=<TaskInstance: sales_pipeline_master_dag.load_dim_customer manual__2025-10-22T03:44:18.421682+00:00 [queued]>
[2025-10-22T03:44:22.151+0000] {taskinstance.py:1956} INFO - Dependencies all met for dep_context=requeueable deps ti=<TaskInstance: sales_pipeline_master_dag.load_dim_customer manual__2025-10-22T03:44:18.421682+00:00 [queued]>
[2025-10-22T03:44:22.152+0000] {taskinstance.py:2170} INFO - Starting attempt 1 of 1
[2025-10-22T03:44:22.181+0000] {taskinstance.py:2191} INFO - Executing <Task(PythonOperator): load_dim_customer> on 2025-10-22 03:44:18.421682+00:00
[2025-10-22T03:44:22.190+0000] {standard_task_runner.py:60} INFO - Started process 920 to run task
[2025-10-22T03:44:22.196+0000] {standard_task_runner.py:87} INFO - Running: ['***', 'tasks', 'run', 'sales_pipeline_master_dag', 'load_dim_customer', 'manual__2025-10-22T03:44:18.421682+00:00', '--job-id', '218', '--raw', '--subdir', 'DAGS_FOLDER/dim_customer_dag.py', '--cfg-path', '/tmp/tmpljr4ip14']
[2025-10-22T03:44:22.199+0000] {standard_task_runner.py:88} INFO - Job 218: Subtask load_dim_customer
[2025-10-22T03:44:22.311+0000] {task_command.py:423} INFO - Running <TaskInstance: sales_pipeline_master_dag.load_dim_customer manual__2025-10-22T03:44:18.421682+00:00 [running]> on host 73b97317d540
[2025-10-22T03:44:22.492+0000] {taskinstance.py:2480} INFO - Exporting env vars: AIRFLOW_CTX_DAG_OWNER='***' AIRFLOW_CTX_DAG_ID='sales_pipeline_master_dag' AIRFLOW_CTX_TASK_ID='load_dim_customer' AIRFLOW_CTX_EXECUTION_DATE='2025-10-22T03:44:18.421682+00:00' AIRFLOW_CTX_TRY_NUMBER='1' AIRFLOW_CTX_DAG_RUN_ID='manual__2025-10-22T03:44:18.421682+00:00'
[2025-10-22T03:44:22.494+0000] {logging_mixin.py:188} INFO -  Starting dim_customer ETL pipeline
[2025-10-22T03:44:22.626+0000] {logging_mixin.py:188} INFO -  Last SUCCESS run for dim_customer: 2025-10-22 03:34:11.520733
[2025-10-22T03:44:22.627+0000] {logging_mixin.py:188} INFO -  Last successful run found: 2025-10-22 03:34:11.520733
[2025-10-22T03:44:33.463+0000] {warnings.py:109} WARNING - /opt/***/dags/etl_scripts/customer_etl.py:109: UserWarning: Parsing dates in %d/%m/%Y %I:%M:%S %p format when dayfirst=False (the default) was specified. Pass `dayfirst=True` or specify a format to silence this warning.
  df["in_date"] = pd.to_datetime(df["in_date"], errors="coerce")

[2025-10-22T03:44:33.492+0000] {logging_mixin.py:188} INFO - Found 1 new/updated records since last run.
[2025-10-22T03:44:33.520+0000] {taskinstance.py:2698} ERROR - Task failed with exception
Traceback (most recent call last):
  File "/home/airflow/.local/lib/python3.8/site-packages/sqlalchemy/engine/base.py", line 1910, in _execute_context
    self.dialect.do_execute(
  File "/home/airflow/.local/lib/python3.8/site-packages/sqlalchemy/engine/default.py", line 736, in do_execute
    cursor.execute(statement, parameters)
psycopg2.errors.InvalidColumnReference: there is no unique or exclusion constraint matching the ON CONFLICT specification


The above exception was the direct cause of the following exception:

Traceback (most recent call last):
  File "/home/airflow/.local/lib/python3.8/site-packages/airflow/models/taskinstance.py", line 433, in _execute_task
    result = execute_callable(context=context, **execute_callable_kwargs)
  File "/home/airflow/.local/lib/python3.8/site-packages/airflow/operators/python.py", line 199, in execute
    return_value = self.execute_callable()
  File "/home/airflow/.local/lib/python3.8/site-packages/airflow/operators/python.py", line 216, in execute_callable
    return self.python_callable(*self.op_args, **self.op_kwargs)
  File "/opt/airflow/dags/etl_scripts/customer_etl.py", line 197, in run_customer_etl
    upsert_dimension(
  File "/opt/airflow/dags/etl_scripts/customer_etl.py", line 70, in upsert_dimension
    conn.execute(sql, rows_prepped)
  File "/home/airflow/.local/lib/python3.8/site-packages/sqlalchemy/engine/base.py", line 1385, in execute
    return meth(self, multiparams, params, _EMPTY_EXECUTION_OPTS)
  File "/home/airflow/.local/lib/python3.8/site-packages/sqlalchemy/sql/elements.py", line 334, in _execute_on_connection
    return connection._execute_clauseelement(
  File "/home/airflow/.local/lib/python3.8/site-packages/sqlalchemy/engine/base.py", line 1577, in _execute_clauseelement
    ret = self._execute_context(
  File "/home/airflow/.local/lib/python3.8/site-packages/sqlalchemy/engine/base.py", line 1953, in _execute_context
    self._handle_dbapi_exception(
  File "/home/airflow/.local/lib/python3.8/site-packages/sqlalchemy/engine/base.py", line 2134, in _handle_dbapi_exception
    util.raise_(
  File "/home/airflow/.local/lib/python3.8/site-packages/sqlalchemy/util/compat.py", line 211, in raise_
    raise exception
  File "/home/airflow/.local/lib/python3.8/site-packages/sqlalchemy/engine/base.py", line 1910, in _execute_context
    self.dialect.do_execute(
  File "/home/airflow/.local/lib/python3.8/site-packages/sqlalchemy/engine/default.py", line 736, in do_execute
    cursor.execute(statement, parameters)
sqlalchemy.exc.ProgrammingError: (psycopg2.errors.InvalidColumnReference) there is no unique or exclusion constraint matching the ON CONFLICT specification

[SQL: 
        INSERT INTO dim_customer (customer_key, customer_id, country, first_name, last_name, title, gender, dob, age, marital_status, phone_no, email, address, city, pincode, region, customer_type, preferred_channel, language, updated_at)
        VALUES (%(customer_key)s, %(customer_id)s, %(country)s, %(first_name)s, %(last_name)s, %(title)s, %(gender)s, %(dob)s, %(age)s, %(marital_status)s, %(phone_no)s, %(email)s, %(address)s, %(city)s, %(pincode)s, %(region)s, %(customer_type)s, %(preferred_channel)s, %(language)s, %(updated_at)s)
        ON CONFLICT (customer_id) DO UPDATE
        SET country=EXCLUDED.country, first_name=EXCLUDED.first_name, last_name=EXCLUDED.last_name, title=EXCLUDED.title, gender=EXCLUDED.gender, dob=EXCLUDED.dob, age=EXCLUDED.age, marital_status=EXCLUDED.marital_status, phone_no=EXCLUDED.phone_no, email=EXCLUDED.email, address=EXCLUDED.address, city=EXCLUDED.city, pincode=EXCLUDED.pincode, region=EXCLUDED.region, customer_type=EXCLUDED.customer_type, preferred_channel=EXCLUDED.preferred_channel, language=EXCLUDED.language, updated_at=EXCLUDED.updated_at
        ]
[parameters: {'customer_key': 'db02fa2c-ce9f-460b-afc6-89e5ffeff157', 'customer_id': 17850.0, 'country': 'United Kingdom', 'first_name': 'Robert', 'last_name': 'Davis', 'title': 'Mr.', 'gender': 'Male', 'dob': datetime.date(1953, 8, 20), 'age': 72, 'marital_status': 'Married', 'phone_no': '(792)880-7542x4031', 'email': 'molinawilliam@example.net', 'address': '3090 Caitlin Wells Apt. 068, Patrickshire, GA 20618', 'city': 'Shannonfurt', 'pincode': '78533', 'region': 'Hawaii', 'customer_type': 'Corporate', 'preferred_channel': 'Email', 'language': 'Spanish', 'updated_at': Timestamp('2025-10-22 03:44:33.488311')}]
(Background on this error at: https://sqlalche.me/e/14/f405)
[2025-10-22T03:44:33.543+0000] {taskinstance.py:1138} INFO - Marking task as FAILED. dag_id=sales_pipeline_master_dag, task_id=load_dim_customer, execution_date=20251022T034418, start_date=20251022T034422, end_date=20251022T034433
[2025-10-22T03:44:33.550+0000] {logging_mixin.py:188} INFO -  Logged ETL run for dim_customer: failed at 2025-10-22 03:44:33.544125
[2025-10-22T03:44:33.550+0000] {logging_mixin.py:188} INFO - Task load_dim_customer in DAG sales_pipeline_master_dag failed!
[2025-10-22T03:44:33.571+0000] {standard_task_runner.py:107} ERROR - Failed to execute job 218 for task load_dim_customer ((psycopg2.errors.InvalidColumnReference) there is no unique or exclusion constraint matching the ON CONFLICT specification

[SQL: 
        INSERT INTO dim_customer (customer_key, customer_id, country, first_name, last_name, title, gender, dob, age, marital_status, phone_no, email, address, city, pincode, region, customer_type, preferred_channel, language, updated_at)
        VALUES (%(customer_key)s, %(customer_id)s, %(country)s, %(first_name)s, %(last_name)s, %(title)s, %(gender)s, %(dob)s, %(age)s, %(marital_status)s, %(phone_no)s, %(email)s, %(address)s, %(city)s, %(pincode)s, %(region)s, %(customer_type)s, %(preferred_channel)s, %(language)s, %(updated_at)s)
        ON CONFLICT (customer_id) DO UPDATE
        SET country=EXCLUDED.country, first_name=EXCLUDED.first_name, last_name=EXCLUDED.last_name, title=EXCLUDED.title, gender=EXCLUDED.gender, dob=EXCLUDED.dob, age=EXCLUDED.age, marital_status=EXCLUDED.marital_status, phone_no=EXCLUDED.phone_no, email=EXCLUDED.email, address=EXCLUDED.address, city=EXCLUDED.city, pincode=EXCLUDED.pincode, region=EXCLUDED.region, customer_type=EXCLUDED.customer_type, preferred_channel=EXCLUDED.preferred_channel, language=EXCLUDED.language, updated_at=EXCLUDED.updated_at
        ]
[parameters: {'customer_key': 'db02fa2c-ce9f-460b-afc6-89e5ffeff157', 'customer_id': 17850.0, 'country': 'United Kingdom', 'first_name': 'Robert', 'last_name': 'Davis', 'title': 'Mr.', 'gender': 'Male', 'dob': datetime.date(1953, 8, 20), 'age': 72, 'marital_status': 'Married', 'phone_no': '(792)880-7542x4031', 'email': 'molinawilliam@example.net', 'address': '3090 Caitlin Wells Apt. 068, Patrickshire, GA 20618', 'city': 'Shannonfurt', 'pincode': '78533', 'region': 'Hawaii', 'customer_type': 'Corporate', 'preferred_channel': 'Email', 'language': 'Spanish', 'updated_at': Timestamp('2025-10-22 03:44:33.488311')}]
(Background on this error at: https://sqlalche.me/e/14/f405); 920)
[2025-10-22T03:44:33.610+0000] {local_task_job_runner.py:234} INFO - Task exited with return code 1
[2025-10-22T03:44:33.670+0000] {taskinstance.py:3280} INFO - 0 downstream tasks scheduled from follow-on schedule check
