[2025-10-09T05:15:02.385+0000] {taskinstance.py:1956} INFO - Dependencies all met for dep_context=non-requeueable deps ti=<TaskInstance: run_sample_data_every_5min.run_sample_etl scheduled__2025-10-09T05:10:00+00:00 [queued]>
[2025-10-09T05:15:02.424+0000] {taskinstance.py:1956} INFO - Dependencies all met for dep_context=requeueable deps ti=<TaskInstance: run_sample_data_every_5min.run_sample_etl scheduled__2025-10-09T05:10:00+00:00 [queued]>
[2025-10-09T05:15:02.425+0000] {taskinstance.py:2170} INFO - Starting attempt 1 of 2
[2025-10-09T05:15:02.458+0000] {taskinstance.py:2191} INFO - Executing <Task(PythonOperator): run_sample_etl> on 2025-10-09 05:10:00+00:00
[2025-10-09T05:15:02.466+0000] {standard_task_runner.py:60} INFO - Started process 196 to run task
[2025-10-09T05:15:02.471+0000] {standard_task_runner.py:87} INFO - Running: ['***', 'tasks', 'run', 'run_sample_data_every_5min', 'run_sample_etl', 'scheduled__2025-10-09T05:10:00+00:00', '--job-id', '17', '--raw', '--subdir', 'DAGS_FOLDER/dag_file.py', '--cfg-path', '/tmp/tmpiadn_133']
[2025-10-09T05:15:02.474+0000] {standard_task_runner.py:88} INFO - Job 17: Subtask run_sample_etl
[2025-10-09T05:15:02.544+0000] {task_command.py:423} INFO - Running <TaskInstance: run_sample_data_every_5min.run_sample_etl scheduled__2025-10-09T05:10:00+00:00 [running]> on host e525c82dec49
[2025-10-09T05:15:02.670+0000] {taskinstance.py:2480} INFO - Exporting env vars: AIRFLOW_CTX_DAG_OWNER='***' AIRFLOW_CTX_DAG_ID='run_sample_data_every_5min' AIRFLOW_CTX_TASK_ID='run_sample_etl' AIRFLOW_CTX_EXECUTION_DATE='2025-10-09T05:10:00+00:00' AIRFLOW_CTX_TRY_NUMBER='1' AIRFLOW_CTX_DAG_RUN_ID='scheduled__2025-10-09T05:10:00+00:00'
[2025-10-09T05:15:02.768+0000] {logging_mixin.py:188} INFO - CSV loaded successfully!
[2025-10-09T05:15:02.831+0000] {logging_mixin.py:188} INFO - 
Customer Dimension:
[2025-10-09T05:15:02.858+0000] {logging_mixin.py:188} INFO -                            customer_key  customer_id  ... preferred_channel language
0  283f862f-b74c-4a19-a05f-ff68678966f8        17850  ...             Email  Spanish
1  a45029af-7f15-466e-b172-35edd3515309        13047  ...          WhatsApp    Hindi

[2 rows x 19 columns]
[2025-10-09T05:15:03.011+0000] {logging_mixin.py:188} INFO - ✅ All tables loaded successfully!
[2025-10-09T05:15:03.012+0000] {python.py:201} INFO - Done. Returned value was: None
[2025-10-09T05:15:03.025+0000] {taskinstance.py:1138} INFO - Marking task as SUCCESS. dag_id=run_sample_data_every_5min, task_id=run_sample_etl, execution_date=20251009T051000, start_date=20251009T051502, end_date=20251009T051503
[2025-10-09T05:15:03.085+0000] {local_task_job_runner.py:234} INFO - Task exited with return code 0
[2025-10-09T05:15:03.113+0000] {taskinstance.py:3280} INFO - 0 downstream tasks scheduled from follow-on schedule check
