[2025-10-15T11:10:42.453+0000] {taskinstance.py:1956} INFO - Dependencies all met for dep_context=non-requeueable deps ti=<TaskInstance: dim_customer_dag.load_fact_sales manual__2025-10-15T11:10:10.023998+00:00 [queued]>
[2025-10-15T11:10:42.469+0000] {taskinstance.py:1956} INFO - Dependencies all met for dep_context=requeueable deps ti=<TaskInstance: dim_customer_dag.load_fact_sales manual__2025-10-15T11:10:10.023998+00:00 [queued]>
[2025-10-15T11:10:42.470+0000] {taskinstance.py:2170} INFO - Starting attempt 1 of 1
[2025-10-15T11:10:42.497+0000] {taskinstance.py:2191} INFO - Executing <Task(PythonOperator): load_fact_sales> on 2025-10-15 11:10:10.023998+00:00
[2025-10-15T11:10:42.507+0000] {standard_task_runner.py:60} INFO - Started process 11964 to run task
[2025-10-15T11:10:42.511+0000] {standard_task_runner.py:87} INFO - Running: ['***', 'tasks', 'run', 'dim_customer_dag', 'load_fact_sales', 'manual__2025-10-15T11:10:10.023998+00:00', '--job-id', '178', '--raw', '--subdir', 'DAGS_FOLDER/dim_customer_dag.py', '--cfg-path', '/tmp/tmpsbkxpj68']
[2025-10-15T11:10:42.515+0000] {standard_task_runner.py:88} INFO - Job 178: Subtask load_fact_sales
[2025-10-15T11:10:42.636+0000] {task_command.py:423} INFO - Running <TaskInstance: dim_customer_dag.load_fact_sales manual__2025-10-15T11:10:10.023998+00:00 [running]> on host cd1b8c665937
[2025-10-15T11:10:42.755+0000] {taskinstance.py:2480} INFO - Exporting env vars: AIRFLOW_CTX_DAG_OWNER='***' AIRFLOW_CTX_DAG_ID='dim_customer_dag' AIRFLOW_CTX_TASK_ID='load_fact_sales' AIRFLOW_CTX_EXECUTION_DATE='2025-10-15T11:10:10.023998+00:00' AIRFLOW_CTX_TRY_NUMBER='1' AIRFLOW_CTX_DAG_RUN_ID='manual__2025-10-15T11:10:10.023998+00:00'
[2025-10-15T11:10:42.758+0000] {logging_mixin.py:188} INFO -  Starting fact_sales ETL pipeline
[2025-10-15T11:10:42.782+0000] {logging_mixin.py:188} INFO -  Last SUCCESS run for fact_sales: 2025-10-14 05:51:05.483132
[2025-10-15T11:10:42.782+0000] {logging_mixin.py:188} INFO -  Last successful run found: 2025-10-14 05:51:05.483132
[2025-10-15T11:10:49.904+0000] {warnings.py:109} WARNING - /opt/***/dags/etl_scripts/sales_etl.py:37: UserWarning: Parsing dates in %d/%m/%Y %I:%M:%S %p format when dayfirst=False (the default) was specified. Pass `dayfirst=True` or specify a format to silence this warning.
  df["InDate"] = pd.to_datetime(df["InDate"], errors="coerce")

[2025-10-15T11:10:49.908+0000] {logging_mixin.py:188} INFO -  Found 1 new sales records since last run.
[2025-10-15T11:10:59.117+0000] {warnings.py:109} WARNING - /opt/***/dags/etl_scripts/sales_etl.py:59: SettingWithCopyWarning: 
A value is trying to be set on a copy of a slice from a DataFrame

See the caveats in the documentation: https://pandas.pydata.org/pandas-docs/stable/user_guide/indexing.html#returning-a-view-versus-a-copy
  new_data.rename(columns={

[2025-10-15T11:10:59.347+0000] {logging_mixin.py:188} INFO -  Successfully loaded 165 records into fact_sales
[2025-10-15T11:10:59.349+0000] {logging_mixin.py:188} INFO -  fact_sales ETL completed successfully.
[2025-10-15T11:10:59.797+0000] {python.py:201} INFO - Done. Returned value was: None
[2025-10-15T11:10:59.815+0000] {taskinstance.py:1138} INFO - Marking task as SUCCESS. dag_id=dim_customer_dag, task_id=load_fact_sales, execution_date=20251015T111010, start_date=20251015T111042, end_date=20251015T111059
[2025-10-15T11:10:59.819+0000] {logging_mixin.py:188} INFO -  Logged ETL run for fact_sales: success at 2025-10-15 11:10:59.816155
[2025-10-15T11:10:59.881+0000] {local_task_job_runner.py:234} INFO - Task exited with return code 0
[2025-10-15T11:10:59.903+0000] {taskinstance.py:3280} INFO - 0 downstream tasks scheduled from follow-on schedule check
