[2025-10-22T05:14:05.010+0000] {taskinstance.py:1956} INFO - Dependencies all met for dep_context=non-requeueable deps ti=<TaskInstance: sales_pipeline_master_dag.load_dim_date manual__2025-10-22T05:14:02.017754+00:00 [queued]>
[2025-10-22T05:14:05.020+0000] {taskinstance.py:1956} INFO - Dependencies all met for dep_context=requeueable deps ti=<TaskInstance: sales_pipeline_master_dag.load_dim_date manual__2025-10-22T05:14:02.017754+00:00 [queued]>
[2025-10-22T05:14:05.021+0000] {taskinstance.py:2170} INFO - Starting attempt 1 of 1
[2025-10-22T05:14:05.039+0000] {taskinstance.py:2191} INFO - Executing <Task(PythonOperator): load_dim_date> on 2025-10-22 05:14:02.017754+00:00
[2025-10-22T05:14:05.046+0000] {standard_task_runner.py:60} INFO - Started process 2395 to run task
[2025-10-22T05:14:05.051+0000] {standard_task_runner.py:87} INFO - Running: ['***', 'tasks', 'run', 'sales_pipeline_master_dag', 'load_dim_date', 'manual__2025-10-22T05:14:02.017754+00:00', '--job-id', '279', '--raw', '--subdir', 'DAGS_FOLDER/dim_customer_dag.py', '--cfg-path', '/tmp/tmp99vecaej']
[2025-10-22T05:14:05.053+0000] {standard_task_runner.py:88} INFO - Job 279: Subtask load_dim_date
[2025-10-22T05:14:05.147+0000] {task_command.py:423} INFO - Running <TaskInstance: sales_pipeline_master_dag.load_dim_date manual__2025-10-22T05:14:02.017754+00:00 [running]> on host 73b97317d540
[2025-10-22T05:14:05.303+0000] {taskinstance.py:2480} INFO - Exporting env vars: AIRFLOW_CTX_DAG_OWNER='***' AIRFLOW_CTX_DAG_ID='sales_pipeline_master_dag' AIRFLOW_CTX_TASK_ID='load_dim_date' AIRFLOW_CTX_EXECUTION_DATE='2025-10-22T05:14:02.017754+00:00' AIRFLOW_CTX_TRY_NUMBER='1' AIRFLOW_CTX_DAG_RUN_ID='manual__2025-10-22T05:14:02.017754+00:00'
[2025-10-22T05:14:05.306+0000] {logging_mixin.py:188} INFO -  Starting dim_date ETL pipeline
[2025-10-22T05:14:05.366+0000] {logging_mixin.py:188} INFO -  Last SUCCESS run for dim_date: 2025-10-22 04:17:52.589969
[2025-10-22T05:14:05.368+0000] {logging_mixin.py:188} INFO -  Last successful run found: 2025-10-22 04:17:52.589969
[2025-10-22T05:14:17.282+0000] {warnings.py:109} WARNING - /opt/***/dags/etl_scripts/date_etl.py:36: UserWarning: Parsing dates in %d/%m/%Y %I:%M:%S %p format when dayfirst=False (the default) was specified. Pass `dayfirst=True` or specify a format to silence this warning.
  df["InDate"] = pd.to_datetime(df["InDate"], errors="coerce")

[2025-10-22T05:14:17.378+0000] {logging_mixin.py:188} INFO -  Found 1 new date records since last run.
[2025-10-22T05:14:17.426+0000] {logging_mixin.py:188} INFO - Upserted 1 rows into dim_date
[2025-10-22T05:14:17.429+0000] {logging_mixin.py:188} INFO - ✅ Upsert completed: 1 records processed into dim_date.
[2025-10-22T05:14:17.431+0000] {logging_mixin.py:188} INFO -  dim_date ETL completed successfully.
[2025-10-22T05:14:17.432+0000] {python.py:201} INFO - Done. Returned value was: None
[2025-10-22T05:14:17.460+0000] {taskinstance.py:1138} INFO - Marking task as SUCCESS. dag_id=sales_pipeline_master_dag, task_id=load_dim_date, execution_date=20251022T051402, start_date=20251022T051405, end_date=20251022T051417
[2025-10-22T05:14:17.465+0000] {logging_mixin.py:188} INFO -  Logged ETL run for dim_date: success at 2025-10-22 05:14:17.461167
[2025-10-22T05:14:17.540+0000] {local_task_job_runner.py:234} INFO - Task exited with return code 0
[2025-10-22T05:14:17.602+0000] {taskinstance.py:3280} INFO - 0 downstream tasks scheduled from follow-on schedule check
