[2025-10-10T15:57:20.368+0000] {taskinstance.py:1956} INFO - Dependencies all met for dep_context=non-requeueable deps ti=<TaskInstance: dim_customer_dag.load_dim_customer manual__2025-10-10T15:57:17.023513+00:00 [queued]>
[2025-10-10T15:57:20.382+0000] {taskinstance.py:1956} INFO - Dependencies all met for dep_context=requeueable deps ti=<TaskInstance: dim_customer_dag.load_dim_customer manual__2025-10-10T15:57:17.023513+00:00 [queued]>
[2025-10-10T15:57:20.383+0000] {taskinstance.py:2170} INFO - Starting attempt 1 of 1
[2025-10-10T15:57:20.409+0000] {taskinstance.py:2191} INFO - Executing <Task(PythonOperator): load_dim_customer> on 2025-10-10 15:57:17.023513+00:00
[2025-10-10T15:57:20.417+0000] {standard_task_runner.py:60} INFO - Started process 230 to run task
[2025-10-10T15:57:20.422+0000] {standard_task_runner.py:87} INFO - Running: ['***', 'tasks', 'run', 'dim_customer_dag', 'load_dim_customer', 'manual__2025-10-10T15:57:17.023513+00:00', '--job-id', '115', '--raw', '--subdir', 'DAGS_FOLDER/dim_customer_dag.py', '--cfg-path', '/tmp/tmp_vidn_n_']
[2025-10-10T15:57:20.424+0000] {standard_task_runner.py:88} INFO - Job 115: Subtask load_dim_customer
[2025-10-10T15:57:20.518+0000] {task_command.py:423} INFO - Running <TaskInstance: dim_customer_dag.load_dim_customer manual__2025-10-10T15:57:17.023513+00:00 [running]> on host ba936f2a330d
[2025-10-10T15:57:20.727+0000] {taskinstance.py:2480} INFO - Exporting env vars: AIRFLOW_CTX_DAG_OWNER='***' AIRFLOW_CTX_DAG_ID='dim_customer_dag' AIRFLOW_CTX_TASK_ID='load_dim_customer' AIRFLOW_CTX_EXECUTION_DATE='2025-10-10T15:57:17.023513+00:00' AIRFLOW_CTX_TRY_NUMBER='1' AIRFLOW_CTX_DAG_RUN_ID='manual__2025-10-10T15:57:17.023513+00:00'
[2025-10-10T15:57:20.729+0000] {logging_mixin.py:188} INFO - 🚀 Starting dim_customer ETL pipeline
[2025-10-10T15:57:20.813+0000] {logging_mixin.py:188} INFO - 🕓 Last SUCCESS run for dim_customer: 2025-10-10 15:55:32.516945
[2025-10-10T15:57:20.814+0000] {logging_mixin.py:188} INFO - ✅ Last successful run found: 2025-10-10 15:55:32.516945
[2025-10-11T14:56:33.251+0000] {local_task_job_runner.py:211} ERROR - Heartbeat time limit exceeded!
[2025-10-11T14:56:35.255+0000] {process_utils.py:131} INFO - Sending 15 to group 230. PIDs of all processes in the group: [230]
[2025-10-11T14:56:35.283+0000] {process_utils.py:86} INFO - Sending the signal 15 to group 230
[2025-10-11T14:56:35.308+0000] {taskinstance.py:2450} ERROR - Received SIGTERM. Terminating subprocesses.
[2025-10-11T14:56:36.083+0000] {taskinstance.py:2698} ERROR - Task failed with exception
Traceback (most recent call last):
  File "/home/airflow/.local/lib/python3.8/site-packages/airflow/models/taskinstance.py", line 433, in _execute_task
    result = execute_callable(context=context, **execute_callable_kwargs)
  File "/home/airflow/.local/lib/python3.8/site-packages/airflow/operators/python.py", line 199, in execute
    return_value = self.execute_callable()
  File "/home/airflow/.local/lib/python3.8/site-packages/airflow/operators/python.py", line 216, in execute_callable
    return self.python_callable(*self.op_args, **self.op_kwargs)
  File "/opt/airflow/dags/etl_scripts/customer_etl.py", line 67, in run_customer_etl
    emails.append(fake.email())
  File "/home/airflow/.local/lib/python3.8/site-packages/faker/utils/decorators.py", line 36, in wrapper
    return fn(*args, **kwargs).lower()
  File "/home/airflow/.local/lib/python3.8/site-packages/faker/providers/internet/__init__.py", line 228, in email
    @lowercase
  File "/home/airflow/.local/lib/python3.8/site-packages/airflow/models/taskinstance.py", line 2452, in signal_handler
    raise AirflowException("Task received SIGTERM signal")
airflow.exceptions.AirflowException: Task received SIGTERM signal
[2025-10-11T14:56:37.654+0000] {taskinstance.py:1138} INFO - Marking task as FAILED. dag_id=dim_customer_dag, task_id=load_dim_customer, execution_date=20251010T155717, start_date=20251010T155720, end_date=20251011T145637
[2025-10-11T14:56:37.832+0000] {logging_mixin.py:188} INFO - 🟩 Logged ETL run for dim_customer: failed at 2025-10-11 14:56:37.666364
[2025-10-11T14:56:41.189+0000] {standard_task_runner.py:107} ERROR - Failed to execute job 115 for task load_dim_customer (Task received SIGTERM signal; 230)
[2025-10-11T14:56:41.472+0000] {process_utils.py:79} INFO - Process psutil.Process(pid=230, status='terminated', exitcode=1, started='15:57:19') (230) terminated with exit code 1
