[2025-10-22T14:50:36.673+0000] {taskinstance.py:1956} INFO - Dependencies all met for dep_context=non-requeueable deps ti=<TaskInstance: sales_pipeline_master_dag.load_dim_date manual__2025-10-22T14:50:32.605040+00:00 [queued]>
[2025-10-22T14:50:36.689+0000] {taskinstance.py:1956} INFO - Dependencies all met for dep_context=requeueable deps ti=<TaskInstance: sales_pipeline_master_dag.load_dim_date manual__2025-10-22T14:50:32.605040+00:00 [queued]>
[2025-10-22T14:50:36.691+0000] {taskinstance.py:2170} INFO - Starting attempt 1 of 1
[2025-10-22T14:50:36.738+0000] {taskinstance.py:2191} INFO - Executing <Task(PythonOperator): load_dim_date> on 2025-10-22 14:50:32.605040+00:00
[2025-10-22T14:50:36.749+0000] {standard_task_runner.py:60} INFO - Started process 5410 to run task
[2025-10-22T14:50:36.757+0000] {standard_task_runner.py:87} INFO - Running: ['***', 'tasks', 'run', 'sales_pipeline_master_dag', 'load_dim_date', 'manual__2025-10-22T14:50:32.605040+00:00', '--job-id', '349', '--raw', '--subdir', 'DAGS_FOLDER/dim_customer_dag.py', '--cfg-path', '/tmp/tmpp9krds9v']
[2025-10-22T14:50:36.761+0000] {standard_task_runner.py:88} INFO - Job 349: Subtask load_dim_date
[2025-10-22T14:50:36.915+0000] {task_command.py:423} INFO - Running <TaskInstance: sales_pipeline_master_dag.load_dim_date manual__2025-10-22T14:50:32.605040+00:00 [running]> on host 73b97317d540
[2025-10-22T14:50:37.180+0000] {taskinstance.py:2480} INFO - Exporting env vars: AIRFLOW_CTX_DAG_OWNER='***' AIRFLOW_CTX_DAG_ID='sales_pipeline_master_dag' AIRFLOW_CTX_TASK_ID='load_dim_date' AIRFLOW_CTX_EXECUTION_DATE='2025-10-22T14:50:32.605040+00:00' AIRFLOW_CTX_TRY_NUMBER='1' AIRFLOW_CTX_DAG_RUN_ID='manual__2025-10-22T14:50:32.605040+00:00'
[2025-10-22T14:50:37.183+0000] {logging_mixin.py:188} INFO -  Starting dim_date ETL pipeline
[2025-10-22T14:50:37.239+0000] {logging_mixin.py:188} INFO -  Last SUCCESS run for dim_date: 2025-10-22 14:31:28.350970
[2025-10-22T14:50:37.240+0000] {logging_mixin.py:188} INFO -  Last successful run found: 2025-10-22 14:31:28.350970
[2025-10-22T14:50:49.244+0000] {warnings.py:109} WARNING - /opt/***/dags/etl_scripts/date_etl.py:36: UserWarning: Parsing dates in %d/%m/%Y %I:%M:%S %p format when dayfirst=False (the default) was specified. Pass `dayfirst=True` or specify a format to silence this warning.
  df["InDate"] = pd.to_datetime(df["InDate"], errors="coerce")

[2025-10-22T14:50:49.348+0000] {logging_mixin.py:188} INFO -  Found 1 new date records since last run.
[2025-10-22T14:50:49.372+0000] {logging_mixin.py:188} INFO - Verified: dim_date table exists in database.
[2025-10-22T14:50:49.397+0000] {logging_mixin.py:188} INFO - Inserted/Upserted 1 rows into dim_date
[2025-10-22T14:50:49.420+0000] {logging_mixin.py:188} INFO - ✅ Upsert completed: 1 records processed into dim_date.
[2025-10-22T14:50:49.422+0000] {logging_mixin.py:188} INFO -  dim_date ETL completed successfully.
[2025-10-22T14:50:49.423+0000] {python.py:201} INFO - Done. Returned value was: None
[2025-10-22T14:50:49.453+0000] {taskinstance.py:1138} INFO - Marking task as SUCCESS. dag_id=sales_pipeline_master_dag, task_id=load_dim_date, execution_date=20251022T145032, start_date=20251022T145036, end_date=20251022T145049
[2025-10-22T14:50:49.459+0000] {logging_mixin.py:188} INFO -  Logged ETL run for dim_date: success at 2025-10-22 14:50:49.454445
[2025-10-22T14:50:49.508+0000] {local_task_job_runner.py:234} INFO - Task exited with return code 0
[2025-10-22T14:50:49.549+0000] {taskinstance.py:3280} INFO - 0 downstream tasks scheduled from follow-on schedule check
