[2025-10-22T03:44:22.179+0000] {taskinstance.py:1956} INFO - Dependencies all met for dep_context=non-requeueable deps ti=<TaskInstance: sales_pipeline_master_dag.load_dim_product manual__2025-10-22T03:44:18.421682+00:00 [queued]>
[2025-10-22T03:44:22.197+0000] {taskinstance.py:1956} INFO - Dependencies all met for dep_context=requeueable deps ti=<TaskInstance: sales_pipeline_master_dag.load_dim_product manual__2025-10-22T03:44:18.421682+00:00 [queued]>
[2025-10-22T03:44:22.199+0000] {taskinstance.py:2170} INFO - Starting attempt 1 of 1
[2025-10-22T03:44:22.224+0000] {taskinstance.py:2191} INFO - Executing <Task(PythonOperator): load_dim_product> on 2025-10-22 03:44:18.421682+00:00
[2025-10-22T03:44:22.234+0000] {standard_task_runner.py:60} INFO - Started process 922 to run task
[2025-10-22T03:44:22.242+0000] {standard_task_runner.py:87} INFO - Running: ['***', 'tasks', 'run', 'sales_pipeline_master_dag', 'load_dim_product', 'manual__2025-10-22T03:44:18.421682+00:00', '--job-id', '219', '--raw', '--subdir', 'DAGS_FOLDER/dim_customer_dag.py', '--cfg-path', '/tmp/tmp_w5_6u5u']
[2025-10-22T03:44:22.245+0000] {standard_task_runner.py:88} INFO - Job 219: Subtask load_dim_product
[2025-10-22T03:44:22.358+0000] {task_command.py:423} INFO - Running <TaskInstance: sales_pipeline_master_dag.load_dim_product manual__2025-10-22T03:44:18.421682+00:00 [running]> on host 73b97317d540
[2025-10-22T03:44:22.538+0000] {taskinstance.py:2480} INFO - Exporting env vars: AIRFLOW_CTX_DAG_OWNER='***' AIRFLOW_CTX_DAG_ID='sales_pipeline_master_dag' AIRFLOW_CTX_TASK_ID='load_dim_product' AIRFLOW_CTX_EXECUTION_DATE='2025-10-22T03:44:18.421682+00:00' AIRFLOW_CTX_TRY_NUMBER='1' AIRFLOW_CTX_DAG_RUN_ID='manual__2025-10-22T03:44:18.421682+00:00'
[2025-10-22T03:44:22.542+0000] {logging_mixin.py:188} INFO - 🚀 Starting dim_product ETL pipeline
[2025-10-22T03:44:22.657+0000] {logging_mixin.py:188} INFO -  Last SUCCESS run for dim_product: 2025-10-22 03:37:22.473673
[2025-10-22T03:44:22.658+0000] {logging_mixin.py:188} INFO -  Last successful run found: 2025-10-22 03:37:22.473673
[2025-10-22T03:44:33.469+0000] {warnings.py:109} WARNING - /opt/***/dags/etl_scripts/product_etl.py:46: UserWarning: Parsing dates in %d/%m/%Y %I:%M:%S %p format when dayfirst=False (the default) was specified. Pass `dayfirst=True` or specify a format to silence this warning.
  df["in_date"] = pd.to_datetime(df["in_date"], errors="coerce")

[2025-10-22T03:44:33.488+0000] {logging_mixin.py:188} INFO - 🔍 Found 1 new/updated product records since last run.
[2025-10-22T03:44:33.548+0000] {logging_mixin.py:188} INFO -  Successfully loaded 1 records into dim_product
[2025-10-22T03:44:33.804+0000] {logging_mixin.py:188} INFO -  dim_product ETL completed successfully.
[2025-10-22T03:44:33.805+0000] {python.py:201} INFO - Done. Returned value was: None
[2025-10-22T03:44:33.836+0000] {taskinstance.py:1138} INFO - Marking task as SUCCESS. dag_id=sales_pipeline_master_dag, task_id=load_dim_product, execution_date=20251022T034418, start_date=20251022T034422, end_date=20251022T034433
[2025-10-22T03:44:33.842+0000] {logging_mixin.py:188} INFO -  Logged ETL run for dim_product: success at 2025-10-22 03:44:33.837293
[2025-10-22T03:44:33.897+0000] {local_task_job_runner.py:234} INFO - Task exited with return code 0
[2025-10-22T03:44:33.926+0000] {taskinstance.py:3280} INFO - 0 downstream tasks scheduled from follow-on schedule check
