[2025-10-13T06:59:28.496+0000] {taskinstance.py:1956} INFO - Dependencies all met for dep_context=non-requeueable deps ti=<TaskInstance: dim_customer_dag.load_dim_customer manual__2025-10-13T06:59:25.795842+00:00 [queued]>
[2025-10-13T06:59:28.506+0000] {taskinstance.py:1956} INFO - Dependencies all met for dep_context=requeueable deps ti=<TaskInstance: dim_customer_dag.load_dim_customer manual__2025-10-13T06:59:25.795842+00:00 [queued]>
[2025-10-13T06:59:28.507+0000] {taskinstance.py:2170} INFO - Starting attempt 1 of 1
[2025-10-13T06:59:28.525+0000] {taskinstance.py:2191} INFO - Executing <Task(PythonOperator): load_dim_customer> on 2025-10-13 06:59:25.795842+00:00
[2025-10-13T06:59:28.530+0000] {standard_task_runner.py:60} INFO - Started process 1931 to run task
[2025-10-13T06:59:28.534+0000] {standard_task_runner.py:87} INFO - Running: ['***', 'tasks', 'run', 'dim_customer_dag', 'load_dim_customer', 'manual__2025-10-13T06:59:25.795842+00:00', '--job-id', '166', '--raw', '--subdir', 'DAGS_FOLDER/dim_customer_dag.py', '--cfg-path', '/tmp/tmpfjx51h5b']
[2025-10-13T06:59:28.536+0000] {standard_task_runner.py:88} INFO - Job 166: Subtask load_dim_customer
[2025-10-13T06:59:28.607+0000] {task_command.py:423} INFO - Running <TaskInstance: dim_customer_dag.load_dim_customer manual__2025-10-13T06:59:25.795842+00:00 [running]> on host cd1b8c665937
[2025-10-13T06:59:28.727+0000] {taskinstance.py:2480} INFO - Exporting env vars: AIRFLOW_CTX_DAG_OWNER='***' AIRFLOW_CTX_DAG_ID='dim_customer_dag' AIRFLOW_CTX_TASK_ID='load_dim_customer' AIRFLOW_CTX_EXECUTION_DATE='2025-10-13T06:59:25.795842+00:00' AIRFLOW_CTX_TRY_NUMBER='1' AIRFLOW_CTX_DAG_RUN_ID='manual__2025-10-13T06:59:25.795842+00:00'
[2025-10-13T06:59:28.729+0000] {logging_mixin.py:188} INFO - 🚀 Starting dim_customer ETL pipeline
[2025-10-13T06:59:28.967+0000] {logging_mixin.py:188} INFO - ⚠️ No successful run found for dim_customer — will perform full load.
[2025-10-13T06:59:28.973+0000] {logging_mixin.py:188} INFO - ⚠️ No successful run found — performing full load.
[2025-10-13T06:59:36.568+0000] {warnings.py:109} WARNING - /opt/***/dags/etl_scripts/customer_etl.py:44: UserWarning: Parsing dates in %d/%m/%Y %I:%M:%S %p format when dayfirst=False (the default) was specified. Pass `dayfirst=True` or specify a format to silence this warning.
  df["in_date"] = pd.to_datetime(df["in_date"], errors="coerce")

[2025-10-13T06:59:36.589+0000] {logging_mixin.py:188} INFO - 🆕 First load — total records to insert: 10
[2025-10-13T06:59:36.623+0000] {logging_mixin.py:188} INFO - ✅ Successfully loaded 2 records into dim_customer
[2025-10-13T06:59:36.628+0000] {logging_mixin.py:188} INFO - 🟩 dim_customer ETL completed successfully.
[2025-10-13T06:59:36.629+0000] {python.py:201} INFO - Done. Returned value was: None
[2025-10-13T06:59:36.645+0000] {taskinstance.py:1138} INFO - Marking task as SUCCESS. dag_id=dim_customer_dag, task_id=load_dim_customer, execution_date=20251013T065925, start_date=20251013T065928, end_date=20251013T065936
[2025-10-13T06:59:36.649+0000] {logging_mixin.py:188} INFO - 🟩 Logged ETL run for dim_customer: success at 2025-10-13 06:59:36.646417
[2025-10-13T06:59:36.683+0000] {local_task_job_runner.py:234} INFO - Task exited with return code 0
[2025-10-13T06:59:36.711+0000] {taskinstance.py:3280} INFO - 0 downstream tasks scheduled from follow-on schedule check
