[2025-10-21T10:14:08.798+0000] {taskinstance.py:1956} INFO - Dependencies all met for dep_context=non-requeueable deps ti=<TaskInstance: dim_customer_dag.load_dim_product manual__2025-10-21T10:14:03.753612+00:00 [queued]>
[2025-10-21T10:14:08.815+0000] {taskinstance.py:1956} INFO - Dependencies all met for dep_context=requeueable deps ti=<TaskInstance: dim_customer_dag.load_dim_product manual__2025-10-21T10:14:03.753612+00:00 [queued]>
[2025-10-21T10:14:08.816+0000] {taskinstance.py:2170} INFO - Starting attempt 1 of 1
[2025-10-21T10:14:08.850+0000] {taskinstance.py:2191} INFO - Executing <Task(PythonOperator): load_dim_product> on 2025-10-21 10:14:03.753612+00:00
[2025-10-21T10:14:08.861+0000] {standard_task_runner.py:60} INFO - Started process 112 to run task
[2025-10-21T10:14:08.868+0000] {standard_task_runner.py:87} INFO - Running: ['***', 'tasks', 'run', 'dim_customer_dag', 'load_dim_product', 'manual__2025-10-21T10:14:03.753612+00:00', '--job-id', '197', '--raw', '--subdir', 'DAGS_FOLDER/dim_customer_dag.py', '--cfg-path', '/tmp/tmpwx__s2f_']
[2025-10-21T10:14:08.871+0000] {standard_task_runner.py:88} INFO - Job 197: Subtask load_dim_product
[2025-10-21T10:14:09.098+0000] {task_command.py:423} INFO - Running <TaskInstance: dim_customer_dag.load_dim_product manual__2025-10-21T10:14:03.753612+00:00 [running]> on host cfaf93cb2f66
[2025-10-21T10:14:09.420+0000] {taskinstance.py:2480} INFO - Exporting env vars: AIRFLOW_CTX_DAG_OWNER='***' AIRFLOW_CTX_DAG_ID='dim_customer_dag' AIRFLOW_CTX_TASK_ID='load_dim_product' AIRFLOW_CTX_EXECUTION_DATE='2025-10-21T10:14:03.753612+00:00' AIRFLOW_CTX_TRY_NUMBER='1' AIRFLOW_CTX_DAG_RUN_ID='manual__2025-10-21T10:14:03.753612+00:00'
[2025-10-21T10:14:09.426+0000] {logging_mixin.py:188} INFO - 🚀 Starting dim_product ETL pipeline
[2025-10-21T10:14:09.601+0000] {logging_mixin.py:188} INFO -  Last SUCCESS run for dim_product: 2025-10-21 10:13:01.063707
[2025-10-21T10:14:09.602+0000] {logging_mixin.py:188} INFO -  Last successful run found: 2025-10-21 10:13:01.063707
[2025-10-21T10:14:21.163+0000] {warnings.py:109} WARNING - /opt/***/dags/etl_scripts/product_etl.py:46: UserWarning: Parsing dates in %d/%m/%Y %I:%M:%S %p format when dayfirst=False (the default) was specified. Pass `dayfirst=True` or specify a format to silence this warning.
  df["in_date"] = pd.to_datetime(df["in_date"], errors="coerce")

[2025-10-21T10:14:21.187+0000] {logging_mixin.py:188} INFO - 🔍 Found 0 new/updated product records since last run.
[2025-10-21T10:14:21.188+0000] {logging_mixin.py:188} INFO -  No new product records to insert.
[2025-10-21T10:14:21.194+0000] {logging_mixin.py:188} INFO -  Logged ETL run for dim_product: success at 2025-10-21 10:14:21.189221
[2025-10-21T10:14:21.195+0000] {python.py:201} INFO - Done. Returned value was: None
[2025-10-21T10:14:21.219+0000] {taskinstance.py:1138} INFO - Marking task as SUCCESS. dag_id=dim_customer_dag, task_id=load_dim_product, execution_date=20251021T101403, start_date=20251021T101408, end_date=20251021T101421
[2025-10-21T10:14:21.223+0000] {logging_mixin.py:188} INFO -  Logged ETL run for dim_product: success at 2025-10-21 10:14:21.220953
[2025-10-21T10:14:21.284+0000] {local_task_job_runner.py:234} INFO - Task exited with return code 0
[2025-10-21T10:14:21.336+0000] {taskinstance.py:3280} INFO - 0 downstream tasks scheduled from follow-on schedule check
