[2025-10-22T05:14:05.043+0000] {taskinstance.py:1956} INFO - Dependencies all met for dep_context=non-requeueable deps ti=<TaskInstance: sales_pipeline_master_dag.load_dim_customer manual__2025-10-22T05:14:02.017754+00:00 [queued]>
[2025-10-22T05:14:05.055+0000] {taskinstance.py:1956} INFO - Dependencies all met for dep_context=requeueable deps ti=<TaskInstance: sales_pipeline_master_dag.load_dim_customer manual__2025-10-22T05:14:02.017754+00:00 [queued]>
[2025-10-22T05:14:05.056+0000] {taskinstance.py:2170} INFO - Starting attempt 1 of 1
[2025-10-22T05:14:05.075+0000] {taskinstance.py:2191} INFO - Executing <Task(PythonOperator): load_dim_customer> on 2025-10-22 05:14:02.017754+00:00
[2025-10-22T05:14:05.085+0000] {standard_task_runner.py:60} INFO - Started process 2397 to run task
[2025-10-22T05:14:05.091+0000] {standard_task_runner.py:87} INFO - Running: ['***', 'tasks', 'run', 'sales_pipeline_master_dag', 'load_dim_customer', 'manual__2025-10-22T05:14:02.017754+00:00', '--job-id', '281', '--raw', '--subdir', 'DAGS_FOLDER/dim_customer_dag.py', '--cfg-path', '/tmp/tmp7j4gymzx']
[2025-10-22T05:14:05.093+0000] {standard_task_runner.py:88} INFO - Job 281: Subtask load_dim_customer
[2025-10-22T05:14:05.182+0000] {task_command.py:423} INFO - Running <TaskInstance: sales_pipeline_master_dag.load_dim_customer manual__2025-10-22T05:14:02.017754+00:00 [running]> on host 73b97317d540
[2025-10-22T05:14:05.376+0000] {taskinstance.py:2480} INFO - Exporting env vars: AIRFLOW_CTX_DAG_OWNER='***' AIRFLOW_CTX_DAG_ID='sales_pipeline_master_dag' AIRFLOW_CTX_TASK_ID='load_dim_customer' AIRFLOW_CTX_EXECUTION_DATE='2025-10-22T05:14:02.017754+00:00' AIRFLOW_CTX_TRY_NUMBER='1' AIRFLOW_CTX_DAG_RUN_ID='manual__2025-10-22T05:14:02.017754+00:00'
[2025-10-22T05:14:05.380+0000] {logging_mixin.py:188} INFO -  Starting dim_customer ETL pipeline
[2025-10-22T05:14:05.480+0000] {logging_mixin.py:188} INFO -  Last SUCCESS run for dim_customer: 2025-10-22 05:13:09.785467
[2025-10-22T05:14:05.481+0000] {logging_mixin.py:188} INFO -  Last successful run found: 2025-10-22 05:13:09.785467
[2025-10-22T05:14:17.522+0000] {warnings.py:109} WARNING - /opt/***/dags/etl_scripts/customer_etl.py:44: UserWarning: Parsing dates in %d/%m/%Y %I:%M:%S %p format when dayfirst=False (the default) was specified. Pass `dayfirst=True` or specify a format to silence this warning.
  df["in_date"] = pd.to_datetime(df["in_date"], errors="coerce")

[2025-10-22T05:14:17.566+0000] {logging_mixin.py:188} INFO - Found 1 new/updated records since last run.
[2025-10-22T05:14:17.602+0000] {logging_mixin.py:188} INFO - Upserted 1 rows into dim_customer
[2025-10-22T05:14:17.606+0000] {logging_mixin.py:188} INFO - Upsert completed: 1 records processed into dim_customer.
[2025-10-22T05:14:17.607+0000] {logging_mixin.py:188} INFO - dim_customer ETL completed successfully.
[2025-10-22T05:14:17.608+0000] {python.py:201} INFO - Done. Returned value was: None
[2025-10-22T05:14:17.637+0000] {taskinstance.py:1138} INFO - Marking task as SUCCESS. dag_id=sales_pipeline_master_dag, task_id=load_dim_customer, execution_date=20251022T051402, start_date=20251022T051405, end_date=20251022T051417
[2025-10-22T05:14:17.643+0000] {logging_mixin.py:188} INFO -  Logged ETL run for dim_customer: success at 2025-10-22 05:14:17.638524
[2025-10-22T05:14:17.714+0000] {local_task_job_runner.py:234} INFO - Task exited with return code 0
[2025-10-22T05:14:17.752+0000] {taskinstance.py:3280} INFO - 1 downstream tasks scheduled from follow-on schedule check
