[2025-10-13T06:58:47.636+0000] {taskinstance.py:1956} INFO - Dependencies all met for dep_context=non-requeueable deps ti=<TaskInstance: dim_product_dag.load_dim_product manual__2025-10-13T06:58:44.589919+00:00 [queued]>
[2025-10-13T06:58:47.652+0000] {taskinstance.py:1956} INFO - Dependencies all met for dep_context=requeueable deps ti=<TaskInstance: dim_product_dag.load_dim_product manual__2025-10-13T06:58:44.589919+00:00 [queued]>
[2025-10-13T06:58:47.652+0000] {taskinstance.py:2170} INFO - Starting attempt 1 of 1
[2025-10-13T06:58:47.670+0000] {taskinstance.py:2191} INFO - Executing <Task(PythonOperator): load_dim_product> on 2025-10-13 06:58:44.589919+00:00
[2025-10-13T06:58:47.678+0000] {standard_task_runner.py:60} INFO - Started process 1920 to run task
[2025-10-13T06:58:47.683+0000] {standard_task_runner.py:87} INFO - Running: ['***', 'tasks', 'run', 'dim_product_dag', 'load_dim_product', 'manual__2025-10-13T06:58:44.589919+00:00', '--job-id', '165', '--raw', '--subdir', 'DAGS_FOLDER/dim_product_dag.py', '--cfg-path', '/tmp/tmpnlq2taql']
[2025-10-13T06:58:47.684+0000] {standard_task_runner.py:88} INFO - Job 165: Subtask load_dim_product
[2025-10-13T06:58:47.763+0000] {task_command.py:423} INFO - Running <TaskInstance: dim_product_dag.load_dim_product manual__2025-10-13T06:58:44.589919+00:00 [running]> on host cd1b8c665937
[2025-10-13T06:58:47.984+0000] {taskinstance.py:2480} INFO - Exporting env vars: AIRFLOW_CTX_DAG_OWNER='***' AIRFLOW_CTX_DAG_ID='dim_product_dag' AIRFLOW_CTX_TASK_ID='load_dim_product' AIRFLOW_CTX_EXECUTION_DATE='2025-10-13T06:58:44.589919+00:00' AIRFLOW_CTX_TRY_NUMBER='1' AIRFLOW_CTX_DAG_RUN_ID='manual__2025-10-13T06:58:44.589919+00:00'
[2025-10-13T06:58:47.987+0000] {logging_mixin.py:188} INFO - 🚀 Starting dim_product ETL pipeline
[2025-10-13T06:58:48.354+0000] {logging_mixin.py:188} INFO - ⚠️ No successful run found for dim_product — will perform full load.
[2025-10-13T06:58:48.355+0000] {logging_mixin.py:188} INFO - ⚠️ No successful run found — performing full load.
[2025-10-13T06:58:56.627+0000] {warnings.py:109} WARNING - /opt/***/dags/etl_scripts/product_etl.py:46: UserWarning: Parsing dates in %d/%m/%Y %I:%M:%S %p format when dayfirst=False (the default) was specified. Pass `dayfirst=True` or specify a format to silence this warning.
  df["in_date"] = pd.to_datetime(df["in_date"], errors="coerce")

[2025-10-13T06:58:56.640+0000] {logging_mixin.py:188} INFO - 🆕 First load — total records to insert: 10
[2025-10-13T06:58:56.674+0000] {logging_mixin.py:188} INFO - ✅ Successfully loaded 10 records into dim_product
[2025-10-13T06:58:56.822+0000] {logging_mixin.py:188} INFO - 🟩 dim_product ETL completed successfully.
[2025-10-13T06:58:56.824+0000] {python.py:201} INFO - Done. Returned value was: None
[2025-10-13T06:58:56.839+0000] {taskinstance.py:1138} INFO - Marking task as SUCCESS. dag_id=dim_product_dag, task_id=load_dim_product, execution_date=20251013T065844, start_date=20251013T065847, end_date=20251013T065856
[2025-10-13T06:58:56.844+0000] {logging_mixin.py:188} INFO - 🟩 Logged ETL run for dim_product: success at 2025-10-13 06:58:56.840622
[2025-10-13T06:58:56.876+0000] {local_task_job_runner.py:234} INFO - Task exited with return code 0
[2025-10-13T06:58:56.898+0000] {taskinstance.py:3280} INFO - 0 downstream tasks scheduled from follow-on schedule check
