[2025-10-09T05:45:01.785+0000] {taskinstance.py:1956} INFO - Dependencies all met for dep_context=non-requeueable deps ti=<TaskInstance: run_sample_data_every_5min.run_sample_etl scheduled__2025-10-09T05:40:00+00:00 [queued]>
[2025-10-09T05:45:01.795+0000] {taskinstance.py:1956} INFO - Dependencies all met for dep_context=requeueable deps ti=<TaskInstance: run_sample_data_every_5min.run_sample_etl scheduled__2025-10-09T05:40:00+00:00 [queued]>
[2025-10-09T05:45:01.796+0000] {taskinstance.py:2170} INFO - Starting attempt 1 of 2
[2025-10-09T05:45:01.813+0000] {taskinstance.py:2191} INFO - Executing <Task(PythonOperator): run_sample_etl> on 2025-10-09 05:40:00+00:00
[2025-10-09T05:45:01.819+0000] {standard_task_runner.py:60} INFO - Started process 155 to run task
[2025-10-09T05:45:01.823+0000] {standard_task_runner.py:87} INFO - Running: ['***', 'tasks', 'run', 'run_sample_data_every_5min', 'run_sample_etl', 'scheduled__2025-10-09T05:40:00+00:00', '--job-id', '32', '--raw', '--subdir', 'DAGS_FOLDER/dag_file.py', '--cfg-path', '/tmp/tmpb4mjy4e1']
[2025-10-09T05:45:01.826+0000] {standard_task_runner.py:88} INFO - Job 32: Subtask run_sample_etl
[2025-10-09T05:45:01.895+0000] {task_command.py:423} INFO - Running <TaskInstance: run_sample_data_every_5min.run_sample_etl scheduled__2025-10-09T05:40:00+00:00 [running]> on host 69f5375b780d
[2025-10-09T05:45:02.008+0000] {taskinstance.py:2480} INFO - Exporting env vars: AIRFLOW_CTX_DAG_OWNER='***' AIRFLOW_CTX_DAG_ID='run_sample_data_every_5min' AIRFLOW_CTX_TASK_ID='run_sample_etl' AIRFLOW_CTX_EXECUTION_DATE='2025-10-09T05:40:00+00:00' AIRFLOW_CTX_TRY_NUMBER='1' AIRFLOW_CTX_DAG_RUN_ID='scheduled__2025-10-09T05:40:00+00:00'
[2025-10-09T05:45:02.094+0000] {logging_mixin.py:188} INFO - CSV loaded successfully!
[2025-10-09T05:45:02.154+0000] {logging_mixin.py:188} INFO - 
Customer Dimension:
[2025-10-09T05:45:02.183+0000] {logging_mixin.py:188} INFO -                            customer_key  customer_id  ... preferred_channel language
0  eb88ac0c-62aa-4376-86d2-fd30dfbd8621        17850  ...             Phone   French
1  1113748d-71d3-41c2-846b-cf9bf9ff05a2        13047  ...          WhatsApp  English

[2 rows x 19 columns]
[2025-10-09T05:45:02.340+0000] {logging_mixin.py:188} INFO - ✅ All tables loaded successfully!
[2025-10-09T05:45:02.341+0000] {python.py:201} INFO - Done. Returned value was: None
[2025-10-09T05:45:02.358+0000] {taskinstance.py:1138} INFO - Marking task as SUCCESS. dag_id=run_sample_data_every_5min, task_id=run_sample_etl, execution_date=20251009T054000, start_date=20251009T054501, end_date=20251009T054502
[2025-10-09T05:45:02.396+0000] {local_task_job_runner.py:234} INFO - Task exited with return code 0
[2025-10-09T05:45:02.437+0000] {taskinstance.py:3280} INFO - 0 downstream tasks scheduled from follow-on schedule check
