[2025-10-13T04:59:42.711+0000] {taskinstance.py:1956} INFO - Dependencies all met for dep_context=non-requeueable deps ti=<TaskInstance: fact_sales_dag.load_fact_sales manual__2025-10-13T04:59:38.227003+00:00 [queued]>
[2025-10-13T04:59:42.722+0000] {taskinstance.py:1956} INFO - Dependencies all met for dep_context=requeueable deps ti=<TaskInstance: fact_sales_dag.load_fact_sales manual__2025-10-13T04:59:38.227003+00:00 [queued]>
[2025-10-13T04:59:42.723+0000] {taskinstance.py:2170} INFO - Starting attempt 1 of 1
[2025-10-13T04:59:42.740+0000] {taskinstance.py:2191} INFO - Executing <Task(PythonOperator): load_fact_sales> on 2025-10-13 04:59:38.227003+00:00
[2025-10-13T04:59:42.746+0000] {standard_task_runner.py:60} INFO - Started process 116 to run task
[2025-10-13T04:59:42.750+0000] {standard_task_runner.py:87} INFO - Running: ['***', 'tasks', 'run', 'fact_sales_dag', 'load_fact_sales', 'manual__2025-10-13T04:59:38.227003+00:00', '--job-id', '138', '--raw', '--subdir', 'DAGS_FOLDER/fact_sales_dag.py', '--cfg-path', '/tmp/tmpzeso0wro']
[2025-10-13T04:59:42.752+0000] {standard_task_runner.py:88} INFO - Job 138: Subtask load_fact_sales
[2025-10-13T04:59:42.835+0000] {task_command.py:423} INFO - Running <TaskInstance: fact_sales_dag.load_fact_sales manual__2025-10-13T04:59:38.227003+00:00 [running]> on host cd1b8c665937
[2025-10-13T04:59:42.957+0000] {taskinstance.py:2480} INFO - Exporting env vars: AIRFLOW_CTX_DAG_OWNER='***' AIRFLOW_CTX_DAG_ID='fact_sales_dag' AIRFLOW_CTX_TASK_ID='load_fact_sales' AIRFLOW_CTX_EXECUTION_DATE='2025-10-13T04:59:38.227003+00:00' AIRFLOW_CTX_TRY_NUMBER='1' AIRFLOW_CTX_DAG_RUN_ID='manual__2025-10-13T04:59:38.227003+00:00'
[2025-10-13T04:59:42.960+0000] {logging_mixin.py:188} INFO - 🚀 Starting fact_sales ETL pipeline
[2025-10-13T04:59:42.997+0000] {logging_mixin.py:188} INFO - 🕓 Last SUCCESS run for fact_sales: 2025-10-12 14:25:50.614342
[2025-10-13T04:59:42.998+0000] {logging_mixin.py:188} INFO - ✅ Last successful run found: 2025-10-12 14:25:50.614342
[2025-10-13T04:59:51.437+0000] {logging_mixin.py:188} INFO - 🔍 Found 0 new sales records since last run.
[2025-10-13T04:59:51.438+0000] {logging_mixin.py:188} INFO - ℹ️ No new sales records to insert.
[2025-10-13T04:59:51.442+0000] {logging_mixin.py:188} INFO - 🟩 Logged ETL run for fact_sales: success at 2025-10-13 04:59:51.438486
[2025-10-13T04:59:51.497+0000] {python.py:201} INFO - Done. Returned value was: None
[2025-10-13T04:59:51.514+0000] {taskinstance.py:1138} INFO - Marking task as SUCCESS. dag_id=fact_sales_dag, task_id=load_fact_sales, execution_date=20251013T045938, start_date=20251013T045942, end_date=20251013T045951
[2025-10-13T04:59:51.518+0000] {logging_mixin.py:188} INFO - 🟩 Logged ETL run for fact_sales: success at 2025-10-13 04:59:51.515612
[2025-10-13T04:59:51.548+0000] {local_task_job_runner.py:234} INFO - Task exited with return code 0
[2025-10-13T04:59:51.570+0000] {taskinstance.py:3280} INFO - 0 downstream tasks scheduled from follow-on schedule check
