[2025-10-22T12:18:42.296+0000] {taskinstance.py:1956} INFO - Dependencies all met for dep_context=non-requeueable deps ti=<TaskInstance: sales_pipeline_master_dag.load_fact_sales manual__2025-10-22T12:18:18.725691+00:00 [queued]>
[2025-10-22T12:18:42.318+0000] {taskinstance.py:1956} INFO - Dependencies all met for dep_context=requeueable deps ti=<TaskInstance: sales_pipeline_master_dag.load_fact_sales manual__2025-10-22T12:18:18.725691+00:00 [queued]>
[2025-10-22T12:18:42.319+0000] {taskinstance.py:2170} INFO - Starting attempt 1 of 1
[2025-10-22T12:18:42.351+0000] {taskinstance.py:2191} INFO - Executing <Task(PythonOperator): load_fact_sales> on 2025-10-22 12:18:18.725691+00:00
[2025-10-22T12:18:42.361+0000] {standard_task_runner.py:60} INFO - Started process 4175 to run task
[2025-10-22T12:18:42.369+0000] {standard_task_runner.py:87} INFO - Running: ['***', 'tasks', 'run', 'sales_pipeline_master_dag', 'load_fact_sales', 'manual__2025-10-22T12:18:18.725691+00:00', '--job-id', '303', '--raw', '--subdir', 'DAGS_FOLDER/dim_customer_dag.py', '--cfg-path', '/tmp/tmpyisjd471']
[2025-10-22T12:18:42.373+0000] {standard_task_runner.py:88} INFO - Job 303: Subtask load_fact_sales
[2025-10-22T12:18:42.487+0000] {task_command.py:423} INFO - Running <TaskInstance: sales_pipeline_master_dag.load_fact_sales manual__2025-10-22T12:18:18.725691+00:00 [running]> on host 73b97317d540
[2025-10-22T12:18:42.724+0000] {taskinstance.py:2480} INFO - Exporting env vars: AIRFLOW_CTX_DAG_OWNER='***' AIRFLOW_CTX_DAG_ID='sales_pipeline_master_dag' AIRFLOW_CTX_TASK_ID='load_fact_sales' AIRFLOW_CTX_EXECUTION_DATE='2025-10-22T12:18:18.725691+00:00' AIRFLOW_CTX_TRY_NUMBER='1' AIRFLOW_CTX_DAG_RUN_ID='manual__2025-10-22T12:18:18.725691+00:00'
[2025-10-22T12:18:42.727+0000] {logging_mixin.py:188} INFO -  Starting fact_sales ETL pipeline
[2025-10-22T12:18:42.773+0000] {logging_mixin.py:188} INFO -  Last SUCCESS run for fact_sales: 2025-10-22 05:14:30.085992
[2025-10-22T12:18:42.774+0000] {logging_mixin.py:188} INFO -  Last successful run found: 2025-10-22 05:14:30.085992
[2025-10-22T12:18:53.833+0000] {warnings.py:109} WARNING - /opt/***/dags/etl_scripts/sales_etl.py:37: UserWarning: Parsing dates in %d/%m/%Y %I:%M:%S %p format when dayfirst=False (the default) was specified. Pass `dayfirst=True` or specify a format to silence this warning.
  df["InDate"] = pd.to_datetime(df["InDate"], errors="coerce")

[2025-10-22T12:18:53.838+0000] {logging_mixin.py:188} INFO -  Found 1 new sales records since last run.
[2025-10-22T12:18:53.879+0000] {taskinstance.py:2698} ERROR - Task failed with exception
Traceback (most recent call last):
  File "/home/airflow/.local/lib/python3.8/site-packages/pandas/core/indexes/base.py", line 3653, in get_loc
    return self._engine.get_loc(casted_key)
  File "pandas/_libs/index.pyx", line 147, in pandas._libs.index.IndexEngine.get_loc
  File "pandas/_libs/index.pyx", line 176, in pandas._libs.index.IndexEngine.get_loc
  File "pandas/_libs/hashtable_class_helper.pxi", line 7080, in pandas._libs.hashtable.PyObjectHashTable.get_item
  File "pandas/_libs/hashtable_class_helper.pxi", line 7088, in pandas._libs.hashtable.PyObjectHashTable.get_item
KeyError: 'customer_id'

The above exception was the direct cause of the following exception:

Traceback (most recent call last):
  File "/home/airflow/.local/lib/python3.8/site-packages/airflow/models/taskinstance.py", line 433, in _execute_task
    result = execute_callable(context=context, **execute_callable_kwargs)
  File "/home/airflow/.local/lib/python3.8/site-packages/airflow/operators/python.py", line 199, in execute
    return_value = self.execute_callable()
  File "/home/airflow/.local/lib/python3.8/site-packages/airflow/operators/python.py", line 216, in execute_callable
    return self.python_callable(*self.op_args, **self.op_kwargs)
  File "/opt/airflow/dags/etl_scripts/sales_etl.py", line 58, in run_sales_etl
    new_data['customer_id'] = new_data['customer_id'].astype(int)
  File "/home/airflow/.local/lib/python3.8/site-packages/pandas/core/frame.py", line 3761, in __getitem__
    indexer = self.columns.get_loc(key)
  File "/home/airflow/.local/lib/python3.8/site-packages/pandas/core/indexes/base.py", line 3655, in get_loc
    raise KeyError(key) from err
KeyError: 'customer_id'
[2025-10-22T12:18:53.908+0000] {taskinstance.py:1138} INFO - Marking task as FAILED. dag_id=sales_pipeline_master_dag, task_id=load_fact_sales, execution_date=20251022T121818, start_date=20251022T121842, end_date=20251022T121853
[2025-10-22T12:18:53.937+0000] {logging_mixin.py:188} INFO -  Logged ETL run for dim_customer: failed at 2025-10-22 12:18:53.909591
[2025-10-22T12:18:53.938+0000] {logging_mixin.py:188} INFO - Task load_fact_sales in DAG sales_pipeline_master_dag failed!
[2025-10-22T12:18:53.971+0000] {standard_task_runner.py:107} ERROR - Failed to execute job 303 for task load_fact_sales ('customer_id'; 4175)
[2025-10-22T12:18:54.081+0000] {local_task_job_runner.py:234} INFO - Task exited with return code 1
[2025-10-22T12:18:54.116+0000] {taskinstance.py:3280} INFO - 0 downstream tasks scheduled from follow-on schedule check
