[2025-10-21T10:53:03.131+0000] {taskinstance.py:1956} INFO - Dependencies all met for dep_context=non-requeueable deps ti=<TaskInstance: sales_pipeline_master_dag.load_dim_customer manual__2025-10-21T10:52:54.879607+00:00 [queued]>
[2025-10-21T10:53:03.170+0000] {taskinstance.py:1956} INFO - Dependencies all met for dep_context=requeueable deps ti=<TaskInstance: sales_pipeline_master_dag.load_dim_customer manual__2025-10-21T10:52:54.879607+00:00 [queued]>
[2025-10-21T10:53:03.173+0000] {taskinstance.py:2170} INFO - Starting attempt 1 of 1
[2025-10-21T10:53:03.247+0000] {taskinstance.py:2191} INFO - Executing <Task(PythonOperator): load_dim_customer> on 2025-10-21 10:52:54.879607+00:00
[2025-10-21T10:53:03.269+0000] {standard_task_runner.py:60} INFO - Started process 99 to run task
[2025-10-21T10:53:03.278+0000] {standard_task_runner.py:87} INFO - Running: ['***', 'tasks', 'run', 'sales_pipeline_master_dag', 'load_dim_customer', 'manual__2025-10-21T10:52:54.879607+00:00', '--job-id', '203', '--raw', '--subdir', 'DAGS_FOLDER/dim_customer_dag.py', '--cfg-path', '/tmp/tmpmtjgl36l']
[2025-10-21T10:53:03.287+0000] {standard_task_runner.py:88} INFO - Job 203: Subtask load_dim_customer
[2025-10-21T10:53:03.521+0000] {task_command.py:423} INFO - Running <TaskInstance: sales_pipeline_master_dag.load_dim_customer manual__2025-10-21T10:52:54.879607+00:00 [running]> on host 73b97317d540
[2025-10-21T10:53:03.810+0000] {taskinstance.py:2480} INFO - Exporting env vars: AIRFLOW_CTX_DAG_OWNER='***' AIRFLOW_CTX_DAG_ID='sales_pipeline_master_dag' AIRFLOW_CTX_TASK_ID='load_dim_customer' AIRFLOW_CTX_EXECUTION_DATE='2025-10-21T10:52:54.879607+00:00' AIRFLOW_CTX_TRY_NUMBER='1' AIRFLOW_CTX_DAG_RUN_ID='manual__2025-10-21T10:52:54.879607+00:00'
[2025-10-21T10:53:03.813+0000] {logging_mixin.py:188} INFO -  Starting dim_customer ETL pipeline
[2025-10-21T10:53:03.957+0000] {logging_mixin.py:188} INFO -  Last SUCCESS run for dim_customer: 2025-10-21 10:14:21.456209
[2025-10-21T10:53:03.960+0000] {logging_mixin.py:188} INFO -  Last successful run found: 2025-10-21 10:14:21.456209
[2025-10-21T10:53:27.571+0000] {warnings.py:109} WARNING - /opt/***/dags/etl_scripts/customer_etl.py:44: UserWarning: Parsing dates in %d/%m/%Y %I:%M:%S %p format when dayfirst=False (the default) was specified. Pass `dayfirst=True` or specify a format to silence this warning.
  df["in_date"] = pd.to_datetime(df["in_date"], errors="coerce")

[2025-10-21T10:53:27.649+0000] {logging_mixin.py:188} INFO - Found 0 new/updated records since last run.
[2025-10-21T10:53:27.651+0000] {logging_mixin.py:188} INFO - ℹ No new records to insert.
[2025-10-21T10:53:27.673+0000] {logging_mixin.py:188} INFO -  Logged ETL run for dim_customer: success at 2025-10-21 10:53:27.653398
[2025-10-21T10:53:27.675+0000] {python.py:201} INFO - Done. Returned value was: None
[2025-10-21T10:53:27.716+0000] {taskinstance.py:1138} INFO - Marking task as SUCCESS. dag_id=sales_pipeline_master_dag, task_id=load_dim_customer, execution_date=20251021T105254, start_date=20251021T105303, end_date=20251021T105327
[2025-10-21T10:53:27.725+0000] {logging_mixin.py:188} INFO -  Logged ETL run for dim_customer: success at 2025-10-21 10:53:27.717788
[2025-10-21T10:53:27.863+0000] {local_task_job_runner.py:234} INFO - Task exited with return code 0
[2025-10-21T10:53:27.963+0000] {taskinstance.py:3280} INFO - 1 downstream tasks scheduled from follow-on schedule check
