[2025-10-09T12:15:02.404+0000] {taskinstance.py:1956} INFO - Dependencies all met for dep_context=non-requeueable deps ti=<TaskInstance: run_sample_data_every_15min.sampleDataScript scheduled__2025-10-09T12:00:00+00:00 [queued]>
[2025-10-09T12:15:02.421+0000] {taskinstance.py:1956} INFO - Dependencies all met for dep_context=requeueable deps ti=<TaskInstance: run_sample_data_every_15min.sampleDataScript scheduled__2025-10-09T12:00:00+00:00 [queued]>
[2025-10-09T12:15:02.422+0000] {taskinstance.py:2170} INFO - Starting attempt 1 of 2
[2025-10-09T12:15:02.442+0000] {taskinstance.py:2191} INFO - Executing <Task(PythonOperator): sampleDataScript> on 2025-10-09 12:00:00+00:00
[2025-10-09T12:15:02.449+0000] {standard_task_runner.py:60} INFO - Started process 2332 to run task
[2025-10-09T12:15:02.454+0000] {standard_task_runner.py:87} INFO - Running: ['***', 'tasks', 'run', 'run_sample_data_every_15min', 'sampleDataScript', 'scheduled__2025-10-09T12:00:00+00:00', '--job-id', '76', '--raw', '--subdir', 'DAGS_FOLDER/dag_file.py', '--cfg-path', '/tmp/tmp_thr5tvv']
[2025-10-09T12:15:02.456+0000] {standard_task_runner.py:88} INFO - Job 76: Subtask sampleDataScript
[2025-10-09T12:15:02.555+0000] {task_command.py:423} INFO - Running <TaskInstance: run_sample_data_every_15min.sampleDataScript scheduled__2025-10-09T12:00:00+00:00 [running]> on host c9c6d5ce5327
[2025-10-09T12:15:02.745+0000] {taskinstance.py:2480} INFO - Exporting env vars: AIRFLOW_CTX_DAG_OWNER='***' AIRFLOW_CTX_DAG_ID='run_sample_data_every_15min' AIRFLOW_CTX_TASK_ID='sampleDataScript' AIRFLOW_CTX_EXECUTION_DATE='2025-10-09T12:00:00+00:00' AIRFLOW_CTX_TRY_NUMBER='1' AIRFLOW_CTX_DAG_RUN_ID='scheduled__2025-10-09T12:00:00+00:00'
[2025-10-09T12:15:02.761+0000] {logging_mixin.py:188} INFO - CSV loaded successfully!
[2025-10-09T12:15:02.840+0000] {logging_mixin.py:188} INFO - 
Customer Dimension:
[2025-10-09T12:15:02.841+0000] {logging_mixin.py:188} INFO - 
Product Dimension Table InProcess
[2025-10-09T12:15:02.869+0000] {logging_mixin.py:188} INFO - 
Product Dimension:
[2025-10-09T12:15:02.928+0000] {logging_mixin.py:188} INFO - Inserted 3 new customers
[2025-10-09T12:15:02.930+0000] {python.py:201} INFO - Done. Returned value was: None
[2025-10-09T12:15:02.965+0000] {taskinstance.py:1138} INFO - Marking task as SUCCESS. dag_id=run_sample_data_every_15min, task_id=sampleDataScript, execution_date=20251009T120000, start_date=20251009T121502, end_date=20251009T121502
[2025-10-09T12:15:03.029+0000] {local_task_job_runner.py:234} INFO - Task exited with return code 0
[2025-10-09T12:15:03.099+0000] {taskinstance.py:3280} INFO - 0 downstream tasks scheduled from follow-on schedule check
