[2025-10-22T14:58:04.759+0000] {taskinstance.py:1956} INFO - Dependencies all met for dep_context=non-requeueable deps ti=<TaskInstance: sales_pipeline_master_dag.load_dim_customer manual__2025-10-22T14:57:59.702740+00:00 [queued]>
[2025-10-22T14:58:04.776+0000] {taskinstance.py:1956} INFO - Dependencies all met for dep_context=requeueable deps ti=<TaskInstance: sales_pipeline_master_dag.load_dim_customer manual__2025-10-22T14:57:59.702740+00:00 [queued]>
[2025-10-22T14:58:04.777+0000] {taskinstance.py:2170} INFO - Starting attempt 1 of 1
[2025-10-22T14:58:04.812+0000] {taskinstance.py:2191} INFO - Executing <Task(PythonOperator): load_dim_customer> on 2025-10-22 14:57:59.702740+00:00
[2025-10-22T14:58:04.822+0000] {standard_task_runner.py:60} INFO - Started process 5527 to run task
[2025-10-22T14:58:04.831+0000] {standard_task_runner.py:87} INFO - Running: ['***', 'tasks', 'run', 'sales_pipeline_master_dag', 'load_dim_customer', 'manual__2025-10-22T14:57:59.702740+00:00', '--job-id', '355', '--raw', '--subdir', 'DAGS_FOLDER/dim_customer_dag.py', '--cfg-path', '/tmp/tmpgg2a7o0f']
[2025-10-22T14:58:04.834+0000] {standard_task_runner.py:88} INFO - Job 355: Subtask load_dim_customer
[2025-10-22T14:58:04.968+0000] {task_command.py:423} INFO - Running <TaskInstance: sales_pipeline_master_dag.load_dim_customer manual__2025-10-22T14:57:59.702740+00:00 [running]> on host 73b97317d540
[2025-10-22T14:58:05.295+0000] {taskinstance.py:2480} INFO - Exporting env vars: AIRFLOW_CTX_DAG_OWNER='***' AIRFLOW_CTX_DAG_ID='sales_pipeline_master_dag' AIRFLOW_CTX_TASK_ID='load_dim_customer' AIRFLOW_CTX_EXECUTION_DATE='2025-10-22T14:57:59.702740+00:00' AIRFLOW_CTX_TRY_NUMBER='1' AIRFLOW_CTX_DAG_RUN_ID='manual__2025-10-22T14:57:59.702740+00:00'
[2025-10-22T14:58:05.300+0000] {logging_mixin.py:188} INFO -  Starting dim_customer ETL pipeline
[2025-10-22T14:58:05.461+0000] {logging_mixin.py:188} INFO -  No successful run found for dim_customer — will perform full load.
[2025-10-22T14:58:05.462+0000] {logging_mixin.py:188} INFO -  No successful run found — performing full load.
[2025-10-22T14:58:16.571+0000] {warnings.py:109} WARNING - /opt/***/dags/etl_scripts/customer_etl.py:44: UserWarning: Parsing dates in %d/%m/%Y %I:%M:%S %p format when dayfirst=False (the default) was specified. Pass `dayfirst=True` or specify a format to silence this warning.
  df["in_date"] = pd.to_datetime(df["in_date"], errors="coerce")

[2025-10-22T14:58:18.418+0000] {logging_mixin.py:188} INFO - First load — total records to insert: 1000
[2025-10-22T14:58:18.458+0000] {taskinstance.py:2698} ERROR - Task failed with exception
Traceback (most recent call last):
  File "/home/airflow/.local/lib/python3.8/site-packages/sqlalchemy/engine/base.py", line 1890, in _execute_context
    self.dialect.do_executemany(
  File "/home/airflow/.local/lib/python3.8/site-packages/sqlalchemy/dialects/postgresql/psycopg2.py", line 1000, in do_executemany
    cursor.executemany(statement, parameters)
psycopg2.errors.UniqueViolation: duplicate key value violates unique constraint "dim_customer_customer_id_key"
DETAIL:  Key (customer_id)=(17850) already exists.


The above exception was the direct cause of the following exception:

Traceback (most recent call last):
  File "/home/airflow/.local/lib/python3.8/site-packages/airflow/models/taskinstance.py", line 433, in _execute_task
    result = execute_callable(context=context, **execute_callable_kwargs)
  File "/home/airflow/.local/lib/python3.8/site-packages/airflow/operators/python.py", line 199, in execute
    return_value = self.execute_callable()
  File "/home/airflow/.local/lib/python3.8/site-packages/airflow/operators/python.py", line 216, in execute_callable
    return self.python_callable(*self.op_args, **self.op_kwargs)
  File "/opt/airflow/dags/etl_scripts/customer_etl.py", line 163, in run_customer_etl
    upsert_dimension(
  File "/opt/airflow/dags/etl_scripts/common_utils.py", line 71, in upsert_dimension
    conn.execute(sql, rows_prepped)
  File "/home/airflow/.local/lib/python3.8/site-packages/sqlalchemy/engine/base.py", line 1385, in execute
    return meth(self, multiparams, params, _EMPTY_EXECUTION_OPTS)
  File "/home/airflow/.local/lib/python3.8/site-packages/sqlalchemy/sql/elements.py", line 334, in _execute_on_connection
    return connection._execute_clauseelement(
  File "/home/airflow/.local/lib/python3.8/site-packages/sqlalchemy/engine/base.py", line 1577, in _execute_clauseelement
    ret = self._execute_context(
  File "/home/airflow/.local/lib/python3.8/site-packages/sqlalchemy/engine/base.py", line 1953, in _execute_context
    self._handle_dbapi_exception(
  File "/home/airflow/.local/lib/python3.8/site-packages/sqlalchemy/engine/base.py", line 2134, in _handle_dbapi_exception
    util.raise_(
  File "/home/airflow/.local/lib/python3.8/site-packages/sqlalchemy/util/compat.py", line 211, in raise_
    raise exception
  File "/home/airflow/.local/lib/python3.8/site-packages/sqlalchemy/engine/base.py", line 1890, in _execute_context
    self.dialect.do_executemany(
  File "/home/airflow/.local/lib/python3.8/site-packages/sqlalchemy/dialects/postgresql/psycopg2.py", line 1000, in do_executemany
    cursor.executemany(statement, parameters)
sqlalchemy.exc.IntegrityError: (psycopg2.errors.UniqueViolation) duplicate key value violates unique constraint "dim_customer_customer_id_key"
DETAIL:  Key (customer_id)=(17850) already exists.

[SQL: 
            INSERT INTO dim_customer (customer_key, customer_id, country, first_name, last_name, title, gender, dob, age, marital_status, phone_no, email, address, city, pincode, region, customer_type, preferred_channel, language, updated_at)
            VALUES (%(customer_key)s, %(customer_id)s, %(country)s, %(first_name)s, %(last_name)s, %(title)s, %(gender)s, %(dob)s, %(age)s, %(marital_status)s, %(phone_no)s, %(email)s, %(address)s, %(city)s, %(pincode)s, %(region)s, %(customer_type)s, %(preferred_channel)s, %(language)s, %(updated_at)s)
        ]
[parameters: ({'customer_key': '86cb27c0-cbea-4e74-be0b-946a6b5c039c', 'customer_id': 17850.0, 'country': 'United Kingdom', 'first_name': 'Amanda', 'last_name': 'Smith', 'title': 'Ms.', 'gender': 'Female', 'dob': datetime.date(1984, 2, 5), 'age': 41, 'marital_status': 'Single', 'phone_no': '+1-843-630-5646x20067', 'email': 'catherine75@example.com', 'address': '3774 Briggs Fields Suite 755, Huertamouth, KY 07285', 'city': 'Jamesshire', 'pincode': '51976', 'region': 'West Virginia', 'customer_type': 'Retail', 'preferred_channel': 'Email', 'language': 'German', 'updated_at': Timestamp('2025-10-22 14:58:18.415189')}, {'customer_key': '12e3f5f5-cff2-4039-b7e5-a2d17891ef08', 'customer_id': 13047.0, 'country': 'United Kingdom', 'first_name': 'Amanda', 'last_name': 'Miller', 'title': 'Ms.', 'gender': 'Female', 'dob': datetime.date(1995, 11, 20), 'age': 29, 'marital_status': 'Divorced', 'phone_no': '001-282-734-7428x4987', 'email': 'tiffanyfinley@example.org', 'address': '699 Nathan Tunnel Suite 929, Kellyfurt, AK 27670', 'city': 'Lake Crystal', 'pincode': '14354', 'region': 'Indiana', 'customer_type': 'Corporate', 'preferred_channel': 'Phone', 'language': 'French', 'updated_at': Timestamp('2025-10-22 14:58:18.415189')}, {'customer_key': 'a8ff6417-9cd2-4c71-a35c-8852831e6fe6', 'customer_id': 12583.0, 'country': 'France', 'first_name': 'Gina', 'last_name': 'Burgess', 'title': 'Ms.', 'gender': 'Female', 'dob': datetime.date(1981, 3, 15), 'age': 44, 'marital_status': 'Divorced', 'phone_no': '001-387-518-2064x90538', 'email': 'garretthawkins@example.com', 'address': '0480 Joshua Stream, Kariland, KS 15979', 'city': 'Barryborough', 'pincode': '65549', 'region': 'West Virginia', 'customer_type': 'Corporate', 'preferred_channel': 'Email', 'language': 'Spanish', 'updated_at': Timestamp('2025-10-22 14:58:18.415189')}, {'customer_key': '56dbeb54-b31c-48f4-b8e8-bab4f9a8aa83', 'customer_id': 13748.0, 'country': 'United Kingdom', 'first_name': 'Alicia', 'last_name': 'Hansen', 'title': 'Ms.', 'gender': 'Female', 'dob': datetime.date(1972, 10, 13), 'age': 53, 'marital_status': 'Divorced', 'phone_no': '353.960.0725', 'email': 'nelsonjennifer@example.com', 'address': 'Unit 4029 Box 9701, DPO AE 86187', 'city': 'Carolynton', 'pincode': '91621', 'region': 'Nebraska', 'customer_type': 'Wholesale', 'preferred_channel': 'WhatsApp', 'language': 'Spanish', 'updated_at': Timestamp('2025-10-22 14:58:18.415189')}, {'customer_key': '87f46ceb-755d-4c12-a982-83fd31117b6a', 'customer_id': 15100.0, 'country': 'United Kingdom', 'first_name': 'Nicholas', 'last_name': 'Miller', 'title': 'Mr.', 'gender': 'Male', 'dob': datetime.date(1973, 2, 26), 'age': 52, 'marital_status': 'Divorced', 'phone_no': '(237)235-1808', 'email': 'hmorris@example.com', 'address': '001 Abigail Locks Suite 340, New Billyton, AK 94104', 'city': 'Thomasberg', 'pincode': '97818', 'region': 'Montana', 'customer_type': 'Wholesale', 'preferred_channel': 'WhatsApp', 'language': 'German', 'updated_at': Timestamp('2025-10-22 14:58:18.415189')}, {'customer_key': 'c87e952a-7b32-4199-9912-538e2e0524eb', 'customer_id': 15291.0, 'country': 'United Kingdom', 'first_name': 'Robert', 'last_name': 'Patel', 'title': 'Mr.', 'gender': 'Male', 'dob': datetime.date(1974, 7, 14), 'age': 51, 'marital_status': 'Married', 'phone_no': '(273)598-7651x0502', 'email': 'lindaball@example.org', 'address': '18026 Amanda Ford, Deborahshire, RI 98542', 'city': 'Port Rebeccashire', 'pincode': '55181', 'region': 'Florida', 'customer_type': 'Retail', 'preferred_channel': 'Phone', 'language': 'Spanish', 'updated_at': Timestamp('2025-10-22 14:58:18.415189')}, {'customer_key': '783e98d8-1032-411a-997d-d72c96ac18d6', 'customer_id': 14688.0, 'country': 'United Kingdom', 'first_name': 'Nicole', 'last_name': 'Olson', 'title': 'Ms.', 'gender': 'Female', 'dob': datetime.date(1956, 10, 3), 'age': 69, 'marital_status': 'Single', 'phone_no': '(594)421-8037', 'email': 'josemurphy@example.com', 'address': '45308 Travis Locks Apt. 862, East Charlesfurt, NM 57946', 'city': 'South Janetside', 'pincode': '54835', 'region': 'South Carolina', 'customer_type': 'Wholesale', 'preferred_channel': 'WhatsApp', 'language': 'French', 'updated_at': Timestamp('2025-10-22 14:58:18.415189')}, {'customer_key': '8e916bc3-8a62-400a-a28e-0406068d278a', 'customer_id': 17809.0, 'country': 'United Kingdom', 'first_name': 'Angela', 'last_name': 'Jenkins', 'title': 'Ms.', 'gender': 'Female', 'dob': datetime.date(1969, 12, 9), 'age': 55, 'marital_status': 'Single', 'phone_no': '001-592-465-5347x389', 'email': 'kaitlynlee@example.com', 'address': '38728 Shelly Alley, Valerietown, RI 94227', 'city': 'Jacobside', 'pincode': '97490', 'region': 'New York', 'customer_type': 'Retail', 'preferred_channel': 'Phone', 'language': 'Hindi', 'updated_at': Timestamp('2025-10-22 14:58:18.415189')}  ... displaying 10 of 49 total bound parameter sets ...  {'customer_key': '7b8e9001-e1ad-4538-8a7a-2acdb5e0bb0a', 'customer_id': 17951.0, 'country': 'United Kingdom', 'first_name': 'Gregory', 'last_name': 'Jordan', 'title': 'Mr.', 'gender': 'Male', 'dob': datetime.date(1974, 4, 26), 'age': 51, 'marital_status': 'Divorced', 'phone_no': '001-411-856-3420x486', 'email': 'amoon@example.com', 'address': '519 Alvarez Terrace, Washingtonbury, MI 20921', 'city': 'Adamberg', 'pincode': '67851', 'region': 'Iowa', 'customer_type': 'Wholesale', 'preferred_channel': 'SMS', 'language': 'English', 'updated_at': Timestamp('2025-10-22 14:58:18.415189')}, {'customer_key': 'fd851b4e-8bbc-4823-9378-e94bec58912d', 'customer_id': 14729.0, 'country': 'United Kingdom', 'first_name': 'Michelle', 'last_name': 'Jones', 'title': 'Ms.', 'gender': 'Female', 'dob': datetime.date(1978, 4, 20), 'age': 47, 'marital_status': 'Divorced', 'phone_no': '(571)268-4806x775', 'email': 'whaney@example.org', 'address': '69857 Christopher Unions Suite 207, Jensenstad, AZ 89080', 'city': 'Haleyton', 'pincode': '12961', 'region': 'Nevada', 'customer_type': 'Corporate', 'preferred_channel': 'WhatsApp', 'language': 'English', 'updated_at': Timestamp('2025-10-22 14:58:18.415189')})]
(Background on this error at: https://sqlalche.me/e/14/gkpj)
[2025-10-22T14:58:18.489+0000] {taskinstance.py:1138} INFO - Marking task as FAILED. dag_id=sales_pipeline_master_dag, task_id=load_dim_customer, execution_date=20251022T145759, start_date=20251022T145804, end_date=20251022T145818
[2025-10-22T14:58:18.495+0000] {logging_mixin.py:188} INFO -  Logged ETL run for dim_customer: failed at 2025-10-22 14:58:18.490143
[2025-10-22T14:58:18.496+0000] {logging_mixin.py:188} INFO - Task load_dim_customer in DAG sales_pipeline_master_dag failed!
[2025-10-22T14:58:18.531+0000] {standard_task_runner.py:107} ERROR - Failed to execute job 355 for task load_dim_customer ((psycopg2.errors.UniqueViolation) duplicate key value violates unique constraint "dim_customer_customer_id_key"
DETAIL:  Key (customer_id)=(17850) already exists.

[SQL: 
            INSERT INTO dim_customer (customer_key, customer_id, country, first_name, last_name, title, gender, dob, age, marital_status, phone_no, email, address, city, pincode, region, customer_type, preferred_channel, language, updated_at)
            VALUES (%(customer_key)s, %(customer_id)s, %(country)s, %(first_name)s, %(last_name)s, %(title)s, %(gender)s, %(dob)s, %(age)s, %(marital_status)s, %(phone_no)s, %(email)s, %(address)s, %(city)s, %(pincode)s, %(region)s, %(customer_type)s, %(preferred_channel)s, %(language)s, %(updated_at)s)
        ]
[parameters: ({'customer_key': '86cb27c0-cbea-4e74-be0b-946a6b5c039c', 'customer_id': 17850.0, 'country': 'United Kingdom', 'first_name': 'Amanda', 'last_name': 'Smith', 'title': 'Ms.', 'gender': 'Female', 'dob': datetime.date(1984, 2, 5), 'age': 41, 'marital_status': 'Single', 'phone_no': '+1-843-630-5646x20067', 'email': 'catherine75@example.com', 'address': '3774 Briggs Fields Suite 755, Huertamouth, KY 07285', 'city': 'Jamesshire', 'pincode': '51976', 'region': 'West Virginia', 'customer_type': 'Retail', 'preferred_channel': 'Email', 'language': 'German', 'updated_at': Timestamp('2025-10-22 14:58:18.415189')}, {'customer_key': '12e3f5f5-cff2-4039-b7e5-a2d17891ef08', 'customer_id': 13047.0, 'country': 'United Kingdom', 'first_name': 'Amanda', 'last_name': 'Miller', 'title': 'Ms.', 'gender': 'Female', 'dob': datetime.date(1995, 11, 20), 'age': 29, 'marital_status': 'Divorced', 'phone_no': '001-282-734-7428x4987', 'email': 'tiffanyfinley@example.org', 'address': '699 Nathan Tunnel Suite 929, Kellyfurt, AK 27670', 'city': 'Lake Crystal', 'pincode': '14354', 'region': 'Indiana', 'customer_type': 'Corporate', 'preferred_channel': 'Phone', 'language': 'French', 'updated_at': Timestamp('2025-10-22 14:58:18.415189')}, {'customer_key': 'a8ff6417-9cd2-4c71-a35c-8852831e6fe6', 'customer_id': 12583.0, 'country': 'France', 'first_name': 'Gina', 'last_name': 'Burgess', 'title': 'Ms.', 'gender': 'Female', 'dob': datetime.date(1981, 3, 15), 'age': 44, 'marital_status': 'Divorced', 'phone_no': '001-387-518-2064x90538', 'email': 'garretthawkins@example.com', 'address': '0480 Joshua Stream, Kariland, KS 15979', 'city': 'Barryborough', 'pincode': '65549', 'region': 'West Virginia', 'customer_type': 'Corporate', 'preferred_channel': 'Email', 'language': 'Spanish', 'updated_at': Timestamp('2025-10-22 14:58:18.415189')}, {'customer_key': '56dbeb54-b31c-48f4-b8e8-bab4f9a8aa83', 'customer_id': 13748.0, 'country': 'United Kingdom', 'first_name': 'Alicia', 'last_name': 'Hansen', 'title': 'Ms.', 'gender': 'Female', 'dob': datetime.date(1972, 10, 13), 'age': 53, 'marital_status': 'Divorced', 'phone_no': '353.960.0725', 'email': 'nelsonjennifer@example.com', 'address': 'Unit 4029 Box 9701, DPO AE 86187', 'city': 'Carolynton', 'pincode': '91621', 'region': 'Nebraska', 'customer_type': 'Wholesale', 'preferred_channel': 'WhatsApp', 'language': 'Spanish', 'updated_at': Timestamp('2025-10-22 14:58:18.415189')}, {'customer_key': '87f46ceb-755d-4c12-a982-83fd31117b6a', 'customer_id': 15100.0, 'country': 'United Kingdom', 'first_name': 'Nicholas', 'last_name': 'Miller', 'title': 'Mr.', 'gender': 'Male', 'dob': datetime.date(1973, 2, 26), 'age': 52, 'marital_status': 'Divorced', 'phone_no': '(237)235-1808', 'email': 'hmorris@example.com', 'address': '001 Abigail Locks Suite 340, New Billyton, AK 94104', 'city': 'Thomasberg', 'pincode': '97818', 'region': 'Montana', 'customer_type': 'Wholesale', 'preferred_channel': 'WhatsApp', 'language': 'German', 'updated_at': Timestamp('2025-10-22 14:58:18.415189')}, {'customer_key': 'c87e952a-7b32-4199-9912-538e2e0524eb', 'customer_id': 15291.0, 'country': 'United Kingdom', 'first_name': 'Robert', 'last_name': 'Patel', 'title': 'Mr.', 'gender': 'Male', 'dob': datetime.date(1974, 7, 14), 'age': 51, 'marital_status': 'Married', 'phone_no': '(273)598-7651x0502', 'email': 'lindaball@example.org', 'address': '18026 Amanda Ford, Deborahshire, RI 98542', 'city': 'Port Rebeccashire', 'pincode': '55181', 'region': 'Florida', 'customer_type': 'Retail', 'preferred_channel': 'Phone', 'language': 'Spanish', 'updated_at': Timestamp('2025-10-22 14:58:18.415189')}, {'customer_key': '783e98d8-1032-411a-997d-d72c96ac18d6', 'customer_id': 14688.0, 'country': 'United Kingdom', 'first_name': 'Nicole', 'last_name': 'Olson', 'title': 'Ms.', 'gender': 'Female', 'dob': datetime.date(1956, 10, 3), 'age': 69, 'marital_status': 'Single', 'phone_no': '(594)421-8037', 'email': 'josemurphy@example.com', 'address': '45308 Travis Locks Apt. 862, East Charlesfurt, NM 57946', 'city': 'South Janetside', 'pincode': '54835', 'region': 'South Carolina', 'customer_type': 'Wholesale', 'preferred_channel': 'WhatsApp', 'language': 'French', 'updated_at': Timestamp('2025-10-22 14:58:18.415189')}, {'customer_key': '8e916bc3-8a62-400a-a28e-0406068d278a', 'customer_id': 17809.0, 'country': 'United Kingdom', 'first_name': 'Angela', 'last_name': 'Jenkins', 'title': 'Ms.', 'gender': 'Female', 'dob': datetime.date(1969, 12, 9), 'age': 55, 'marital_status': 'Single', 'phone_no': '001-592-465-5347x389', 'email': 'kaitlynlee@example.com', 'address': '38728 Shelly Alley, Valerietown, RI 94227', 'city': 'Jacobside', 'pincode': '97490', 'region': 'New York', 'customer_type': 'Retail', 'preferred_channel': 'Phone', 'language': 'Hindi', 'updated_at': Timestamp('2025-10-22 14:58:18.415189')}  ... displaying 10 of 49 total bound parameter sets ...  {'customer_key': '7b8e9001-e1ad-4538-8a7a-2acdb5e0bb0a', 'customer_id': 17951.0, 'country': 'United Kingdom', 'first_name': 'Gregory', 'last_name': 'Jordan', 'title': 'Mr.', 'gender': 'Male', 'dob': datetime.date(1974, 4, 26), 'age': 51, 'marital_status': 'Divorced', 'phone_no': '001-411-856-3420x486', 'email': 'amoon@example.com', 'address': '519 Alvarez Terrace, Washingtonbury, MI 20921', 'city': 'Adamberg', 'pincode': '67851', 'region': 'Iowa', 'customer_type': 'Wholesale', 'preferred_channel': 'SMS', 'language': 'English', 'updated_at': Timestamp('2025-10-22 14:58:18.415189')}, {'customer_key': 'fd851b4e-8bbc-4823-9378-e94bec58912d', 'customer_id': 14729.0, 'country': 'United Kingdom', 'first_name': 'Michelle', 'last_name': 'Jones', 'title': 'Ms.', 'gender': 'Female', 'dob': datetime.date(1978, 4, 20), 'age': 47, 'marital_status': 'Divorced', 'phone_no': '(571)268-4806x775', 'email': 'whaney@example.org', 'address': '69857 Christopher Unions Suite 207, Jensenstad, AZ 89080', 'city': 'Haleyton', 'pincode': '12961', 'region': 'Nevada', 'customer_type': 'Corporate', 'preferred_channel': 'WhatsApp', 'language': 'English', 'updated_at': Timestamp('2025-10-22 14:58:18.415189')})]
(Background on this error at: https://sqlalche.me/e/14/gkpj); 5527)
[2025-10-22T14:58:18.588+0000] {local_task_job_runner.py:234} INFO - Task exited with return code 1
[2025-10-22T14:58:18.645+0000] {taskinstance.py:3280} INFO - 0 downstream tasks scheduled from follow-on schedule check
