[2025-10-09T05:40:02.300+0000] {taskinstance.py:1956} INFO - Dependencies all met for dep_context=non-requeueable deps ti=<TaskInstance: run_sample_data_every_5min.run_sample_etl scheduled__2025-10-09T05:35:00+00:00 [queued]>
[2025-10-09T05:40:02.309+0000] {taskinstance.py:1956} INFO - Dependencies all met for dep_context=requeueable deps ti=<TaskInstance: run_sample_data_every_5min.run_sample_etl scheduled__2025-10-09T05:35:00+00:00 [queued]>
[2025-10-09T05:40:02.310+0000] {taskinstance.py:2170} INFO - Starting attempt 1 of 2
[2025-10-09T05:40:02.324+0000] {taskinstance.py:2191} INFO - Executing <Task(PythonOperator): run_sample_etl> on 2025-10-09 05:35:00+00:00
[2025-10-09T05:40:02.329+0000] {standard_task_runner.py:60} INFO - Started process 80 to run task
[2025-10-09T05:40:02.332+0000] {standard_task_runner.py:87} INFO - Running: ['***', 'tasks', 'run', 'run_sample_data_every_5min', 'run_sample_etl', 'scheduled__2025-10-09T05:35:00+00:00', '--job-id', '31', '--raw', '--subdir', 'DAGS_FOLDER/dag_file.py', '--cfg-path', '/tmp/tmpur8lxoo8']
[2025-10-09T05:40:02.335+0000] {standard_task_runner.py:88} INFO - Job 31: Subtask run_sample_etl
[2025-10-09T05:40:02.399+0000] {task_command.py:423} INFO - Running <TaskInstance: run_sample_data_every_5min.run_sample_etl scheduled__2025-10-09T05:35:00+00:00 [running]> on host 69f5375b780d
[2025-10-09T05:40:02.497+0000] {taskinstance.py:2480} INFO - Exporting env vars: AIRFLOW_CTX_DAG_OWNER='***' AIRFLOW_CTX_DAG_ID='run_sample_data_every_5min' AIRFLOW_CTX_TASK_ID='run_sample_etl' AIRFLOW_CTX_EXECUTION_DATE='2025-10-09T05:35:00+00:00' AIRFLOW_CTX_TRY_NUMBER='1' AIRFLOW_CTX_DAG_RUN_ID='scheduled__2025-10-09T05:35:00+00:00'
[2025-10-09T05:40:02.570+0000] {logging_mixin.py:188} INFO - CSV loaded successfully!
[2025-10-09T05:40:02.623+0000] {logging_mixin.py:188} INFO - 
Customer Dimension:
[2025-10-09T05:40:02.645+0000] {logging_mixin.py:188} INFO -                            customer_key  customer_id  ... preferred_channel language
0  62266c04-ca94-41de-97eb-6230184db571        17850  ...             Email  English
1  0537ac34-7c9c-449e-b845-81daef8a3e36        13047  ...               SMS  English

[2 rows x 19 columns]
[2025-10-09T05:40:02.824+0000] {logging_mixin.py:188} INFO - ✅ All tables loaded successfully!
[2025-10-09T05:40:02.825+0000] {python.py:201} INFO - Done. Returned value was: None
[2025-10-09T05:40:02.842+0000] {taskinstance.py:1138} INFO - Marking task as SUCCESS. dag_id=run_sample_data_every_5min, task_id=run_sample_etl, execution_date=20251009T053500, start_date=20251009T054002, end_date=20251009T054002
[2025-10-09T05:40:02.906+0000] {local_task_job_runner.py:234} INFO - Task exited with return code 0
[2025-10-09T05:40:02.935+0000] {taskinstance.py:3280} INFO - 0 downstream tasks scheduled from follow-on schedule check
