[2025-10-10T12:13:52.801+0000] {taskinstance.py:1956} INFO - Dependencies all met for dep_context=non-requeueable deps ti=<TaskInstance: dim_product_dag.load_dim_product manual__2025-10-10T12:13:48.936137+00:00 [queued]>
[2025-10-10T12:13:52.817+0000] {taskinstance.py:1956} INFO - Dependencies all met for dep_context=requeueable deps ti=<TaskInstance: dim_product_dag.load_dim_product manual__2025-10-10T12:13:48.936137+00:00 [queued]>
[2025-10-10T12:13:52.818+0000] {taskinstance.py:2170} INFO - Starting attempt 1 of 1
[2025-10-10T12:13:52.844+0000] {taskinstance.py:2191} INFO - Executing <Task(PythonOperator): load_dim_product> on 2025-10-10 12:13:48.936137+00:00
[2025-10-10T12:13:52.852+0000] {standard_task_runner.py:60} INFO - Started process 579 to run task
[2025-10-10T12:13:52.858+0000] {standard_task_runner.py:87} INFO - Running: ['***', 'tasks', 'run', 'dim_product_dag', 'load_dim_product', 'manual__2025-10-10T12:13:48.936137+00:00', '--job-id', '101', '--raw', '--subdir', 'DAGS_FOLDER/dim_product_dag.py', '--cfg-path', '/tmp/tmpcsofeaw4']
[2025-10-10T12:13:52.860+0000] {standard_task_runner.py:88} INFO - Job 101: Subtask load_dim_product
[2025-10-10T12:13:52.964+0000] {task_command.py:423} INFO - Running <TaskInstance: dim_product_dag.load_dim_product manual__2025-10-10T12:13:48.936137+00:00 [running]> on host 5d4700d1e94a
[2025-10-10T12:13:53.193+0000] {taskinstance.py:2480} INFO - Exporting env vars: AIRFLOW_CTX_DAG_OWNER='***' AIRFLOW_CTX_DAG_ID='dim_product_dag' AIRFLOW_CTX_TASK_ID='load_dim_product' AIRFLOW_CTX_EXECUTION_DATE='2025-10-10T12:13:48.936137+00:00' AIRFLOW_CTX_TRY_NUMBER='1' AIRFLOW_CTX_DAG_RUN_ID='manual__2025-10-10T12:13:48.936137+00:00'
[2025-10-10T12:14:02.838+0000] {logging_mixin.py:188} INFO - No successful run found for dim_product
[2025-10-10T12:22:24.136+0000] {logging_mixin.py:188} INFO - ⚠️ No previous successful run found — performing full load
[2025-10-10T12:22:41.109+0000] {taskinstance.py:2698} ERROR - Task failed with exception
Traceback (most recent call last):
  File "/home/airflow/.local/lib/python3.8/site-packages/sqlalchemy/engine/base.py", line 1890, in _execute_context
    self.dialect.do_executemany(
  File "/home/airflow/.local/lib/python3.8/site-packages/sqlalchemy/dialects/postgresql/psycopg2.py", line 982, in do_executemany
    context._psycopg2_fetched_rows = xtras.execute_values(
  File "/home/airflow/.local/lib/python3.8/site-packages/psycopg2/extras.py", line 1299, in execute_values
    cur.execute(b''.join(parts))
psycopg2.errors.UndefinedColumn: column "last_run_date" of relation "dim_product" does not exist
LINE 1: ...type, certification, target_audience, usage_type, last_run_d...
                                                             ^


The above exception was the direct cause of the following exception:

Traceback (most recent call last):
  File "/home/airflow/.local/lib/python3.8/site-packages/airflow/models/taskinstance.py", line 433, in _execute_task
    result = execute_callable(context=context, **execute_callable_kwargs)
  File "/home/airflow/.local/lib/python3.8/site-packages/airflow/operators/python.py", line 199, in execute
    return_value = self.execute_callable()
  File "/home/airflow/.local/lib/python3.8/site-packages/airflow/operators/python.py", line 216, in execute_callable
    return self.python_callable(*self.op_args, **self.op_kwargs)
  File "/opt/airflow/dags/etl_scripts/product_etl.py", line 82, in run_product_etl
    product_dim.to_sql('dim_product', engine, if_exists='append', index=False)
  File "/home/airflow/.local/lib/python3.8/site-packages/pandas/core/generic.py", line 2878, in to_sql
    return sql.to_sql(
  File "/home/airflow/.local/lib/python3.8/site-packages/pandas/io/sql.py", line 769, in to_sql
    return pandas_sql.to_sql(
  File "/home/airflow/.local/lib/python3.8/site-packages/pandas/io/sql.py", line 1920, in to_sql
    total_inserted = sql_engine.insert_records(
  File "/home/airflow/.local/lib/python3.8/site-packages/pandas/io/sql.py", line 1470, in insert_records
    raise err
  File "/home/airflow/.local/lib/python3.8/site-packages/pandas/io/sql.py", line 1461, in insert_records
    return table.insert(chunksize=chunksize, method=method)
  File "/home/airflow/.local/lib/python3.8/site-packages/pandas/io/sql.py", line 1023, in insert
    num_inserted = exec_insert(conn, keys, chunk_iter)
  File "/home/airflow/.local/lib/python3.8/site-packages/pandas/io/sql.py", line 929, in _execute_insert
    result = conn.execute(self.table.insert(), data)
  File "/home/airflow/.local/lib/python3.8/site-packages/sqlalchemy/engine/base.py", line 1385, in execute
    return meth(self, multiparams, params, _EMPTY_EXECUTION_OPTS)
  File "/home/airflow/.local/lib/python3.8/site-packages/sqlalchemy/sql/elements.py", line 334, in _execute_on_connection
    return connection._execute_clauseelement(
  File "/home/airflow/.local/lib/python3.8/site-packages/sqlalchemy/engine/base.py", line 1577, in _execute_clauseelement
    ret = self._execute_context(
  File "/home/airflow/.local/lib/python3.8/site-packages/sqlalchemy/engine/base.py", line 1953, in _execute_context
    self._handle_dbapi_exception(
  File "/home/airflow/.local/lib/python3.8/site-packages/sqlalchemy/engine/base.py", line 2134, in _handle_dbapi_exception
    util.raise_(
  File "/home/airflow/.local/lib/python3.8/site-packages/sqlalchemy/util/compat.py", line 211, in raise_
    raise exception
  File "/home/airflow/.local/lib/python3.8/site-packages/sqlalchemy/engine/base.py", line 1890, in _execute_context
    self.dialect.do_executemany(
  File "/home/airflow/.local/lib/python3.8/site-packages/sqlalchemy/dialects/postgresql/psycopg2.py", line 982, in do_executemany
    context._psycopg2_fetched_rows = xtras.execute_values(
  File "/home/airflow/.local/lib/python3.8/site-packages/psycopg2/extras.py", line 1299, in execute_values
    cur.execute(b''.join(parts))
sqlalchemy.exc.ProgrammingError: (psycopg2.errors.UndefinedColumn) column "last_run_date" of relation "dim_product" does not exist
LINE 1: ...type, certification, target_audience, usage_type, last_run_d...
                                                             ^

[SQL: INSERT INTO dim_product (product_key, stock_code, description, category, sub_category, brand, color, size, material_type, country_of_origin, supplier_name, rating, product_weight, warranty_period, package_type, certification, target_audience, usage_type, last_run_date) VALUES (%(product_key)s, %(stock_code)s, %(description)s, %(category)s, %(sub_category)s, %(brand)s, %(color)s, %(size)s, %(material_type)s, %(country_of_origin)s, %(supplier_name)s, %(rating)s, %(product_weight)s, %(warranty_period)s, %(package_type)s, %(certification)s, %(target_audience)s, %(usage_type)s, %(last_run_date)s)]
[parameters: ({'product_key': '67e4e604-e5d0-4991-9bcf-b51f0fc858c3', 'stock_code': '85123A', 'description': 'WHITE HANGING HEART T-LIGHT HOLDER', 'category': 'Clothing', 'sub_category': 'talk', 'brand': 'Singleton-Reilly', 'color': 'DarkOrange', 'size': 'Medium', 'material_type': 'Leather', 'country_of_origin': 'American Samoa', 'supplier_name': 'Price-Hines', 'rating': 3.43, 'product_weight': 10.2, 'warranty_period': '6 months', 'package_type': 'Wrapper', 'certification': 'None', 'target_audience': 'Adults', 'usage_type': 'Industrial', 'last_run_date': None}, {'product_key': 'cc519f01-8d0d-4012-9ab8-2c7b9280f03f', 'stock_code': '71053', 'description': 'WHITE METAL LANTERN', 'category': 'Toys', 'sub_category': 'light', 'brand': 'Zamora-Williams', 'color': 'PaleTurquoise', 'size': 'Large', 'material_type': 'Wood', 'country_of_origin': 'Armenia', 'supplier_name': 'Hooper, Mayer and Cook', 'rating': 1.73, 'product_weight': 19.21, 'warranty_period': '1 year', 'package_type': 'Bag', 'certification': 'FDA', 'target_audience': 'Professionals', 'usage_type': 'Industrial', 'last_run_date': None}, {'product_key': '2b5f220e-7234-4ed2-b30f-7e8aebd8ae80', 'stock_code': '84406B', 'description': 'CREAM CUPID HEARTS COAT HANGER', 'category': 'Clothing', 'sub_category': 'turn', 'brand': 'Sullivan-Lester', 'color': 'LightCyan', 'size': 'Large', 'material_type': 'Leather', 'country_of_origin': 'Kuwait', 'supplier_name': 'Hernandez, Doyle and Jordan', 'rating': 1.46, 'product_weight': 10.88, 'warranty_period': '6 months', 'package_type': 'Wrapper', 'certification': 'ISO', 'target_audience': 'Professionals', 'usage_type': 'Commercial', 'last_run_date': None}, {'product_key': '650e4830-89b3-4134-bec9-ce7507b7759d', 'stock_code': '84029G', 'description': 'KNITTED UNION FLAG HOT WATER BOTTLE', 'category': 'Clothing', 'sub_category': 'care', 'brand': 'Hill LLC', 'color': 'LightGreen', 'size': 'Medium', 'material_type': 'Plastic', 'country_of_origin': 'Saint Vincent and the Grenadines', 'supplier_name': 'Butler-Hernandez', 'rating': 1.78, 'product_weight': 14.77, 'warranty_period': '6 months', 'package_type': 'Bag', 'certification': 'CE', 'target_audience': 'Unisex', 'usage_type': 'Commercial', 'last_run_date': None}, {'product_key': '4d055229-fdc6-4366-ac91-fd25d3a1093a', 'stock_code': '84029E', 'description': 'RED WOOLLY HOTTIE WHITE HEART.', 'category': 'Toys', 'sub_category': 'some', 'brand': 'Logan-Norton', 'color': 'PaleVioletRed', 'size': 'Large', 'material_type': 'Leather', 'country_of_origin': 'Afghanistan', 'supplier_name': 'Gonzales Group', 'rating': 2.22, 'product_weight': 12.97, 'warranty_period': '3 years', 'package_type': 'Bag', 'certification': 'ISO', 'target_audience': 'Adults', 'usage_type': 'Commercial', 'last_run_date': None}, {'product_key': '0dd76537-1dfa-4f8f-97eb-830f663f9311', 'stock_code': '22752', 'description': 'SET 7 BABUSHKA NESTING BOXES', 'category': 'Toys', 'sub_category': 'culture', 'brand': 'Banks-Porter', 'color': 'LightSteelBlue', 'size': 'Medium', 'material_type': 'Cotton', 'country_of_origin': 'Pakistan', 'supplier_name': 'Evans, Smith and Moon', 'rating': 3.3, 'product_weight': 11.61, 'warranty_period': '1 year', 'package_type': 'Bag', 'certification': 'CE', 'target_audience': 'Professionals', 'usage_type': 'Industrial', 'last_run_date': None}, {'product_key': 'fefa8066-d2cb-4eef-9d7c-16c5754c012b', 'stock_code': '21730', 'description': 'GLASS STAR FROSTED T-LIGHT HOLDER', 'category': 'Electronics', 'sub_category': 'different', 'brand': 'Wagner LLC', 'color': 'Thistle', 'size': 'Small', 'material_type': 'Metal', 'country_of_origin': 'Ghana', 'supplier_name': 'Jackson, Huerta and Mann', 'rating': 1.08, 'product_weight': 3.32, 'warranty_period': '6 months', 'package_type': 'Carton', 'certification': 'ISO', 'target_audience': 'Professionals', 'usage_type': 'Personal', 'last_run_date': None}, {'product_key': '666f03dd-6f7e-4d1b-a157-a9e0184617d2', 'stock_code': '22633', 'description': 'HAND WARMER UNION JACK', 'category': 'Electronics', 'sub_category': 'bring', 'brand': 'Fox, Weber and Lowe', 'color': 'LightYellow', 'size': 'Medium', 'material_type': 'Leather', 'country_of_origin': 'Niger', 'supplier_name': 'Wallace PLC', 'rating': 1.83, 'product_weight': 19.76, 'warranty_period': '3 years', 'package_type': 'Wrapper', 'certification': 'FDA', 'target_audience': 'Kids', 'usage_type': 'Industrial', 'last_run_date': None}  ... displaying 10 of 541909 total bound parameter sets ...  {'product_key': '72f1e5ce-6865-49d4-a3fd-c974c4639f16', 'stock_code': '23255', 'description': 'CHILDRENS CUTLERY CIRCUS PARADE', 'category': 'Toys', 'sub_category': 'stuff', 'brand': 'Williams-Wiley', 'color': 'Salmon', 'size': 'Large', 'material_type': 'Plastic', 'country_of_origin': 'Albania', 'supplier_name': 'Walker, Warner and Greene', 'rating': 1.48, 'product_weight': 24.07, 'warranty_period': '2 years', 'package_type': 'Carton', 'certification': 'FDA', 'target_audience': 'Unisex', 'usage_type': 'Industrial', 'last_run_date': None}, {'product_key': '9a436b66-574b-4ab8-b04a-307a4a25e773', 'stock_code': '22138', 'description': 'BAKING SET 9 PIECE RETROSPOT ', 'category': 'Books', 'sub_category': 'gun', 'brand': 'Mcpherson-Velasquez', 'color': 'DarkSlateGray', 'size': 'Large', 'material_type': 'Metal', 'country_of_origin': 'South Africa', 'supplier_name': 'Martinez Inc', 'rating': 1.36, 'product_weight': 20.21, 'warranty_period': '6 months', 'package_type': 'Bag', 'certification': 'BIS', 'target_audience': 'Professionals', 'usage_type': 'Personal', 'last_run_date': None})]
(Background on this error at: https://sqlalche.me/e/14/f405)
[2025-10-10T12:22:41.142+0000] {taskinstance.py:1138} INFO - Marking task as FAILED. dag_id=dim_product_dag, task_id=load_dim_product, execution_date=20251010T121348, start_date=20251010T121352, end_date=20251010T122241
[2025-10-10T12:22:41.146+0000] {logging_mixin.py:188} INFO - Logged ETL run for dim_product: failed at 2025-10-10 12:22:41.142982
[2025-10-10T12:22:41.162+0000] {standard_task_runner.py:107} ERROR - Failed to execute job 101 for task load_dim_product ((psycopg2.errors.UndefinedColumn) column "last_run_date" of relation "dim_product" does not exist
LINE 1: ...type, certification, target_audience, usage_type, last_run_d...
                                                             ^

[SQL: INSERT INTO dim_product (product_key, stock_code, description, category, sub_category, brand, color, size, material_type, country_of_origin, supplier_name, rating, product_weight, warranty_period, package_type, certification, target_audience, usage_type, last_run_date) VALUES (%(product_key)s, %(stock_code)s, %(description)s, %(category)s, %(sub_category)s, %(brand)s, %(color)s, %(size)s, %(material_type)s, %(country_of_origin)s, %(supplier_name)s, %(rating)s, %(product_weight)s, %(warranty_period)s, %(package_type)s, %(certification)s, %(target_audience)s, %(usage_type)s, %(last_run_date)s)]
[parameters: ({'product_key': '67e4e604-e5d0-4991-9bcf-b51f0fc858c3', 'stock_code': '85123A', 'description': 'WHITE HANGING HEART T-LIGHT HOLDER', 'category': 'Clothing', 'sub_category': 'talk', 'brand': 'Singleton-Reilly', 'color': 'DarkOrange', 'size': 'Medium', 'material_type': 'Leather', 'country_of_origin': 'American Samoa', 'supplier_name': 'Price-Hines', 'rating': 3.43, 'product_weight': 10.2, 'warranty_period': '6 months', 'package_type': 'Wrapper', 'certification': 'None', 'target_audience': 'Adults', 'usage_type': 'Industrial', 'last_run_date': None}, {'product_key': 'cc519f01-8d0d-4012-9ab8-2c7b9280f03f', 'stock_code': '71053', 'description': 'WHITE METAL LANTERN', 'category': 'Toys', 'sub_category': 'light', 'brand': 'Zamora-Williams', 'color': 'PaleTurquoise', 'size': 'Large', 'material_type': 'Wood', 'country_of_origin': 'Armenia', 'supplier_name': 'Hooper, Mayer and Cook', 'rating': 1.73, 'product_weight': 19.21, 'warranty_period': '1 year', 'package_type': 'Bag', 'certification': 'FDA', 'target_audience': 'Professionals', 'usage_type': 'Industrial', 'last_run_date': None}, {'product_key': '2b5f220e-7234-4ed2-b30f-7e8aebd8ae80', 'stock_code': '84406B', 'description': 'CREAM CUPID HEARTS COAT HANGER', 'category': 'Clothing', 'sub_category': 'turn', 'brand': 'Sullivan-Lester', 'color': 'LightCyan', 'size': 'Large', 'material_type': 'Leather', 'country_of_origin': 'Kuwait', 'supplier_name': 'Hernandez, Doyle and Jordan', 'rating': 1.46, 'product_weight': 10.88, 'warranty_period': '6 months', 'package_type': 'Wrapper', 'certification': 'ISO', 'target_audience': 'Professionals', 'usage_type': 'Commercial', 'last_run_date': None}, {'product_key': '650e4830-89b3-4134-bec9-ce7507b7759d', 'stock_code': '84029G', 'description': 'KNITTED UNION FLAG HOT WATER BOTTLE', 'category': 'Clothing', 'sub_category': 'care', 'brand': 'Hill LLC', 'color': 'LightGreen', 'size': 'Medium', 'material_type': 'Plastic', 'country_of_origin': 'Saint Vincent and the Grenadines', 'supplier_name': 'Butler-Hernandez', 'rating': 1.78, 'product_weight': 14.77, 'warranty_period': '6 months', 'package_type': 'Bag', 'certification': 'CE', 'target_audience': 'Unisex', 'usage_type': 'Commercial', 'last_run_date': None}, {'product_key': '4d055229-fdc6-4366-ac91-fd25d3a1093a', 'stock_code': '84029E', 'description': 'RED WOOLLY HOTTIE WHITE HEART.', 'category': 'Toys', 'sub_category': 'some', 'brand': 'Logan-Norton', 'color': 'PaleVioletRed', 'size': 'Large', 'material_type': 'Leather', 'country_of_origin': 'Afghanistan', 'supplier_name': 'Gonzales Group', 'rating': 2.22, 'product_weight': 12.97, 'warranty_period': '3 years', 'package_type': 'Bag', 'certification': 'ISO', 'target_audience': 'Adults', 'usage_type': 'Commercial', 'last_run_date': None}, {'product_key': '0dd76537-1dfa-4f8f-97eb-830f663f9311', 'stock_code': '22752', 'description': 'SET 7 BABUSHKA NESTING BOXES', 'category': 'Toys', 'sub_category': 'culture', 'brand': 'Banks-Porter', 'color': 'LightSteelBlue', 'size': 'Medium', 'material_type': 'Cotton', 'country_of_origin': 'Pakistan', 'supplier_name': 'Evans, Smith and Moon', 'rating': 3.3, 'product_weight': 11.61, 'warranty_period': '1 year', 'package_type': 'Bag', 'certification': 'CE', 'target_audience': 'Professionals', 'usage_type': 'Industrial', 'last_run_date': None}, {'product_key': 'fefa8066-d2cb-4eef-9d7c-16c5754c012b', 'stock_code': '21730', 'description': 'GLASS STAR FROSTED T-LIGHT HOLDER', 'category': 'Electronics', 'sub_category': 'different', 'brand': 'Wagner LLC', 'color': 'Thistle', 'size': 'Small', 'material_type': 'Metal', 'country_of_origin': 'Ghana', 'supplier_name': 'Jackson, Huerta and Mann', 'rating': 1.08, 'product_weight': 3.32, 'warranty_period': '6 months', 'package_type': 'Carton', 'certification': 'ISO', 'target_audience': 'Professionals', 'usage_type': 'Personal', 'last_run_date': None}, {'product_key': '666f03dd-6f7e-4d1b-a157-a9e0184617d2', 'stock_code': '22633', 'description': 'HAND WARMER UNION JACK', 'category': 'Electronics', 'sub_category': 'bring', 'brand': 'Fox, Weber and Lowe', 'color': 'LightYellow', 'size': 'Medium', 'material_type': 'Leather', 'country_of_origin': 'Niger', 'supplier_name': 'Wallace PLC', 'rating': 1.83, 'product_weight': 19.76, 'warranty_period': '3 years', 'package_type': 'Wrapper', 'certification': 'FDA', 'target_audience': 'Kids', 'usage_type': 'Industrial', 'last_run_date': None}  ... displaying 10 of 541909 total bound parameter sets ...  {'product_key': '72f1e5ce-6865-49d4-a3fd-c974c4639f16', 'stock_code': '23255', 'description': 'CHILDRENS CUTLERY CIRCUS PARADE', 'category': 'Toys', 'sub_category': 'stuff', 'brand': 'Williams-Wiley', 'color': 'Salmon', 'size': 'Large', 'material_type': 'Plastic', 'country_of_origin': 'Albania', 'supplier_name': 'Walker, Warner and Greene', 'rating': 1.48, 'product_weight': 24.07, 'warranty_period': '2 years', 'package_type': 'Carton', 'certification': 'FDA', 'target_audience': 'Unisex', 'usage_type': 'Industrial', 'last_run_date': None}, {'product_key': '9a436b66-574b-4ab8-b04a-307a4a25e773', 'stock_code': '22138', 'description': 'BAKING SET 9 PIECE RETROSPOT ', 'category': 'Books', 'sub_category': 'gun', 'brand': 'Mcpherson-Velasquez', 'color': 'DarkSlateGray', 'size': 'Large', 'material_type': 'Metal', 'country_of_origin': 'South Africa', 'supplier_name': 'Martinez Inc', 'rating': 1.36, 'product_weight': 20.21, 'warranty_period': '6 months', 'package_type': 'Bag', 'certification': 'BIS', 'target_audience': 'Professionals', 'usage_type': 'Personal', 'last_run_date': None})]
(Background on this error at: https://sqlalche.me/e/14/f405); 579)
[2025-10-10T12:22:41.275+0000] {local_task_job_runner.py:234} INFO - Task exited with return code 1
[2025-10-10T12:22:41.300+0000] {taskinstance.py:3280} INFO - 0 downstream tasks scheduled from follow-on schedule check
