[2025-10-22T15:43:08.429+0000] {taskinstance.py:1956} INFO - Dependencies all met for dep_context=non-requeueable deps ti=<TaskInstance: sales_pipeline_master_dag.load_dim_customer manual__2025-10-22T15:43:04.131025+00:00 [queued]>
[2025-10-22T15:43:08.446+0000] {taskinstance.py:1956} INFO - Dependencies all met for dep_context=requeueable deps ti=<TaskInstance: sales_pipeline_master_dag.load_dim_customer manual__2025-10-22T15:43:04.131025+00:00 [queued]>
[2025-10-22T15:43:08.447+0000] {taskinstance.py:2170} INFO - Starting attempt 1 of 1
[2025-10-22T15:43:08.493+0000] {taskinstance.py:2191} INFO - Executing <Task(PythonOperator): load_dim_customer> on 2025-10-22 15:43:04.131025+00:00
[2025-10-22T15:43:08.505+0000] {standard_task_runner.py:60} INFO - Started process 6228 to run task
[2025-10-22T15:43:08.513+0000] {standard_task_runner.py:87} INFO - Running: ['***', 'tasks', 'run', 'sales_pipeline_master_dag', 'load_dim_customer', 'manual__2025-10-22T15:43:04.131025+00:00', '--job-id', '375', '--raw', '--subdir', 'DAGS_FOLDER/dim_customer_dag.py', '--cfg-path', '/tmp/tmp_j35qe3z']
[2025-10-22T15:43:08.516+0000] {standard_task_runner.py:88} INFO - Job 375: Subtask load_dim_customer
[2025-10-22T15:43:08.647+0000] {task_command.py:423} INFO - Running <TaskInstance: sales_pipeline_master_dag.load_dim_customer manual__2025-10-22T15:43:04.131025+00:00 [running]> on host 73b97317d540
[2025-10-22T15:43:08.918+0000] {taskinstance.py:2480} INFO - Exporting env vars: AIRFLOW_CTX_DAG_OWNER='***' AIRFLOW_CTX_DAG_ID='sales_pipeline_master_dag' AIRFLOW_CTX_TASK_ID='load_dim_customer' AIRFLOW_CTX_EXECUTION_DATE='2025-10-22T15:43:04.131025+00:00' AIRFLOW_CTX_TRY_NUMBER='1' AIRFLOW_CTX_DAG_RUN_ID='manual__2025-10-22T15:43:04.131025+00:00'
[2025-10-22T15:43:08.922+0000] {logging_mixin.py:188} INFO -  Starting dim_customer ETL pipeline
[2025-10-22T15:43:09.085+0000] {logging_mixin.py:188} INFO -  No successful run found for dim_customer — will perform full load.
[2025-10-22T15:43:09.087+0000] {logging_mixin.py:188} INFO -  No successful run found — performing full load.
[2025-10-22T15:43:23.852+0000] {warnings.py:109} WARNING - /opt/***/dags/etl_scripts/customer_etl.py:44: UserWarning: Parsing dates in %d/%m/%Y %I:%M:%S %p format when dayfirst=False (the default) was specified. Pass `dayfirst=True` or specify a format to silence this warning.
  df["in_date"] = pd.to_datetime(df["in_date"], errors="coerce")

[2025-10-22T15:43:26.515+0000] {logging_mixin.py:188} INFO - First load — total records to insert: 1000
[2025-10-22T15:43:26.549+0000] {taskinstance.py:2698} ERROR - Task failed with exception
Traceback (most recent call last):
  File "/home/airflow/.local/lib/python3.8/site-packages/sqlalchemy/engine/base.py", line 1890, in _execute_context
    self.dialect.do_executemany(
  File "/home/airflow/.local/lib/python3.8/site-packages/sqlalchemy/dialects/postgresql/psycopg2.py", line 1000, in do_executemany
    cursor.executemany(statement, parameters)
psycopg2.errors.UniqueViolation: duplicate key value violates unique constraint "dim_customer_customer_id_key"
DETAIL:  Key (customer_id)=(17850) already exists.


The above exception was the direct cause of the following exception:

Traceback (most recent call last):
  File "/home/airflow/.local/lib/python3.8/site-packages/airflow/models/taskinstance.py", line 433, in _execute_task
    result = execute_callable(context=context, **execute_callable_kwargs)
  File "/home/airflow/.local/lib/python3.8/site-packages/airflow/operators/python.py", line 199, in execute
    return_value = self.execute_callable()
  File "/home/airflow/.local/lib/python3.8/site-packages/airflow/operators/python.py", line 216, in execute_callable
    return self.python_callable(*self.op_args, **self.op_kwargs)
  File "/opt/airflow/dags/etl_scripts/customer_etl.py", line 163, in run_customer_etl
    upsert_dimension(
  File "/opt/airflow/dags/etl_scripts/common_utils.py", line 71, in upsert_dimension
    conn.execute(sql, rows_prepped)
  File "/home/airflow/.local/lib/python3.8/site-packages/sqlalchemy/engine/base.py", line 1385, in execute
    return meth(self, multiparams, params, _EMPTY_EXECUTION_OPTS)
  File "/home/airflow/.local/lib/python3.8/site-packages/sqlalchemy/sql/elements.py", line 334, in _execute_on_connection
    return connection._execute_clauseelement(
  File "/home/airflow/.local/lib/python3.8/site-packages/sqlalchemy/engine/base.py", line 1577, in _execute_clauseelement
    ret = self._execute_context(
  File "/home/airflow/.local/lib/python3.8/site-packages/sqlalchemy/engine/base.py", line 1953, in _execute_context
    self._handle_dbapi_exception(
  File "/home/airflow/.local/lib/python3.8/site-packages/sqlalchemy/engine/base.py", line 2134, in _handle_dbapi_exception
    util.raise_(
  File "/home/airflow/.local/lib/python3.8/site-packages/sqlalchemy/util/compat.py", line 211, in raise_
    raise exception
  File "/home/airflow/.local/lib/python3.8/site-packages/sqlalchemy/engine/base.py", line 1890, in _execute_context
    self.dialect.do_executemany(
  File "/home/airflow/.local/lib/python3.8/site-packages/sqlalchemy/dialects/postgresql/psycopg2.py", line 1000, in do_executemany
    cursor.executemany(statement, parameters)
sqlalchemy.exc.IntegrityError: (psycopg2.errors.UniqueViolation) duplicate key value violates unique constraint "dim_customer_customer_id_key"
DETAIL:  Key (customer_id)=(17850) already exists.

[SQL: 
            INSERT INTO dim_customer (customer_key, customer_id, country, first_name, last_name, title, gender, dob, age, marital_status, phone_no, email, address, city, pincode, region, customer_type, preferred_channel, language, updated_at)
            VALUES (%(customer_key)s, %(customer_id)s, %(country)s, %(first_name)s, %(last_name)s, %(title)s, %(gender)s, %(dob)s, %(age)s, %(marital_status)s, %(phone_no)s, %(email)s, %(address)s, %(city)s, %(pincode)s, %(region)s, %(customer_type)s, %(preferred_channel)s, %(language)s, %(updated_at)s)
        ]
[parameters: ({'customer_key': 'c8be1afa-eddc-40c8-a5a6-e653c318b757', 'customer_id': 17850, 'country': 'United Kingdom', 'first_name': 'Vicki', 'last_name': 'Oneill', 'title': 'Ms.', 'gender': 'Female', 'dob': datetime.date(1973, 5, 30), 'age': 52, 'marital_status': 'Divorced', 'phone_no': '+1-605-634-0722', 'email': 'bridgesholly@example.com', 'address': '177 Jamie Junctions, Port Linda, MH 35402', 'city': 'Ballmouth', 'pincode': '65659', 'region': 'Hawaii', 'customer_type': 'Retail', 'preferred_channel': 'WhatsApp', 'language': 'German', 'updated_at': Timestamp('2025-10-22 15:43:26.509765')}, {'customer_key': '05f3f661-975a-4942-8be5-2524c49ef616', 'customer_id': 13047, 'country': 'United Kingdom', 'first_name': 'Cody', 'last_name': 'Lopez', 'title': 'Mr.', 'gender': 'Male', 'dob': datetime.date(1975, 3, 20), 'age': 50, 'marital_status': 'Married', 'phone_no': '001-625-624-4027x1038', 'email': 'zmartin@example.net', 'address': '307 Gray Stream Apt. 094, South Shawn, NC 09521', 'city': 'Lake Davidmouth', 'pincode': '99732', 'region': 'Wisconsin', 'customer_type': 'Wholesale', 'preferred_channel': 'WhatsApp', 'language': 'German', 'updated_at': Timestamp('2025-10-22 15:43:26.509765')}, {'customer_key': 'b38f050f-8953-478e-94a9-089a46d840d5', 'customer_id': 12583, 'country': 'France', 'first_name': 'Drew', 'last_name': 'Schmidt', 'title': 'Mr.', 'gender': 'Male', 'dob': datetime.date(1949, 7, 11), 'age': 76, 'marital_status': 'Divorced', 'phone_no': '+1-401-827-8213x427', 'email': 'cgreen@example.com', 'address': '034 Crawford Trail Apt. 053, North Meganport, OR 08211', 'city': 'Wellsburgh', 'pincode': '45813', 'region': 'Montana', 'customer_type': 'Retail', 'preferred_channel': 'WhatsApp', 'language': 'English', 'updated_at': Timestamp('2025-10-22 15:43:26.509765')}, {'customer_key': '0456a3c0-6bdb-42d6-8260-67488d06faa0', 'customer_id': 13748, 'country': 'United Kingdom', 'first_name': 'Terry', 'last_name': 'Banks', 'title': 'Mr.', 'gender': 'Male', 'dob': datetime.date(1967, 3, 17), 'age': 58, 'marital_status': 'Divorced', 'phone_no': '001-238-690-5810x27683', 'email': 'mcdonaldanna@example.com', 'address': 'USNV Perez, FPO AE 25145', 'city': 'Phelpsfurt', 'pincode': '33967', 'region': 'Louisiana', 'customer_type': 'Retail', 'preferred_channel': 'SMS', 'language': 'Hindi', 'updated_at': Timestamp('2025-10-22 15:43:26.509765')}, {'customer_key': '7e61e8b8-850b-47db-974c-512bc6b7d8b0', 'customer_id': 15100, 'country': 'United Kingdom', 'first_name': 'Kari', 'last_name': 'Patterson', 'title': 'Ms.', 'gender': 'Female', 'dob': datetime.date(1970, 3, 31), 'age': 55, 'marital_status': 'Divorced', 'phone_no': '7554383716', 'email': 'bradleypayne@example.org', 'address': '0862 Gutierrez Court Apt. 810, Ballardside, UT 96184', 'city': 'Port Bobtown', 'pincode': '51563', 'region': 'Maine', 'customer_type': 'Wholesale', 'preferred_channel': 'SMS', 'language': 'Hindi', 'updated_at': Timestamp('2025-10-22 15:43:26.509765')}, {'customer_key': 'a06c2521-088a-4723-b36d-8b5d6eab893e', 'customer_id': 15291, 'country': 'United Kingdom', 'first_name': 'Lisa', 'last_name': 'Benjamin', 'title': 'Ms.', 'gender': 'Female', 'dob': datetime.date(1991, 3, 1), 'age': 34, 'marital_status': 'Single', 'phone_no': '(451)731-7815', 'email': 'bsoto@example.net', 'address': '2743 Avila Plains, North James, PR 03161', 'city': 'Lake Scottville', 'pincode': '88119', 'region': 'Nevada', 'customer_type': 'Corporate', 'preferred_channel': 'SMS', 'language': 'Spanish', 'updated_at': Timestamp('2025-10-22 15:43:26.509765')}, {'customer_key': '2fbdc238-fe84-49ee-ba64-00d53e878b90', 'customer_id': 14688, 'country': 'United Kingdom', 'first_name': 'Michael', 'last_name': 'Mason', 'title': 'Mr.', 'gender': 'Male', 'dob': datetime.date(1989, 2, 5), 'age': 36, 'marital_status': 'Married', 'phone_no': '732.238.2971x291', 'email': 'anthony33@example.com', 'address': 'Unit 7254 Box 2060, DPO AE 68461', 'city': 'Costahaven', 'pincode': '03897', 'region': 'Illinois', 'customer_type': 'Retail', 'preferred_channel': 'SMS', 'language': 'French', 'updated_at': Timestamp('2025-10-22 15:43:26.509765')}, {'customer_key': '273b7440-dbeb-4357-b971-c202b413ce77', 'customer_id': 17809, 'country': 'United Kingdom', 'first_name': 'Richard', 'last_name': 'Johnson', 'title': 'Mr.', 'gender': 'Male', 'dob': datetime.date(1961, 6, 29), 'age': 64, 'marital_status': 'Single', 'phone_no': '958-878-3097', 'email': 'samantha75@example.net', 'address': '248 Stewart Island, South Donald, FM 58401', 'city': 'Williamstad', 'pincode': '68172', 'region': 'Washington', 'customer_type': 'Retail', 'preferred_channel': 'Email', 'language': 'Hindi', 'updated_at': Timestamp('2025-10-22 15:43:26.509765')}  ... displaying 10 of 49 total bound parameter sets ...  {'customer_key': '475e2221-7620-451f-b506-08ff008100d9', 'customer_id': 17951, 'country': 'United Kingdom', 'first_name': 'Darrell', 'last_name': 'Green', 'title': 'Mr.', 'gender': 'Male', 'dob': datetime.date(1979, 8, 22), 'age': 46, 'marital_status': 'Divorced', 'phone_no': '320.502.4555x135', 'email': 'frodriguez@example.com', 'address': '71630 Bowman Glen Suite 267, South Tony, MI 75191', 'city': 'North Louis', 'pincode': '58972', 'region': 'Maine', 'customer_type': 'Wholesale', 'preferred_channel': 'WhatsApp', 'language': 'Hindi', 'updated_at': Timestamp('2025-10-22 15:43:26.509765')}, {'customer_key': '555471ab-c28b-46e1-b9b0-ad8bf228596b', 'customer_id': 14729, 'country': 'United Kingdom', 'first_name': 'Collin', 'last_name': 'Hansen', 'title': 'Mr.', 'gender': 'Male', 'dob': datetime.date(1988, 6, 13), 'age': 37, 'marital_status': 'Married', 'phone_no': '+1-900-548-3313x10093', 'email': 'andrewrobinson@example.org', 'address': '4642 Morales Neck Suite 364, North Christopherfurt, NC 84218', 'city': 'South Nancychester', 'pincode': '35670', 'region': 'North Carolina', 'customer_type': 'Wholesale', 'preferred_channel': 'SMS', 'language': 'Spanish', 'updated_at': Timestamp('2025-10-22 15:43:26.509765')})]
(Background on this error at: https://sqlalche.me/e/14/gkpj)
[2025-10-22T15:43:26.579+0000] {taskinstance.py:1138} INFO - Marking task as FAILED. dag_id=sales_pipeline_master_dag, task_id=load_dim_customer, execution_date=20251022T154304, start_date=20251022T154308, end_date=20251022T154326
[2025-10-22T15:43:26.585+0000] {logging_mixin.py:188} INFO -  Logged ETL run for dim_customer: failed at 2025-10-22 15:43:26.580271
[2025-10-22T15:43:26.586+0000] {logging_mixin.py:188} INFO - Task load_dim_customer in DAG sales_pipeline_master_dag failed!
[2025-10-22T15:43:26.607+0000] {standard_task_runner.py:107} ERROR - Failed to execute job 375 for task load_dim_customer ((psycopg2.errors.UniqueViolation) duplicate key value violates unique constraint "dim_customer_customer_id_key"
DETAIL:  Key (customer_id)=(17850) already exists.

[SQL: 
            INSERT INTO dim_customer (customer_key, customer_id, country, first_name, last_name, title, gender, dob, age, marital_status, phone_no, email, address, city, pincode, region, customer_type, preferred_channel, language, updated_at)
            VALUES (%(customer_key)s, %(customer_id)s, %(country)s, %(first_name)s, %(last_name)s, %(title)s, %(gender)s, %(dob)s, %(age)s, %(marital_status)s, %(phone_no)s, %(email)s, %(address)s, %(city)s, %(pincode)s, %(region)s, %(customer_type)s, %(preferred_channel)s, %(language)s, %(updated_at)s)
        ]
[parameters: ({'customer_key': 'c8be1afa-eddc-40c8-a5a6-e653c318b757', 'customer_id': 17850, 'country': 'United Kingdom', 'first_name': 'Vicki', 'last_name': 'Oneill', 'title': 'Ms.', 'gender': 'Female', 'dob': datetime.date(1973, 5, 30), 'age': 52, 'marital_status': 'Divorced', 'phone_no': '+1-605-634-0722', 'email': 'bridgesholly@example.com', 'address': '177 Jamie Junctions, Port Linda, MH 35402', 'city': 'Ballmouth', 'pincode': '65659', 'region': 'Hawaii', 'customer_type': 'Retail', 'preferred_channel': 'WhatsApp', 'language': 'German', 'updated_at': Timestamp('2025-10-22 15:43:26.509765')}, {'customer_key': '05f3f661-975a-4942-8be5-2524c49ef616', 'customer_id': 13047, 'country': 'United Kingdom', 'first_name': 'Cody', 'last_name': 'Lopez', 'title': 'Mr.', 'gender': 'Male', 'dob': datetime.date(1975, 3, 20), 'age': 50, 'marital_status': 'Married', 'phone_no': '001-625-624-4027x1038', 'email': 'zmartin@example.net', 'address': '307 Gray Stream Apt. 094, South Shawn, NC 09521', 'city': 'Lake Davidmouth', 'pincode': '99732', 'region': 'Wisconsin', 'customer_type': 'Wholesale', 'preferred_channel': 'WhatsApp', 'language': 'German', 'updated_at': Timestamp('2025-10-22 15:43:26.509765')}, {'customer_key': 'b38f050f-8953-478e-94a9-089a46d840d5', 'customer_id': 12583, 'country': 'France', 'first_name': 'Drew', 'last_name': 'Schmidt', 'title': 'Mr.', 'gender': 'Male', 'dob': datetime.date(1949, 7, 11), 'age': 76, 'marital_status': 'Divorced', 'phone_no': '+1-401-827-8213x427', 'email': 'cgreen@example.com', 'address': '034 Crawford Trail Apt. 053, North Meganport, OR 08211', 'city': 'Wellsburgh', 'pincode': '45813', 'region': 'Montana', 'customer_type': 'Retail', 'preferred_channel': 'WhatsApp', 'language': 'English', 'updated_at': Timestamp('2025-10-22 15:43:26.509765')}, {'customer_key': '0456a3c0-6bdb-42d6-8260-67488d06faa0', 'customer_id': 13748, 'country': 'United Kingdom', 'first_name': 'Terry', 'last_name': 'Banks', 'title': 'Mr.', 'gender': 'Male', 'dob': datetime.date(1967, 3, 17), 'age': 58, 'marital_status': 'Divorced', 'phone_no': '001-238-690-5810x27683', 'email': 'mcdonaldanna@example.com', 'address': 'USNV Perez, FPO AE 25145', 'city': 'Phelpsfurt', 'pincode': '33967', 'region': 'Louisiana', 'customer_type': 'Retail', 'preferred_channel': 'SMS', 'language': 'Hindi', 'updated_at': Timestamp('2025-10-22 15:43:26.509765')}, {'customer_key': '7e61e8b8-850b-47db-974c-512bc6b7d8b0', 'customer_id': 15100, 'country': 'United Kingdom', 'first_name': 'Kari', 'last_name': 'Patterson', 'title': 'Ms.', 'gender': 'Female', 'dob': datetime.date(1970, 3, 31), 'age': 55, 'marital_status': 'Divorced', 'phone_no': '7554383716', 'email': 'bradleypayne@example.org', 'address': '0862 Gutierrez Court Apt. 810, Ballardside, UT 96184', 'city': 'Port Bobtown', 'pincode': '51563', 'region': 'Maine', 'customer_type': 'Wholesale', 'preferred_channel': 'SMS', 'language': 'Hindi', 'updated_at': Timestamp('2025-10-22 15:43:26.509765')}, {'customer_key': 'a06c2521-088a-4723-b36d-8b5d6eab893e', 'customer_id': 15291, 'country': 'United Kingdom', 'first_name': 'Lisa', 'last_name': 'Benjamin', 'title': 'Ms.', 'gender': 'Female', 'dob': datetime.date(1991, 3, 1), 'age': 34, 'marital_status': 'Single', 'phone_no': '(451)731-7815', 'email': 'bsoto@example.net', 'address': '2743 Avila Plains, North James, PR 03161', 'city': 'Lake Scottville', 'pincode': '88119', 'region': 'Nevada', 'customer_type': 'Corporate', 'preferred_channel': 'SMS', 'language': 'Spanish', 'updated_at': Timestamp('2025-10-22 15:43:26.509765')}, {'customer_key': '2fbdc238-fe84-49ee-ba64-00d53e878b90', 'customer_id': 14688, 'country': 'United Kingdom', 'first_name': 'Michael', 'last_name': 'Mason', 'title': 'Mr.', 'gender': 'Male', 'dob': datetime.date(1989, 2, 5), 'age': 36, 'marital_status': 'Married', 'phone_no': '732.238.2971x291', 'email': 'anthony33@example.com', 'address': 'Unit 7254 Box 2060, DPO AE 68461', 'city': 'Costahaven', 'pincode': '03897', 'region': 'Illinois', 'customer_type': 'Retail', 'preferred_channel': 'SMS', 'language': 'French', 'updated_at': Timestamp('2025-10-22 15:43:26.509765')}, {'customer_key': '273b7440-dbeb-4357-b971-c202b413ce77', 'customer_id': 17809, 'country': 'United Kingdom', 'first_name': 'Richard', 'last_name': 'Johnson', 'title': 'Mr.', 'gender': 'Male', 'dob': datetime.date(1961, 6, 29), 'age': 64, 'marital_status': 'Single', 'phone_no': '958-878-3097', 'email': 'samantha75@example.net', 'address': '248 Stewart Island, South Donald, FM 58401', 'city': 'Williamstad', 'pincode': '68172', 'region': 'Washington', 'customer_type': 'Retail', 'preferred_channel': 'Email', 'language': 'Hindi', 'updated_at': Timestamp('2025-10-22 15:43:26.509765')}  ... displaying 10 of 49 total bound parameter sets ...  {'customer_key': '475e2221-7620-451f-b506-08ff008100d9', 'customer_id': 17951, 'country': 'United Kingdom', 'first_name': 'Darrell', 'last_name': 'Green', 'title': 'Mr.', 'gender': 'Male', 'dob': datetime.date(1979, 8, 22), 'age': 46, 'marital_status': 'Divorced', 'phone_no': '320.502.4555x135', 'email': 'frodriguez@example.com', 'address': '71630 Bowman Glen Suite 267, South Tony, MI 75191', 'city': 'North Louis', 'pincode': '58972', 'region': 'Maine', 'customer_type': 'Wholesale', 'preferred_channel': 'WhatsApp', 'language': 'Hindi', 'updated_at': Timestamp('2025-10-22 15:43:26.509765')}, {'customer_key': '555471ab-c28b-46e1-b9b0-ad8bf228596b', 'customer_id': 14729, 'country': 'United Kingdom', 'first_name': 'Collin', 'last_name': 'Hansen', 'title': 'Mr.', 'gender': 'Male', 'dob': datetime.date(1988, 6, 13), 'age': 37, 'marital_status': 'Married', 'phone_no': '+1-900-548-3313x10093', 'email': 'andrewrobinson@example.org', 'address': '4642 Morales Neck Suite 364, North Christopherfurt, NC 84218', 'city': 'South Nancychester', 'pincode': '35670', 'region': 'North Carolina', 'customer_type': 'Wholesale', 'preferred_channel': 'SMS', 'language': 'Spanish', 'updated_at': Timestamp('2025-10-22 15:43:26.509765')})]
(Background on this error at: https://sqlalche.me/e/14/gkpj); 6228)
[2025-10-22T15:43:26.666+0000] {local_task_job_runner.py:234} INFO - Task exited with return code 1
[2025-10-22T15:43:26.701+0000] {taskinstance.py:3280} INFO - 0 downstream tasks scheduled from follow-on schedule check
