[2025-10-13T05:50:02.260+0000] {taskinstance.py:1956} INFO - Dependencies all met for dep_context=non-requeueable deps ti=<TaskInstance: fact_sales_dag.load_fact_sales scheduled__2025-10-13T05:45:00+00:00 [queued]>
[2025-10-13T05:50:02.286+0000] {taskinstance.py:1956} INFO - Dependencies all met for dep_context=requeueable deps ti=<TaskInstance: fact_sales_dag.load_fact_sales scheduled__2025-10-13T05:45:00+00:00 [queued]>
[2025-10-13T05:50:02.287+0000] {taskinstance.py:2170} INFO - Starting attempt 1 of 1
[2025-10-13T05:50:02.306+0000] {taskinstance.py:2191} INFO - Executing <Task(PythonOperator): load_fact_sales> on 2025-10-13 05:45:00+00:00
[2025-10-13T05:50:02.311+0000] {standard_task_runner.py:60} INFO - Started process 868 to run task
[2025-10-13T05:50:02.315+0000] {standard_task_runner.py:87} INFO - Running: ['***', 'tasks', 'run', 'fact_sales_dag', 'load_fact_sales', 'scheduled__2025-10-13T05:45:00+00:00', '--job-id', '149', '--raw', '--subdir', 'DAGS_FOLDER/fact_sales_dag.py', '--cfg-path', '/tmp/tmpo77vydn2']
[2025-10-13T05:50:02.317+0000] {standard_task_runner.py:88} INFO - Job 149: Subtask load_fact_sales
[2025-10-13T05:50:02.387+0000] {task_command.py:423} INFO - Running <TaskInstance: fact_sales_dag.load_fact_sales scheduled__2025-10-13T05:45:00+00:00 [running]> on host cd1b8c665937
[2025-10-13T05:50:02.502+0000] {taskinstance.py:2480} INFO - Exporting env vars: AIRFLOW_CTX_DAG_OWNER='***' AIRFLOW_CTX_DAG_ID='fact_sales_dag' AIRFLOW_CTX_TASK_ID='load_fact_sales' AIRFLOW_CTX_EXECUTION_DATE='2025-10-13T05:45:00+00:00' AIRFLOW_CTX_TRY_NUMBER='1' AIRFLOW_CTX_DAG_RUN_ID='scheduled__2025-10-13T05:45:00+00:00'
[2025-10-13T05:50:02.503+0000] {logging_mixin.py:188} INFO - 🚀 Starting fact_sales ETL pipeline
[2025-10-13T05:50:02.525+0000] {logging_mixin.py:188} INFO - 🕓 Last SUCCESS run for fact_sales: 2025-10-13 05:49:52.441737
[2025-10-13T05:50:02.526+0000] {logging_mixin.py:188} INFO - ✅ Last successful run found: 2025-10-13 05:49:52.441737
[2025-10-13T05:50:09.927+0000] {warnings.py:109} WARNING - /opt/***/dags/etl_scripts/sales_etl.py:37: UserWarning: Parsing dates in %d/%m/%Y %I:%M:%S %p format when dayfirst=False (the default) was specified. Pass `dayfirst=True` or specify a format to silence this warning.
  df["InDate"] = pd.to_datetime(df["InDate"], errors="coerce")

[2025-10-13T05:50:09.930+0000] {logging_mixin.py:188} INFO - 🔍 Found 1 new sales records since last run.
[2025-10-13T05:50:19.099+0000] {warnings.py:109} WARNING - /opt/***/dags/etl_scripts/sales_etl.py:59: SettingWithCopyWarning: 
A value is trying to be set on a copy of a slice from a DataFrame

See the caveats in the documentation: https://pandas.pydata.org/pandas-docs/stable/user_guide/indexing.html#returning-a-view-versus-a-copy
  new_data.rename(columns={

[2025-10-13T05:50:19.406+0000] {logging_mixin.py:188} INFO - ✅ Successfully loaded 58 records into fact_sales
[2025-10-13T05:50:19.412+0000] {logging_mixin.py:188} INFO - 🟩 Logged ETL run for fact_sales: success at 2025-10-13 05:50:19.408829
[2025-10-13T05:50:19.413+0000] {logging_mixin.py:188} INFO - 🟩 fact_sales ETL completed successfully.
[2025-10-13T05:50:20.036+0000] {python.py:201} INFO - Done. Returned value was: None
[2025-10-13T05:50:20.052+0000] {taskinstance.py:1138} INFO - Marking task as SUCCESS. dag_id=fact_sales_dag, task_id=load_fact_sales, execution_date=20251013T054500, start_date=20251013T055002, end_date=20251013T055020
[2025-10-13T05:50:20.061+0000] {logging_mixin.py:188} INFO - 🟩 Logged ETL run for fact_sales: success at 2025-10-13 05:50:20.053912
[2025-10-13T05:50:20.099+0000] {local_task_job_runner.py:234} INFO - Task exited with return code 0
[2025-10-13T05:50:20.123+0000] {taskinstance.py:3280} INFO - 0 downstream tasks scheduled from follow-on schedule check
