[2025-10-22T05:08:53.368+0000] {taskinstance.py:1956} INFO - Dependencies all met for dep_context=non-requeueable deps ti=<TaskInstance: sales_pipeline_master_dag.load_dim_date manual__2025-10-22T05:08:49.814040+00:00 [queued]>
[2025-10-22T05:08:53.381+0000] {taskinstance.py:1956} INFO - Dependencies all met for dep_context=requeueable deps ti=<TaskInstance: sales_pipeline_master_dag.load_dim_date manual__2025-10-22T05:08:49.814040+00:00 [queued]>
[2025-10-22T05:08:53.382+0000] {taskinstance.py:2170} INFO - Starting attempt 1 of 1
[2025-10-22T05:08:53.408+0000] {taskinstance.py:2191} INFO - Executing <Task(PythonOperator): load_dim_date> on 2025-10-22 05:08:49.814040+00:00
[2025-10-22T05:08:53.416+0000] {standard_task_runner.py:60} INFO - Started process 2306 to run task
[2025-10-22T05:08:53.423+0000] {standard_task_runner.py:87} INFO - Running: ['***', 'tasks', 'run', 'sales_pipeline_master_dag', 'load_dim_date', 'manual__2025-10-22T05:08:49.814040+00:00', '--job-id', '275', '--raw', '--subdir', 'DAGS_FOLDER/dim_customer_dag.py', '--cfg-path', '/tmp/tmpvo2t87fm']
[2025-10-22T05:08:53.425+0000] {standard_task_runner.py:88} INFO - Job 275: Subtask load_dim_date
[2025-10-22T05:08:53.525+0000] {task_command.py:423} INFO - Running <TaskInstance: sales_pipeline_master_dag.load_dim_date manual__2025-10-22T05:08:49.814040+00:00 [running]> on host 73b97317d540
[2025-10-22T05:08:53.744+0000] {taskinstance.py:2480} INFO - Exporting env vars: AIRFLOW_CTX_DAG_OWNER='***' AIRFLOW_CTX_DAG_ID='sales_pipeline_master_dag' AIRFLOW_CTX_TASK_ID='load_dim_date' AIRFLOW_CTX_EXECUTION_DATE='2025-10-22T05:08:49.814040+00:00' AIRFLOW_CTX_TRY_NUMBER='1' AIRFLOW_CTX_DAG_RUN_ID='manual__2025-10-22T05:08:49.814040+00:00'
[2025-10-22T05:08:53.747+0000] {logging_mixin.py:188} INFO -  Starting dim_date ETL pipeline
[2025-10-22T05:08:53.781+0000] {logging_mixin.py:188} INFO -  Last SUCCESS run for dim_date: 2025-10-22 04:17:52.589969
[2025-10-22T05:08:53.782+0000] {logging_mixin.py:188} INFO -  Last successful run found: 2025-10-22 04:17:52.589969
[2025-10-22T05:09:05.681+0000] {warnings.py:109} WARNING - /opt/***/dags/etl_scripts/date_etl.py:36: UserWarning: Parsing dates in %d/%m/%Y %I:%M:%S %p format when dayfirst=False (the default) was specified. Pass `dayfirst=True` or specify a format to silence this warning.
  df["InDate"] = pd.to_datetime(df["InDate"], errors="coerce")

[2025-10-22T05:09:05.767+0000] {logging_mixin.py:188} INFO -  Found 1 new date records since last run.
[2025-10-22T05:09:05.802+0000] {taskinstance.py:2698} ERROR - Task failed with exception
Traceback (most recent call last):
  File "/home/airflow/.local/lib/python3.8/site-packages/sqlalchemy/engine/base.py", line 1810, in _execute_context
    context = constructor(
  File "/home/airflow/.local/lib/python3.8/site-packages/sqlalchemy/engine/default.py", line 1001, in _init_compiled
    self.compiled_parameters = [
  File "/home/airflow/.local/lib/python3.8/site-packages/sqlalchemy/engine/default.py", line 1002, in <listcomp>
    compiled.construct_params(
  File "/home/airflow/.local/lib/python3.8/site-packages/sqlalchemy/sql/compiler.py", line 1026, in construct_params
    raise exc.InvalidRequestError(
sqlalchemy.exc.InvalidRequestError: A value is required for bind parameter 'year' (Background on this error at: https://sqlalche.me/e/14/cd3x)

The above exception was the direct cause of the following exception:

Traceback (most recent call last):
  File "/home/airflow/.local/lib/python3.8/site-packages/airflow/models/taskinstance.py", line 433, in _execute_task
    result = execute_callable(context=context, **execute_callable_kwargs)
  File "/home/airflow/.local/lib/python3.8/site-packages/airflow/operators/python.py", line 199, in execute
    return_value = self.execute_callable()
  File "/home/airflow/.local/lib/python3.8/site-packages/airflow/operators/python.py", line 216, in execute_callable
    return self.python_callable(*self.op_args, **self.op_kwargs)
  File "/opt/airflow/dags/etl_scripts/date_etl.py", line 88, in run_date_etl
    upsert_dimension(
  File "/opt/airflow/dags/etl_scripts/common_utils.py", line 76, in upsert_dimension
    conn.execute(sql, rows_prepped)
  File "/home/airflow/.local/lib/python3.8/site-packages/sqlalchemy/engine/base.py", line 1385, in execute
    return meth(self, multiparams, params, _EMPTY_EXECUTION_OPTS)
  File "/home/airflow/.local/lib/python3.8/site-packages/sqlalchemy/sql/elements.py", line 334, in _execute_on_connection
    return connection._execute_clauseelement(
  File "/home/airflow/.local/lib/python3.8/site-packages/sqlalchemy/engine/base.py", line 1577, in _execute_clauseelement
    ret = self._execute_context(
  File "/home/airflow/.local/lib/python3.8/site-packages/sqlalchemy/engine/base.py", line 1816, in _execute_context
    self._handle_dbapi_exception(
  File "/home/airflow/.local/lib/python3.8/site-packages/sqlalchemy/engine/base.py", line 2134, in _handle_dbapi_exception
    util.raise_(
  File "/home/airflow/.local/lib/python3.8/site-packages/sqlalchemy/util/compat.py", line 211, in raise_
    raise exception
  File "/home/airflow/.local/lib/python3.8/site-packages/sqlalchemy/engine/base.py", line 1810, in _execute_context
    context = constructor(
  File "/home/airflow/.local/lib/python3.8/site-packages/sqlalchemy/engine/default.py", line 1001, in _init_compiled
    self.compiled_parameters = [
  File "/home/airflow/.local/lib/python3.8/site-packages/sqlalchemy/engine/default.py", line 1002, in <listcomp>
    compiled.construct_params(
  File "/home/airflow/.local/lib/python3.8/site-packages/sqlalchemy/sql/compiler.py", line 1026, in construct_params
    raise exc.InvalidRequestError(
sqlalchemy.exc.StatementError: (sqlalchemy.exc.InvalidRequestError) A value is required for bind parameter 'year'
[SQL: 
        INSERT INTO dim_date (date_key, date, year, month, day, quarter, updated_at)
        VALUES (%(date_key)s, %(date)s, %(year)s, %(month)s, %(day)s, %(quarter)s, %(updated_at)s)
        ON CONFLICT (date) DO UPDATE
        SET year=EXCLUDED.year, month=EXCLUDED.month, day=EXCLUDED.day, quarter=EXCLUDED.quarter, updated_at=EXCLUDED.updated_at
        ]
[parameters: [{'date_key': 20101201, 'date': Timestamp('2010-12-01 08:26:00'), 'Year': 2025, 'Month': 12, 'Day': 18, 'Quarter': 4, 'updated_at': Timestamp('2025-10-22 05:09:05.773050')}]]
(Background on this error at: https://sqlalche.me/e/14/cd3x)
[2025-10-22T05:09:05.835+0000] {taskinstance.py:1138} INFO - Marking task as FAILED. dag_id=sales_pipeline_master_dag, task_id=load_dim_date, execution_date=20251022T050849, start_date=20251022T050853, end_date=20251022T050905
[2025-10-22T05:09:05.839+0000] {logging_mixin.py:188} INFO -  Logged ETL run for dim_customer: failed at 2025-10-22 05:09:05.836039
[2025-10-22T05:09:05.840+0000] {logging_mixin.py:188} INFO - Task load_dim_date in DAG sales_pipeline_master_dag failed!
[2025-10-22T05:09:05.861+0000] {standard_task_runner.py:107} ERROR - Failed to execute job 275 for task load_dim_date ((sqlalchemy.exc.InvalidRequestError) A value is required for bind parameter 'year'
[SQL: 
        INSERT INTO dim_date (date_key, date, year, month, day, quarter, updated_at)
        VALUES (%(date_key)s, %(date)s, %(year)s, %(month)s, %(day)s, %(quarter)s, %(updated_at)s)
        ON CONFLICT (date) DO UPDATE
        SET year=EXCLUDED.year, month=EXCLUDED.month, day=EXCLUDED.day, quarter=EXCLUDED.quarter, updated_at=EXCLUDED.updated_at
        ]
[parameters: [{'date_key': 20101201, 'date': Timestamp('2010-12-01 08:26:00'), 'Year': 2025, 'Month': 12, 'Day': 18, 'Quarter': 4, 'updated_at': Timestamp('2025-10-22 05:09:05.773050')}]]
(Background on this error at: https://sqlalche.me/e/14/cd3x); 2306)
[2025-10-22T05:09:05.899+0000] {local_task_job_runner.py:234} INFO - Task exited with return code 1
[2025-10-22T05:09:05.944+0000] {taskinstance.py:3280} INFO - 0 downstream tasks scheduled from follow-on schedule check
