[2025-10-09T09:15:04.757+0000] {taskinstance.py:1956} INFO - Dependencies all met for dep_context=non-requeueable deps ti=<TaskInstance: run_sample_data_every_15min.sampleDataScript scheduled__2025-10-09T09:00:00+00:00 [queued]>
[2025-10-09T09:15:04.770+0000] {taskinstance.py:1956} INFO - Dependencies all met for dep_context=requeueable deps ti=<TaskInstance: run_sample_data_every_15min.sampleDataScript scheduled__2025-10-09T09:00:00+00:00 [queued]>
[2025-10-09T09:15:04.771+0000] {taskinstance.py:2170} INFO - Starting attempt 1 of 2
[2025-10-09T09:15:04.791+0000] {taskinstance.py:2191} INFO - Executing <Task(PythonOperator): sampleDataScript> on 2025-10-09 09:00:00+00:00
[2025-10-09T09:15:04.798+0000] {standard_task_runner.py:60} INFO - Started process 941 to run task
[2025-10-09T09:15:04.804+0000] {standard_task_runner.py:87} INFO - Running: ['***', 'tasks', 'run', 'run_sample_data_every_15min', 'sampleDataScript', 'scheduled__2025-10-09T09:00:00+00:00', '--job-id', '67', '--raw', '--subdir', 'DAGS_FOLDER/dag_file.py', '--cfg-path', '/tmp/tmpsxwejjwi']
[2025-10-09T09:15:04.808+0000] {standard_task_runner.py:88} INFO - Job 67: Subtask sampleDataScript
[2025-10-09T09:15:04.898+0000] {task_command.py:423} INFO - Running <TaskInstance: run_sample_data_every_15min.sampleDataScript scheduled__2025-10-09T09:00:00+00:00 [running]> on host c9c6d5ce5327
[2025-10-09T09:15:05.065+0000] {taskinstance.py:2480} INFO - Exporting env vars: AIRFLOW_CTX_DAG_OWNER='***' AIRFLOW_CTX_DAG_ID='run_sample_data_every_15min' AIRFLOW_CTX_TASK_ID='sampleDataScript' AIRFLOW_CTX_EXECUTION_DATE='2025-10-09T09:00:00+00:00' AIRFLOW_CTX_TRY_NUMBER='1' AIRFLOW_CTX_DAG_RUN_ID='scheduled__2025-10-09T09:00:00+00:00'
[2025-10-09T09:15:05.085+0000] {logging_mixin.py:188} INFO - CSV loaded successfully!
[2025-10-09T09:15:05.202+0000] {logging_mixin.py:188} INFO - 
Customer Dimension:
[2025-10-09T09:15:05.203+0000] {logging_mixin.py:188} INFO - 
Product Dimension Table InProcess
[2025-10-09T09:15:05.273+0000] {logging_mixin.py:188} INFO - 
Product Dimension:
[2025-10-09T09:15:05.370+0000] {logging_mixin.py:188} INFO - Inserted 3 new customers
[2025-10-09T09:15:05.371+0000] {python.py:201} INFO - Done. Returned value was: None
[2025-10-09T09:15:05.406+0000] {taskinstance.py:1138} INFO - Marking task as SUCCESS. dag_id=run_sample_data_every_15min, task_id=sampleDataScript, execution_date=20251009T090000, start_date=20251009T091504, end_date=20251009T091505
[2025-10-09T09:15:05.458+0000] {local_task_job_runner.py:234} INFO - Task exited with return code 0
[2025-10-09T09:15:05.531+0000] {taskinstance.py:3280} INFO - 0 downstream tasks scheduled from follow-on schedule check
