[2025-10-15T11:59:22.192+0000] {taskinstance.py:1956} INFO - Dependencies all met for dep_context=non-requeueable deps ti=<TaskInstance: dim_customer_dag.load_dim_date manual__2025-10-15T11:58:53.515938+00:00 [queued]>
[2025-10-15T11:59:22.258+0000] {taskinstance.py:1956} INFO - Dependencies all met for dep_context=requeueable deps ti=<TaskInstance: dim_customer_dag.load_dim_date manual__2025-10-15T11:58:53.515938+00:00 [queued]>
[2025-10-15T11:59:22.306+0000] {taskinstance.py:2170} INFO - Starting attempt 1 of 1
[2025-10-15T11:59:22.380+0000] {taskinstance.py:2191} INFO - Executing <Task(PythonOperator): load_dim_date> on 2025-10-15 11:58:53.515938+00:00
[2025-10-15T11:59:22.392+0000] {standard_task_runner.py:60} INFO - Started process 75 to run task
[2025-10-15T11:59:22.398+0000] {standard_task_runner.py:87} INFO - Running: ['***', 'tasks', 'run', 'dim_customer_dag', 'load_dim_date', 'manual__2025-10-15T11:58:53.515938+00:00', '--job-id', '187', '--raw', '--subdir', 'DAGS_FOLDER/dim_customer_dag.py', '--cfg-path', '/tmp/tmpwz78sj8r']
[2025-10-15T11:59:22.401+0000] {standard_task_runner.py:88} INFO - Job 187: Subtask load_dim_date
[2025-10-15T11:59:22.500+0000] {task_command.py:423} INFO - Running <TaskInstance: dim_customer_dag.load_dim_date manual__2025-10-15T11:58:53.515938+00:00 [running]> on host e3a0754c9e1f
[2025-10-15T11:59:22.644+0000] {taskinstance.py:2480} INFO - Exporting env vars: AIRFLOW_CTX_DAG_OWNER='***' AIRFLOW_CTX_DAG_ID='dim_customer_dag' AIRFLOW_CTX_TASK_ID='load_dim_date' AIRFLOW_CTX_EXECUTION_DATE='2025-10-15T11:58:53.515938+00:00' AIRFLOW_CTX_TRY_NUMBER='1' AIRFLOW_CTX_DAG_RUN_ID='manual__2025-10-15T11:58:53.515938+00:00'
[2025-10-15T11:59:22.646+0000] {logging_mixin.py:188} INFO -  Starting dim_date ETL pipeline
[2025-10-15T11:59:22.675+0000] {logging_mixin.py:188} INFO -  Last SUCCESS run for dim_date: 2025-10-15 11:45:27.778941
[2025-10-15T11:59:22.676+0000] {logging_mixin.py:188} INFO -  Last successful run found: 2025-10-15 11:45:27.778941
[2025-10-15T11:59:30.875+0000] {warnings.py:109} WARNING - /opt/***/dags/etl_scripts/date_etl.py:36: UserWarning: Parsing dates in %d/%m/%Y %I:%M:%S %p format when dayfirst=False (the default) was specified. Pass `dayfirst=True` or specify a format to silence this warning.
  df["InDate"] = pd.to_datetime(df["InDate"], errors="coerce")

[2025-10-15T11:59:30.925+0000] {logging_mixin.py:188} INFO -  Found 1 new date records since last run.
[2025-10-15T11:59:30.955+0000] {logging_mixin.py:188} INFO -  Successfully loaded 1 records into dim_date
[2025-10-15T11:59:30.957+0000] {logging_mixin.py:188} INFO -  dim_date ETL completed successfully.
[2025-10-15T11:59:30.958+0000] {python.py:201} INFO - Done. Returned value was: None
[2025-10-15T11:59:30.972+0000] {taskinstance.py:1138} INFO - Marking task as SUCCESS. dag_id=dim_customer_dag, task_id=load_dim_date, execution_date=20251015T115853, start_date=20251015T115922, end_date=20251015T115930
[2025-10-15T11:59:30.977+0000] {logging_mixin.py:188} INFO -  Logged ETL run for dim_date: success at 2025-10-15 11:59:30.973449
[2025-10-15T11:59:31.023+0000] {local_task_job_runner.py:234} INFO - Task exited with return code 0
[2025-10-15T11:59:31.074+0000] {taskinstance.py:3280} INFO - 1 downstream tasks scheduled from follow-on schedule check
