[2025-10-22T03:48:32.014+0000] {taskinstance.py:1956} INFO - Dependencies all met for dep_context=non-requeueable deps ti=<TaskInstance: sales_pipeline_master_dag.load_fact_sales manual__2025-10-22T03:48:15.246809+00:00 [queued]>
[2025-10-22T03:48:32.025+0000] {taskinstance.py:1956} INFO - Dependencies all met for dep_context=requeueable deps ti=<TaskInstance: sales_pipeline_master_dag.load_fact_sales manual__2025-10-22T03:48:15.246809+00:00 [queued]>
[2025-10-22T03:48:32.026+0000] {taskinstance.py:2170} INFO - Starting attempt 1 of 1
[2025-10-22T03:48:32.046+0000] {taskinstance.py:2191} INFO - Executing <Task(PythonOperator): load_fact_sales> on 2025-10-22 03:48:15.246809+00:00
[2025-10-22T03:48:32.053+0000] {standard_task_runner.py:60} INFO - Started process 1003 to run task
[2025-10-22T03:48:32.057+0000] {standard_task_runner.py:87} INFO - Running: ['***', 'tasks', 'run', 'sales_pipeline_master_dag', 'load_fact_sales', 'manual__2025-10-22T03:48:15.246809+00:00', '--job-id', '228', '--raw', '--subdir', 'DAGS_FOLDER/dim_customer_dag.py', '--cfg-path', '/tmp/tmplwio4den']
[2025-10-22T03:48:32.059+0000] {standard_task_runner.py:88} INFO - Job 228: Subtask load_fact_sales
[2025-10-22T03:48:32.136+0000] {task_command.py:423} INFO - Running <TaskInstance: sales_pipeline_master_dag.load_fact_sales manual__2025-10-22T03:48:15.246809+00:00 [running]> on host 73b97317d540
[2025-10-22T03:48:32.263+0000] {taskinstance.py:2480} INFO - Exporting env vars: AIRFLOW_CTX_DAG_OWNER='***' AIRFLOW_CTX_DAG_ID='sales_pipeline_master_dag' AIRFLOW_CTX_TASK_ID='load_fact_sales' AIRFLOW_CTX_EXECUTION_DATE='2025-10-22T03:48:15.246809+00:00' AIRFLOW_CTX_TRY_NUMBER='1' AIRFLOW_CTX_DAG_RUN_ID='manual__2025-10-22T03:48:15.246809+00:00'
[2025-10-22T03:48:32.265+0000] {logging_mixin.py:188} INFO -  Starting fact_sales ETL pipeline
[2025-10-22T03:48:32.295+0000] {logging_mixin.py:188} INFO -  Last SUCCESS run for fact_sales: 2025-10-22 03:46:15.480626
[2025-10-22T03:48:32.296+0000] {logging_mixin.py:188} INFO -  Last successful run found: 2025-10-22 03:46:15.480626
[2025-10-22T03:48:43.032+0000] {warnings.py:109} WARNING - /opt/***/dags/etl_scripts/sales_etl.py:37: UserWarning: Parsing dates in %d/%m/%Y %I:%M:%S %p format when dayfirst=False (the default) was specified. Pass `dayfirst=True` or specify a format to silence this warning.
  df["InDate"] = pd.to_datetime(df["InDate"], errors="coerce")

[2025-10-22T03:48:43.036+0000] {logging_mixin.py:188} INFO -  Found 1 new sales records since last run.
[2025-10-22T03:48:51.911+0000] {warnings.py:109} WARNING - /opt/***/dags/etl_scripts/sales_etl.py:59: SettingWithCopyWarning: 
A value is trying to be set on a copy of a slice from a DataFrame

See the caveats in the documentation: https://pandas.pydata.org/pandas-docs/stable/user_guide/indexing.html#returning-a-view-versus-a-copy
  new_data.rename(columns={

[2025-10-22T03:48:52.210+0000] {logging_mixin.py:188} INFO -  Successfully loaded 12 records into fact_sales
[2025-10-22T03:48:52.216+0000] {logging_mixin.py:188} INFO -  fact_sales ETL completed successfully.
[2025-10-22T03:48:52.751+0000] {python.py:201} INFO - Done. Returned value was: None
[2025-10-22T03:48:52.769+0000] {taskinstance.py:1138} INFO - Marking task as SUCCESS. dag_id=sales_pipeline_master_dag, task_id=load_fact_sales, execution_date=20251022T034815, start_date=20251022T034832, end_date=20251022T034852
[2025-10-22T03:48:52.796+0000] {logging_mixin.py:188} INFO -  Logged ETL run for fact_sales: success at 2025-10-22 03:48:52.770567
[2025-10-22T03:48:52.887+0000] {local_task_job_runner.py:234} INFO - Task exited with return code 0
[2025-10-22T03:48:52.962+0000] {taskinstance.py:3280} INFO - 0 downstream tasks scheduled from follow-on schedule check
