[2025-10-14T05:50:41.816+0000] {taskinstance.py:1956} INFO - Dependencies all met for dep_context=non-requeueable deps ti=<TaskInstance: dim_product_dag.load_dim_product manual__2025-10-14T05:50:35.202253+00:00 [queued]>
[2025-10-14T05:50:41.841+0000] {taskinstance.py:1956} INFO - Dependencies all met for dep_context=requeueable deps ti=<TaskInstance: dim_product_dag.load_dim_product manual__2025-10-14T05:50:35.202253+00:00 [queued]>
[2025-10-14T05:50:41.843+0000] {taskinstance.py:2170} INFO - Starting attempt 1 of 1
[2025-10-14T05:50:41.881+0000] {taskinstance.py:2191} INFO - Executing <Task(PythonOperator): load_dim_product> on 2025-10-14 05:50:35.202253+00:00
[2025-10-14T05:50:41.891+0000] {standard_task_runner.py:60} INFO - Started process 5147 to run task
[2025-10-14T05:50:41.899+0000] {standard_task_runner.py:87} INFO - Running: ['***', 'tasks', 'run', 'dim_product_dag', 'load_dim_product', 'manual__2025-10-14T05:50:35.202253+00:00', '--job-id', '169', '--raw', '--subdir', 'DAGS_FOLDER/dim_product_dag.py', '--cfg-path', '/tmp/tmplde22uxo']
[2025-10-14T05:50:41.902+0000] {standard_task_runner.py:88} INFO - Job 169: Subtask load_dim_product
[2025-10-14T05:50:42.056+0000] {task_command.py:423} INFO - Running <TaskInstance: dim_product_dag.load_dim_product manual__2025-10-14T05:50:35.202253+00:00 [running]> on host cd1b8c665937
[2025-10-14T05:50:42.269+0000] {taskinstance.py:2480} INFO - Exporting env vars: AIRFLOW_CTX_DAG_OWNER='***' AIRFLOW_CTX_DAG_ID='dim_product_dag' AIRFLOW_CTX_TASK_ID='load_dim_product' AIRFLOW_CTX_EXECUTION_DATE='2025-10-14T05:50:35.202253+00:00' AIRFLOW_CTX_TRY_NUMBER='1' AIRFLOW_CTX_DAG_RUN_ID='manual__2025-10-14T05:50:35.202253+00:00'
[2025-10-14T05:50:42.273+0000] {logging_mixin.py:188} INFO - 🚀 Starting dim_product ETL pipeline
[2025-10-14T05:50:42.385+0000] {logging_mixin.py:188} INFO -  No successful run found for dim_product — will perform full load.
[2025-10-14T05:50:42.386+0000] {logging_mixin.py:188} INFO -  No successful run found — performing full load.
[2025-10-14T05:50:51.802+0000] {warnings.py:109} WARNING - /opt/***/dags/etl_scripts/product_etl.py:46: UserWarning: Parsing dates in %d/%m/%Y %I:%M:%S %p format when dayfirst=False (the default) was specified. Pass `dayfirst=True` or specify a format to silence this warning.
  df["in_date"] = pd.to_datetime(df["in_date"], errors="coerce")

[2025-10-14T05:50:51.884+0000] {logging_mixin.py:188} INFO -  First load — total records to insert: 10
[2025-10-14T05:50:51.968+0000] {logging_mixin.py:188} INFO -  Successfully loaded 10 records into dim_product
[2025-10-14T05:50:52.176+0000] {logging_mixin.py:188} INFO -  dim_product ETL completed successfully.
[2025-10-14T05:50:52.177+0000] {python.py:201} INFO - Done. Returned value was: None
[2025-10-14T05:50:52.194+0000] {taskinstance.py:1138} INFO - Marking task as SUCCESS. dag_id=dim_product_dag, task_id=load_dim_product, execution_date=20251014T055035, start_date=20251014T055041, end_date=20251014T055052
[2025-10-14T05:50:52.198+0000] {logging_mixin.py:188} INFO -  Logged ETL run for dim_product: success at 2025-10-14 05:50:52.195275
[2025-10-14T05:50:52.264+0000] {local_task_job_runner.py:234} INFO - Task exited with return code 0
[2025-10-14T05:50:52.288+0000] {taskinstance.py:3280} INFO - 0 downstream tasks scheduled from follow-on schedule check
