[2025-10-22T15:06:55.434+0000] {taskinstance.py:1956} INFO - Dependencies all met for dep_context=non-requeueable deps ti=<TaskInstance: sales_pipeline_master_dag.load_dim_product manual__2025-10-22T15:06:50.020458+00:00 [queued]>
[2025-10-22T15:06:55.475+0000] {taskinstance.py:1956} INFO - Dependencies all met for dep_context=requeueable deps ti=<TaskInstance: sales_pipeline_master_dag.load_dim_product manual__2025-10-22T15:06:50.020458+00:00 [queued]>
[2025-10-22T15:06:55.485+0000] {taskinstance.py:2170} INFO - Starting attempt 1 of 1
[2025-10-22T15:06:55.533+0000] {taskinstance.py:2191} INFO - Executing <Task(PythonOperator): load_dim_product> on 2025-10-22 15:06:50.020458+00:00
[2025-10-22T15:06:55.545+0000] {standard_task_runner.py:60} INFO - Started process 5674 to run task
[2025-10-22T15:06:55.554+0000] {standard_task_runner.py:87} INFO - Running: ['***', 'tasks', 'run', 'sales_pipeline_master_dag', 'load_dim_product', 'manual__2025-10-22T15:06:50.020458+00:00', '--job-id', '359', '--raw', '--subdir', 'DAGS_FOLDER/dim_customer_dag.py', '--cfg-path', '/tmp/tmpyckfyo2x']
[2025-10-22T15:06:55.558+0000] {standard_task_runner.py:88} INFO - Job 359: Subtask load_dim_product
[2025-10-22T15:06:55.742+0000] {task_command.py:423} INFO - Running <TaskInstance: sales_pipeline_master_dag.load_dim_product manual__2025-10-22T15:06:50.020458+00:00 [running]> on host 73b97317d540
[2025-10-22T15:06:56.053+0000] {taskinstance.py:2480} INFO - Exporting env vars: AIRFLOW_CTX_DAG_OWNER='***' AIRFLOW_CTX_DAG_ID='sales_pipeline_master_dag' AIRFLOW_CTX_TASK_ID='load_dim_product' AIRFLOW_CTX_EXECUTION_DATE='2025-10-22T15:06:50.020458+00:00' AIRFLOW_CTX_TRY_NUMBER='1' AIRFLOW_CTX_DAG_RUN_ID='manual__2025-10-22T15:06:50.020458+00:00'
[2025-10-22T15:06:56.059+0000] {logging_mixin.py:188} INFO - 🚀 Starting dim_product ETL pipeline
[2025-10-22T15:06:56.197+0000] {logging_mixin.py:188} INFO -  Last SUCCESS run for dim_product: 2025-10-22 15:01:38.912872
[2025-10-22T15:06:56.198+0000] {logging_mixin.py:188} INFO -  Last successful run found: 2025-10-22 15:01:38.912872
[2025-10-22T15:07:07.487+0000] {warnings.py:109} WARNING - /opt/***/dags/etl_scripts/product_etl.py:46: UserWarning: Parsing dates in %d/%m/%Y %I:%M:%S %p format when dayfirst=False (the default) was specified. Pass `dayfirst=True` or specify a format to silence this warning.
  df["in_date"] = pd.to_datetime(df["in_date"], errors="coerce")

[2025-10-22T15:07:08.434+0000] {logging_mixin.py:188} INFO - 🔍 Found 1 new/updated product records since last run.
[2025-10-22T15:07:08.450+0000] {logging_mixin.py:188} INFO - ✅ Verified: dim_product table exists in database.
[2025-10-22T15:07:08.465+0000] {logging_mixin.py:188} INFO - Inserted/Upserted 1 rows into dim_product
[2025-10-22T15:07:08.469+0000] {logging_mixin.py:188} INFO - Upsert completed: 1 records processed into dim_product.
[2025-10-22T15:07:08.470+0000] {logging_mixin.py:188} INFO -  dim_product ETL completed successfully.
[2025-10-22T15:07:08.472+0000] {python.py:201} INFO - Done. Returned value was: None
[2025-10-22T15:07:08.503+0000] {taskinstance.py:1138} INFO - Marking task as SUCCESS. dag_id=sales_pipeline_master_dag, task_id=load_dim_product, execution_date=20251022T150650, start_date=20251022T150655, end_date=20251022T150708
[2025-10-22T15:07:08.510+0000] {logging_mixin.py:188} INFO -  Logged ETL run for dim_product: success at 2025-10-22 15:07:08.504483
[2025-10-22T15:07:08.572+0000] {local_task_job_runner.py:234} INFO - Task exited with return code 0
[2025-10-22T15:07:08.608+0000] {taskinstance.py:3280} INFO - 0 downstream tasks scheduled from follow-on schedule check
