[2025-10-12T14:11:17.782+0000] {taskinstance.py:1956} INFO - Dependencies all met for dep_context=non-requeueable deps ti=<TaskInstance: fact_sales_dag.load_fact_sales manual__2025-10-12T14:11:13.669637+00:00 [queued]>
[2025-10-12T14:11:17.800+0000] {taskinstance.py:1956} INFO - Dependencies all met for dep_context=requeueable deps ti=<TaskInstance: fact_sales_dag.load_fact_sales manual__2025-10-12T14:11:13.669637+00:00 [queued]>
[2025-10-12T14:11:17.801+0000] {taskinstance.py:2170} INFO - Starting attempt 1 of 1
[2025-10-12T14:11:17.835+0000] {taskinstance.py:2191} INFO - Executing <Task(PythonOperator): load_fact_sales> on 2025-10-12 14:11:13.669637+00:00
[2025-10-12T14:11:17.845+0000] {standard_task_runner.py:60} INFO - Started process 3569 to run task
[2025-10-12T14:11:17.852+0000] {standard_task_runner.py:87} INFO - Running: ['***', 'tasks', 'run', 'fact_sales_dag', 'load_fact_sales', 'manual__2025-10-12T14:11:13.669637+00:00', '--job-id', '131', '--raw', '--subdir', 'DAGS_FOLDER/fact_sales_dag.py', '--cfg-path', '/tmp/tmpnqna7gz2']
[2025-10-12T14:11:17.855+0000] {standard_task_runner.py:88} INFO - Job 131: Subtask load_fact_sales
[2025-10-12T14:11:17.972+0000] {task_command.py:423} INFO - Running <TaskInstance: fact_sales_dag.load_fact_sales manual__2025-10-12T14:11:13.669637+00:00 [running]> on host ba936f2a330d
[2025-10-12T14:11:18.242+0000] {taskinstance.py:2480} INFO - Exporting env vars: AIRFLOW_CTX_DAG_OWNER='***' AIRFLOW_CTX_DAG_ID='fact_sales_dag' AIRFLOW_CTX_TASK_ID='load_fact_sales' AIRFLOW_CTX_EXECUTION_DATE='2025-10-12T14:11:13.669637+00:00' AIRFLOW_CTX_TRY_NUMBER='1' AIRFLOW_CTX_DAG_RUN_ID='manual__2025-10-12T14:11:13.669637+00:00'
[2025-10-12T14:11:18.247+0000] {logging_mixin.py:188} INFO - 🚀 Starting fact_sales ETL pipeline
[2025-10-12T14:11:18.291+0000] {logging_mixin.py:188} INFO - ⚠️ No successful run found for fact_sales — will perform full load.
[2025-10-12T14:11:18.291+0000] {logging_mixin.py:188} INFO - ⚠️ No successful run found — performing full load.
[2025-10-12T14:11:30.636+0000] {logging_mixin.py:188} INFO - 🆕 First load — total sales records: 10
[2025-10-12T14:11:30.678+0000] {taskinstance.py:2698} ERROR - Task failed with exception
Traceback (most recent call last):
  File "/home/airflow/.local/lib/python3.8/site-packages/sqlalchemy/engine/base.py", line 1890, in _execute_context
    self.dialect.do_executemany(
  File "/home/airflow/.local/lib/python3.8/site-packages/sqlalchemy/dialects/postgresql/psycopg2.py", line 982, in do_executemany
    context._psycopg2_fetched_rows = xtras.execute_values(
  File "/home/airflow/.local/lib/python3.8/site-packages/psycopg2/extras.py", line 1299, in execute_values
    cur.execute(b''.join(parts))
psycopg2.errors.UndefinedColumn: column "in_date" of relation "fact_sales" does not exist
LINE 1: ...o, stock_code, quantity, unit_price, customer_id, in_date, u...
                                                             ^


The above exception was the direct cause of the following exception:

Traceback (most recent call last):
  File "/home/airflow/.local/lib/python3.8/site-packages/airflow/models/taskinstance.py", line 433, in _execute_task
    result = execute_callable(context=context, **execute_callable_kwargs)
  File "/home/airflow/.local/lib/python3.8/site-packages/airflow/operators/python.py", line 199, in execute
    return_value = self.execute_callable()
  File "/home/airflow/.local/lib/python3.8/site-packages/airflow/operators/python.py", line 216, in execute_callable
    return self.python_callable(*self.op_args, **self.op_kwargs)
  File "/opt/airflow/dags/etl_scripts/sales_etl.py", line 83, in run_sales_etl
    fact_sales.to_sql(table_name, engine, if_exists=if_exists_mode, index=False)
  File "/home/airflow/.local/lib/python3.8/site-packages/pandas/core/generic.py", line 2878, in to_sql
    return sql.to_sql(
  File "/home/airflow/.local/lib/python3.8/site-packages/pandas/io/sql.py", line 769, in to_sql
    return pandas_sql.to_sql(
  File "/home/airflow/.local/lib/python3.8/site-packages/pandas/io/sql.py", line 1920, in to_sql
    total_inserted = sql_engine.insert_records(
  File "/home/airflow/.local/lib/python3.8/site-packages/pandas/io/sql.py", line 1470, in insert_records
    raise err
  File "/home/airflow/.local/lib/python3.8/site-packages/pandas/io/sql.py", line 1461, in insert_records
    return table.insert(chunksize=chunksize, method=method)
  File "/home/airflow/.local/lib/python3.8/site-packages/pandas/io/sql.py", line 1023, in insert
    num_inserted = exec_insert(conn, keys, chunk_iter)
  File "/home/airflow/.local/lib/python3.8/site-packages/pandas/io/sql.py", line 929, in _execute_insert
    result = conn.execute(self.table.insert(), data)
  File "/home/airflow/.local/lib/python3.8/site-packages/sqlalchemy/engine/base.py", line 1385, in execute
    return meth(self, multiparams, params, _EMPTY_EXECUTION_OPTS)
  File "/home/airflow/.local/lib/python3.8/site-packages/sqlalchemy/sql/elements.py", line 334, in _execute_on_connection
    return connection._execute_clauseelement(
  File "/home/airflow/.local/lib/python3.8/site-packages/sqlalchemy/engine/base.py", line 1577, in _execute_clauseelement
    ret = self._execute_context(
  File "/home/airflow/.local/lib/python3.8/site-packages/sqlalchemy/engine/base.py", line 1953, in _execute_context
    self._handle_dbapi_exception(
  File "/home/airflow/.local/lib/python3.8/site-packages/sqlalchemy/engine/base.py", line 2134, in _handle_dbapi_exception
    util.raise_(
  File "/home/airflow/.local/lib/python3.8/site-packages/sqlalchemy/util/compat.py", line 211, in raise_
    raise exception
  File "/home/airflow/.local/lib/python3.8/site-packages/sqlalchemy/engine/base.py", line 1890, in _execute_context
    self.dialect.do_executemany(
  File "/home/airflow/.local/lib/python3.8/site-packages/sqlalchemy/dialects/postgresql/psycopg2.py", line 982, in do_executemany
    context._psycopg2_fetched_rows = xtras.execute_values(
  File "/home/airflow/.local/lib/python3.8/site-packages/psycopg2/extras.py", line 1299, in execute_values
    cur.execute(b''.join(parts))
sqlalchemy.exc.ProgrammingError: (psycopg2.errors.UndefinedColumn) column "in_date" of relation "fact_sales" does not exist
LINE 1: ...o, stock_code, quantity, unit_price, customer_id, in_date, u...
                                                             ^

[SQL: INSERT INTO fact_sales (sales_key, invoice_no, stock_code, quantity, unit_price, customer_id, in_date, updated_at) VALUES (%(sales_key)s, %(invoice_no)s, %(stock_code)s, %(quantity)s, %(unit_price)s, %(customer_id)s, %(in_date)s, %(updated_at)s)]
[parameters: ({'sales_key': '0e06e32f-1b35-4fe3-a407-85aa6442b29c', 'invoice_no': '536365', 'stock_code': '85123A', 'quantity': 6, 'unit_price': 2.55, 'customer_id': 17850.0, 'in_date': datetime.datetime(2025, 10, 10, 8, 26), 'updated_at': datetime.datetime(2025, 10, 12, 14, 11, 30, 638704)}, {'sales_key': '1bb4b947-c135-400d-b502-253ac10906f1', 'invoice_no': '536365', 'stock_code': '71053', 'quantity': 6, 'unit_price': 3.39, 'customer_id': 17850.0, 'in_date': None, 'updated_at': datetime.datetime(2025, 10, 12, 14, 11, 30, 638704)}, {'sales_key': '21fd9312-3588-4623-bb3f-1c57d845a32d', 'invoice_no': '536365', 'stock_code': '84406B', 'quantity': 8, 'unit_price': 2.75, 'customer_id': 17850.0, 'in_date': datetime.datetime(2010, 12, 1, 8, 26), 'updated_at': datetime.datetime(2025, 10, 12, 14, 11, 30, 638704)}, {'sales_key': '90383028-1d05-4dee-ada6-3034d5fb976d', 'invoice_no': '536365', 'stock_code': '84029G', 'quantity': 6, 'unit_price': 3.39, 'customer_id': 17850.0, 'in_date': datetime.datetime(2010, 12, 1, 8, 26), 'updated_at': datetime.datetime(2025, 10, 12, 14, 11, 30, 638704)}, {'sales_key': 'bdbcd82e-ccf3-43d5-abec-fbb505e6b3a8', 'invoice_no': '536365', 'stock_code': '84029E', 'quantity': 6, 'unit_price': 3.39, 'customer_id': 17850.0, 'in_date': datetime.datetime(2010, 12, 1, 8, 26), 'updated_at': datetime.datetime(2025, 10, 12, 14, 11, 30, 638704)}, {'sales_key': '31c85160-6f55-4efc-850e-4e8eb4686060', 'invoice_no': '536365', 'stock_code': '22752', 'quantity': 2, 'unit_price': 7.65, 'customer_id': 17850.0, 'in_date': datetime.datetime(2010, 12, 1, 8, 26), 'updated_at': datetime.datetime(2025, 10, 12, 14, 11, 30, 638704)}, {'sales_key': '875ea500-2181-4f07-b42f-569471797851', 'invoice_no': '536365', 'stock_code': '21730', 'quantity': 6, 'unit_price': 4.25, 'customer_id': 17850.0, 'in_date': datetime.datetime(2010, 12, 1, 8, 26), 'updated_at': datetime.datetime(2025, 10, 12, 14, 11, 30, 638704)}, {'sales_key': '0df17554-51b2-42e9-9d20-c7920383a1a3', 'invoice_no': '536366', 'stock_code': '22633', 'quantity': 6, 'unit_price': 1.85, 'customer_id': 17850.0, 'in_date': datetime.datetime(2010, 12, 1, 8, 28), 'updated_at': datetime.datetime(2025, 10, 12, 14, 11, 30, 638704)}, {'sales_key': '6e92723a-d036-4511-b209-c8700d99cf6a', 'invoice_no': '536366', 'stock_code': '22632', 'quantity': 6, 'unit_price': 1.85, 'customer_id': 17850.0, 'in_date': datetime.datetime(2010, 12, 1, 8, 28), 'updated_at': datetime.datetime(2025, 10, 12, 14, 11, 30, 638704)}, {'sales_key': '12b8d42a-83de-4fc6-a774-aad6910e8dc5', 'invoice_no': '536367', 'stock_code': '84879', 'quantity': 32, 'unit_price': 1.69, 'customer_id': 13047.0, 'in_date': datetime.datetime(2010, 12, 1, 8, 34), 'updated_at': datetime.datetime(2025, 10, 12, 14, 11, 30, 638704)})]
(Background on this error at: https://sqlalche.me/e/14/f405)
[2025-10-12T14:11:30.708+0000] {taskinstance.py:1138} INFO - Marking task as FAILED. dag_id=fact_sales_dag, task_id=load_fact_sales, execution_date=20251012T141113, start_date=20251012T141117, end_date=20251012T141130
[2025-10-12T14:11:30.735+0000] {logging_mixin.py:188} INFO - 🟩 Logged ETL run for fact_sales: failed at 2025-10-12 14:11:30.709263
[2025-10-12T14:11:30.773+0000] {standard_task_runner.py:107} ERROR - Failed to execute job 131 for task load_fact_sales ((psycopg2.errors.UndefinedColumn) column "in_date" of relation "fact_sales" does not exist
LINE 1: ...o, stock_code, quantity, unit_price, customer_id, in_date, u...
                                                             ^

[SQL: INSERT INTO fact_sales (sales_key, invoice_no, stock_code, quantity, unit_price, customer_id, in_date, updated_at) VALUES (%(sales_key)s, %(invoice_no)s, %(stock_code)s, %(quantity)s, %(unit_price)s, %(customer_id)s, %(in_date)s, %(updated_at)s)]
[parameters: ({'sales_key': '0e06e32f-1b35-4fe3-a407-85aa6442b29c', 'invoice_no': '536365', 'stock_code': '85123A', 'quantity': 6, 'unit_price': 2.55, 'customer_id': 17850.0, 'in_date': datetime.datetime(2025, 10, 10, 8, 26), 'updated_at': datetime.datetime(2025, 10, 12, 14, 11, 30, 638704)}, {'sales_key': '1bb4b947-c135-400d-b502-253ac10906f1', 'invoice_no': '536365', 'stock_code': '71053', 'quantity': 6, 'unit_price': 3.39, 'customer_id': 17850.0, 'in_date': None, 'updated_at': datetime.datetime(2025, 10, 12, 14, 11, 30, 638704)}, {'sales_key': '21fd9312-3588-4623-bb3f-1c57d845a32d', 'invoice_no': '536365', 'stock_code': '84406B', 'quantity': 8, 'unit_price': 2.75, 'customer_id': 17850.0, 'in_date': datetime.datetime(2010, 12, 1, 8, 26), 'updated_at': datetime.datetime(2025, 10, 12, 14, 11, 30, 638704)}, {'sales_key': '90383028-1d05-4dee-ada6-3034d5fb976d', 'invoice_no': '536365', 'stock_code': '84029G', 'quantity': 6, 'unit_price': 3.39, 'customer_id': 17850.0, 'in_date': datetime.datetime(2010, 12, 1, 8, 26), 'updated_at': datetime.datetime(2025, 10, 12, 14, 11, 30, 638704)}, {'sales_key': 'bdbcd82e-ccf3-43d5-abec-fbb505e6b3a8', 'invoice_no': '536365', 'stock_code': '84029E', 'quantity': 6, 'unit_price': 3.39, 'customer_id': 17850.0, 'in_date': datetime.datetime(2010, 12, 1, 8, 26), 'updated_at': datetime.datetime(2025, 10, 12, 14, 11, 30, 638704)}, {'sales_key': '31c85160-6f55-4efc-850e-4e8eb4686060', 'invoice_no': '536365', 'stock_code': '22752', 'quantity': 2, 'unit_price': 7.65, 'customer_id': 17850.0, 'in_date': datetime.datetime(2010, 12, 1, 8, 26), 'updated_at': datetime.datetime(2025, 10, 12, 14, 11, 30, 638704)}, {'sales_key': '875ea500-2181-4f07-b42f-569471797851', 'invoice_no': '536365', 'stock_code': '21730', 'quantity': 6, 'unit_price': 4.25, 'customer_id': 17850.0, 'in_date': datetime.datetime(2010, 12, 1, 8, 26), 'updated_at': datetime.datetime(2025, 10, 12, 14, 11, 30, 638704)}, {'sales_key': '0df17554-51b2-42e9-9d20-c7920383a1a3', 'invoice_no': '536366', 'stock_code': '22633', 'quantity': 6, 'unit_price': 1.85, 'customer_id': 17850.0, 'in_date': datetime.datetime(2010, 12, 1, 8, 28), 'updated_at': datetime.datetime(2025, 10, 12, 14, 11, 30, 638704)}, {'sales_key': '6e92723a-d036-4511-b209-c8700d99cf6a', 'invoice_no': '536366', 'stock_code': '22632', 'quantity': 6, 'unit_price': 1.85, 'customer_id': 17850.0, 'in_date': datetime.datetime(2010, 12, 1, 8, 28), 'updated_at': datetime.datetime(2025, 10, 12, 14, 11, 30, 638704)}, {'sales_key': '12b8d42a-83de-4fc6-a774-aad6910e8dc5', 'invoice_no': '536367', 'stock_code': '84879', 'quantity': 32, 'unit_price': 1.69, 'customer_id': 13047.0, 'in_date': datetime.datetime(2010, 12, 1, 8, 34), 'updated_at': datetime.datetime(2025, 10, 12, 14, 11, 30, 638704)})]
(Background on this error at: https://sqlalche.me/e/14/f405); 3569)
[2025-10-12T14:11:30.879+0000] {local_task_job_runner.py:234} INFO - Task exited with return code 1
[2025-10-12T14:11:30.915+0000] {taskinstance.py:3280} INFO - 0 downstream tasks scheduled from follow-on schedule check
