[2025-10-12T13:40:13.407+0000] {taskinstance.py:1956} INFO - Dependencies all met for dep_context=non-requeueable deps ti=<TaskInstance: dim_product_dag.load_dim_product manual__2025-10-12T13:40:09.971197+00:00 [queued]>
[2025-10-12T13:40:13.420+0000] {taskinstance.py:1956} INFO - Dependencies all met for dep_context=requeueable deps ti=<TaskInstance: dim_product_dag.load_dim_product manual__2025-10-12T13:40:09.971197+00:00 [queued]>
[2025-10-12T13:40:13.421+0000] {taskinstance.py:2170} INFO - Starting attempt 1 of 1
[2025-10-12T13:40:13.455+0000] {taskinstance.py:2191} INFO - Executing <Task(PythonOperator): load_dim_product> on 2025-10-12 13:40:09.971197+00:00
[2025-10-12T13:40:13.465+0000] {standard_task_runner.py:60} INFO - Started process 3106 to run task
[2025-10-12T13:40:13.470+0000] {standard_task_runner.py:87} INFO - Running: ['***', 'tasks', 'run', 'dim_product_dag', 'load_dim_product', 'manual__2025-10-12T13:40:09.971197+00:00', '--job-id', '124', '--raw', '--subdir', 'DAGS_FOLDER/dim_product_dag.py', '--cfg-path', '/tmp/tmp2tcady7t']
[2025-10-12T13:40:13.472+0000] {standard_task_runner.py:88} INFO - Job 124: Subtask load_dim_product
[2025-10-12T13:40:13.585+0000] {task_command.py:423} INFO - Running <TaskInstance: dim_product_dag.load_dim_product manual__2025-10-12T13:40:09.971197+00:00 [running]> on host ba936f2a330d
[2025-10-12T13:40:13.806+0000] {taskinstance.py:2480} INFO - Exporting env vars: AIRFLOW_CTX_DAG_OWNER='***' AIRFLOW_CTX_DAG_ID='dim_product_dag' AIRFLOW_CTX_TASK_ID='load_dim_product' AIRFLOW_CTX_EXECUTION_DATE='2025-10-12T13:40:09.971197+00:00' AIRFLOW_CTX_TRY_NUMBER='1' AIRFLOW_CTX_DAG_RUN_ID='manual__2025-10-12T13:40:09.971197+00:00'
[2025-10-12T13:40:13.809+0000] {logging_mixin.py:188} INFO - 🚀 Starting dim_product ETL pipeline
[2025-10-12T13:40:13.960+0000] {logging_mixin.py:188} INFO - ⚠️ No successful run found for dim_product — will perform full load.
[2025-10-12T13:40:13.961+0000] {logging_mixin.py:188} INFO - ⚠️ No successful run found — performing full load.
[2025-10-12T13:40:26.169+0000] {logging_mixin.py:188} INFO - 🆕 First load — total records to insert: 10
[2025-10-12T13:40:26.226+0000] {logging_mixin.py:188} INFO - ✅ Successfully loaded 10 records into dim_product
[2025-10-12T13:40:29.965+0000] {logging_mixin.py:188} INFO - 🟩 Logged ETL run for dim_product: success at 2025-10-12 13:40:29.959703
[2025-10-12T13:40:29.966+0000] {logging_mixin.py:188} INFO - 🟩 dim_product ETL completed successfully.
[2025-10-12T13:40:29.967+0000] {python.py:201} INFO - Done. Returned value was: None
[2025-10-12T13:40:30.008+0000] {taskinstance.py:1138} INFO - Marking task as SUCCESS. dag_id=dim_product_dag, task_id=load_dim_product, execution_date=20251012T134009, start_date=20251012T134013, end_date=20251012T134030
[2025-10-12T13:40:30.030+0000] {logging_mixin.py:188} INFO - 🟩 Logged ETL run for dim_product: success at 2025-10-12 13:40:30.024444
[2025-10-12T13:40:30.099+0000] {local_task_job_runner.py:234} INFO - Task exited with return code 0
[2025-10-12T13:40:30.132+0000] {taskinstance.py:3280} INFO - 0 downstream tasks scheduled from follow-on schedule check
