[2025-10-22T13:56:34.434+0000] {taskinstance.py:1956} INFO - Dependencies all met for dep_context=non-requeueable deps ti=<TaskInstance: sales_pipeline_master_dag.load_dim_date manual__2025-10-22T13:56:28.771988+00:00 [queued]>
[2025-10-22T13:56:34.478+0000] {taskinstance.py:1956} INFO - Dependencies all met for dep_context=requeueable deps ti=<TaskInstance: sales_pipeline_master_dag.load_dim_date manual__2025-10-22T13:56:28.771988+00:00 [queued]>
[2025-10-22T13:56:34.480+0000] {taskinstance.py:2170} INFO - Starting attempt 1 of 1
[2025-10-22T13:56:34.562+0000] {taskinstance.py:2191} INFO - Executing <Task(PythonOperator): load_dim_date> on 2025-10-22 13:56:28.771988+00:00
[2025-10-22T13:56:34.577+0000] {standard_task_runner.py:60} INFO - Started process 4579 to run task
[2025-10-22T13:56:34.584+0000] {standard_task_runner.py:87} INFO - Running: ['***', 'tasks', 'run', 'sales_pipeline_master_dag', 'load_dim_date', 'manual__2025-10-22T13:56:28.771988+00:00', '--job-id', '324', '--raw', '--subdir', 'DAGS_FOLDER/dim_customer_dag.py', '--cfg-path', '/tmp/tmpozulh1gn']
[2025-10-22T13:56:34.588+0000] {standard_task_runner.py:88} INFO - Job 324: Subtask load_dim_date
[2025-10-22T13:56:34.814+0000] {task_command.py:423} INFO - Running <TaskInstance: sales_pipeline_master_dag.load_dim_date manual__2025-10-22T13:56:28.771988+00:00 [running]> on host 73b97317d540
[2025-10-22T13:56:35.041+0000] {taskinstance.py:2480} INFO - Exporting env vars: AIRFLOW_CTX_DAG_OWNER='***' AIRFLOW_CTX_DAG_ID='sales_pipeline_master_dag' AIRFLOW_CTX_TASK_ID='load_dim_date' AIRFLOW_CTX_EXECUTION_DATE='2025-10-22T13:56:28.771988+00:00' AIRFLOW_CTX_TRY_NUMBER='1' AIRFLOW_CTX_DAG_RUN_ID='manual__2025-10-22T13:56:28.771988+00:00'
[2025-10-22T13:56:35.044+0000] {logging_mixin.py:188} INFO -  Starting dim_date ETL pipeline
[2025-10-22T13:56:35.091+0000] {logging_mixin.py:188} INFO -  Last SUCCESS run for dim_date: 2025-10-22 13:55:54.456018
[2025-10-22T13:56:35.092+0000] {logging_mixin.py:188} INFO -  Last successful run found: 2025-10-22 13:55:54.456018
[2025-10-22T13:56:47.134+0000] {warnings.py:109} WARNING - /opt/***/dags/etl_scripts/date_etl.py:36: UserWarning: Parsing dates in %d/%m/%Y %I:%M:%S %p format when dayfirst=False (the default) was specified. Pass `dayfirst=True` or specify a format to silence this warning.
  df["InDate"] = pd.to_datetime(df["InDate"], errors="coerce")

[2025-10-22T13:56:47.216+0000] {logging_mixin.py:188} INFO -  Found 1 new date records since last run.
[2025-10-22T13:56:47.234+0000] {logging_mixin.py:188} INFO - Verified: dim_date table exists in database.
[2025-10-22T13:56:47.256+0000] {logging_mixin.py:188} INFO - Upserted 1 rows into dim_date
[2025-10-22T13:56:47.279+0000] {logging_mixin.py:188} INFO - ✅ Upsert completed: 1 records processed into dim_date.
[2025-10-22T13:56:47.280+0000] {logging_mixin.py:188} INFO -  dim_date ETL completed successfully.
[2025-10-22T13:56:47.282+0000] {python.py:201} INFO - Done. Returned value was: None
[2025-10-22T13:56:47.302+0000] {taskinstance.py:1138} INFO - Marking task as SUCCESS. dag_id=sales_pipeline_master_dag, task_id=load_dim_date, execution_date=20251022T135628, start_date=20251022T135634, end_date=20251022T135647
[2025-10-22T13:56:47.307+0000] {logging_mixin.py:188} INFO -  Logged ETL run for dim_date: success at 2025-10-22 13:56:47.302991
[2025-10-22T13:56:47.373+0000] {local_task_job_runner.py:234} INFO - Task exited with return code 0
[2025-10-22T13:56:47.409+0000] {taskinstance.py:3280} INFO - 0 downstream tasks scheduled from follow-on schedule check
