[2025-10-15T11:59:33.209+0000] {taskinstance.py:1956} INFO - Dependencies all met for dep_context=non-requeueable deps ti=<TaskInstance: dim_customer_dag.load_fact_sales manual__2025-10-15T11:58:53.515938+00:00 [queued]>
[2025-10-15T11:59:33.222+0000] {taskinstance.py:1956} INFO - Dependencies all met for dep_context=requeueable deps ti=<TaskInstance: dim_customer_dag.load_fact_sales manual__2025-10-15T11:58:53.515938+00:00 [queued]>
[2025-10-15T11:59:33.223+0000] {taskinstance.py:2170} INFO - Starting attempt 1 of 1
[2025-10-15T11:59:33.255+0000] {taskinstance.py:2191} INFO - Executing <Task(PythonOperator): load_fact_sales> on 2025-10-15 11:58:53.515938+00:00
[2025-10-15T11:59:33.262+0000] {standard_task_runner.py:60} INFO - Started process 86 to run task
[2025-10-15T11:59:33.266+0000] {standard_task_runner.py:87} INFO - Running: ['***', 'tasks', 'run', 'dim_customer_dag', 'load_fact_sales', 'manual__2025-10-15T11:58:53.515938+00:00', '--job-id', '188', '--raw', '--subdir', 'DAGS_FOLDER/dim_customer_dag.py', '--cfg-path', '/tmp/tmp3x6r3c9u']
[2025-10-15T11:59:33.268+0000] {standard_task_runner.py:88} INFO - Job 188: Subtask load_fact_sales
[2025-10-15T11:59:33.452+0000] {task_command.py:423} INFO - Running <TaskInstance: dim_customer_dag.load_fact_sales manual__2025-10-15T11:58:53.515938+00:00 [running]> on host e3a0754c9e1f
[2025-10-15T11:59:33.594+0000] {taskinstance.py:2480} INFO - Exporting env vars: AIRFLOW_CTX_DAG_OWNER='***' AIRFLOW_CTX_DAG_ID='dim_customer_dag' AIRFLOW_CTX_TASK_ID='load_fact_sales' AIRFLOW_CTX_EXECUTION_DATE='2025-10-15T11:58:53.515938+00:00' AIRFLOW_CTX_TRY_NUMBER='1' AIRFLOW_CTX_DAG_RUN_ID='manual__2025-10-15T11:58:53.515938+00:00'
[2025-10-15T11:59:33.596+0000] {logging_mixin.py:188} INFO -  Starting fact_sales ETL pipeline
[2025-10-15T11:59:33.618+0000] {logging_mixin.py:188} INFO -  Last SUCCESS run for fact_sales: 2025-10-15 11:45:51.558846
[2025-10-15T11:59:33.618+0000] {logging_mixin.py:188} INFO -  Last successful run found: 2025-10-15 11:45:51.558846
[2025-10-15T11:59:40.708+0000] {warnings.py:109} WARNING - /opt/***/dags/etl_scripts/sales_etl.py:37: UserWarning: Parsing dates in %d/%m/%Y %I:%M:%S %p format when dayfirst=False (the default) was specified. Pass `dayfirst=True` or specify a format to silence this warning.
  df["InDate"] = pd.to_datetime(df["InDate"], errors="coerce")

[2025-10-15T11:59:40.712+0000] {logging_mixin.py:188} INFO -  Found 1 new sales records since last run.
[2025-10-15T11:59:51.748+0000] {warnings.py:109} WARNING - /opt/***/dags/etl_scripts/sales_etl.py:59: SettingWithCopyWarning: 
A value is trying to be set on a copy of a slice from a DataFrame

See the caveats in the documentation: https://pandas.pydata.org/pandas-docs/stable/user_guide/indexing.html#returning-a-view-versus-a-copy
  new_data.rename(columns={

[2025-10-15T11:59:52.080+0000] {logging_mixin.py:188} INFO -  Successfully loaded 245 records into fact_sales
[2025-10-15T11:59:52.083+0000] {logging_mixin.py:188} INFO -  fact_sales ETL completed successfully.
[2025-10-15T11:59:53.584+0000] {python.py:201} INFO - Done. Returned value was: None
[2025-10-15T11:59:53.609+0000] {taskinstance.py:1138} INFO - Marking task as SUCCESS. dag_id=dim_customer_dag, task_id=load_fact_sales, execution_date=20251015T115853, start_date=20251015T115933, end_date=20251015T115953
[2025-10-15T11:59:53.643+0000] {logging_mixin.py:188} INFO -  Logged ETL run for fact_sales: success at 2025-10-15 11:59:53.610864
[2025-10-15T11:59:53.702+0000] {local_task_job_runner.py:234} INFO - Task exited with return code 0
[2025-10-15T11:59:53.751+0000] {taskinstance.py:3280} INFO - 0 downstream tasks scheduled from follow-on schedule check
