[2025-10-09T05:20:01.893+0000] {taskinstance.py:1956} INFO - Dependencies all met for dep_context=non-requeueable deps ti=<TaskInstance: run_sample_data_every_5min.run_sample_etl scheduled__2025-10-09T05:15:00+00:00 [queued]>
[2025-10-09T05:20:01.904+0000] {taskinstance.py:1956} INFO - Dependencies all met for dep_context=requeueable deps ti=<TaskInstance: run_sample_data_every_5min.run_sample_etl scheduled__2025-10-09T05:15:00+00:00 [queued]>
[2025-10-09T05:20:01.905+0000] {taskinstance.py:2170} INFO - Starting attempt 1 of 2
[2025-10-09T05:20:01.921+0000] {taskinstance.py:2191} INFO - Executing <Task(PythonOperator): run_sample_etl> on 2025-10-09 05:15:00+00:00
[2025-10-09T05:20:01.926+0000] {standard_task_runner.py:60} INFO - Started process 270 to run task
[2025-10-09T05:20:01.929+0000] {standard_task_runner.py:87} INFO - Running: ['***', 'tasks', 'run', 'run_sample_data_every_5min', 'run_sample_etl', 'scheduled__2025-10-09T05:15:00+00:00', '--job-id', '18', '--raw', '--subdir', 'DAGS_FOLDER/dag_file.py', '--cfg-path', '/tmp/tmp6lqtnrdj']
[2025-10-09T05:20:01.932+0000] {standard_task_runner.py:88} INFO - Job 18: Subtask run_sample_etl
[2025-10-09T05:20:02.005+0000] {task_command.py:423} INFO - Running <TaskInstance: run_sample_data_every_5min.run_sample_etl scheduled__2025-10-09T05:15:00+00:00 [running]> on host e525c82dec49
[2025-10-09T05:20:02.110+0000] {taskinstance.py:2480} INFO - Exporting env vars: AIRFLOW_CTX_DAG_OWNER='***' AIRFLOW_CTX_DAG_ID='run_sample_data_every_5min' AIRFLOW_CTX_TASK_ID='run_sample_etl' AIRFLOW_CTX_EXECUTION_DATE='2025-10-09T05:15:00+00:00' AIRFLOW_CTX_TRY_NUMBER='1' AIRFLOW_CTX_DAG_RUN_ID='scheduled__2025-10-09T05:15:00+00:00'
[2025-10-09T05:20:02.192+0000] {logging_mixin.py:188} INFO - CSV loaded successfully!
[2025-10-09T05:20:02.252+0000] {logging_mixin.py:188} INFO - 
Customer Dimension:
[2025-10-09T05:20:02.281+0000] {logging_mixin.py:188} INFO -                            customer_key  customer_id  ... preferred_channel language
0  c6e057b6-bb95-4594-ab89-fa2ff14e2514        17850  ...             Email  Spanish
1  c98d1bb9-893e-4bd8-a17f-9fc42f38d629        13047  ...             Phone  English

[2 rows x 19 columns]
[2025-10-09T05:20:02.464+0000] {logging_mixin.py:188} INFO - ✅ All tables loaded successfully!
[2025-10-09T05:20:02.466+0000] {python.py:201} INFO - Done. Returned value was: None
[2025-10-09T05:20:02.487+0000] {taskinstance.py:1138} INFO - Marking task as SUCCESS. dag_id=run_sample_data_every_5min, task_id=run_sample_etl, execution_date=20251009T051500, start_date=20251009T052001, end_date=20251009T052002
[2025-10-09T05:20:02.544+0000] {local_task_job_runner.py:234} INFO - Task exited with return code 0
[2025-10-09T05:20:02.575+0000] {taskinstance.py:3280} INFO - 0 downstream tasks scheduled from follow-on schedule check
