[2025-10-09T05:08:44.197+0000] {taskinstance.py:1956} INFO - Dependencies all met for dep_context=non-requeueable deps ti=<TaskInstance: run_sample_data_every_5min.run_sample_etl manual__2025-10-09T05:08:41.712595+00:00 [queued]>
[2025-10-09T05:08:44.208+0000] {taskinstance.py:1956} INFO - Dependencies all met for dep_context=requeueable deps ti=<TaskInstance: run_sample_data_every_5min.run_sample_etl manual__2025-10-09T05:08:41.712595+00:00 [queued]>
[2025-10-09T05:08:44.209+0000] {taskinstance.py:2170} INFO - Starting attempt 1 of 2
[2025-10-09T05:08:44.229+0000] {taskinstance.py:2191} INFO - Executing <Task(PythonOperator): run_sample_etl> on 2025-10-09 05:08:41.712595+00:00
[2025-10-09T05:08:44.234+0000] {standard_task_runner.py:60} INFO - Started process 101 to run task
[2025-10-09T05:08:44.238+0000] {standard_task_runner.py:87} INFO - Running: ['***', 'tasks', 'run', 'run_sample_data_every_5min', 'run_sample_etl', 'manual__2025-10-09T05:08:41.712595+00:00', '--job-id', '15', '--raw', '--subdir', 'DAGS_FOLDER/dag_file.py', '--cfg-path', '/tmp/tmp41bb5in6']
[2025-10-09T05:08:44.241+0000] {standard_task_runner.py:88} INFO - Job 15: Subtask run_sample_etl
[2025-10-09T05:08:44.312+0000] {task_command.py:423} INFO - Running <TaskInstance: run_sample_data_every_5min.run_sample_etl manual__2025-10-09T05:08:41.712595+00:00 [running]> on host e525c82dec49
[2025-10-09T05:08:44.424+0000] {taskinstance.py:2480} INFO - Exporting env vars: AIRFLOW_CTX_DAG_OWNER='***' AIRFLOW_CTX_DAG_ID='run_sample_data_every_5min' AIRFLOW_CTX_TASK_ID='run_sample_etl' AIRFLOW_CTX_EXECUTION_DATE='2025-10-09T05:08:41.712595+00:00' AIRFLOW_CTX_TRY_NUMBER='1' AIRFLOW_CTX_DAG_RUN_ID='manual__2025-10-09T05:08:41.712595+00:00'
[2025-10-09T05:08:44.510+0000] {logging_mixin.py:188} INFO - CSV loaded successfully!
[2025-10-09T05:08:44.565+0000] {logging_mixin.py:188} INFO - 
Customer Dimension:
[2025-10-09T05:08:44.590+0000] {logging_mixin.py:188} INFO -                            customer_key  customer_id  ... preferred_channel language
0  a3d0d4ef-3d71-4c13-87e8-317bd3843ee4        17850  ...               SMS   German
1  1c8dd2b5-bfcd-4d8e-865f-453f8303cb7d        13047  ...               SMS  Spanish

[2 rows x 19 columns]
[2025-10-09T05:08:44.765+0000] {logging_mixin.py:188} INFO - ✅ All tables loaded successfully!
[2025-10-09T05:08:44.766+0000] {python.py:201} INFO - Done. Returned value was: None
[2025-10-09T05:08:44.782+0000] {taskinstance.py:1138} INFO - Marking task as SUCCESS. dag_id=run_sample_data_every_5min, task_id=run_sample_etl, execution_date=20251009T050841, start_date=20251009T050844, end_date=20251009T050844
[2025-10-09T05:08:44.813+0000] {local_task_job_runner.py:234} INFO - Task exited with return code 0
[2025-10-09T05:08:44.837+0000] {taskinstance.py:3280} INFO - 0 downstream tasks scheduled from follow-on schedule check
