[2025-10-21T10:14:09.242+0000] {taskinstance.py:1956} INFO - Dependencies all met for dep_context=non-requeueable deps ti=<TaskInstance: dim_customer_dag.load_dim_customer manual__2025-10-21T10:14:03.753612+00:00 [queued]>
[2025-10-21T10:14:09.268+0000] {taskinstance.py:1956} INFO - Dependencies all met for dep_context=requeueable deps ti=<TaskInstance: dim_customer_dag.load_dim_customer manual__2025-10-21T10:14:03.753612+00:00 [queued]>
[2025-10-21T10:14:09.270+0000] {taskinstance.py:2170} INFO - Starting attempt 1 of 1
[2025-10-21T10:14:09.347+0000] {taskinstance.py:2191} INFO - Executing <Task(PythonOperator): load_dim_customer> on 2025-10-21 10:14:03.753612+00:00
[2025-10-21T10:14:09.361+0000] {standard_task_runner.py:60} INFO - Started process 114 to run task
[2025-10-21T10:14:09.368+0000] {standard_task_runner.py:87} INFO - Running: ['***', 'tasks', 'run', 'dim_customer_dag', 'load_dim_customer', 'manual__2025-10-21T10:14:03.753612+00:00', '--job-id', '199', '--raw', '--subdir', 'DAGS_FOLDER/dim_customer_dag.py', '--cfg-path', '/tmp/tmpl9w7auet']
[2025-10-21T10:14:09.372+0000] {standard_task_runner.py:88} INFO - Job 199: Subtask load_dim_customer
[2025-10-21T10:14:09.520+0000] {task_command.py:423} INFO - Running <TaskInstance: dim_customer_dag.load_dim_customer manual__2025-10-21T10:14:03.753612+00:00 [running]> on host cfaf93cb2f66
[2025-10-21T10:14:09.797+0000] {taskinstance.py:2480} INFO - Exporting env vars: AIRFLOW_CTX_DAG_OWNER='***' AIRFLOW_CTX_DAG_ID='dim_customer_dag' AIRFLOW_CTX_TASK_ID='load_dim_customer' AIRFLOW_CTX_EXECUTION_DATE='2025-10-21T10:14:03.753612+00:00' AIRFLOW_CTX_TRY_NUMBER='1' AIRFLOW_CTX_DAG_RUN_ID='manual__2025-10-21T10:14:03.753612+00:00'
[2025-10-21T10:14:09.801+0000] {logging_mixin.py:188} INFO -  Starting dim_customer ETL pipeline
[2025-10-21T10:14:09.929+0000] {logging_mixin.py:188} INFO -  Last SUCCESS run for dim_customer: 2025-10-21 10:12:42.211826
[2025-10-21T10:14:09.930+0000] {logging_mixin.py:188} INFO -  Last successful run found: 2025-10-21 10:12:42.211826
[2025-10-21T10:14:21.402+0000] {warnings.py:109} WARNING - /opt/***/dags/etl_scripts/customer_etl.py:44: UserWarning: Parsing dates in %d/%m/%Y %I:%M:%S %p format when dayfirst=False (the default) was specified. Pass `dayfirst=True` or specify a format to silence this warning.
  df["in_date"] = pd.to_datetime(df["in_date"], errors="coerce")

[2025-10-21T10:14:21.429+0000] {logging_mixin.py:188} INFO - Found 0 new/updated records since last run.
[2025-10-21T10:14:21.430+0000] {logging_mixin.py:188} INFO - ℹ No new records to insert.
[2025-10-21T10:14:21.434+0000] {logging_mixin.py:188} INFO -  Logged ETL run for dim_customer: success at 2025-10-21 10:14:21.430773
[2025-10-21T10:14:21.435+0000] {python.py:201} INFO - Done. Returned value was: None
[2025-10-21T10:14:21.455+0000] {taskinstance.py:1138} INFO - Marking task as SUCCESS. dag_id=dim_customer_dag, task_id=load_dim_customer, execution_date=20251021T101403, start_date=20251021T101409, end_date=20251021T101421
[2025-10-21T10:14:21.459+0000] {logging_mixin.py:188} INFO -  Logged ETL run for dim_customer: success at 2025-10-21 10:14:21.456209
[2025-10-21T10:14:21.532+0000] {local_task_job_runner.py:234} INFO - Task exited with return code 0
[2025-10-21T10:14:21.575+0000] {taskinstance.py:3280} INFO - 0 downstream tasks scheduled from follow-on schedule check
