[2025-10-09T06:44:18.419+0000] {taskinstance.py:1956} INFO - Dependencies all met for dep_context=non-requeueable deps ti=<TaskInstance: run_sample_data_every_5min.sampleDataScript manual__2025-10-09T06:39:10.853067+00:00 [queued]>
[2025-10-09T06:44:18.437+0000] {taskinstance.py:1956} INFO - Dependencies all met for dep_context=requeueable deps ti=<TaskInstance: run_sample_data_every_5min.sampleDataScript manual__2025-10-09T06:39:10.853067+00:00 [queued]>
[2025-10-09T06:44:18.438+0000] {taskinstance.py:2170} INFO - Starting attempt 2 of 2
[2025-10-09T06:44:18.476+0000] {taskinstance.py:2191} INFO - Executing <Task(PythonOperator): sampleDataScript> on 2025-10-09 06:39:10.853067+00:00
[2025-10-09T06:44:18.483+0000] {standard_task_runner.py:60} INFO - Started process 526 to run task
[2025-10-09T06:44:18.487+0000] {standard_task_runner.py:87} INFO - Running: ['***', 'tasks', 'run', 'run_sample_data_every_5min', 'sampleDataScript', 'manual__2025-10-09T06:39:10.853067+00:00', '--job-id', '49', '--raw', '--subdir', 'DAGS_FOLDER/dag_file.py', '--cfg-path', '/tmp/tmpn_ytrfrv']
[2025-10-09T06:44:18.490+0000] {standard_task_runner.py:88} INFO - Job 49: Subtask sampleDataScript
[2025-10-09T06:44:18.567+0000] {task_command.py:423} INFO - Running <TaskInstance: run_sample_data_every_5min.sampleDataScript manual__2025-10-09T06:39:10.853067+00:00 [running]> on host e3feac1b091b
[2025-10-09T06:44:18.752+0000] {taskinstance.py:2480} INFO - Exporting env vars: AIRFLOW_CTX_DAG_OWNER='***' AIRFLOW_CTX_DAG_ID='run_sample_data_every_5min' AIRFLOW_CTX_TASK_ID='sampleDataScript' AIRFLOW_CTX_EXECUTION_DATE='2025-10-09T06:39:10.853067+00:00' AIRFLOW_CTX_TRY_NUMBER='2' AIRFLOW_CTX_DAG_RUN_ID='manual__2025-10-09T06:39:10.853067+00:00'
[2025-10-09T06:44:18.776+0000] {logging_mixin.py:188} INFO - CSV loaded successfully!
[2025-10-09T06:44:18.988+0000] {taskinstance.py:2698} ERROR - Task failed with exception
Traceback (most recent call last):
  File "/home/airflow/.local/lib/python3.8/site-packages/sqlalchemy/engine/base.py", line 1890, in _execute_context
    self.dialect.do_executemany(
  File "/home/airflow/.local/lib/python3.8/site-packages/sqlalchemy/dialects/postgresql/psycopg2.py", line 982, in do_executemany
    context._psycopg2_fetched_rows = xtras.execute_values(
  File "/home/airflow/.local/lib/python3.8/site-packages/psycopg2/extras.py", line 1299, in execute_values
    cur.execute(b''.join(parts))
psycopg2.errors.UndefinedColumn: column "invoice_no" of relation "dim_customer" does not exist
LINE 1: INSERT INTO dim_customer (invoice_no, stock_code, descriptio...
                                  ^


The above exception was the direct cause of the following exception:

Traceback (most recent call last):
  File "/home/airflow/.local/lib/python3.8/site-packages/airflow/models/taskinstance.py", line 433, in _execute_task
    result = execute_callable(context=context, **execute_callable_kwargs)
  File "/home/airflow/.local/lib/python3.8/site-packages/airflow/operators/python.py", line 199, in execute
    return_value = self.execute_callable()
  File "/home/airflow/.local/lib/python3.8/site-packages/airflow/operators/python.py", line 216, in execute_callable
    return self.python_callable(*self.op_args, **self.op_kwargs)
  File "/opt/airflow/dags/sampleDataScript.py", line 103, in run_script
    new_customers.to_sql('dim_customer', engine, if_exists='append', index=False)
  File "/home/airflow/.local/lib/python3.8/site-packages/pandas/core/generic.py", line 2878, in to_sql
    return sql.to_sql(
  File "/home/airflow/.local/lib/python3.8/site-packages/pandas/io/sql.py", line 769, in to_sql
    return pandas_sql.to_sql(
  File "/home/airflow/.local/lib/python3.8/site-packages/pandas/io/sql.py", line 1920, in to_sql
    total_inserted = sql_engine.insert_records(
  File "/home/airflow/.local/lib/python3.8/site-packages/pandas/io/sql.py", line 1470, in insert_records
    raise err
  File "/home/airflow/.local/lib/python3.8/site-packages/pandas/io/sql.py", line 1461, in insert_records
    return table.insert(chunksize=chunksize, method=method)
  File "/home/airflow/.local/lib/python3.8/site-packages/pandas/io/sql.py", line 1023, in insert
    num_inserted = exec_insert(conn, keys, chunk_iter)
  File "/home/airflow/.local/lib/python3.8/site-packages/pandas/io/sql.py", line 929, in _execute_insert
    result = conn.execute(self.table.insert(), data)
  File "/home/airflow/.local/lib/python3.8/site-packages/sqlalchemy/engine/base.py", line 1385, in execute
    return meth(self, multiparams, params, _EMPTY_EXECUTION_OPTS)
  File "/home/airflow/.local/lib/python3.8/site-packages/sqlalchemy/sql/elements.py", line 334, in _execute_on_connection
    return connection._execute_clauseelement(
  File "/home/airflow/.local/lib/python3.8/site-packages/sqlalchemy/engine/base.py", line 1577, in _execute_clauseelement
    ret = self._execute_context(
  File "/home/airflow/.local/lib/python3.8/site-packages/sqlalchemy/engine/base.py", line 1953, in _execute_context
    self._handle_dbapi_exception(
  File "/home/airflow/.local/lib/python3.8/site-packages/sqlalchemy/engine/base.py", line 2134, in _handle_dbapi_exception
    util.raise_(
  File "/home/airflow/.local/lib/python3.8/site-packages/sqlalchemy/util/compat.py", line 211, in raise_
    raise exception
  File "/home/airflow/.local/lib/python3.8/site-packages/sqlalchemy/engine/base.py", line 1890, in _execute_context
    self.dialect.do_executemany(
  File "/home/airflow/.local/lib/python3.8/site-packages/sqlalchemy/dialects/postgresql/psycopg2.py", line 982, in do_executemany
    context._psycopg2_fetched_rows = xtras.execute_values(
  File "/home/airflow/.local/lib/python3.8/site-packages/psycopg2/extras.py", line 1299, in execute_values
    cur.execute(b''.join(parts))
sqlalchemy.exc.ProgrammingError: (psycopg2.errors.UndefinedColumn) column "invoice_no" of relation "dim_customer" does not exist
LINE 1: INSERT INTO dim_customer (invoice_no, stock_code, descriptio...
                                  ^

[SQL: INSERT INTO dim_customer (invoice_no, stock_code, description, quantity, invoice_date, unit_price, customer_id, country, title, first_name, last_name, gender, dob, age, marital_status, phone_no, address, city, pincode, region, customer_type, preferred_channel, language, email) VALUES (%(invoice_no)s, %(stock_code)s, %(description)s, %(quantity)s, %(invoice_date)s, %(unit_price)s, %(customer_id)s, %(country)s, %(title)s, %(first_name)s, %(last_name)s, %(gender)s, %(dob)s, %(age)s, %(marital_status)s, %(phone_no)s, %(address)s, %(city)s, %(pincode)s, %(region)s, %(customer_type)s, %(preferred_channel)s, %(language)s, %(email)s)]
[parameters: ({'invoice_no': 536365, 'stock_code': '85123A', 'description': 'WHITE HANGING HEART T-LIGHT HOLDER', 'quantity': 6, 'invoice_date': '12/1/2010 8:26', 'unit_price': 2.55, 'customer_id': 17850, 'country': 'United Kingdom', 'title': 'Ms.', 'first_name': 'Tiffany', 'last_name': 'Woods', 'gender': 'Female', 'dob': datetime.date(1994, 8, 23), 'age': 31, 'marital_status': 'Single', 'phone_no': '4415310607', 'address': '87159 Eaton Trace Suite 549, Port Anthonyland, WI 42419', 'city': 'North Christy', 'pincode': '72863', 'region': 'North Dakota', 'customer_type': 'Retail', 'preferred_channel': 'WhatsApp', 'language': 'German', 'email': 'vanderson@example.net'}, {'invoice_no': 536365, 'stock_code': '71053', 'description': 'WHITE METAL LANTERN', 'quantity': 6, 'invoice_date': '12/1/2010 8:26', 'unit_price': 3.39, 'customer_id': 17850, 'country': 'United Kingdom', 'title': 'Ms.', 'first_name': 'Ashley', 'last_name': 'Martin', 'gender': 'Female', 'dob': datetime.date(1978, 12, 24), 'age': 46, 'marital_status': 'Single', 'phone_no': '2266923223', 'address': '140 Christopher Route Apt. 551, Ronaldstad, FM 95612', 'city': 'Jeffersonland', 'pincode': '18142', 'region': 'Virginia', 'customer_type': 'Wholesale', 'preferred_channel': 'WhatsApp', 'language': 'German', 'email': 'kristidunn@example.org'}, {'invoice_no': 536365, 'stock_code': '84406B', 'description': 'CREAM CUPID HEARTS COAT HANGER', 'quantity': 8, 'invoice_date': '12/1/2010 8:26', 'unit_price': 2.75, 'customer_id': 17850, 'country': 'United Kingdom', 'title': 'Mr.', 'first_name': 'Robert', 'last_name': 'Hoffman', 'gender': 'Male', 'dob': datetime.date(1991, 1, 30), 'age': 34, 'marital_status': 'Single', 'phone_no': '931.347.1334', 'address': '87932 Veronica Mission Apt. 507, Port Melissa, HI 01262', 'city': 'Lake Peter', 'pincode': '86606', 'region': 'Iowa', 'customer_type': 'Wholesale', 'preferred_channel': 'Phone', 'language': 'German', 'email': 'ubrown@example.net'}, {'invoice_no': 536365, 'stock_code': '84029G', 'description': 'KNITTED UNION FLAG HOT WATER BOTTLE', 'quantity': 6, 'invoice_date': '12/1/2010 8:26', 'unit_price': 3.39, 'customer_id': 17850, 'country': 'United Kingdom', 'title': 'Mr.', 'first_name': 'Christopher', 'last_name': 'Schaefer', 'gender': 'Male', 'dob': datetime.date(1998, 10, 1), 'age': 27, 'marital_status': 'Divorced', 'phone_no': '696-814-9189x47821', 'address': '79218 Peter Hills Apt. 799, New Kathrynstad, NC 76021', 'city': 'Danielton', 'pincode': '94627', 'region': 'New Jersey', 'customer_type': 'Wholesale', 'preferred_channel': 'Email', 'language': 'Spanish', 'email': 'jray@example.com'}, {'invoice_no': 536365, 'stock_code': '84029E', 'description': 'RED WOOLLY HOTTIE WHITE HEART.', 'quantity': 6, 'invoice_date': '12/1/2010 8:26', 'unit_price': 3.39, 'customer_id': 17850, 'country': 'United Kingdom', 'title': 'Mr.', 'first_name': 'Craig', 'last_name': 'Reynolds', 'gender': 'Male', 'dob': datetime.date(1977, 7, 10), 'age': 48, 'marital_status': 'Divorced', 'phone_no': '586.976.2467x536', 'address': '4744 Wilkinson Square, North Ashleyburgh, GA 51855', 'city': 'Lake Travis', 'pincode': '41276', 'region': 'Arizona', 'customer_type': 'Corporate', 'preferred_channel': 'WhatsApp', 'language': 'French', 'email': 'johnsondiane@example.org'}, {'invoice_no': 536365, 'stock_code': '22752', 'description': 'SET 7 BABUSHKA NESTING BOXES', 'quantity': 2, 'invoice_date': '12/1/2010 8:26', 'unit_price': 7.65, 'customer_id': 17850, 'country': 'United Kingdom', 'title': 'Mr.', 'first_name': 'Colton', 'last_name': 'Sweeney', 'gender': 'Male', 'dob': datetime.date(1998, 12, 1), 'age': 26, 'marital_status': 'Married', 'phone_no': '851.412.3755', 'address': '1192 Thompson Estate Suite 108, Reynoldsfurt, PW 58465', 'city': 'Bellburgh', 'pincode': '18081', 'region': 'Virginia', 'customer_type': 'Corporate', 'preferred_channel': 'SMS', 'language': 'Spanish', 'email': 'michaeljohnson@example.net'}, {'invoice_no': 536365, 'stock_code': '21730', 'description': 'GLASS STAR FROSTED T-LIGHT HOLDER', 'quantity': 6, 'invoice_date': '12/1/2010 8:26', 'unit_price': 4.25, 'customer_id': 17850, 'country': 'United Kingdom', 'title': 'Mr.', 'first_name': 'Jason', 'last_name': 'Carter', 'gender': 'Male', 'dob': datetime.date(1995, 5, 17), 'age': 30, 'marital_status': 'Single', 'phone_no': '+1-313-236-6237x43777', 'address': '67773 Garcia Lodge, South Jessica, CT 91501', 'city': 'Williamborough', 'pincode': '39519', 'region': 'West Virginia', 'customer_type': 'Corporate', 'preferred_channel': 'Phone', 'language': 'English', 'email': 'alexandragray@example.net'}, {'invoice_no': 536366, 'stock_code': '22633', 'description': 'HAND WARMER UNION JACK', 'quantity': 6, 'invoice_date': '12/1/2010 8:28', 'unit_price': 1.85, 'customer_id': 17850, 'country': 'United Kingdom', 'title': 'Mr.', 'first_name': 'Michael', 'last_name': 'Buck', 'gender': 'Male', 'dob': datetime.date(1949, 7, 25), 'age': 76, 'marital_status': 'Divorced', 'phone_no': '924-715-5140', 'address': '5923 Ricky River, Kevinchester, VI 80099', 'city': 'Benjaminberg', 'pincode': '40968', 'region': 'Kansas', 'customer_type': 'Corporate', 'preferred_channel': 'SMS', 'language': 'French', 'email': 'sarah46@example.net'}, {'invoice_no': 536366, 'stock_code': '22632', 'description': 'HAND WARMER RED POLKA DOT', 'quantity': 6, 'invoice_date': '12/1/2010 8:28', 'unit_price': 1.85, 'customer_id': 17850, 'country': 'United Kingdom', 'title': 'Mr.', 'first_name': 'Kevin', 'last_name': 'Perry', 'gender': 'Male', 'dob': datetime.date(1963, 3, 30), 'age': 62, 'marital_status': 'Single', 'phone_no': '648-799-3130x66086', 'address': '91648 Gabriel Spurs Apt. 263, Fryehaven, TN 16242', 'city': 'North Joan', 'pincode': '00612', 'region': 'Montana', 'customer_type': 'Corporate', 'preferred_channel': 'Phone', 'language': 'English', 'email': 'hudsonsteven@example.net'}, {'invoice_no': 536367, 'stock_code': '84879', 'description': 'ASSORTED COLOUR BIRD ORNAMENT', 'quantity': 32, 'invoice_date': '12/1/2010 8:34', 'unit_price': 1.69, 'customer_id': 13047, 'country': 'United Kingdom', 'title': 'Mr.', 'first_name': 'Roberto', 'last_name': 'Reed', 'gender': 'Male', 'dob': datetime.date(1986, 6, 3), 'age': 39, 'marital_status': 'Divorced', 'phone_no': '(219)248-4230x53633', 'address': '9726 Ortiz Flats Suite 217, Hoganmouth, NC 52671', 'city': 'Riggsmouth', 'pincode': '78961', 'region': 'Alabama', 'customer_type': 'Wholesale', 'preferred_channel': 'Phone', 'language': 'English', 'email': 'robertsgary@example.com'})]
(Background on this error at: https://sqlalche.me/e/14/f405)
[2025-10-09T06:44:19.022+0000] {taskinstance.py:1138} INFO - Marking task as FAILED. dag_id=run_sample_data_every_5min, task_id=sampleDataScript, execution_date=20251009T063910, start_date=20251009T064418, end_date=20251009T064419
[2025-10-09T06:44:19.060+0000] {standard_task_runner.py:107} ERROR - Failed to execute job 49 for task sampleDataScript ((psycopg2.errors.UndefinedColumn) column "invoice_no" of relation "dim_customer" does not exist
LINE 1: INSERT INTO dim_customer (invoice_no, stock_code, descriptio...
                                  ^

[SQL: INSERT INTO dim_customer (invoice_no, stock_code, description, quantity, invoice_date, unit_price, customer_id, country, title, first_name, last_name, gender, dob, age, marital_status, phone_no, address, city, pincode, region, customer_type, preferred_channel, language, email) VALUES (%(invoice_no)s, %(stock_code)s, %(description)s, %(quantity)s, %(invoice_date)s, %(unit_price)s, %(customer_id)s, %(country)s, %(title)s, %(first_name)s, %(last_name)s, %(gender)s, %(dob)s, %(age)s, %(marital_status)s, %(phone_no)s, %(address)s, %(city)s, %(pincode)s, %(region)s, %(customer_type)s, %(preferred_channel)s, %(language)s, %(email)s)]
[parameters: ({'invoice_no': 536365, 'stock_code': '85123A', 'description': 'WHITE HANGING HEART T-LIGHT HOLDER', 'quantity': 6, 'invoice_date': '12/1/2010 8:26', 'unit_price': 2.55, 'customer_id': 17850, 'country': 'United Kingdom', 'title': 'Ms.', 'first_name': 'Tiffany', 'last_name': 'Woods', 'gender': 'Female', 'dob': datetime.date(1994, 8, 23), 'age': 31, 'marital_status': 'Single', 'phone_no': '4415310607', 'address': '87159 Eaton Trace Suite 549, Port Anthonyland, WI 42419', 'city': 'North Christy', 'pincode': '72863', 'region': 'North Dakota', 'customer_type': 'Retail', 'preferred_channel': 'WhatsApp', 'language': 'German', 'email': 'vanderson@example.net'}, {'invoice_no': 536365, 'stock_code': '71053', 'description': 'WHITE METAL LANTERN', 'quantity': 6, 'invoice_date': '12/1/2010 8:26', 'unit_price': 3.39, 'customer_id': 17850, 'country': 'United Kingdom', 'title': 'Ms.', 'first_name': 'Ashley', 'last_name': 'Martin', 'gender': 'Female', 'dob': datetime.date(1978, 12, 24), 'age': 46, 'marital_status': 'Single', 'phone_no': '2266923223', 'address': '140 Christopher Route Apt. 551, Ronaldstad, FM 95612', 'city': 'Jeffersonland', 'pincode': '18142', 'region': 'Virginia', 'customer_type': 'Wholesale', 'preferred_channel': 'WhatsApp', 'language': 'German', 'email': 'kristidunn@example.org'}, {'invoice_no': 536365, 'stock_code': '84406B', 'description': 'CREAM CUPID HEARTS COAT HANGER', 'quantity': 8, 'invoice_date': '12/1/2010 8:26', 'unit_price': 2.75, 'customer_id': 17850, 'country': 'United Kingdom', 'title': 'Mr.', 'first_name': 'Robert', 'last_name': 'Hoffman', 'gender': 'Male', 'dob': datetime.date(1991, 1, 30), 'age': 34, 'marital_status': 'Single', 'phone_no': '931.347.1334', 'address': '87932 Veronica Mission Apt. 507, Port Melissa, HI 01262', 'city': 'Lake Peter', 'pincode': '86606', 'region': 'Iowa', 'customer_type': 'Wholesale', 'preferred_channel': 'Phone', 'language': 'German', 'email': 'ubrown@example.net'}, {'invoice_no': 536365, 'stock_code': '84029G', 'description': 'KNITTED UNION FLAG HOT WATER BOTTLE', 'quantity': 6, 'invoice_date': '12/1/2010 8:26', 'unit_price': 3.39, 'customer_id': 17850, 'country': 'United Kingdom', 'title': 'Mr.', 'first_name': 'Christopher', 'last_name': 'Schaefer', 'gender': 'Male', 'dob': datetime.date(1998, 10, 1), 'age': 27, 'marital_status': 'Divorced', 'phone_no': '696-814-9189x47821', 'address': '79218 Peter Hills Apt. 799, New Kathrynstad, NC 76021', 'city': 'Danielton', 'pincode': '94627', 'region': 'New Jersey', 'customer_type': 'Wholesale', 'preferred_channel': 'Email', 'language': 'Spanish', 'email': 'jray@example.com'}, {'invoice_no': 536365, 'stock_code': '84029E', 'description': 'RED WOOLLY HOTTIE WHITE HEART.', 'quantity': 6, 'invoice_date': '12/1/2010 8:26', 'unit_price': 3.39, 'customer_id': 17850, 'country': 'United Kingdom', 'title': 'Mr.', 'first_name': 'Craig', 'last_name': 'Reynolds', 'gender': 'Male', 'dob': datetime.date(1977, 7, 10), 'age': 48, 'marital_status': 'Divorced', 'phone_no': '586.976.2467x536', 'address': '4744 Wilkinson Square, North Ashleyburgh, GA 51855', 'city': 'Lake Travis', 'pincode': '41276', 'region': 'Arizona', 'customer_type': 'Corporate', 'preferred_channel': 'WhatsApp', 'language': 'French', 'email': 'johnsondiane@example.org'}, {'invoice_no': 536365, 'stock_code': '22752', 'description': 'SET 7 BABUSHKA NESTING BOXES', 'quantity': 2, 'invoice_date': '12/1/2010 8:26', 'unit_price': 7.65, 'customer_id': 17850, 'country': 'United Kingdom', 'title': 'Mr.', 'first_name': 'Colton', 'last_name': 'Sweeney', 'gender': 'Male', 'dob': datetime.date(1998, 12, 1), 'age': 26, 'marital_status': 'Married', 'phone_no': '851.412.3755', 'address': '1192 Thompson Estate Suite 108, Reynoldsfurt, PW 58465', 'city': 'Bellburgh', 'pincode': '18081', 'region': 'Virginia', 'customer_type': 'Corporate', 'preferred_channel': 'SMS', 'language': 'Spanish', 'email': 'michaeljohnson@example.net'}, {'invoice_no': 536365, 'stock_code': '21730', 'description': 'GLASS STAR FROSTED T-LIGHT HOLDER', 'quantity': 6, 'invoice_date': '12/1/2010 8:26', 'unit_price': 4.25, 'customer_id': 17850, 'country': 'United Kingdom', 'title': 'Mr.', 'first_name': 'Jason', 'last_name': 'Carter', 'gender': 'Male', 'dob': datetime.date(1995, 5, 17), 'age': 30, 'marital_status': 'Single', 'phone_no': '+1-313-236-6237x43777', 'address': '67773 Garcia Lodge, South Jessica, CT 91501', 'city': 'Williamborough', 'pincode': '39519', 'region': 'West Virginia', 'customer_type': 'Corporate', 'preferred_channel': 'Phone', 'language': 'English', 'email': 'alexandragray@example.net'}, {'invoice_no': 536366, 'stock_code': '22633', 'description': 'HAND WARMER UNION JACK', 'quantity': 6, 'invoice_date': '12/1/2010 8:28', 'unit_price': 1.85, 'customer_id': 17850, 'country': 'United Kingdom', 'title': 'Mr.', 'first_name': 'Michael', 'last_name': 'Buck', 'gender': 'Male', 'dob': datetime.date(1949, 7, 25), 'age': 76, 'marital_status': 'Divorced', 'phone_no': '924-715-5140', 'address': '5923 Ricky River, Kevinchester, VI 80099', 'city': 'Benjaminberg', 'pincode': '40968', 'region': 'Kansas', 'customer_type': 'Corporate', 'preferred_channel': 'SMS', 'language': 'French', 'email': 'sarah46@example.net'}, {'invoice_no': 536366, 'stock_code': '22632', 'description': 'HAND WARMER RED POLKA DOT', 'quantity': 6, 'invoice_date': '12/1/2010 8:28', 'unit_price': 1.85, 'customer_id': 17850, 'country': 'United Kingdom', 'title': 'Mr.', 'first_name': 'Kevin', 'last_name': 'Perry', 'gender': 'Male', 'dob': datetime.date(1963, 3, 30), 'age': 62, 'marital_status': 'Single', 'phone_no': '648-799-3130x66086', 'address': '91648 Gabriel Spurs Apt. 263, Fryehaven, TN 16242', 'city': 'North Joan', 'pincode': '00612', 'region': 'Montana', 'customer_type': 'Corporate', 'preferred_channel': 'Phone', 'language': 'English', 'email': 'hudsonsteven@example.net'}, {'invoice_no': 536367, 'stock_code': '84879', 'description': 'ASSORTED COLOUR BIRD ORNAMENT', 'quantity': 32, 'invoice_date': '12/1/2010 8:34', 'unit_price': 1.69, 'customer_id': 13047, 'country': 'United Kingdom', 'title': 'Mr.', 'first_name': 'Roberto', 'last_name': 'Reed', 'gender': 'Male', 'dob': datetime.date(1986, 6, 3), 'age': 39, 'marital_status': 'Divorced', 'phone_no': '(219)248-4230x53633', 'address': '9726 Ortiz Flats Suite 217, Hoganmouth, NC 52671', 'city': 'Riggsmouth', 'pincode': '78961', 'region': 'Alabama', 'customer_type': 'Wholesale', 'preferred_channel': 'Phone', 'language': 'English', 'email': 'robertsgary@example.com'})]
(Background on this error at: https://sqlalche.me/e/14/f405); 526)
[2025-10-09T06:44:19.101+0000] {local_task_job_runner.py:234} INFO - Task exited with return code 1
[2025-10-09T06:44:19.136+0000] {taskinstance.py:3280} INFO - 0 downstream tasks scheduled from follow-on schedule check
