[2025-10-09T06:39:14.655+0000] {taskinstance.py:1956} INFO - Dependencies all met for dep_context=non-requeueable deps ti=<TaskInstance: run_sample_data_every_5min.sampleDataScript manual__2025-10-09T06:39:10.853067+00:00 [queued]>
[2025-10-09T06:39:14.672+0000] {taskinstance.py:1956} INFO - Dependencies all met for dep_context=requeueable deps ti=<TaskInstance: run_sample_data_every_5min.sampleDataScript manual__2025-10-09T06:39:10.853067+00:00 [queued]>
[2025-10-09T06:39:14.674+0000] {taskinstance.py:2170} INFO - Starting attempt 1 of 2
[2025-10-09T06:39:14.700+0000] {taskinstance.py:2191} INFO - Executing <Task(PythonOperator): sampleDataScript> on 2025-10-09 06:39:10.853067+00:00
[2025-10-09T06:39:14.708+0000] {standard_task_runner.py:60} INFO - Started process 451 to run task
[2025-10-09T06:39:14.715+0000] {standard_task_runner.py:87} INFO - Running: ['***', 'tasks', 'run', 'run_sample_data_every_5min', 'sampleDataScript', 'manual__2025-10-09T06:39:10.853067+00:00', '--job-id', '48', '--raw', '--subdir', 'DAGS_FOLDER/dag_file.py', '--cfg-path', '/tmp/tmp7im0lzy5']
[2025-10-09T06:39:14.717+0000] {standard_task_runner.py:88} INFO - Job 48: Subtask sampleDataScript
[2025-10-09T06:39:14.815+0000] {task_command.py:423} INFO - Running <TaskInstance: run_sample_data_every_5min.sampleDataScript manual__2025-10-09T06:39:10.853067+00:00 [running]> on host e3feac1b091b
[2025-10-09T06:39:15.005+0000] {taskinstance.py:2480} INFO - Exporting env vars: AIRFLOW_CTX_DAG_OWNER='***' AIRFLOW_CTX_DAG_ID='run_sample_data_every_5min' AIRFLOW_CTX_TASK_ID='sampleDataScript' AIRFLOW_CTX_EXECUTION_DATE='2025-10-09T06:39:10.853067+00:00' AIRFLOW_CTX_TRY_NUMBER='1' AIRFLOW_CTX_DAG_RUN_ID='manual__2025-10-09T06:39:10.853067+00:00'
[2025-10-09T06:39:15.023+0000] {logging_mixin.py:188} INFO - CSV loaded successfully!
[2025-10-09T06:39:15.193+0000] {taskinstance.py:2698} ERROR - Task failed with exception
Traceback (most recent call last):
  File "/home/airflow/.local/lib/python3.8/site-packages/sqlalchemy/engine/base.py", line 1890, in _execute_context
    self.dialect.do_executemany(
  File "/home/airflow/.local/lib/python3.8/site-packages/sqlalchemy/dialects/postgresql/psycopg2.py", line 982, in do_executemany
    context._psycopg2_fetched_rows = xtras.execute_values(
  File "/home/airflow/.local/lib/python3.8/site-packages/psycopg2/extras.py", line 1299, in execute_values
    cur.execute(b''.join(parts))
psycopg2.errors.UndefinedColumn: column "invoice_no" of relation "dim_customer" does not exist
LINE 1: INSERT INTO dim_customer (invoice_no, stock_code, descriptio...
                                  ^


The above exception was the direct cause of the following exception:

Traceback (most recent call last):
  File "/home/airflow/.local/lib/python3.8/site-packages/airflow/models/taskinstance.py", line 433, in _execute_task
    result = execute_callable(context=context, **execute_callable_kwargs)
  File "/home/airflow/.local/lib/python3.8/site-packages/airflow/operators/python.py", line 199, in execute
    return_value = self.execute_callable()
  File "/home/airflow/.local/lib/python3.8/site-packages/airflow/operators/python.py", line 216, in execute_callable
    return self.python_callable(*self.op_args, **self.op_kwargs)
  File "/opt/airflow/dags/sampleDataScript.py", line 103, in run_script
    new_customers.to_sql('dim_customer', engine, if_exists='append', index=False)
  File "/home/airflow/.local/lib/python3.8/site-packages/pandas/core/generic.py", line 2878, in to_sql
    return sql.to_sql(
  File "/home/airflow/.local/lib/python3.8/site-packages/pandas/io/sql.py", line 769, in to_sql
    return pandas_sql.to_sql(
  File "/home/airflow/.local/lib/python3.8/site-packages/pandas/io/sql.py", line 1920, in to_sql
    total_inserted = sql_engine.insert_records(
  File "/home/airflow/.local/lib/python3.8/site-packages/pandas/io/sql.py", line 1470, in insert_records
    raise err
  File "/home/airflow/.local/lib/python3.8/site-packages/pandas/io/sql.py", line 1461, in insert_records
    return table.insert(chunksize=chunksize, method=method)
  File "/home/airflow/.local/lib/python3.8/site-packages/pandas/io/sql.py", line 1023, in insert
    num_inserted = exec_insert(conn, keys, chunk_iter)
  File "/home/airflow/.local/lib/python3.8/site-packages/pandas/io/sql.py", line 929, in _execute_insert
    result = conn.execute(self.table.insert(), data)
  File "/home/airflow/.local/lib/python3.8/site-packages/sqlalchemy/engine/base.py", line 1385, in execute
    return meth(self, multiparams, params, _EMPTY_EXECUTION_OPTS)
  File "/home/airflow/.local/lib/python3.8/site-packages/sqlalchemy/sql/elements.py", line 334, in _execute_on_connection
    return connection._execute_clauseelement(
  File "/home/airflow/.local/lib/python3.8/site-packages/sqlalchemy/engine/base.py", line 1577, in _execute_clauseelement
    ret = self._execute_context(
  File "/home/airflow/.local/lib/python3.8/site-packages/sqlalchemy/engine/base.py", line 1953, in _execute_context
    self._handle_dbapi_exception(
  File "/home/airflow/.local/lib/python3.8/site-packages/sqlalchemy/engine/base.py", line 2134, in _handle_dbapi_exception
    util.raise_(
  File "/home/airflow/.local/lib/python3.8/site-packages/sqlalchemy/util/compat.py", line 211, in raise_
    raise exception
  File "/home/airflow/.local/lib/python3.8/site-packages/sqlalchemy/engine/base.py", line 1890, in _execute_context
    self.dialect.do_executemany(
  File "/home/airflow/.local/lib/python3.8/site-packages/sqlalchemy/dialects/postgresql/psycopg2.py", line 982, in do_executemany
    context._psycopg2_fetched_rows = xtras.execute_values(
  File "/home/airflow/.local/lib/python3.8/site-packages/psycopg2/extras.py", line 1299, in execute_values
    cur.execute(b''.join(parts))
sqlalchemy.exc.ProgrammingError: (psycopg2.errors.UndefinedColumn) column "invoice_no" of relation "dim_customer" does not exist
LINE 1: INSERT INTO dim_customer (invoice_no, stock_code, descriptio...
                                  ^

[SQL: INSERT INTO dim_customer (invoice_no, stock_code, description, quantity, invoice_date, unit_price, customer_id, country, title, first_name, last_name, gender, dob, age, marital_status, phone_no, address, city, pincode, region, customer_type, preferred_channel, language, email) VALUES (%(invoice_no)s, %(stock_code)s, %(description)s, %(quantity)s, %(invoice_date)s, %(unit_price)s, %(customer_id)s, %(country)s, %(title)s, %(first_name)s, %(last_name)s, %(gender)s, %(dob)s, %(age)s, %(marital_status)s, %(phone_no)s, %(address)s, %(city)s, %(pincode)s, %(region)s, %(customer_type)s, %(preferred_channel)s, %(language)s, %(email)s)]
[parameters: ({'invoice_no': 536365, 'stock_code': '85123A', 'description': 'WHITE HANGING HEART T-LIGHT HOLDER', 'quantity': 6, 'invoice_date': '12/1/2010 8:26', 'unit_price': 2.55, 'customer_id': 17850, 'country': 'United Kingdom', 'title': 'Ms.', 'first_name': 'Wendy', 'last_name': 'Reynolds', 'gender': 'Female', 'dob': datetime.date(1962, 6, 4), 'age': 63, 'marital_status': 'Married', 'phone_no': '001-501-423-3812x101', 'address': '7105 Cannon Hill, Jacksonhaven, AR 87492', 'city': 'Bensonton', 'pincode': '00697', 'region': 'West Virginia', 'customer_type': 'Corporate', 'preferred_channel': 'WhatsApp', 'language': 'French', 'email': 'kylereese@example.com'}, {'invoice_no': 536365, 'stock_code': '71053', 'description': 'WHITE METAL LANTERN', 'quantity': 6, 'invoice_date': '12/1/2010 8:26', 'unit_price': 3.39, 'customer_id': 17850, 'country': 'United Kingdom', 'title': 'Ms.', 'first_name': 'Ashley', 'last_name': 'Martinez', 'gender': 'Female', 'dob': datetime.date(1948, 3, 14), 'age': 77, 'marital_status': 'Married', 'phone_no': '210.595.0514x9553', 'address': '614 Mckay Park Apt. 485, Acostaport, NV 96450', 'city': 'Edwardtown', 'pincode': '71370', 'region': 'West Virginia', 'customer_type': 'Wholesale', 'preferred_channel': 'SMS', 'language': 'German', 'email': 'trevorhanson@example.com'}, {'invoice_no': 536365, 'stock_code': '84406B', 'description': 'CREAM CUPID HEARTS COAT HANGER', 'quantity': 8, 'invoice_date': '12/1/2010 8:26', 'unit_price': 2.75, 'customer_id': 17850, 'country': 'United Kingdom', 'title': 'Ms.', 'first_name': 'Tricia', 'last_name': 'Roman', 'gender': 'Female', 'dob': datetime.date(1990, 7, 29), 'age': 35, 'marital_status': 'Divorced', 'phone_no': '+1-839-450-1849x183', 'address': '43154 Jessica Rest Suite 720, New Brianchester, IN 38554', 'city': 'Jordanside', 'pincode': '27433', 'region': 'Wyoming', 'customer_type': 'Retail', 'preferred_channel': 'Email', 'language': 'Hindi', 'email': 'wagnerjeffery@example.org'}, {'invoice_no': 536365, 'stock_code': '84029G', 'description': 'KNITTED UNION FLAG HOT WATER BOTTLE', 'quantity': 6, 'invoice_date': '12/1/2010 8:26', 'unit_price': 3.39, 'customer_id': 17850, 'country': 'United Kingdom', 'title': 'Mr.', 'first_name': 'George', 'last_name': 'Alvarez', 'gender': 'Male', 'dob': datetime.date(1999, 2, 6), 'age': 26, 'marital_status': 'Divorced', 'phone_no': '457.776.2202', 'address': '37715 Green Oval, Cynthiaside, OH 88304', 'city': 'East Pamelachester', 'pincode': '23153', 'region': 'Ohio', 'customer_type': 'Wholesale', 'preferred_channel': 'Email', 'language': 'Hindi', 'email': 'hillandrew@example.com'}, {'invoice_no': 536365, 'stock_code': '84029E', 'description': 'RED WOOLLY HOTTIE WHITE HEART.', 'quantity': 6, 'invoice_date': '12/1/2010 8:26', 'unit_price': 3.39, 'customer_id': 17850, 'country': 'United Kingdom', 'title': 'Mr.', 'first_name': 'Willie', 'last_name': 'Franklin', 'gender': 'Male', 'dob': datetime.date(1970, 3, 13), 'age': 55, 'marital_status': 'Divorced', 'phone_no': '320-442-0532x64672', 'address': '87499 Francis Shoal Suite 535, Millsport, IA 43374', 'city': 'Bonnieton', 'pincode': '90646', 'region': 'Ohio', 'customer_type': 'Wholesale', 'preferred_channel': 'WhatsApp', 'language': 'German', 'email': 'lisapeters@example.com'}, {'invoice_no': 536365, 'stock_code': '22752', 'description': 'SET 7 BABUSHKA NESTING BOXES', 'quantity': 2, 'invoice_date': '12/1/2010 8:26', 'unit_price': 7.65, 'customer_id': 17850, 'country': 'United Kingdom', 'title': 'Mr.', 'first_name': 'Jeffrey', 'last_name': 'Shaw', 'gender': 'Male', 'dob': datetime.date(1952, 12, 29), 'age': 72, 'marital_status': 'Married', 'phone_no': '297.506.0962', 'address': '53072 Miguel Trace, South Trevor, VI 88314', 'city': 'Taylorberg', 'pincode': '16504', 'region': 'Georgia', 'customer_type': 'Corporate', 'preferred_channel': 'SMS', 'language': 'Spanish', 'email': 'pmorgan@example.com'}, {'invoice_no': 536365, 'stock_code': '21730', 'description': 'GLASS STAR FROSTED T-LIGHT HOLDER', 'quantity': 6, 'invoice_date': '12/1/2010 8:26', 'unit_price': 4.25, 'customer_id': 17850, 'country': 'United Kingdom', 'title': 'Mr.', 'first_name': 'Stephen', 'last_name': 'Keith', 'gender': 'Male', 'dob': datetime.date(1951, 8, 25), 'age': 74, 'marital_status': 'Divorced', 'phone_no': '+1-493-821-4777x7416', 'address': '12404 Brian Causeway, South Jacobton, MD 84778', 'city': 'Phelpston', 'pincode': '92913', 'region': 'Illinois', 'customer_type': 'Retail', 'preferred_channel': 'Email', 'language': 'German', 'email': 'smcknight@example.org'}, {'invoice_no': 536366, 'stock_code': '22633', 'description': 'HAND WARMER UNION JACK', 'quantity': 6, 'invoice_date': '12/1/2010 8:28', 'unit_price': 1.85, 'customer_id': 17850, 'country': 'United Kingdom', 'title': 'Ms.', 'first_name': 'Toni', 'last_name': 'Vargas', 'gender': 'Female', 'dob': datetime.date(1985, 11, 2), 'age': 39, 'marital_status': 'Married', 'phone_no': '591.999.4265x4673', 'address': '9277 Melissa Street, West Kristi, NV 85340', 'city': 'Lake Gerald', 'pincode': '61581', 'region': 'West Virginia', 'customer_type': 'Retail', 'preferred_channel': 'Phone', 'language': 'English', 'email': 'ymartin@example.com'}, {'invoice_no': 536366, 'stock_code': '22632', 'description': 'HAND WARMER RED POLKA DOT', 'quantity': 6, 'invoice_date': '12/1/2010 8:28', 'unit_price': 1.85, 'customer_id': 17850, 'country': 'United Kingdom', 'title': 'Mr.', 'first_name': 'James', 'last_name': 'Martin', 'gender': 'Male', 'dob': datetime.date(2003, 4, 15), 'age': 22, 'marital_status': 'Single', 'phone_no': '483-552-8346x1696', 'address': '21681 Hartman Radial Apt. 833, Port Katherine, PW 73507', 'city': 'West Loriport', 'pincode': '43101', 'region': 'North Dakota', 'customer_type': 'Wholesale', 'preferred_channel': 'SMS', 'language': 'English', 'email': 'benglish@example.com'}, {'invoice_no': 536367, 'stock_code': '84879', 'description': 'ASSORTED COLOUR BIRD ORNAMENT', 'quantity': 32, 'invoice_date': '12/1/2010 8:34', 'unit_price': 1.69, 'customer_id': 13047, 'country': 'United Kingdom', 'title': 'Mr.', 'first_name': 'Allen', 'last_name': 'Beck', 'gender': 'Male', 'dob': datetime.date(1986, 10, 29), 'age': 38, 'marital_status': 'Married', 'phone_no': '819-259-8465x312', 'address': '0490 Michael Cove, Robertshire, NM 55682', 'city': 'Scottville', 'pincode': '87241', 'region': 'Nebraska', 'customer_type': 'Wholesale', 'preferred_channel': 'Email', 'language': 'Hindi', 'email': 'fbanks@example.net'})]
(Background on this error at: https://sqlalche.me/e/14/f405)
[2025-10-09T06:39:15.225+0000] {taskinstance.py:1138} INFO - Marking task as UP_FOR_RETRY. dag_id=run_sample_data_every_5min, task_id=sampleDataScript, execution_date=20251009T063910, start_date=20251009T063914, end_date=20251009T063915
[2025-10-09T06:39:15.253+0000] {standard_task_runner.py:107} ERROR - Failed to execute job 48 for task sampleDataScript ((psycopg2.errors.UndefinedColumn) column "invoice_no" of relation "dim_customer" does not exist
LINE 1: INSERT INTO dim_customer (invoice_no, stock_code, descriptio...
                                  ^

[SQL: INSERT INTO dim_customer (invoice_no, stock_code, description, quantity, invoice_date, unit_price, customer_id, country, title, first_name, last_name, gender, dob, age, marital_status, phone_no, address, city, pincode, region, customer_type, preferred_channel, language, email) VALUES (%(invoice_no)s, %(stock_code)s, %(description)s, %(quantity)s, %(invoice_date)s, %(unit_price)s, %(customer_id)s, %(country)s, %(title)s, %(first_name)s, %(last_name)s, %(gender)s, %(dob)s, %(age)s, %(marital_status)s, %(phone_no)s, %(address)s, %(city)s, %(pincode)s, %(region)s, %(customer_type)s, %(preferred_channel)s, %(language)s, %(email)s)]
[parameters: ({'invoice_no': 536365, 'stock_code': '85123A', 'description': 'WHITE HANGING HEART T-LIGHT HOLDER', 'quantity': 6, 'invoice_date': '12/1/2010 8:26', 'unit_price': 2.55, 'customer_id': 17850, 'country': 'United Kingdom', 'title': 'Ms.', 'first_name': 'Wendy', 'last_name': 'Reynolds', 'gender': 'Female', 'dob': datetime.date(1962, 6, 4), 'age': 63, 'marital_status': 'Married', 'phone_no': '001-501-423-3812x101', 'address': '7105 Cannon Hill, Jacksonhaven, AR 87492', 'city': 'Bensonton', 'pincode': '00697', 'region': 'West Virginia', 'customer_type': 'Corporate', 'preferred_channel': 'WhatsApp', 'language': 'French', 'email': 'kylereese@example.com'}, {'invoice_no': 536365, 'stock_code': '71053', 'description': 'WHITE METAL LANTERN', 'quantity': 6, 'invoice_date': '12/1/2010 8:26', 'unit_price': 3.39, 'customer_id': 17850, 'country': 'United Kingdom', 'title': 'Ms.', 'first_name': 'Ashley', 'last_name': 'Martinez', 'gender': 'Female', 'dob': datetime.date(1948, 3, 14), 'age': 77, 'marital_status': 'Married', 'phone_no': '210.595.0514x9553', 'address': '614 Mckay Park Apt. 485, Acostaport, NV 96450', 'city': 'Edwardtown', 'pincode': '71370', 'region': 'West Virginia', 'customer_type': 'Wholesale', 'preferred_channel': 'SMS', 'language': 'German', 'email': 'trevorhanson@example.com'}, {'invoice_no': 536365, 'stock_code': '84406B', 'description': 'CREAM CUPID HEARTS COAT HANGER', 'quantity': 8, 'invoice_date': '12/1/2010 8:26', 'unit_price': 2.75, 'customer_id': 17850, 'country': 'United Kingdom', 'title': 'Ms.', 'first_name': 'Tricia', 'last_name': 'Roman', 'gender': 'Female', 'dob': datetime.date(1990, 7, 29), 'age': 35, 'marital_status': 'Divorced', 'phone_no': '+1-839-450-1849x183', 'address': '43154 Jessica Rest Suite 720, New Brianchester, IN 38554', 'city': 'Jordanside', 'pincode': '27433', 'region': 'Wyoming', 'customer_type': 'Retail', 'preferred_channel': 'Email', 'language': 'Hindi', 'email': 'wagnerjeffery@example.org'}, {'invoice_no': 536365, 'stock_code': '84029G', 'description': 'KNITTED UNION FLAG HOT WATER BOTTLE', 'quantity': 6, 'invoice_date': '12/1/2010 8:26', 'unit_price': 3.39, 'customer_id': 17850, 'country': 'United Kingdom', 'title': 'Mr.', 'first_name': 'George', 'last_name': 'Alvarez', 'gender': 'Male', 'dob': datetime.date(1999, 2, 6), 'age': 26, 'marital_status': 'Divorced', 'phone_no': '457.776.2202', 'address': '37715 Green Oval, Cynthiaside, OH 88304', 'city': 'East Pamelachester', 'pincode': '23153', 'region': 'Ohio', 'customer_type': 'Wholesale', 'preferred_channel': 'Email', 'language': 'Hindi', 'email': 'hillandrew@example.com'}, {'invoice_no': 536365, 'stock_code': '84029E', 'description': 'RED WOOLLY HOTTIE WHITE HEART.', 'quantity': 6, 'invoice_date': '12/1/2010 8:26', 'unit_price': 3.39, 'customer_id': 17850, 'country': 'United Kingdom', 'title': 'Mr.', 'first_name': 'Willie', 'last_name': 'Franklin', 'gender': 'Male', 'dob': datetime.date(1970, 3, 13), 'age': 55, 'marital_status': 'Divorced', 'phone_no': '320-442-0532x64672', 'address': '87499 Francis Shoal Suite 535, Millsport, IA 43374', 'city': 'Bonnieton', 'pincode': '90646', 'region': 'Ohio', 'customer_type': 'Wholesale', 'preferred_channel': 'WhatsApp', 'language': 'German', 'email': 'lisapeters@example.com'}, {'invoice_no': 536365, 'stock_code': '22752', 'description': 'SET 7 BABUSHKA NESTING BOXES', 'quantity': 2, 'invoice_date': '12/1/2010 8:26', 'unit_price': 7.65, 'customer_id': 17850, 'country': 'United Kingdom', 'title': 'Mr.', 'first_name': 'Jeffrey', 'last_name': 'Shaw', 'gender': 'Male', 'dob': datetime.date(1952, 12, 29), 'age': 72, 'marital_status': 'Married', 'phone_no': '297.506.0962', 'address': '53072 Miguel Trace, South Trevor, VI 88314', 'city': 'Taylorberg', 'pincode': '16504', 'region': 'Georgia', 'customer_type': 'Corporate', 'preferred_channel': 'SMS', 'language': 'Spanish', 'email': 'pmorgan@example.com'}, {'invoice_no': 536365, 'stock_code': '21730', 'description': 'GLASS STAR FROSTED T-LIGHT HOLDER', 'quantity': 6, 'invoice_date': '12/1/2010 8:26', 'unit_price': 4.25, 'customer_id': 17850, 'country': 'United Kingdom', 'title': 'Mr.', 'first_name': 'Stephen', 'last_name': 'Keith', 'gender': 'Male', 'dob': datetime.date(1951, 8, 25), 'age': 74, 'marital_status': 'Divorced', 'phone_no': '+1-493-821-4777x7416', 'address': '12404 Brian Causeway, South Jacobton, MD 84778', 'city': 'Phelpston', 'pincode': '92913', 'region': 'Illinois', 'customer_type': 'Retail', 'preferred_channel': 'Email', 'language': 'German', 'email': 'smcknight@example.org'}, {'invoice_no': 536366, 'stock_code': '22633', 'description': 'HAND WARMER UNION JACK', 'quantity': 6, 'invoice_date': '12/1/2010 8:28', 'unit_price': 1.85, 'customer_id': 17850, 'country': 'United Kingdom', 'title': 'Ms.', 'first_name': 'Toni', 'last_name': 'Vargas', 'gender': 'Female', 'dob': datetime.date(1985, 11, 2), 'age': 39, 'marital_status': 'Married', 'phone_no': '591.999.4265x4673', 'address': '9277 Melissa Street, West Kristi, NV 85340', 'city': 'Lake Gerald', 'pincode': '61581', 'region': 'West Virginia', 'customer_type': 'Retail', 'preferred_channel': 'Phone', 'language': 'English', 'email': 'ymartin@example.com'}, {'invoice_no': 536366, 'stock_code': '22632', 'description': 'HAND WARMER RED POLKA DOT', 'quantity': 6, 'invoice_date': '12/1/2010 8:28', 'unit_price': 1.85, 'customer_id': 17850, 'country': 'United Kingdom', 'title': 'Mr.', 'first_name': 'James', 'last_name': 'Martin', 'gender': 'Male', 'dob': datetime.date(2003, 4, 15), 'age': 22, 'marital_status': 'Single', 'phone_no': '483-552-8346x1696', 'address': '21681 Hartman Radial Apt. 833, Port Katherine, PW 73507', 'city': 'West Loriport', 'pincode': '43101', 'region': 'North Dakota', 'customer_type': 'Wholesale', 'preferred_channel': 'SMS', 'language': 'English', 'email': 'benglish@example.com'}, {'invoice_no': 536367, 'stock_code': '84879', 'description': 'ASSORTED COLOUR BIRD ORNAMENT', 'quantity': 32, 'invoice_date': '12/1/2010 8:34', 'unit_price': 1.69, 'customer_id': 13047, 'country': 'United Kingdom', 'title': 'Mr.', 'first_name': 'Allen', 'last_name': 'Beck', 'gender': 'Male', 'dob': datetime.date(1986, 10, 29), 'age': 38, 'marital_status': 'Married', 'phone_no': '819-259-8465x312', 'address': '0490 Michael Cove, Robertshire, NM 55682', 'city': 'Scottville', 'pincode': '87241', 'region': 'Nebraska', 'customer_type': 'Wholesale', 'preferred_channel': 'Email', 'language': 'Hindi', 'email': 'fbanks@example.net'})]
(Background on this error at: https://sqlalche.me/e/14/f405); 451)
[2025-10-09T06:39:15.289+0000] {local_task_job_runner.py:234} INFO - Task exited with return code 1
[2025-10-09T06:39:15.323+0000] {taskinstance.py:3280} INFO - 0 downstream tasks scheduled from follow-on schedule check
