[2025-10-21T10:13:21.189+0000] {taskinstance.py:1956} INFO - Dependencies all met for dep_context=non-requeueable deps ti=<TaskInstance: dim_customer_dag.load_fact_sales manual__2025-10-21T10:12:20.854996+00:00 [queued]>
[2025-10-21T10:13:21.203+0000] {taskinstance.py:1956} INFO - Dependencies all met for dep_context=requeueable deps ti=<TaskInstance: dim_customer_dag.load_fact_sales manual__2025-10-21T10:12:20.854996+00:00 [queued]>
[2025-10-21T10:13:21.204+0000] {taskinstance.py:2170} INFO - Starting attempt 1 of 1
[2025-10-21T10:13:21.228+0000] {taskinstance.py:2191} INFO - Executing <Task(PythonOperator): load_fact_sales> on 2025-10-21 10:12:20.854996+00:00
[2025-10-21T10:13:21.238+0000] {standard_task_runner.py:60} INFO - Started process 96 to run task
[2025-10-21T10:13:21.245+0000] {standard_task_runner.py:87} INFO - Running: ['***', 'tasks', 'run', 'dim_customer_dag', 'load_fact_sales', 'manual__2025-10-21T10:12:20.854996+00:00', '--job-id', '196', '--raw', '--subdir', 'DAGS_FOLDER/dim_customer_dag.py', '--cfg-path', '/tmp/tmpiyy1m6__']
[2025-10-21T10:13:21.247+0000] {standard_task_runner.py:88} INFO - Job 196: Subtask load_fact_sales
[2025-10-21T10:13:21.376+0000] {task_command.py:423} INFO - Running <TaskInstance: dim_customer_dag.load_fact_sales manual__2025-10-21T10:12:20.854996+00:00 [running]> on host cfaf93cb2f66
[2025-10-21T10:13:21.605+0000] {taskinstance.py:2480} INFO - Exporting env vars: AIRFLOW_CTX_DAG_OWNER='***' AIRFLOW_CTX_DAG_ID='dim_customer_dag' AIRFLOW_CTX_TASK_ID='load_fact_sales' AIRFLOW_CTX_EXECUTION_DATE='2025-10-21T10:12:20.854996+00:00' AIRFLOW_CTX_TRY_NUMBER='1' AIRFLOW_CTX_DAG_RUN_ID='manual__2025-10-21T10:12:20.854996+00:00'
[2025-10-21T10:13:21.608+0000] {logging_mixin.py:188} INFO -  Starting fact_sales ETL pipeline
[2025-10-21T10:13:21.649+0000] {logging_mixin.py:188} INFO -  Last SUCCESS run for fact_sales: 2025-10-15 11:59:53.610864
[2025-10-21T10:13:21.650+0000] {logging_mixin.py:188} INFO -  Last successful run found: 2025-10-15 11:59:53.610864
[2025-10-21T10:13:32.637+0000] {warnings.py:109} WARNING - /opt/***/dags/etl_scripts/sales_etl.py:37: UserWarning: Parsing dates in %d/%m/%Y %I:%M:%S %p format when dayfirst=False (the default) was specified. Pass `dayfirst=True` or specify a format to silence this warning.
  df["InDate"] = pd.to_datetime(df["InDate"], errors="coerce")

[2025-10-21T10:13:32.642+0000] {logging_mixin.py:188} INFO -  Found 1 new sales records since last run.
[2025-10-21T10:13:47.176+0000] {warnings.py:109} WARNING - /opt/***/dags/etl_scripts/sales_etl.py:59: SettingWithCopyWarning: 
A value is trying to be set on a copy of a slice from a DataFrame

See the caveats in the documentation: https://pandas.pydata.org/pandas-docs/stable/user_guide/indexing.html#returning-a-view-versus-a-copy
  new_data.rename(columns={

[2025-10-21T10:13:47.973+0000] {logging_mixin.py:188} INFO -  Successfully loaded 288 records into fact_sales
[2025-10-21T10:13:47.979+0000] {logging_mixin.py:188} INFO -  fact_sales ETL completed successfully.
[2025-10-21T10:13:48.684+0000] {python.py:201} INFO - Done. Returned value was: None
[2025-10-21T10:13:48.703+0000] {taskinstance.py:1138} INFO - Marking task as SUCCESS. dag_id=dim_customer_dag, task_id=load_fact_sales, execution_date=20251021T101220, start_date=20251021T101321, end_date=20251021T101348
[2025-10-21T10:13:48.708+0000] {logging_mixin.py:188} INFO -  Logged ETL run for fact_sales: success at 2025-10-21 10:13:48.704277
[2025-10-21T10:13:48.764+0000] {local_task_job_runner.py:234} INFO - Task exited with return code 0
[2025-10-21T10:13:48.799+0000] {taskinstance.py:3280} INFO - 0 downstream tasks scheduled from follow-on schedule check
