[2025-10-22T14:22:46.681+0000] {taskinstance.py:1956} INFO - Dependencies all met for dep_context=non-requeueable deps ti=<TaskInstance: sales_pipeline_master_dag.load_dim_customer manual__2025-10-22T14:22:43.080282+00:00 [queued]>
[2025-10-22T14:22:46.703+0000] {taskinstance.py:1956} INFO - Dependencies all met for dep_context=requeueable deps ti=<TaskInstance: sales_pipeline_master_dag.load_dim_customer manual__2025-10-22T14:22:43.080282+00:00 [queued]>
[2025-10-22T14:22:46.704+0000] {taskinstance.py:2170} INFO - Starting attempt 1 of 1
[2025-10-22T14:22:46.741+0000] {taskinstance.py:2191} INFO - Executing <Task(PythonOperator): load_dim_customer> on 2025-10-22 14:22:43.080282+00:00
[2025-10-22T14:22:46.753+0000] {standard_task_runner.py:60} INFO - Started process 4990 to run task
[2025-10-22T14:22:46.762+0000] {standard_task_runner.py:87} INFO - Running: ['***', 'tasks', 'run', 'sales_pipeline_master_dag', 'load_dim_customer', 'manual__2025-10-22T14:22:43.080282+00:00', '--job-id', '338', '--raw', '--subdir', 'DAGS_FOLDER/dim_customer_dag.py', '--cfg-path', '/tmp/tmpb9ayequj']
[2025-10-22T14:22:46.764+0000] {standard_task_runner.py:88} INFO - Job 338: Subtask load_dim_customer
[2025-10-22T14:22:46.889+0000] {task_command.py:423} INFO - Running <TaskInstance: sales_pipeline_master_dag.load_dim_customer manual__2025-10-22T14:22:43.080282+00:00 [running]> on host 73b97317d540
[2025-10-22T14:22:47.135+0000] {taskinstance.py:2480} INFO - Exporting env vars: AIRFLOW_CTX_DAG_OWNER='***' AIRFLOW_CTX_DAG_ID='sales_pipeline_master_dag' AIRFLOW_CTX_TASK_ID='load_dim_customer' AIRFLOW_CTX_EXECUTION_DATE='2025-10-22T14:22:43.080282+00:00' AIRFLOW_CTX_TRY_NUMBER='1' AIRFLOW_CTX_DAG_RUN_ID='manual__2025-10-22T14:22:43.080282+00:00'
[2025-10-22T14:22:47.138+0000] {logging_mixin.py:188} INFO -  Starting dim_customer ETL pipeline
[2025-10-22T14:22:47.275+0000] {logging_mixin.py:188} INFO -  Last SUCCESS run for dim_customer: 2025-10-22 14:22:02.034465
[2025-10-22T14:22:47.276+0000] {logging_mixin.py:188} INFO -  Last successful run found: 2025-10-22 14:22:02.034465
[2025-10-22T14:22:59.192+0000] {warnings.py:109} WARNING - /opt/***/dags/etl_scripts/customer_etl.py:44: UserWarning: Parsing dates in %d/%m/%Y %I:%M:%S %p format when dayfirst=False (the default) was specified. Pass `dayfirst=True` or specify a format to silence this warning.
  df["in_date"] = pd.to_datetime(df["in_date"], errors="coerce")

[2025-10-22T14:23:00.846+0000] {logging_mixin.py:188} INFO - Found 1 new/updated records since last run.
[2025-10-22T14:23:00.916+0000] {logging_mixin.py:188} INFO - Table 'dim_customer' not found. Creating now...
[2025-10-22T14:23:00.963+0000] {logging_mixin.py:188} INFO - ✅ Table 'dim_customer' created successfully.
[2025-10-22T14:23:00.993+0000] {logging_mixin.py:188} INFO - Inserted/Upserted 1 rows into dim_customer
[2025-10-22T14:23:00.994+0000] {logging_mixin.py:188} INFO - Inserted 1 rows into newly created table.
[2025-10-22T14:23:00.997+0000] {logging_mixin.py:188} INFO - dim_customer ETL completed successfully.
[2025-10-22T14:23:00.999+0000] {python.py:201} INFO - Done. Returned value was: None
[2025-10-22T14:23:01.027+0000] {taskinstance.py:1138} INFO - Marking task as SUCCESS. dag_id=sales_pipeline_master_dag, task_id=load_dim_customer, execution_date=20251022T142243, start_date=20251022T142246, end_date=20251022T142301
[2025-10-22T14:23:01.032+0000] {logging_mixin.py:188} INFO -  Logged ETL run for dim_customer: success at 2025-10-22 14:23:01.028067
[2025-10-22T14:23:01.087+0000] {local_task_job_runner.py:234} INFO - Task exited with return code 0
[2025-10-22T14:23:01.122+0000] {taskinstance.py:3280} INFO - 1 downstream tasks scheduled from follow-on schedule check
