[2025-10-12T14:17:20.008+0000] {taskinstance.py:1956} INFO - Dependencies all met for dep_context=non-requeueable deps ti=<TaskInstance: fact_sales_dag.load_fact_sales manual__2025-10-12T14:17:16.066364+00:00 [queued]>
[2025-10-12T14:17:20.027+0000] {taskinstance.py:1956} INFO - Dependencies all met for dep_context=requeueable deps ti=<TaskInstance: fact_sales_dag.load_fact_sales manual__2025-10-12T14:17:16.066364+00:00 [queued]>
[2025-10-12T14:17:20.029+0000] {taskinstance.py:2170} INFO - Starting attempt 1 of 1
[2025-10-12T14:17:20.063+0000] {taskinstance.py:2191} INFO - Executing <Task(PythonOperator): load_fact_sales> on 2025-10-12 14:17:16.066364+00:00
[2025-10-12T14:17:20.071+0000] {standard_task_runner.py:60} INFO - Started process 3654 to run task
[2025-10-12T14:17:20.076+0000] {standard_task_runner.py:87} INFO - Running: ['***', 'tasks', 'run', 'fact_sales_dag', 'load_fact_sales', 'manual__2025-10-12T14:17:16.066364+00:00', '--job-id', '132', '--raw', '--subdir', 'DAGS_FOLDER/fact_sales_dag.py', '--cfg-path', '/tmp/tmp_gxpi_tz']
[2025-10-12T14:17:20.078+0000] {standard_task_runner.py:88} INFO - Job 132: Subtask load_fact_sales
[2025-10-12T14:17:20.181+0000] {task_command.py:423} INFO - Running <TaskInstance: fact_sales_dag.load_fact_sales manual__2025-10-12T14:17:16.066364+00:00 [running]> on host ba936f2a330d
[2025-10-12T14:17:20.364+0000] {taskinstance.py:2480} INFO - Exporting env vars: AIRFLOW_CTX_DAG_OWNER='***' AIRFLOW_CTX_DAG_ID='fact_sales_dag' AIRFLOW_CTX_TASK_ID='load_fact_sales' AIRFLOW_CTX_EXECUTION_DATE='2025-10-12T14:17:16.066364+00:00' AIRFLOW_CTX_TRY_NUMBER='1' AIRFLOW_CTX_DAG_RUN_ID='manual__2025-10-12T14:17:16.066364+00:00'
[2025-10-12T14:17:20.367+0000] {logging_mixin.py:188} INFO - 🚀 Starting fact_sales ETL pipeline
[2025-10-12T14:17:20.410+0000] {logging_mixin.py:188} INFO - ⚠️ No successful run found for fact_sales — will perform full load.
[2025-10-12T14:17:20.411+0000] {logging_mixin.py:188} INFO - ⚠️ No successful run found — performing full load.
[2025-10-12T14:17:32.219+0000] {logging_mixin.py:188} INFO - 🆕 First load — total sales records: 10
[2025-10-12T14:17:32.290+0000] {logging_mixin.py:188} INFO - ✅ Successfully loaded 10 records into fact_sales
[2025-10-12T14:17:34.542+0000] {logging_mixin.py:188} INFO - 🟩 Logged ETL run for fact_sales: success at 2025-10-12 14:17:34.538777
[2025-10-12T14:17:34.543+0000] {logging_mixin.py:188} INFO - 🟩 fact_sales ETL completed successfully.
[2025-10-12T14:17:34.593+0000] {python.py:201} INFO - Done. Returned value was: None
[2025-10-12T14:17:34.612+0000] {taskinstance.py:1138} INFO - Marking task as SUCCESS. dag_id=fact_sales_dag, task_id=load_fact_sales, execution_date=20251012T141716, start_date=20251012T141720, end_date=20251012T141734
[2025-10-12T14:17:34.617+0000] {logging_mixin.py:188} INFO - 🟩 Logged ETL run for fact_sales: success at 2025-10-12 14:17:34.613644
[2025-10-12T14:17:34.667+0000] {local_task_job_runner.py:234} INFO - Task exited with return code 0
[2025-10-12T14:17:34.714+0000] {taskinstance.py:3280} INFO - 0 downstream tasks scheduled from follow-on schedule check
