[2025-10-21T10:53:16.976+0000] {taskinstance.py:1956} INFO - Dependencies all met for dep_context=non-requeueable deps ti=<TaskInstance: sales_pipeline_master_dag.load_dim_product manual__2025-10-21T10:53:10.349460+00:00 [queued]>
[2025-10-21T10:53:17.021+0000] {taskinstance.py:1956} INFO - Dependencies all met for dep_context=requeueable deps ti=<TaskInstance: sales_pipeline_master_dag.load_dim_product manual__2025-10-21T10:53:10.349460+00:00 [queued]>
[2025-10-21T10:53:17.022+0000] {taskinstance.py:2170} INFO - Starting attempt 1 of 1
[2025-10-21T10:53:17.083+0000] {taskinstance.py:2191} INFO - Executing <Task(PythonOperator): load_dim_product> on 2025-10-21 10:53:10.349460+00:00
[2025-10-21T10:53:17.096+0000] {standard_task_runner.py:60} INFO - Started process 116 to run task
[2025-10-21T10:53:17.116+0000] {standard_task_runner.py:87} INFO - Running: ['***', 'tasks', 'run', 'sales_pipeline_master_dag', 'load_dim_product', 'manual__2025-10-21T10:53:10.349460+00:00', '--job-id', '208', '--raw', '--subdir', 'DAGS_FOLDER/dim_customer_dag.py', '--cfg-path', '/tmp/tmp9r6sazxh']
[2025-10-21T10:53:17.121+0000] {standard_task_runner.py:88} INFO - Job 208: Subtask load_dim_product
[2025-10-21T10:53:17.430+0000] {task_command.py:423} INFO - Running <TaskInstance: sales_pipeline_master_dag.load_dim_product manual__2025-10-21T10:53:10.349460+00:00 [running]> on host 73b97317d540
[2025-10-21T10:53:17.776+0000] {taskinstance.py:2480} INFO - Exporting env vars: AIRFLOW_CTX_DAG_OWNER='***' AIRFLOW_CTX_DAG_ID='sales_pipeline_master_dag' AIRFLOW_CTX_TASK_ID='load_dim_product' AIRFLOW_CTX_EXECUTION_DATE='2025-10-21T10:53:10.349460+00:00' AIRFLOW_CTX_TRY_NUMBER='1' AIRFLOW_CTX_DAG_RUN_ID='manual__2025-10-21T10:53:10.349460+00:00'
[2025-10-21T10:53:17.779+0000] {logging_mixin.py:188} INFO - 🚀 Starting dim_product ETL pipeline
[2025-10-21T10:53:18.048+0000] {logging_mixin.py:188} INFO -  Last SUCCESS run for dim_product: 2025-10-21 10:14:21.220953
[2025-10-21T10:53:18.050+0000] {logging_mixin.py:188} INFO -  Last successful run found: 2025-10-21 10:14:21.220953
[2025-10-21T10:53:40.055+0000] {warnings.py:109} WARNING - /opt/***/dags/etl_scripts/product_etl.py:46: UserWarning: Parsing dates in %d/%m/%Y %I:%M:%S %p format when dayfirst=False (the default) was specified. Pass `dayfirst=True` or specify a format to silence this warning.
  df["in_date"] = pd.to_datetime(df["in_date"], errors="coerce")

[2025-10-21T10:53:40.130+0000] {logging_mixin.py:188} INFO - 🔍 Found 0 new/updated product records since last run.
[2025-10-21T10:53:40.131+0000] {logging_mixin.py:188} INFO -  No new product records to insert.
[2025-10-21T10:53:40.148+0000] {logging_mixin.py:188} INFO -  Logged ETL run for dim_product: success at 2025-10-21 10:53:40.133977
[2025-10-21T10:53:40.152+0000] {python.py:201} INFO - Done. Returned value was: None
[2025-10-21T10:53:40.204+0000] {taskinstance.py:1138} INFO - Marking task as SUCCESS. dag_id=sales_pipeline_master_dag, task_id=load_dim_product, execution_date=20251021T105310, start_date=20251021T105316, end_date=20251021T105340
[2025-10-21T10:53:40.214+0000] {logging_mixin.py:188} INFO -  Logged ETL run for dim_product: success at 2025-10-21 10:53:40.206861
[2025-10-21T10:53:40.346+0000] {local_task_job_runner.py:234} INFO - Task exited with return code 0
[2025-10-21T10:53:40.505+0000] {taskinstance.py:3280} INFO - 0 downstream tasks scheduled from follow-on schedule check
