[2025-10-09T10:30:01.893+0000] {taskinstance.py:1956} INFO - Dependencies all met for dep_context=non-requeueable deps ti=<TaskInstance: run_sample_data_every_15min.sampleDataScript scheduled__2025-10-09T10:15:00+00:00 [queued]>
[2025-10-09T10:30:01.902+0000] {taskinstance.py:1956} INFO - Dependencies all met for dep_context=requeueable deps ti=<TaskInstance: run_sample_data_every_15min.sampleDataScript scheduled__2025-10-09T10:15:00+00:00 [queued]>
[2025-10-09T10:30:01.903+0000] {taskinstance.py:2170} INFO - Starting attempt 1 of 2
[2025-10-09T10:30:01.948+0000] {taskinstance.py:2191} INFO - Executing <Task(PythonOperator): sampleDataScript> on 2025-10-09 10:15:00+00:00
[2025-10-09T10:30:01.955+0000] {standard_task_runner.py:60} INFO - Started process 1583 to run task
[2025-10-09T10:30:01.958+0000] {standard_task_runner.py:87} INFO - Running: ['***', 'tasks', 'run', 'run_sample_data_every_15min', 'sampleDataScript', 'scheduled__2025-10-09T10:15:00+00:00', '--job-id', '71', '--raw', '--subdir', 'DAGS_FOLDER/dag_file.py', '--cfg-path', '/tmp/tmp08hssy9f']
[2025-10-09T10:30:01.960+0000] {standard_task_runner.py:88} INFO - Job 71: Subtask sampleDataScript
[2025-10-09T10:30:02.033+0000] {task_command.py:423} INFO - Running <TaskInstance: run_sample_data_every_15min.sampleDataScript scheduled__2025-10-09T10:15:00+00:00 [running]> on host c9c6d5ce5327
[2025-10-09T10:30:02.141+0000] {taskinstance.py:2480} INFO - Exporting env vars: AIRFLOW_CTX_DAG_OWNER='***' AIRFLOW_CTX_DAG_ID='run_sample_data_every_15min' AIRFLOW_CTX_TASK_ID='sampleDataScript' AIRFLOW_CTX_EXECUTION_DATE='2025-10-09T10:15:00+00:00' AIRFLOW_CTX_TRY_NUMBER='1' AIRFLOW_CTX_DAG_RUN_ID='scheduled__2025-10-09T10:15:00+00:00'
[2025-10-09T10:30:02.154+0000] {logging_mixin.py:188} INFO - CSV loaded successfully!
[2025-10-09T10:30:02.230+0000] {logging_mixin.py:188} INFO - 
Customer Dimension:
[2025-10-09T10:30:02.231+0000] {logging_mixin.py:188} INFO - 
Product Dimension Table InProcess
[2025-10-09T10:30:02.276+0000] {logging_mixin.py:188} INFO - 
Product Dimension:
[2025-10-09T10:30:02.323+0000] {logging_mixin.py:188} INFO - Inserted 3 new customers
[2025-10-09T10:30:02.324+0000] {python.py:201} INFO - Done. Returned value was: None
[2025-10-09T10:30:02.340+0000] {taskinstance.py:1138} INFO - Marking task as SUCCESS. dag_id=run_sample_data_every_15min, task_id=sampleDataScript, execution_date=20251009T101500, start_date=20251009T103001, end_date=20251009T103002
[2025-10-09T10:30:02.372+0000] {local_task_job_runner.py:234} INFO - Task exited with return code 0
[2025-10-09T10:30:02.398+0000] {taskinstance.py:3280} INFO - 0 downstream tasks scheduled from follow-on schedule check
