[2025-10-22T14:23:04.533+0000] {taskinstance.py:1956} INFO - Dependencies all met for dep_context=non-requeueable deps ti=<TaskInstance: sales_pipeline_master_dag.load_fact_sales manual__2025-10-22T14:22:43.080282+00:00 [queued]>
[2025-10-22T14:23:04.547+0000] {taskinstance.py:1956} INFO - Dependencies all met for dep_context=requeueable deps ti=<TaskInstance: sales_pipeline_master_dag.load_fact_sales manual__2025-10-22T14:22:43.080282+00:00 [queued]>
[2025-10-22T14:23:04.549+0000] {taskinstance.py:2170} INFO - Starting attempt 1 of 1
[2025-10-22T14:23:04.576+0000] {taskinstance.py:2191} INFO - Executing <Task(PythonOperator): load_fact_sales> on 2025-10-22 14:22:43.080282+00:00
[2025-10-22T14:23:04.584+0000] {standard_task_runner.py:60} INFO - Started process 5002 to run task
[2025-10-22T14:23:04.589+0000] {standard_task_runner.py:87} INFO - Running: ['***', 'tasks', 'run', 'sales_pipeline_master_dag', 'load_fact_sales', 'manual__2025-10-22T14:22:43.080282+00:00', '--job-id', '340', '--raw', '--subdir', 'DAGS_FOLDER/dim_customer_dag.py', '--cfg-path', '/tmp/tmpicwsst0o']
[2025-10-22T14:23:04.591+0000] {standard_task_runner.py:88} INFO - Job 340: Subtask load_fact_sales
[2025-10-22T14:23:04.755+0000] {task_command.py:423} INFO - Running <TaskInstance: sales_pipeline_master_dag.load_fact_sales manual__2025-10-22T14:22:43.080282+00:00 [running]> on host 73b97317d540
[2025-10-22T14:23:05.007+0000] {taskinstance.py:2480} INFO - Exporting env vars: AIRFLOW_CTX_DAG_OWNER='***' AIRFLOW_CTX_DAG_ID='sales_pipeline_master_dag' AIRFLOW_CTX_TASK_ID='load_fact_sales' AIRFLOW_CTX_EXECUTION_DATE='2025-10-22T14:22:43.080282+00:00' AIRFLOW_CTX_TRY_NUMBER='1' AIRFLOW_CTX_DAG_RUN_ID='manual__2025-10-22T14:22:43.080282+00:00'
[2025-10-22T14:23:05.010+0000] {logging_mixin.py:188} INFO -  Starting fact_sales ETL pipeline
[2025-10-22T14:23:05.044+0000] {logging_mixin.py:188} INFO -  Last SUCCESS run for fact_sales: 2025-10-22 14:22:17.641062
[2025-10-22T14:23:05.045+0000] {logging_mixin.py:188} INFO -  Last successful run found: 2025-10-22 14:22:17.641062
[2025-10-22T14:23:15.836+0000] {warnings.py:109} WARNING - /opt/***/dags/etl_scripts/sales_etl.py:37: UserWarning: Parsing dates in %d/%m/%Y %I:%M:%S %p format when dayfirst=False (the default) was specified. Pass `dayfirst=True` or specify a format to silence this warning.
  df["InDate"] = pd.to_datetime(df["InDate"], errors="coerce")

[2025-10-22T14:23:15.842+0000] {logging_mixin.py:188} INFO -  Found 1 new sales records since last run.
[2025-10-22T14:23:15.884+0000] {warnings.py:109} WARNING - /opt/***/dags/etl_scripts/sales_etl.py:59: SettingWithCopyWarning: 
A value is trying to be set on a copy of a slice from a DataFrame

See the caveats in the documentation: https://pandas.pydata.org/pandas-docs/stable/user_guide/indexing.html#returning-a-view-versus-a-copy
  new_data.rename(columns={

[2025-10-22T14:23:15.887+0000] {warnings.py:109} WARNING - /opt/***/dags/etl_scripts/sales_etl.py:68: SettingWithCopyWarning: 
A value is trying to be set on a copy of a slice from a DataFrame.
Try using .loc[row_indexer,col_indexer] = value instead

See the caveats in the documentation: https://pandas.pydata.org/pandas-docs/stable/user_guide/indexing.html#returning-a-view-versus-a-copy
  new_data['customer_id'] = new_data['customer_id'].astype(int)

[2025-10-22T14:23:15.888+0000] {taskinstance.py:2698} ERROR - Task failed with exception
Traceback (most recent call last):
  File "/home/airflow/.local/lib/python3.8/site-packages/airflow/models/taskinstance.py", line 433, in _execute_task
    result = execute_callable(context=context, **execute_callable_kwargs)
  File "/home/airflow/.local/lib/python3.8/site-packages/airflow/operators/python.py", line 199, in execute
    return_value = self.execute_callable()
  File "/home/airflow/.local/lib/python3.8/site-packages/airflow/operators/python.py", line 216, in execute_callable
    return self.python_callable(*self.op_args, **self.op_kwargs)
  File "/opt/airflow/dags/etl_scripts/sales_etl.py", line 69, in run_sales_etl
    customer_dim['customer_id'] = customer_dim['customer_id'].astype(int)
  File "/home/airflow/.local/lib/python3.8/site-packages/pandas/core/generic.py", line 6324, in astype
    new_data = self._mgr.astype(dtype=dtype, copy=copy, errors=errors)
  File "/home/airflow/.local/lib/python3.8/site-packages/pandas/core/internals/managers.py", line 451, in astype
    return self.apply(
  File "/home/airflow/.local/lib/python3.8/site-packages/pandas/core/internals/managers.py", line 352, in apply
    applied = getattr(b, f)(**kwargs)
  File "/home/airflow/.local/lib/python3.8/site-packages/pandas/core/internals/blocks.py", line 511, in astype
    new_values = astype_array_safe(values, dtype, copy=copy, errors=errors)
  File "/home/airflow/.local/lib/python3.8/site-packages/pandas/core/dtypes/astype.py", line 242, in astype_array_safe
    new_values = astype_array(values, dtype, copy=copy)
  File "/home/airflow/.local/lib/python3.8/site-packages/pandas/core/dtypes/astype.py", line 187, in astype_array
    values = _astype_nansafe(values, dtype, copy=copy)
  File "/home/airflow/.local/lib/python3.8/site-packages/pandas/core/dtypes/astype.py", line 138, in _astype_nansafe
    return arr.astype(dtype, copy=True)
TypeError: int() argument must be a string, a bytes-like object or a number, not 'NoneType'
[2025-10-22T14:23:15.936+0000] {taskinstance.py:1138} INFO - Marking task as FAILED. dag_id=sales_pipeline_master_dag, task_id=load_fact_sales, execution_date=20251022T142243, start_date=20251022T142304, end_date=20251022T142315
[2025-10-22T14:23:15.941+0000] {logging_mixin.py:188} INFO -  Logged ETL run for dim_customer: failed at 2025-10-22 14:23:15.937847
[2025-10-22T14:23:15.942+0000] {logging_mixin.py:188} INFO - Task load_fact_sales in DAG sales_pipeline_master_dag failed!
[2025-10-22T14:23:15.962+0000] {standard_task_runner.py:107} ERROR - Failed to execute job 340 for task load_fact_sales (int() argument must be a string, a bytes-like object or a number, not 'NoneType'; 5002)
[2025-10-22T14:23:16.037+0000] {local_task_job_runner.py:234} INFO - Task exited with return code 1
[2025-10-22T14:23:16.067+0000] {taskinstance.py:3280} INFO - 0 downstream tasks scheduled from follow-on schedule check
