[2025-10-22T15:09:14.945+0000] {taskinstance.py:1956} INFO - Dependencies all met for dep_context=non-requeueable deps ti=<TaskInstance: sales_pipeline_master_dag.load_dim_customer manual__2025-10-22T15:09:09.405226+00:00 [queued]>
[2025-10-22T15:09:14.963+0000] {taskinstance.py:1956} INFO - Dependencies all met for dep_context=requeueable deps ti=<TaskInstance: sales_pipeline_master_dag.load_dim_customer manual__2025-10-22T15:09:09.405226+00:00 [queued]>
[2025-10-22T15:09:14.964+0000] {taskinstance.py:2170} INFO - Starting attempt 1 of 1
[2025-10-22T15:09:15.005+0000] {taskinstance.py:2191} INFO - Executing <Task(PythonOperator): load_dim_customer> on 2025-10-22 15:09:09.405226+00:00
[2025-10-22T15:09:15.014+0000] {standard_task_runner.py:60} INFO - Started process 5715 to run task
[2025-10-22T15:09:15.021+0000] {standard_task_runner.py:87} INFO - Running: ['***', 'tasks', 'run', 'sales_pipeline_master_dag', 'load_dim_customer', 'manual__2025-10-22T15:09:09.405226+00:00', '--job-id', '363', '--raw', '--subdir', 'DAGS_FOLDER/dim_customer_dag.py', '--cfg-path', '/tmp/tmp6gka5i69']
[2025-10-22T15:09:15.024+0000] {standard_task_runner.py:88} INFO - Job 363: Subtask load_dim_customer
[2025-10-22T15:09:15.137+0000] {task_command.py:423} INFO - Running <TaskInstance: sales_pipeline_master_dag.load_dim_customer manual__2025-10-22T15:09:09.405226+00:00 [running]> on host 73b97317d540
[2025-10-22T15:09:15.359+0000] {taskinstance.py:2480} INFO - Exporting env vars: AIRFLOW_CTX_DAG_OWNER='***' AIRFLOW_CTX_DAG_ID='sales_pipeline_master_dag' AIRFLOW_CTX_TASK_ID='load_dim_customer' AIRFLOW_CTX_EXECUTION_DATE='2025-10-22T15:09:09.405226+00:00' AIRFLOW_CTX_TRY_NUMBER='1' AIRFLOW_CTX_DAG_RUN_ID='manual__2025-10-22T15:09:09.405226+00:00'
[2025-10-22T15:09:15.363+0000] {logging_mixin.py:188} INFO -  Starting dim_customer ETL pipeline
[2025-10-22T15:09:15.575+0000] {logging_mixin.py:188} INFO -  No successful run found for dim_customer — will perform full load.
[2025-10-22T15:09:15.577+0000] {logging_mixin.py:188} INFO -  No successful run found — performing full load.
[2025-10-22T15:09:27.071+0000] {warnings.py:109} WARNING - /opt/***/dags/etl_scripts/customer_etl.py:44: UserWarning: Parsing dates in %d/%m/%Y %I:%M:%S %p format when dayfirst=False (the default) was specified. Pass `dayfirst=True` or specify a format to silence this warning.
  df["in_date"] = pd.to_datetime(df["in_date"], errors="coerce")

[2025-10-22T15:09:28.672+0000] {logging_mixin.py:188} INFO - First load — total records to insert: 1000
[2025-10-22T15:09:28.715+0000] {logging_mixin.py:188} INFO - Inserted/Upserted 49 rows into dim_customer
[2025-10-22T15:09:28.716+0000] {logging_mixin.py:188} INFO - Inserted 49 rows into newly created table.
[2025-10-22T15:09:28.719+0000] {logging_mixin.py:188} INFO - dim_customer ETL completed successfully.
[2025-10-22T15:09:28.720+0000] {python.py:201} INFO - Done. Returned value was: None
[2025-10-22T15:09:28.737+0000] {taskinstance.py:1138} INFO - Marking task as SUCCESS. dag_id=sales_pipeline_master_dag, task_id=load_dim_customer, execution_date=20251022T150909, start_date=20251022T150914, end_date=20251022T150928
[2025-10-22T15:09:28.742+0000] {logging_mixin.py:188} INFO -  Logged ETL run for dim_customer: success at 2025-10-22 15:09:28.738649
[2025-10-22T15:09:28.795+0000] {local_task_job_runner.py:234} INFO - Task exited with return code 0
[2025-10-22T15:09:28.825+0000] {taskinstance.py:3280} INFO - 0 downstream tasks scheduled from follow-on schedule check
