[2025-10-14T05:50:46.006+0000] {taskinstance.py:1956} INFO - Dependencies all met for dep_context=non-requeueable deps ti=<TaskInstance: fact_sales_dag.load_fact_sales manual__2025-10-14T05:50:43.291909+00:00 [queued]>
[2025-10-14T05:50:46.021+0000] {taskinstance.py:1956} INFO - Dependencies all met for dep_context=requeueable deps ti=<TaskInstance: fact_sales_dag.load_fact_sales manual__2025-10-14T05:50:43.291909+00:00 [queued]>
[2025-10-14T05:50:46.022+0000] {taskinstance.py:2170} INFO - Starting attempt 1 of 1
[2025-10-14T05:50:46.051+0000] {taskinstance.py:2191} INFO - Executing <Task(PythonOperator): load_fact_sales> on 2025-10-14 05:50:43.291909+00:00
[2025-10-14T05:50:46.061+0000] {standard_task_runner.py:60} INFO - Started process 5150 to run task
[2025-10-14T05:50:46.067+0000] {standard_task_runner.py:87} INFO - Running: ['***', 'tasks', 'run', 'fact_sales_dag', 'load_fact_sales', 'manual__2025-10-14T05:50:43.291909+00:00', '--job-id', '170', '--raw', '--subdir', 'DAGS_FOLDER/fact_sales_dag.py', '--cfg-path', '/tmp/tmprp_3x5gz']
[2025-10-14T05:50:46.070+0000] {standard_task_runner.py:88} INFO - Job 170: Subtask load_fact_sales
[2025-10-14T05:50:46.170+0000] {task_command.py:423} INFO - Running <TaskInstance: fact_sales_dag.load_fact_sales manual__2025-10-14T05:50:43.291909+00:00 [running]> on host cd1b8c665937
[2025-10-14T05:50:46.356+0000] {taskinstance.py:2480} INFO - Exporting env vars: AIRFLOW_CTX_DAG_OWNER='***' AIRFLOW_CTX_DAG_ID='fact_sales_dag' AIRFLOW_CTX_TASK_ID='load_fact_sales' AIRFLOW_CTX_EXECUTION_DATE='2025-10-14T05:50:43.291909+00:00' AIRFLOW_CTX_TRY_NUMBER='1' AIRFLOW_CTX_DAG_RUN_ID='manual__2025-10-14T05:50:43.291909+00:00'
[2025-10-14T05:50:46.358+0000] {logging_mixin.py:188} INFO -  Starting fact_sales ETL pipeline
[2025-10-14T05:50:46.390+0000] {logging_mixin.py:188} INFO -  No successful run found for fact_sales — will perform full load.
[2025-10-14T05:50:46.391+0000] {logging_mixin.py:188} INFO -  No successful run found — performing full load.
[2025-10-14T05:50:55.075+0000] {warnings.py:109} WARNING - /opt/***/dags/etl_scripts/sales_etl.py:37: UserWarning: Parsing dates in %d/%m/%Y %I:%M:%S %p format when dayfirst=False (the default) was specified. Pass `dayfirst=True` or specify a format to silence this warning.
  df["InDate"] = pd.to_datetime(df["InDate"], errors="coerce")

[2025-10-14T05:50:55.079+0000] {logging_mixin.py:188} INFO -  First load — total sales records: 10
[2025-10-14T05:51:04.452+0000] {logging_mixin.py:188} INFO -  Successfully loaded 1188 records into fact_sales
[2025-10-14T05:51:04.455+0000] {logging_mixin.py:188} INFO -  fact_sales ETL completed successfully.
[2025-10-14T05:51:05.465+0000] {python.py:201} INFO - Done. Returned value was: None
[2025-10-14T05:51:05.482+0000] {taskinstance.py:1138} INFO - Marking task as SUCCESS. dag_id=fact_sales_dag, task_id=load_fact_sales, execution_date=20251014T055043, start_date=20251014T055046, end_date=20251014T055105
[2025-10-14T05:51:05.486+0000] {logging_mixin.py:188} INFO -  Logged ETL run for fact_sales: success at 2025-10-14 05:51:05.483132
[2025-10-14T05:51:05.558+0000] {local_task_job_runner.py:234} INFO - Task exited with return code 0
[2025-10-14T05:51:05.594+0000] {taskinstance.py:3280} INFO - 0 downstream tasks scheduled from follow-on schedule check
