[2025-10-13T06:56:27.779+0000] {taskinstance.py:1956} INFO - Dependencies all met for dep_context=non-requeueable deps ti=<TaskInstance: fact_sales_dag.load_fact_sales manual__2025-10-13T06:56:25.117068+00:00 [queued]>
[2025-10-13T06:56:27.796+0000] {taskinstance.py:1956} INFO - Dependencies all met for dep_context=requeueable deps ti=<TaskInstance: fact_sales_dag.load_fact_sales manual__2025-10-13T06:56:25.117068+00:00 [queued]>
[2025-10-13T06:56:27.797+0000] {taskinstance.py:2170} INFO - Starting attempt 1 of 1
[2025-10-13T06:56:27.835+0000] {taskinstance.py:2191} INFO - Executing <Task(PythonOperator): load_fact_sales> on 2025-10-13 06:56:25.117068+00:00
[2025-10-13T06:56:27.844+0000] {standard_task_runner.py:60} INFO - Started process 1870 to run task
[2025-10-13T06:56:27.854+0000] {standard_task_runner.py:87} INFO - Running: ['***', 'tasks', 'run', 'fact_sales_dag', 'load_fact_sales', 'manual__2025-10-13T06:56:25.117068+00:00', '--job-id', '162', '--raw', '--subdir', 'DAGS_FOLDER/fact_sales_dag.py', '--cfg-path', '/tmp/tmpc0vz4407']
[2025-10-13T06:56:27.860+0000] {standard_task_runner.py:88} INFO - Job 162: Subtask load_fact_sales
[2025-10-13T06:56:27.993+0000] {task_command.py:423} INFO - Running <TaskInstance: fact_sales_dag.load_fact_sales manual__2025-10-13T06:56:25.117068+00:00 [running]> on host cd1b8c665937
[2025-10-13T06:56:28.194+0000] {taskinstance.py:2480} INFO - Exporting env vars: AIRFLOW_CTX_DAG_OWNER='***' AIRFLOW_CTX_DAG_ID='fact_sales_dag' AIRFLOW_CTX_TASK_ID='load_fact_sales' AIRFLOW_CTX_EXECUTION_DATE='2025-10-13T06:56:25.117068+00:00' AIRFLOW_CTX_TRY_NUMBER='1' AIRFLOW_CTX_DAG_RUN_ID='manual__2025-10-13T06:56:25.117068+00:00'
[2025-10-13T06:56:28.196+0000] {logging_mixin.py:188} INFO - 🚀 Starting fact_sales ETL pipeline
[2025-10-13T06:56:28.254+0000] {logging_mixin.py:188} INFO - ⚠️ No successful run found for fact_sales — will perform full load.
[2025-10-13T06:56:28.255+0000] {logging_mixin.py:188} INFO - ⚠️ No successful run found — performing full load.
[2025-10-13T06:56:37.982+0000] {warnings.py:109} WARNING - /opt/***/dags/etl_scripts/sales_etl.py:37: UserWarning: Parsing dates in %d/%m/%Y %I:%M:%S %p format when dayfirst=False (the default) was specified. Pass `dayfirst=True` or specify a format to silence this warning.
  df["InDate"] = pd.to_datetime(df["InDate"], errors="coerce")

[2025-10-13T06:56:37.984+0000] {logging_mixin.py:188} INFO - 🆕 First load — total sales records: 10
[2025-10-13T06:56:45.932+0000] {logging_mixin.py:188} INFO - ✅ Successfully loaded 574 records into fact_sales
[2025-10-13T06:56:45.938+0000] {logging_mixin.py:188} INFO - 🟩 Logged ETL run for fact_sales: success at 2025-10-13 06:56:45.934668
[2025-10-13T06:56:45.939+0000] {logging_mixin.py:188} INFO - 🟩 fact_sales ETL completed successfully.
[2025-10-13T06:56:46.499+0000] {python.py:201} INFO - Done. Returned value was: None
[2025-10-13T06:56:46.516+0000] {taskinstance.py:1138} INFO - Marking task as SUCCESS. dag_id=fact_sales_dag, task_id=load_fact_sales, execution_date=20251013T065625, start_date=20251013T065627, end_date=20251013T065646
[2025-10-13T06:56:46.523+0000] {logging_mixin.py:188} INFO - 🟩 Logged ETL run for fact_sales: success at 2025-10-13 06:56:46.516976
[2025-10-13T06:56:46.631+0000] {local_task_job_runner.py:234} INFO - Task exited with return code 0
[2025-10-13T06:56:46.651+0000] {taskinstance.py:3280} INFO - 0 downstream tasks scheduled from follow-on schedule check
