[2025-10-09T05:07:41.722+0000] {taskinstance.py:1956} INFO - Dependencies all met for dep_context=non-requeueable deps ti=<TaskInstance: run_sample_data_every_5min.run_sample_etl scheduled__2025-10-09T05:00:00+00:00 [queued]>
[2025-10-09T05:07:41.740+0000] {taskinstance.py:1956} INFO - Dependencies all met for dep_context=requeueable deps ti=<TaskInstance: run_sample_data_every_5min.run_sample_etl scheduled__2025-10-09T05:00:00+00:00 [queued]>
[2025-10-09T05:07:41.741+0000] {taskinstance.py:2170} INFO - Starting attempt 1 of 2
[2025-10-09T05:07:41.765+0000] {taskinstance.py:2191} INFO - Executing <Task(PythonOperator): run_sample_etl> on 2025-10-09 05:00:00+00:00
[2025-10-09T05:07:41.772+0000] {standard_task_runner.py:60} INFO - Started process 82 to run task
[2025-10-09T05:07:41.778+0000] {standard_task_runner.py:87} INFO - Running: ['***', 'tasks', 'run', 'run_sample_data_every_5min', 'run_sample_etl', 'scheduled__2025-10-09T05:00:00+00:00', '--job-id', '14', '--raw', '--subdir', 'DAGS_FOLDER/dag_file.py', '--cfg-path', '/tmp/tmp0w3e54yl']
[2025-10-09T05:07:41.782+0000] {standard_task_runner.py:88} INFO - Job 14: Subtask run_sample_etl
[2025-10-09T05:07:41.867+0000] {task_command.py:423} INFO - Running <TaskInstance: run_sample_data_every_5min.run_sample_etl scheduled__2025-10-09T05:00:00+00:00 [running]> on host e525c82dec49
[2025-10-09T05:07:41.981+0000] {taskinstance.py:2480} INFO - Exporting env vars: AIRFLOW_CTX_DAG_OWNER='***' AIRFLOW_CTX_DAG_ID='run_sample_data_every_5min' AIRFLOW_CTX_TASK_ID='run_sample_etl' AIRFLOW_CTX_EXECUTION_DATE='2025-10-09T05:00:00+00:00' AIRFLOW_CTX_TRY_NUMBER='1' AIRFLOW_CTX_DAG_RUN_ID='scheduled__2025-10-09T05:00:00+00:00'
[2025-10-09T05:07:42.134+0000] {logging_mixin.py:188} INFO - CSV loaded successfully!
[2025-10-09T05:07:42.230+0000] {logging_mixin.py:188} INFO - 
Customer Dimension:
[2025-10-09T05:07:42.263+0000] {logging_mixin.py:188} INFO -                            customer_key  customer_id  ... preferred_channel language
0  a1514e4f-854e-401f-b400-6103a21d3fa7        17850  ...             Phone  Spanish
1  7bff022c-c9a8-46c8-8945-9a04d11a1564        13047  ...          WhatsApp   German

[2 rows x 19 columns]
[2025-10-09T05:07:42.476+0000] {logging_mixin.py:188} INFO - ✅ All tables loaded successfully!
[2025-10-09T05:07:42.477+0000] {python.py:201} INFO - Done. Returned value was: None
[2025-10-09T05:07:42.494+0000] {taskinstance.py:1138} INFO - Marking task as SUCCESS. dag_id=run_sample_data_every_5min, task_id=run_sample_etl, execution_date=20251009T050000, start_date=20251009T050741, end_date=20251009T050742
[2025-10-09T05:07:42.554+0000] {local_task_job_runner.py:234} INFO - Task exited with return code 0
[2025-10-09T05:07:42.583+0000] {taskinstance.py:3280} INFO - 0 downstream tasks scheduled from follow-on schedule check
