[2025-10-22T14:18:22.138+0000] {taskinstance.py:1956} INFO - Dependencies all met for dep_context=non-requeueable deps ti=<TaskInstance: sales_pipeline_master_dag.load_dim_customer manual__2025-10-22T14:18:17.763674+00:00 [queued]>
[2025-10-22T14:18:22.166+0000] {taskinstance.py:1956} INFO - Dependencies all met for dep_context=requeueable deps ti=<TaskInstance: sales_pipeline_master_dag.load_dim_customer manual__2025-10-22T14:18:17.763674+00:00 [queued]>
[2025-10-22T14:18:22.167+0000] {taskinstance.py:2170} INFO - Starting attempt 1 of 1
[2025-10-22T14:18:22.205+0000] {taskinstance.py:2191} INFO - Executing <Task(PythonOperator): load_dim_customer> on 2025-10-22 14:18:17.763674+00:00
[2025-10-22T14:18:22.215+0000] {standard_task_runner.py:60} INFO - Started process 4912 to run task
[2025-10-22T14:18:22.225+0000] {standard_task_runner.py:87} INFO - Running: ['***', 'tasks', 'run', 'sales_pipeline_master_dag', 'load_dim_customer', 'manual__2025-10-22T14:18:17.763674+00:00', '--job-id', '331', '--raw', '--subdir', 'DAGS_FOLDER/dim_customer_dag.py', '--cfg-path', '/tmp/tmp0kdq8nz0']
[2025-10-22T14:18:22.230+0000] {standard_task_runner.py:88} INFO - Job 331: Subtask load_dim_customer
[2025-10-22T14:18:22.363+0000] {task_command.py:423} INFO - Running <TaskInstance: sales_pipeline_master_dag.load_dim_customer manual__2025-10-22T14:18:17.763674+00:00 [running]> on host 73b97317d540
[2025-10-22T14:18:22.700+0000] {taskinstance.py:2480} INFO - Exporting env vars: AIRFLOW_CTX_DAG_OWNER='***' AIRFLOW_CTX_DAG_ID='sales_pipeline_master_dag' AIRFLOW_CTX_TASK_ID='load_dim_customer' AIRFLOW_CTX_EXECUTION_DATE='2025-10-22T14:18:17.763674+00:00' AIRFLOW_CTX_TRY_NUMBER='1' AIRFLOW_CTX_DAG_RUN_ID='manual__2025-10-22T14:18:17.763674+00:00'
[2025-10-22T14:18:22.705+0000] {logging_mixin.py:188} INFO -  Starting dim_customer ETL pipeline
[2025-10-22T14:18:22.821+0000] {logging_mixin.py:188} INFO -  Last SUCCESS run for dim_customer: 2025-10-22 13:57:02.065815
[2025-10-22T14:18:22.822+0000] {logging_mixin.py:188} INFO -  Last successful run found: 2025-10-22 13:57:02.065815
[2025-10-22T14:18:34.332+0000] {warnings.py:109} WARNING - /opt/***/dags/etl_scripts/customer_etl.py:44: UserWarning: Parsing dates in %d/%m/%Y %I:%M:%S %p format when dayfirst=False (the default) was specified. Pass `dayfirst=True` or specify a format to silence this warning.
  df["in_date"] = pd.to_datetime(df["in_date"], errors="coerce")

[2025-10-22T14:18:36.113+0000] {logging_mixin.py:188} INFO - Found 1 new/updated records since last run.
[2025-10-22T14:18:36.153+0000] {logging_mixin.py:188} INFO - Table 'dim_customer' not found. Creating now...
[2025-10-22T14:18:36.173+0000] {logging_mixin.py:188} INFO - ✅ Table 'dim_customer' created successfully.
[2025-10-22T14:18:36.199+0000] {taskinstance.py:2698} ERROR - Task failed with exception
Traceback (most recent call last):
  File "/home/airflow/.local/lib/python3.8/site-packages/sqlalchemy/engine/base.py", line 1910, in _execute_context
    self.dialect.do_execute(
  File "/home/airflow/.local/lib/python3.8/site-packages/sqlalchemy/engine/default.py", line 736, in do_execute
    cursor.execute(statement, parameters)
psycopg2.errors.SyntaxError: syntax error at or near ")"
LINE 4:         ON CONFLICT () DO UPDATE
                             ^


The above exception was the direct cause of the following exception:

Traceback (most recent call last):
  File "/home/airflow/.local/lib/python3.8/site-packages/airflow/models/taskinstance.py", line 433, in _execute_task
    result = execute_callable(context=context, **execute_callable_kwargs)
  File "/home/airflow/.local/lib/python3.8/site-packages/airflow/operators/python.py", line 199, in execute
    return_value = self.execute_callable()
  File "/home/airflow/.local/lib/python3.8/site-packages/airflow/operators/python.py", line 216, in execute_callable
    return self.python_callable(*self.op_args, **self.op_kwargs)
  File "/opt/airflow/dags/etl_scripts/customer_etl.py", line 159, in run_customer_etl
    upsert_dimension(conn=conn, table_name=table_name, rows=rows, pk_column="customer_key", delta_key_columns=[], update_columns=[])
  File "/opt/airflow/dags/etl_scripts/common_utils.py", line 76, in upsert_dimension
    conn.execute(sql, rows_prepped)
  File "/home/airflow/.local/lib/python3.8/site-packages/sqlalchemy/engine/base.py", line 1385, in execute
    return meth(self, multiparams, params, _EMPTY_EXECUTION_OPTS)
  File "/home/airflow/.local/lib/python3.8/site-packages/sqlalchemy/sql/elements.py", line 334, in _execute_on_connection
    return connection._execute_clauseelement(
  File "/home/airflow/.local/lib/python3.8/site-packages/sqlalchemy/engine/base.py", line 1577, in _execute_clauseelement
    ret = self._execute_context(
  File "/home/airflow/.local/lib/python3.8/site-packages/sqlalchemy/engine/base.py", line 1953, in _execute_context
    self._handle_dbapi_exception(
  File "/home/airflow/.local/lib/python3.8/site-packages/sqlalchemy/engine/base.py", line 2134, in _handle_dbapi_exception
    util.raise_(
  File "/home/airflow/.local/lib/python3.8/site-packages/sqlalchemy/util/compat.py", line 211, in raise_
    raise exception
  File "/home/airflow/.local/lib/python3.8/site-packages/sqlalchemy/engine/base.py", line 1910, in _execute_context
    self.dialect.do_execute(
  File "/home/airflow/.local/lib/python3.8/site-packages/sqlalchemy/engine/default.py", line 736, in do_execute
    cursor.execute(statement, parameters)
sqlalchemy.exc.ProgrammingError: (psycopg2.errors.SyntaxError) syntax error at or near ")"
LINE 4:         ON CONFLICT () DO UPDATE
                             ^

[SQL: 
        INSERT INTO dim_customer (customer_key)
        VALUES (%(customer_key)s)
        ON CONFLICT () DO UPDATE
        SET 
        ]
[parameters: {'customer_key': '5ba070dc-7f74-4e3d-9b7e-2d912c2a2c3d'}]
(Background on this error at: https://sqlalche.me/e/14/f405)
[2025-10-22T14:18:36.236+0000] {taskinstance.py:1138} INFO - Marking task as FAILED. dag_id=sales_pipeline_master_dag, task_id=load_dim_customer, execution_date=20251022T141817, start_date=20251022T141822, end_date=20251022T141836
[2025-10-22T14:18:36.243+0000] {logging_mixin.py:188} INFO -  Logged ETL run for dim_customer: failed at 2025-10-22 14:18:36.237528
[2025-10-22T14:18:36.244+0000] {logging_mixin.py:188} INFO - Task load_dim_customer in DAG sales_pipeline_master_dag failed!
[2025-10-22T14:18:36.273+0000] {standard_task_runner.py:107} ERROR - Failed to execute job 331 for task load_dim_customer ((psycopg2.errors.SyntaxError) syntax error at or near ")"
LINE 4:         ON CONFLICT () DO UPDATE
                             ^

[SQL: 
        INSERT INTO dim_customer (customer_key)
        VALUES (%(customer_key)s)
        ON CONFLICT () DO UPDATE
        SET 
        ]
[parameters: {'customer_key': '5ba070dc-7f74-4e3d-9b7e-2d912c2a2c3d'}]
(Background on this error at: https://sqlalche.me/e/14/f405); 4912)
[2025-10-22T14:18:36.327+0000] {local_task_job_runner.py:234} INFO - Task exited with return code 1
[2025-10-22T14:18:36.395+0000] {taskinstance.py:3280} INFO - 0 downstream tasks scheduled from follow-on schedule check
