[2025-10-09T06:01:35.268+0000] {taskinstance.py:1956} INFO - Dependencies all met for dep_context=non-requeueable deps ti=<TaskInstance: run_sample_data_every_5min.sampleDataScript scheduled__2025-10-09T05:50:00+00:00 [queued]>
[2025-10-09T06:01:35.285+0000] {taskinstance.py:1956} INFO - Dependencies all met for dep_context=requeueable deps ti=<TaskInstance: run_sample_data_every_5min.sampleDataScript scheduled__2025-10-09T05:50:00+00:00 [queued]>
[2025-10-09T06:01:35.286+0000] {taskinstance.py:2170} INFO - Starting attempt 2 of 2
[2025-10-09T06:01:35.315+0000] {taskinstance.py:2191} INFO - Executing <Task(PythonOperator): sampleDataScript> on 2025-10-09 05:50:00+00:00
[2025-10-09T06:01:35.321+0000] {standard_task_runner.py:60} INFO - Started process 142 to run task
[2025-10-09T06:01:35.327+0000] {standard_task_runner.py:87} INFO - Running: ['***', 'tasks', 'run', 'run_sample_data_every_5min', 'sampleDataScript', 'scheduled__2025-10-09T05:50:00+00:00', '--job-id', '40', '--raw', '--subdir', 'DAGS_FOLDER/dag_file.py', '--cfg-path', '/tmp/tmp_1hrxuox']
[2025-10-09T06:01:35.331+0000] {standard_task_runner.py:88} INFO - Job 40: Subtask sampleDataScript
[2025-10-09T06:01:35.419+0000] {task_command.py:423} INFO - Running <TaskInstance: run_sample_data_every_5min.sampleDataScript scheduled__2025-10-09T05:50:00+00:00 [running]> on host 956986f03e30
[2025-10-09T06:01:35.562+0000] {taskinstance.py:2480} INFO - Exporting env vars: AIRFLOW_CTX_DAG_OWNER='***' AIRFLOW_CTX_DAG_ID='run_sample_data_every_5min' AIRFLOW_CTX_TASK_ID='sampleDataScript' AIRFLOW_CTX_EXECUTION_DATE='2025-10-09T05:50:00+00:00' AIRFLOW_CTX_TRY_NUMBER='2' AIRFLOW_CTX_DAG_RUN_ID='scheduled__2025-10-09T05:50:00+00:00'
[2025-10-09T06:01:35.568+0000] {taskinstance.py:2698} ERROR - Task failed with exception
Traceback (most recent call last):
  File "/home/airflow/.local/lib/python3.8/site-packages/airflow/models/taskinstance.py", line 433, in _execute_task
    result = execute_callable(context=context, **execute_callable_kwargs)
  File "/home/airflow/.local/lib/python3.8/site-packages/airflow/operators/python.py", line 199, in execute
    return_value = self.execute_callable()
  File "/home/airflow/.local/lib/python3.8/site-packages/airflow/operators/python.py", line 216, in execute_callable
    return self.python_callable(*self.op_args, **self.op_kwargs)
  File "/opt/airflow/dags/sampleDataScript.py", line 16, in run_script
    df = pd.read_csv(
  File "/home/airflow/.local/lib/python3.8/site-packages/pandas/io/parsers/readers.py", line 912, in read_csv
    return _read(filepath_or_buffer, kwds)
  File "/home/airflow/.local/lib/python3.8/site-packages/pandas/io/parsers/readers.py", line 577, in _read
    parser = TextFileReader(filepath_or_buffer, **kwds)
  File "/home/airflow/.local/lib/python3.8/site-packages/pandas/io/parsers/readers.py", line 1407, in __init__
    self._engine = self._make_engine(f, self.engine)
  File "/home/airflow/.local/lib/python3.8/site-packages/pandas/io/parsers/readers.py", line 1661, in _make_engine
    self.handles = get_handle(
  File "/home/airflow/.local/lib/python3.8/site-packages/pandas/io/common.py", line 859, in get_handle
    handle = open(
FileNotFoundError: [Errno 2] No such file or directory: '/opt/airflow/dags/data.csv'
[2025-10-09T06:01:35.589+0000] {taskinstance.py:1138} INFO - Marking task as FAILED. dag_id=run_sample_data_every_5min, task_id=sampleDataScript, execution_date=20251009T055000, start_date=20251009T060135, end_date=20251009T060135
[2025-10-09T06:01:35.605+0000] {standard_task_runner.py:107} ERROR - Failed to execute job 40 for task sampleDataScript ([Errno 2] No such file or directory: '/opt/airflow/dags/data.csv'; 142)
[2025-10-09T06:01:35.621+0000] {local_task_job_runner.py:234} INFO - Task exited with return code 1
[2025-10-09T06:01:35.649+0000] {taskinstance.py:3280} INFO - 0 downstream tasks scheduled from follow-on schedule check
