[2025-10-13T05:10:24.994+0000] {taskinstance.py:1956} INFO - Dependencies all met for dep_context=non-requeueable deps ti=<TaskInstance: fact_sales_dag.load_fact_sales manual__2025-10-13T05:10:22.638233+00:00 [queued]>
[2025-10-13T05:10:25.006+0000] {taskinstance.py:1956} INFO - Dependencies all met for dep_context=requeueable deps ti=<TaskInstance: fact_sales_dag.load_fact_sales manual__2025-10-13T05:10:22.638233+00:00 [queued]>
[2025-10-13T05:10:25.007+0000] {taskinstance.py:2170} INFO - Starting attempt 1 of 1
[2025-10-13T05:10:25.027+0000] {taskinstance.py:2191} INFO - Executing <Task(PythonOperator): load_fact_sales> on 2025-10-13 05:10:22.638233+00:00
[2025-10-13T05:10:25.034+0000] {standard_task_runner.py:60} INFO - Started process 275 to run task
[2025-10-13T05:10:25.039+0000] {standard_task_runner.py:87} INFO - Running: ['***', 'tasks', 'run', 'fact_sales_dag', 'load_fact_sales', 'manual__2025-10-13T05:10:22.638233+00:00', '--job-id', '140', '--raw', '--subdir', 'DAGS_FOLDER/fact_sales_dag.py', '--cfg-path', '/tmp/tmpgi5s3l2v']
[2025-10-13T05:10:25.041+0000] {standard_task_runner.py:88} INFO - Job 140: Subtask load_fact_sales
[2025-10-13T05:10:25.113+0000] {task_command.py:423} INFO - Running <TaskInstance: fact_sales_dag.load_fact_sales manual__2025-10-13T05:10:22.638233+00:00 [running]> on host cd1b8c665937
[2025-10-13T05:10:25.261+0000] {taskinstance.py:2480} INFO - Exporting env vars: AIRFLOW_CTX_DAG_OWNER='***' AIRFLOW_CTX_DAG_ID='fact_sales_dag' AIRFLOW_CTX_TASK_ID='load_fact_sales' AIRFLOW_CTX_EXECUTION_DATE='2025-10-13T05:10:22.638233+00:00' AIRFLOW_CTX_TRY_NUMBER='1' AIRFLOW_CTX_DAG_RUN_ID='manual__2025-10-13T05:10:22.638233+00:00'
[2025-10-13T05:10:25.263+0000] {logging_mixin.py:188} INFO - 🚀 Starting fact_sales ETL pipeline
[2025-10-13T05:10:25.298+0000] {logging_mixin.py:188} INFO - 🕓 Last SUCCESS run for fact_sales: 2025-10-13 04:59:51.515612
[2025-10-13T05:10:25.299+0000] {logging_mixin.py:188} INFO - ✅ Last successful run found: 2025-10-13 04:59:51.515612
[2025-10-13T05:10:32.948+0000] {warnings.py:109} WARNING - /opt/***/dags/etl_scripts/sales_etl.py:37: UserWarning: Parsing dates in %d/%m/%Y %I:%M:%S %p format when dayfirst=False (the default) was specified. Pass `dayfirst=True` or specify a format to silence this warning.
  df["InDate"] = pd.to_datetime(df["InDate"], errors="coerce")

[2025-10-13T05:10:32.952+0000] {logging_mixin.py:188} INFO - 🔍 Found 1 new sales records since last run.
[2025-10-13T05:10:41.758+0000] {taskinstance.py:2698} ERROR - Task failed with exception
Traceback (most recent call last):
  File "/home/airflow/.local/lib/python3.8/site-packages/airflow/models/taskinstance.py", line 433, in _execute_task
    result = execute_callable(context=context, **execute_callable_kwargs)
  File "/home/airflow/.local/lib/python3.8/site-packages/airflow/operators/python.py", line 199, in execute
    return_value = self.execute_callable()
  File "/home/airflow/.local/lib/python3.8/site-packages/airflow/operators/python.py", line 216, in execute_callable
    return self.python_callable(*self.op_args, **self.op_kwargs)
  File "/opt/airflow/dags/etl_scripts/sales_etl.py", line 62, in run_sales_etl
    new_data = new_data.merge(customer_dim[['customer_id','customer_key']], on='customer_id', how='left') \
  File "/home/airflow/.local/lib/python3.8/site-packages/pandas/core/frame.py", line 9843, in merge
    return merge(
  File "/home/airflow/.local/lib/python3.8/site-packages/pandas/core/reshape/merge.py", line 148, in merge
    op = _MergeOperation(
  File "/home/airflow/.local/lib/python3.8/site-packages/pandas/core/reshape/merge.py", line 737, in __init__
    ) = self._get_merge_keys()
  File "/home/airflow/.local/lib/python3.8/site-packages/pandas/core/reshape/merge.py", line 1221, in _get_merge_keys
    left_keys.append(left._get_label_or_level_values(lk))
  File "/home/airflow/.local/lib/python3.8/site-packages/pandas/core/generic.py", line 1778, in _get_label_or_level_values
    raise KeyError(key)
KeyError: 'customer_id'
[2025-10-13T05:10:41.777+0000] {taskinstance.py:1138} INFO - Marking task as FAILED. dag_id=fact_sales_dag, task_id=load_fact_sales, execution_date=20251013T051022, start_date=20251013T051024, end_date=20251013T051041
[2025-10-13T05:10:41.781+0000] {logging_mixin.py:188} INFO - 🟩 Logged ETL run for fact_sales: failed at 2025-10-13 05:10:41.777912
[2025-10-13T05:10:41.796+0000] {standard_task_runner.py:107} ERROR - Failed to execute job 140 for task load_fact_sales ('customer_id'; 275)
[2025-10-13T05:10:41.877+0000] {local_task_job_runner.py:234} INFO - Task exited with return code 1
[2025-10-13T05:10:41.901+0000] {taskinstance.py:3280} INFO - 0 downstream tasks scheduled from follow-on schedule check
