[2025-10-22T12:15:36.948+0000] {taskinstance.py:1956} INFO - Dependencies all met for dep_context=non-requeueable deps ti=<TaskInstance: sales_pipeline_master_dag.load_dim_customer manual__2025-10-22T12:15:32.064361+00:00 [queued]>
[2025-10-22T12:15:36.974+0000] {taskinstance.py:1956} INFO - Dependencies all met for dep_context=requeueable deps ti=<TaskInstance: sales_pipeline_master_dag.load_dim_customer manual__2025-10-22T12:15:32.064361+00:00 [queued]>
[2025-10-22T12:15:36.975+0000] {taskinstance.py:2170} INFO - Starting attempt 1 of 1
[2025-10-22T12:15:37.011+0000] {taskinstance.py:2191} INFO - Executing <Task(PythonOperator): load_dim_customer> on 2025-10-22 12:15:32.064361+00:00
[2025-10-22T12:15:37.023+0000] {standard_task_runner.py:60} INFO - Started process 4112 to run task
[2025-10-22T12:15:37.032+0000] {standard_task_runner.py:87} INFO - Running: ['***', 'tasks', 'run', 'sales_pipeline_master_dag', 'load_dim_customer', 'manual__2025-10-22T12:15:32.064361+00:00', '--job-id', '297', '--raw', '--subdir', 'DAGS_FOLDER/dim_customer_dag.py', '--cfg-path', '/tmp/tmp77_m3oc7']
[2025-10-22T12:15:37.035+0000] {standard_task_runner.py:88} INFO - Job 297: Subtask load_dim_customer
[2025-10-22T12:15:37.191+0000] {task_command.py:423} INFO - Running <TaskInstance: sales_pipeline_master_dag.load_dim_customer manual__2025-10-22T12:15:32.064361+00:00 [running]> on host 73b97317d540
[2025-10-22T12:15:37.418+0000] {taskinstance.py:2480} INFO - Exporting env vars: AIRFLOW_CTX_DAG_OWNER='***' AIRFLOW_CTX_DAG_ID='sales_pipeline_master_dag' AIRFLOW_CTX_TASK_ID='load_dim_customer' AIRFLOW_CTX_EXECUTION_DATE='2025-10-22T12:15:32.064361+00:00' AIRFLOW_CTX_TRY_NUMBER='1' AIRFLOW_CTX_DAG_RUN_ID='manual__2025-10-22T12:15:32.064361+00:00'
[2025-10-22T12:15:37.421+0000] {logging_mixin.py:188} INFO -  Starting dim_customer ETL pipeline
[2025-10-22T12:15:37.557+0000] {logging_mixin.py:188} INFO -  Last SUCCESS run for dim_customer: 2025-10-22 12:09:44.595304
[2025-10-22T12:15:37.559+0000] {logging_mixin.py:188} INFO -  Last successful run found: 2025-10-22 12:09:44.595304
[2025-10-22T12:15:48.741+0000] {warnings.py:109} WARNING - /opt/***/dags/etl_scripts/customer_etl.py:44: UserWarning: Parsing dates in %d/%m/%Y %I:%M:%S %p format when dayfirst=False (the default) was specified. Pass `dayfirst=True` or specify a format to silence this warning.
  df["in_date"] = pd.to_datetime(df["in_date"], errors="coerce")

[2025-10-22T12:15:50.742+0000] {logging_mixin.py:188} INFO - Found 1 new/updated records since last run.
[2025-10-22T12:15:50.767+0000] {logging_mixin.py:188} INFO - Table 'dim_customer' not found. Creating now...
[2025-10-22T12:15:50.788+0000] {logging_mixin.py:188} INFO - ✅ Table 'dim_customer' created successfully.
[2025-10-22T12:15:50.796+0000] {logging_mixin.py:188} INFO - Upserted 1 rows into dim_customer
[2025-10-22T12:15:50.799+0000] {logging_mixin.py:188} INFO - Upsert completed: 1 records processed into dim_customer.
[2025-10-22T12:15:50.800+0000] {logging_mixin.py:188} INFO - dim_customer ETL completed successfully.
[2025-10-22T12:15:50.802+0000] {python.py:201} INFO - Done. Returned value was: None
[2025-10-22T12:15:50.833+0000] {taskinstance.py:1138} INFO - Marking task as SUCCESS. dag_id=sales_pipeline_master_dag, task_id=load_dim_customer, execution_date=20251022T121532, start_date=20251022T121536, end_date=20251022T121550
[2025-10-22T12:15:50.839+0000] {logging_mixin.py:188} INFO -  Logged ETL run for dim_customer: success at 2025-10-22 12:15:50.834818
[2025-10-22T12:15:50.897+0000] {local_task_job_runner.py:234} INFO - Task exited with return code 0
[2025-10-22T12:15:50.940+0000] {taskinstance.py:3280} INFO - 1 downstream tasks scheduled from follow-on schedule check
