[2025-10-15T11:44:57.314+0000] {taskinstance.py:1956} INFO - Dependencies all met for dep_context=non-requeueable deps ti=<TaskInstance: dim_customer_dag.load_dim_customer manual__2025-10-15T11:44:54.634246+00:00 [queued]>
[2025-10-15T11:44:57.325+0000] {taskinstance.py:1956} INFO - Dependencies all met for dep_context=requeueable deps ti=<TaskInstance: dim_customer_dag.load_dim_customer manual__2025-10-15T11:44:54.634246+00:00 [queued]>
[2025-10-15T11:44:57.326+0000] {taskinstance.py:2170} INFO - Starting attempt 1 of 1
[2025-10-15T11:44:57.345+0000] {taskinstance.py:2191} INFO - Executing <Task(PythonOperator): load_dim_customer> on 2025-10-15 11:44:54.634246+00:00
[2025-10-15T11:44:57.351+0000] {standard_task_runner.py:60} INFO - Started process 12463 to run task
[2025-10-15T11:44:57.354+0000] {standard_task_runner.py:87} INFO - Running: ['***', 'tasks', 'run', 'dim_customer_dag', 'load_dim_customer', 'manual__2025-10-15T11:44:54.634246+00:00', '--job-id', '179', '--raw', '--subdir', 'DAGS_FOLDER/dim_customer_dag.py', '--cfg-path', '/tmp/tmpnp59gr6z']
[2025-10-15T11:44:57.356+0000] {standard_task_runner.py:88} INFO - Job 179: Subtask load_dim_customer
[2025-10-15T11:44:57.436+0000] {task_command.py:423} INFO - Running <TaskInstance: dim_customer_dag.load_dim_customer manual__2025-10-15T11:44:54.634246+00:00 [running]> on host cd1b8c665937
[2025-10-15T11:44:57.561+0000] {taskinstance.py:2480} INFO - Exporting env vars: AIRFLOW_CTX_DAG_OWNER='***' AIRFLOW_CTX_DAG_ID='dim_customer_dag' AIRFLOW_CTX_TASK_ID='load_dim_customer' AIRFLOW_CTX_EXECUTION_DATE='2025-10-15T11:44:54.634246+00:00' AIRFLOW_CTX_TRY_NUMBER='1' AIRFLOW_CTX_DAG_RUN_ID='manual__2025-10-15T11:44:54.634246+00:00'
[2025-10-15T11:44:57.563+0000] {logging_mixin.py:188} INFO -  Starting dim_customer ETL pipeline
[2025-10-15T11:44:57.632+0000] {logging_mixin.py:188} INFO -  Last SUCCESS run for dim_customer: 2025-10-15 11:10:20.542916
[2025-10-15T11:44:57.633+0000] {logging_mixin.py:188} INFO -  Last successful run found: 2025-10-15 11:10:20.542916
[2025-10-15T11:45:05.004+0000] {warnings.py:109} WARNING - /opt/***/dags/etl_scripts/customer_etl.py:44: UserWarning: Parsing dates in %d/%m/%Y %I:%M:%S %p format when dayfirst=False (the default) was specified. Pass `dayfirst=True` or specify a format to silence this warning.
  df["in_date"] = pd.to_datetime(df["in_date"], errors="coerce")

[2025-10-15T11:45:05.021+0000] {logging_mixin.py:188} INFO - Found 1 new/updated records since last run.
[2025-10-15T11:45:05.050+0000] {logging_mixin.py:188} INFO - Successfully loaded 1 records into dim_customer
[2025-10-15T11:45:05.055+0000] {logging_mixin.py:188} INFO - dim_customer ETL completed successfully.
[2025-10-15T11:45:05.056+0000] {python.py:201} INFO - Done. Returned value was: None
[2025-10-15T11:45:05.072+0000] {taskinstance.py:1138} INFO - Marking task as SUCCESS. dag_id=dim_customer_dag, task_id=load_dim_customer, execution_date=20251015T114454, start_date=20251015T114457, end_date=20251015T114505
[2025-10-15T11:45:05.076+0000] {logging_mixin.py:188} INFO -  Logged ETL run for dim_customer: success at 2025-10-15 11:45:05.073563
[2025-10-15T11:45:05.102+0000] {local_task_job_runner.py:234} INFO - Task exited with return code 0
[2025-10-15T11:45:05.140+0000] {taskinstance.py:3280} INFO - 1 downstream tasks scheduled from follow-on schedule check
