[2025-10-12T14:17:53.297+0000] {taskinstance.py:1956} INFO - Dependencies all met for dep_context=non-requeueable deps ti=<TaskInstance: fact_sales_dag.load_fact_sales manual__2025-10-12T14:17:49.459294+00:00 [queued]>
[2025-10-12T14:17:53.319+0000] {taskinstance.py:1956} INFO - Dependencies all met for dep_context=requeueable deps ti=<TaskInstance: fact_sales_dag.load_fact_sales manual__2025-10-12T14:17:49.459294+00:00 [queued]>
[2025-10-12T14:17:53.320+0000] {taskinstance.py:2170} INFO - Starting attempt 1 of 1
[2025-10-12T14:17:53.363+0000] {taskinstance.py:2191} INFO - Executing <Task(PythonOperator): load_fact_sales> on 2025-10-12 14:17:49.459294+00:00
[2025-10-12T14:17:53.370+0000] {standard_task_runner.py:60} INFO - Started process 3665 to run task
[2025-10-12T14:17:53.376+0000] {standard_task_runner.py:87} INFO - Running: ['***', 'tasks', 'run', 'fact_sales_dag', 'load_fact_sales', 'manual__2025-10-12T14:17:49.459294+00:00', '--job-id', '133', '--raw', '--subdir', 'DAGS_FOLDER/fact_sales_dag.py', '--cfg-path', '/tmp/tmpsjscikab']
[2025-10-12T14:17:53.379+0000] {standard_task_runner.py:88} INFO - Job 133: Subtask load_fact_sales
[2025-10-12T14:17:53.487+0000] {task_command.py:423} INFO - Running <TaskInstance: fact_sales_dag.load_fact_sales manual__2025-10-12T14:17:49.459294+00:00 [running]> on host ba936f2a330d
[2025-10-12T14:17:53.667+0000] {taskinstance.py:2480} INFO - Exporting env vars: AIRFLOW_CTX_DAG_OWNER='***' AIRFLOW_CTX_DAG_ID='fact_sales_dag' AIRFLOW_CTX_TASK_ID='load_fact_sales' AIRFLOW_CTX_EXECUTION_DATE='2025-10-12T14:17:49.459294+00:00' AIRFLOW_CTX_TRY_NUMBER='1' AIRFLOW_CTX_DAG_RUN_ID='manual__2025-10-12T14:17:49.459294+00:00'
[2025-10-12T14:17:53.669+0000] {logging_mixin.py:188} INFO - 🚀 Starting fact_sales ETL pipeline
[2025-10-12T14:17:53.752+0000] {logging_mixin.py:188} INFO - 🕓 Last SUCCESS run for fact_sales: 2025-10-12 14:17:34.613644
[2025-10-12T14:17:53.753+0000] {logging_mixin.py:188} INFO - ✅ Last successful run found: 2025-10-12 14:17:34.613644
[2025-10-12T14:18:04.993+0000] {logging_mixin.py:188} INFO - 🔍 Found 0 new sales records since last run.
[2025-10-12T14:18:04.994+0000] {logging_mixin.py:188} INFO - ℹ️ No new sales records to insert.
[2025-10-12T14:18:05.023+0000] {logging_mixin.py:188} INFO - 🟩 Logged ETL run for fact_sales: success at 2025-10-12 14:18:04.996001
[2025-10-12T14:18:05.101+0000] {python.py:201} INFO - Done. Returned value was: None
[2025-10-12T14:18:05.134+0000] {taskinstance.py:1138} INFO - Marking task as SUCCESS. dag_id=fact_sales_dag, task_id=load_fact_sales, execution_date=20251012T141749, start_date=20251012T141753, end_date=20251012T141805
[2025-10-12T14:18:05.143+0000] {logging_mixin.py:188} INFO - 🟩 Logged ETL run for fact_sales: success at 2025-10-12 14:18:05.136611
[2025-10-12T14:18:05.234+0000] {local_task_job_runner.py:234} INFO - Task exited with return code 0
[2025-10-12T14:18:05.283+0000] {taskinstance.py:3280} INFO - 0 downstream tasks scheduled from follow-on schedule check
