[2025-10-21T10:00:22.361+0000] {processor.py:161} INFO - Started process (PID=29896) to work on /opt/airflow/dags/sampleDataScript.py
[2025-10-21T10:00:22.376+0000] {processor.py:830} INFO - Processing file /opt/airflow/dags/sampleDataScript.py for tasks to queue
[2025-10-21T10:00:22.465+0000] {logging_mixin.py:188} INFO - [2025-10-21T10:00:22.465+0000] {dagbag.py:538} INFO - Filling up the DagBag from /opt/airflow/dags/sampleDataScript.py
[2025-10-21T10:00:26.242+0000] {processor.py:842} WARNING - No viable dags retrieved from /opt/airflow/dags/sampleDataScript.py
[2025-10-21T10:00:26.327+0000] {processor.py:183} INFO - Processing /opt/airflow/dags/sampleDataScript.py took 3.986 seconds
[2025-10-21T10:00:57.887+0000] {processor.py:161} INFO - Started process (PID=29966) to work on /opt/airflow/dags/sampleDataScript.py
[2025-10-21T10:00:57.890+0000] {processor.py:830} INFO - Processing file /opt/airflow/dags/sampleDataScript.py for tasks to queue
[2025-10-21T10:00:57.896+0000] {logging_mixin.py:188} INFO - [2025-10-21T10:00:57.895+0000] {dagbag.py:538} INFO - Filling up the DagBag from /opt/airflow/dags/sampleDataScript.py
[2025-10-21T10:00:59.275+0000] {processor.py:842} WARNING - No viable dags retrieved from /opt/airflow/dags/sampleDataScript.py
[2025-10-21T10:00:59.349+0000] {processor.py:183} INFO - Processing /opt/airflow/dags/sampleDataScript.py took 1.471 seconds
[2025-10-21T10:01:30.202+0000] {processor.py:161} INFO - Started process (PID=30036) to work on /opt/airflow/dags/sampleDataScript.py
[2025-10-21T10:01:30.204+0000] {processor.py:830} INFO - Processing file /opt/airflow/dags/sampleDataScript.py for tasks to queue
[2025-10-21T10:01:30.207+0000] {logging_mixin.py:188} INFO - [2025-10-21T10:01:30.206+0000] {dagbag.py:538} INFO - Filling up the DagBag from /opt/airflow/dags/sampleDataScript.py
[2025-10-21T10:01:30.937+0000] {processor.py:842} WARNING - No viable dags retrieved from /opt/airflow/dags/sampleDataScript.py
[2025-10-21T10:01:30.956+0000] {processor.py:183} INFO - Processing /opt/airflow/dags/sampleDataScript.py took 0.761 seconds
[2025-10-21T10:02:05.302+0000] {processor.py:161} INFO - Started process (PID=30106) to work on /opt/airflow/dags/sampleDataScript.py
[2025-10-21T10:02:05.313+0000] {processor.py:830} INFO - Processing file /opt/airflow/dags/sampleDataScript.py for tasks to queue
[2025-10-21T10:02:05.327+0000] {logging_mixin.py:188} INFO - [2025-10-21T10:02:05.326+0000] {dagbag.py:538} INFO - Filling up the DagBag from /opt/airflow/dags/sampleDataScript.py
[2025-10-21T10:02:06.789+0000] {processor.py:842} WARNING - No viable dags retrieved from /opt/airflow/dags/sampleDataScript.py
[2025-10-21T10:02:06.846+0000] {processor.py:183} INFO - Processing /opt/airflow/dags/sampleDataScript.py took 1.558 seconds
[2025-10-21T10:02:37.055+0000] {processor.py:161} INFO - Started process (PID=30176) to work on /opt/airflow/dags/sampleDataScript.py
[2025-10-21T10:02:37.058+0000] {processor.py:830} INFO - Processing file /opt/airflow/dags/sampleDataScript.py for tasks to queue
[2025-10-21T10:02:37.061+0000] {logging_mixin.py:188} INFO - [2025-10-21T10:02:37.061+0000] {dagbag.py:538} INFO - Filling up the DagBag from /opt/airflow/dags/sampleDataScript.py
[2025-10-21T10:02:37.724+0000] {processor.py:842} WARNING - No viable dags retrieved from /opt/airflow/dags/sampleDataScript.py
[2025-10-21T10:02:37.785+0000] {processor.py:183} INFO - Processing /opt/airflow/dags/sampleDataScript.py took 0.736 seconds
[2025-10-21T10:03:08.531+0000] {processor.py:161} INFO - Started process (PID=30246) to work on /opt/airflow/dags/sampleDataScript.py
[2025-10-21T10:03:08.535+0000] {processor.py:830} INFO - Processing file /opt/airflow/dags/sampleDataScript.py for tasks to queue
[2025-10-21T10:03:08.543+0000] {logging_mixin.py:188} INFO - [2025-10-21T10:03:08.543+0000] {dagbag.py:538} INFO - Filling up the DagBag from /opt/airflow/dags/sampleDataScript.py
[2025-10-21T10:03:09.187+0000] {processor.py:842} WARNING - No viable dags retrieved from /opt/airflow/dags/sampleDataScript.py
[2025-10-21T10:03:09.222+0000] {processor.py:183} INFO - Processing /opt/airflow/dags/sampleDataScript.py took 0.700 seconds
[2025-10-21T10:03:39.747+0000] {processor.py:161} INFO - Started process (PID=30315) to work on /opt/airflow/dags/sampleDataScript.py
[2025-10-21T10:03:39.750+0000] {processor.py:830} INFO - Processing file /opt/airflow/dags/sampleDataScript.py for tasks to queue
[2025-10-21T10:03:39.755+0000] {logging_mixin.py:188} INFO - [2025-10-21T10:03:39.754+0000] {dagbag.py:538} INFO - Filling up the DagBag from /opt/airflow/dags/sampleDataScript.py
[2025-10-21T10:03:41.228+0000] {processor.py:842} WARNING - No viable dags retrieved from /opt/airflow/dags/sampleDataScript.py
[2025-10-21T10:03:41.291+0000] {processor.py:183} INFO - Processing /opt/airflow/dags/sampleDataScript.py took 1.552 seconds
[2025-10-21T10:04:11.584+0000] {processor.py:161} INFO - Started process (PID=30384) to work on /opt/airflow/dags/sampleDataScript.py
[2025-10-21T10:04:11.589+0000] {processor.py:830} INFO - Processing file /opt/airflow/dags/sampleDataScript.py for tasks to queue
[2025-10-21T10:04:11.596+0000] {logging_mixin.py:188} INFO - [2025-10-21T10:04:11.595+0000] {dagbag.py:538} INFO - Filling up the DagBag from /opt/airflow/dags/sampleDataScript.py
[2025-10-21T10:04:12.411+0000] {processor.py:842} WARNING - No viable dags retrieved from /opt/airflow/dags/sampleDataScript.py
[2025-10-21T10:04:12.454+0000] {processor.py:183} INFO - Processing /opt/airflow/dags/sampleDataScript.py took 0.879 seconds
[2025-10-21T10:04:43.262+0000] {processor.py:161} INFO - Started process (PID=30455) to work on /opt/airflow/dags/sampleDataScript.py
[2025-10-21T10:04:43.264+0000] {processor.py:830} INFO - Processing file /opt/airflow/dags/sampleDataScript.py for tasks to queue
[2025-10-21T10:04:43.268+0000] {logging_mixin.py:188} INFO - [2025-10-21T10:04:43.267+0000] {dagbag.py:538} INFO - Filling up the DagBag from /opt/airflow/dags/sampleDataScript.py
[2025-10-21T10:04:44.143+0000] {processor.py:842} WARNING - No viable dags retrieved from /opt/airflow/dags/sampleDataScript.py
[2025-10-21T10:04:44.178+0000] {processor.py:183} INFO - Processing /opt/airflow/dags/sampleDataScript.py took 0.924 seconds
[2025-10-21T10:05:14.402+0000] {processor.py:161} INFO - Started process (PID=30524) to work on /opt/airflow/dags/sampleDataScript.py
[2025-10-21T10:05:14.405+0000] {processor.py:830} INFO - Processing file /opt/airflow/dags/sampleDataScript.py for tasks to queue
[2025-10-21T10:05:14.410+0000] {logging_mixin.py:188} INFO - [2025-10-21T10:05:14.409+0000] {dagbag.py:538} INFO - Filling up the DagBag from /opt/airflow/dags/sampleDataScript.py
[2025-10-21T10:05:15.304+0000] {processor.py:842} WARNING - No viable dags retrieved from /opt/airflow/dags/sampleDataScript.py
[2025-10-21T10:05:15.345+0000] {processor.py:183} INFO - Processing /opt/airflow/dags/sampleDataScript.py took 0.951 seconds
[2025-10-21T10:05:45.952+0000] {processor.py:161} INFO - Started process (PID=30595) to work on /opt/airflow/dags/sampleDataScript.py
[2025-10-21T10:05:45.955+0000] {processor.py:830} INFO - Processing file /opt/airflow/dags/sampleDataScript.py for tasks to queue
[2025-10-21T10:05:45.958+0000] {logging_mixin.py:188} INFO - [2025-10-21T10:05:45.958+0000] {dagbag.py:538} INFO - Filling up the DagBag from /opt/airflow/dags/sampleDataScript.py
[2025-10-21T10:05:46.705+0000] {processor.py:842} WARNING - No viable dags retrieved from /opt/airflow/dags/sampleDataScript.py
[2025-10-21T10:05:46.745+0000] {processor.py:183} INFO - Processing /opt/airflow/dags/sampleDataScript.py took 0.804 seconds
[2025-10-21T10:06:17.611+0000] {processor.py:161} INFO - Started process (PID=30665) to work on /opt/airflow/dags/sampleDataScript.py
[2025-10-21T10:06:17.613+0000] {processor.py:830} INFO - Processing file /opt/airflow/dags/sampleDataScript.py for tasks to queue
[2025-10-21T10:06:17.616+0000] {logging_mixin.py:188} INFO - [2025-10-21T10:06:17.615+0000] {dagbag.py:538} INFO - Filling up the DagBag from /opt/airflow/dags/sampleDataScript.py
[2025-10-21T10:06:18.246+0000] {processor.py:842} WARNING - No viable dags retrieved from /opt/airflow/dags/sampleDataScript.py
[2025-10-21T10:06:18.285+0000] {processor.py:183} INFO - Processing /opt/airflow/dags/sampleDataScript.py took 0.683 seconds
[2025-10-21T10:06:49.006+0000] {processor.py:161} INFO - Started process (PID=30735) to work on /opt/airflow/dags/sampleDataScript.py
[2025-10-21T10:06:49.009+0000] {processor.py:830} INFO - Processing file /opt/airflow/dags/sampleDataScript.py for tasks to queue
[2025-10-21T10:06:49.014+0000] {logging_mixin.py:188} INFO - [2025-10-21T10:06:49.013+0000] {dagbag.py:538} INFO - Filling up the DagBag from /opt/airflow/dags/sampleDataScript.py
[2025-10-21T10:06:49.767+0000] {processor.py:842} WARNING - No viable dags retrieved from /opt/airflow/dags/sampleDataScript.py
[2025-10-21T10:06:49.815+0000] {processor.py:183} INFO - Processing /opt/airflow/dags/sampleDataScript.py took 0.817 seconds
[2025-10-21T10:07:20.442+0000] {processor.py:161} INFO - Started process (PID=30805) to work on /opt/airflow/dags/sampleDataScript.py
[2025-10-21T10:07:20.446+0000] {processor.py:830} INFO - Processing file /opt/airflow/dags/sampleDataScript.py for tasks to queue
[2025-10-21T10:07:20.451+0000] {logging_mixin.py:188} INFO - [2025-10-21T10:07:20.450+0000] {dagbag.py:538} INFO - Filling up the DagBag from /opt/airflow/dags/sampleDataScript.py
[2025-10-21T10:07:21.154+0000] {processor.py:842} WARNING - No viable dags retrieved from /opt/airflow/dags/sampleDataScript.py
[2025-10-21T10:07:21.187+0000] {processor.py:183} INFO - Processing /opt/airflow/dags/sampleDataScript.py took 0.755 seconds
[2025-10-21T10:07:51.343+0000] {processor.py:161} INFO - Started process (PID=30874) to work on /opt/airflow/dags/sampleDataScript.py
[2025-10-21T10:07:51.345+0000] {processor.py:830} INFO - Processing file /opt/airflow/dags/sampleDataScript.py for tasks to queue
[2025-10-21T10:07:51.349+0000] {logging_mixin.py:188} INFO - [2025-10-21T10:07:51.349+0000] {dagbag.py:538} INFO - Filling up the DagBag from /opt/airflow/dags/sampleDataScript.py
[2025-10-21T10:07:51.979+0000] {processor.py:842} WARNING - No viable dags retrieved from /opt/airflow/dags/sampleDataScript.py
[2025-10-21T10:07:52.010+0000] {processor.py:183} INFO - Processing /opt/airflow/dags/sampleDataScript.py took 0.673 seconds
[2025-10-21T10:08:22.359+0000] {processor.py:161} INFO - Started process (PID=30944) to work on /opt/airflow/dags/sampleDataScript.py
[2025-10-21T10:08:22.363+0000] {processor.py:830} INFO - Processing file /opt/airflow/dags/sampleDataScript.py for tasks to queue
[2025-10-21T10:08:22.368+0000] {logging_mixin.py:188} INFO - [2025-10-21T10:08:22.367+0000] {dagbag.py:538} INFO - Filling up the DagBag from /opt/airflow/dags/sampleDataScript.py
[2025-10-21T10:08:23.079+0000] {processor.py:842} WARNING - No viable dags retrieved from /opt/airflow/dags/sampleDataScript.py
[2025-10-21T10:08:23.120+0000] {processor.py:183} INFO - Processing /opt/airflow/dags/sampleDataScript.py took 0.769 seconds
[2025-10-21T10:08:54.021+0000] {processor.py:161} INFO - Started process (PID=31022) to work on /opt/airflow/dags/sampleDataScript.py
[2025-10-21T10:08:54.024+0000] {processor.py:830} INFO - Processing file /opt/airflow/dags/sampleDataScript.py for tasks to queue
[2025-10-21T10:08:54.030+0000] {logging_mixin.py:188} INFO - [2025-10-21T10:08:54.029+0000] {dagbag.py:538} INFO - Filling up the DagBag from /opt/airflow/dags/sampleDataScript.py
[2025-10-21T10:08:54.646+0000] {processor.py:842} WARNING - No viable dags retrieved from /opt/airflow/dags/sampleDataScript.py
[2025-10-21T10:08:54.683+0000] {processor.py:183} INFO - Processing /opt/airflow/dags/sampleDataScript.py took 0.671 seconds
[2025-10-21T10:11:24.303+0000] {processor.py:161} INFO - Started process (PID=48) to work on /opt/airflow/dags/sampleDataScript.py
[2025-10-21T10:11:24.305+0000] {processor.py:830} INFO - Processing file /opt/airflow/dags/sampleDataScript.py for tasks to queue
[2025-10-21T10:11:24.308+0000] {logging_mixin.py:188} INFO - [2025-10-21T10:11:24.308+0000] {dagbag.py:538} INFO - Filling up the DagBag from /opt/airflow/dags/sampleDataScript.py
[2025-10-21T10:11:25.258+0000] {processor.py:842} WARNING - No viable dags retrieved from /opt/airflow/dags/sampleDataScript.py
[2025-10-21T10:11:25.290+0000] {processor.py:183} INFO - Processing /opt/airflow/dags/sampleDataScript.py took 0.995 seconds
[2025-10-21T10:11:56.740+0000] {processor.py:161} INFO - Started process (PID=118) to work on /opt/airflow/dags/sampleDataScript.py
[2025-10-21T10:11:56.744+0000] {processor.py:830} INFO - Processing file /opt/airflow/dags/sampleDataScript.py for tasks to queue
[2025-10-21T10:11:56.754+0000] {logging_mixin.py:188} INFO - [2025-10-21T10:11:56.753+0000] {dagbag.py:538} INFO - Filling up the DagBag from /opt/airflow/dags/sampleDataScript.py
[2025-10-21T10:11:58.334+0000] {processor.py:842} WARNING - No viable dags retrieved from /opt/airflow/dags/sampleDataScript.py
[2025-10-21T10:11:58.379+0000] {processor.py:183} INFO - Processing /opt/airflow/dags/sampleDataScript.py took 1.655 seconds
[2025-10-21T10:12:29.163+0000] {processor.py:161} INFO - Started process (PID=189) to work on /opt/airflow/dags/sampleDataScript.py
[2025-10-21T10:12:29.166+0000] {processor.py:830} INFO - Processing file /opt/airflow/dags/sampleDataScript.py for tasks to queue
[2025-10-21T10:12:29.171+0000] {logging_mixin.py:188} INFO - [2025-10-21T10:12:29.171+0000] {dagbag.py:538} INFO - Filling up the DagBag from /opt/airflow/dags/sampleDataScript.py
[2025-10-21T10:12:30.192+0000] {processor.py:842} WARNING - No viable dags retrieved from /opt/airflow/dags/sampleDataScript.py
[2025-10-21T10:12:30.219+0000] {processor.py:183} INFO - Processing /opt/airflow/dags/sampleDataScript.py took 1.068 seconds
[2025-10-21T10:13:00.560+0000] {processor.py:161} INFO - Started process (PID=258) to work on /opt/airflow/dags/sampleDataScript.py
[2025-10-21T10:13:00.562+0000] {processor.py:830} INFO - Processing file /opt/airflow/dags/sampleDataScript.py for tasks to queue
[2025-10-21T10:13:00.566+0000] {logging_mixin.py:188} INFO - [2025-10-21T10:13:00.566+0000] {dagbag.py:538} INFO - Filling up the DagBag from /opt/airflow/dags/sampleDataScript.py
[2025-10-21T10:13:02.135+0000] {processor.py:842} WARNING - No viable dags retrieved from /opt/airflow/dags/sampleDataScript.py
[2025-10-21T10:13:02.168+0000] {processor.py:183} INFO - Processing /opt/airflow/dags/sampleDataScript.py took 1.615 seconds
[2025-10-21T10:13:32.400+0000] {processor.py:161} INFO - Started process (PID=329) to work on /opt/airflow/dags/sampleDataScript.py
[2025-10-21T10:13:32.403+0000] {processor.py:830} INFO - Processing file /opt/airflow/dags/sampleDataScript.py for tasks to queue
[2025-10-21T10:13:32.407+0000] {logging_mixin.py:188} INFO - [2025-10-21T10:13:32.407+0000] {dagbag.py:538} INFO - Filling up the DagBag from /opt/airflow/dags/sampleDataScript.py
[2025-10-21T10:13:33.359+0000] {processor.py:842} WARNING - No viable dags retrieved from /opt/airflow/dags/sampleDataScript.py
[2025-10-21T10:13:33.396+0000] {processor.py:183} INFO - Processing /opt/airflow/dags/sampleDataScript.py took 1.002 seconds
[2025-10-21T10:14:03.885+0000] {processor.py:161} INFO - Started process (PID=399) to work on /opt/airflow/dags/sampleDataScript.py
[2025-10-21T10:14:03.887+0000] {processor.py:830} INFO - Processing file /opt/airflow/dags/sampleDataScript.py for tasks to queue
[2025-10-21T10:14:03.891+0000] {logging_mixin.py:188} INFO - [2025-10-21T10:14:03.890+0000] {dagbag.py:538} INFO - Filling up the DagBag from /opt/airflow/dags/sampleDataScript.py
[2025-10-21T10:14:05.661+0000] {processor.py:842} WARNING - No viable dags retrieved from /opt/airflow/dags/sampleDataScript.py
[2025-10-21T10:14:05.735+0000] {processor.py:183} INFO - Processing /opt/airflow/dags/sampleDataScript.py took 1.859 seconds
[2025-10-21T10:14:36.147+0000] {processor.py:161} INFO - Started process (PID=474) to work on /opt/airflow/dags/sampleDataScript.py
[2025-10-21T10:14:36.149+0000] {processor.py:830} INFO - Processing file /opt/airflow/dags/sampleDataScript.py for tasks to queue
[2025-10-21T10:14:36.154+0000] {logging_mixin.py:188} INFO - [2025-10-21T10:14:36.153+0000] {dagbag.py:538} INFO - Filling up the DagBag from /opt/airflow/dags/sampleDataScript.py
[2025-10-21T10:14:37.050+0000] {processor.py:842} WARNING - No viable dags retrieved from /opt/airflow/dags/sampleDataScript.py
[2025-10-21T10:14:37.075+0000] {processor.py:183} INFO - Processing /opt/airflow/dags/sampleDataScript.py took 0.936 seconds
[2025-10-21T10:15:07.478+0000] {processor.py:161} INFO - Started process (PID=544) to work on /opt/airflow/dags/sampleDataScript.py
[2025-10-21T10:15:07.480+0000] {processor.py:830} INFO - Processing file /opt/airflow/dags/sampleDataScript.py for tasks to queue
[2025-10-21T10:15:07.486+0000] {logging_mixin.py:188} INFO - [2025-10-21T10:15:07.485+0000] {dagbag.py:538} INFO - Filling up the DagBag from /opt/airflow/dags/sampleDataScript.py
[2025-10-21T10:15:08.432+0000] {processor.py:842} WARNING - No viable dags retrieved from /opt/airflow/dags/sampleDataScript.py
[2025-10-21T10:15:08.453+0000] {processor.py:183} INFO - Processing /opt/airflow/dags/sampleDataScript.py took 0.981 seconds
[2025-10-21T10:15:39.135+0000] {processor.py:161} INFO - Started process (PID=614) to work on /opt/airflow/dags/sampleDataScript.py
[2025-10-21T10:15:39.137+0000] {processor.py:830} INFO - Processing file /opt/airflow/dags/sampleDataScript.py for tasks to queue
[2025-10-21T10:15:39.142+0000] {logging_mixin.py:188} INFO - [2025-10-21T10:15:39.141+0000] {dagbag.py:538} INFO - Filling up the DagBag from /opt/airflow/dags/sampleDataScript.py
[2025-10-21T10:15:40.287+0000] {processor.py:842} WARNING - No viable dags retrieved from /opt/airflow/dags/sampleDataScript.py
[2025-10-21T10:15:40.314+0000] {processor.py:183} INFO - Processing /opt/airflow/dags/sampleDataScript.py took 1.190 seconds
[2025-10-21T10:16:10.478+0000] {processor.py:161} INFO - Started process (PID=684) to work on /opt/airflow/dags/sampleDataScript.py
[2025-10-21T10:16:10.479+0000] {processor.py:830} INFO - Processing file /opt/airflow/dags/sampleDataScript.py for tasks to queue
[2025-10-21T10:16:10.483+0000] {logging_mixin.py:188} INFO - [2025-10-21T10:16:10.482+0000] {dagbag.py:538} INFO - Filling up the DagBag from /opt/airflow/dags/sampleDataScript.py
[2025-10-21T10:16:11.282+0000] {processor.py:842} WARNING - No viable dags retrieved from /opt/airflow/dags/sampleDataScript.py
[2025-10-21T10:16:11.306+0000] {processor.py:183} INFO - Processing /opt/airflow/dags/sampleDataScript.py took 0.834 seconds
[2025-10-21T10:16:41.761+0000] {processor.py:161} INFO - Started process (PID=755) to work on /opt/airflow/dags/sampleDataScript.py
[2025-10-21T10:16:41.762+0000] {processor.py:830} INFO - Processing file /opt/airflow/dags/sampleDataScript.py for tasks to queue
[2025-10-21T10:16:41.765+0000] {logging_mixin.py:188} INFO - [2025-10-21T10:16:41.765+0000] {dagbag.py:538} INFO - Filling up the DagBag from /opt/airflow/dags/sampleDataScript.py
[2025-10-21T10:16:42.581+0000] {processor.py:842} WARNING - No viable dags retrieved from /opt/airflow/dags/sampleDataScript.py
[2025-10-21T10:16:42.602+0000] {processor.py:183} INFO - Processing /opt/airflow/dags/sampleDataScript.py took 0.848 seconds
[2025-10-21T10:17:13.110+0000] {processor.py:161} INFO - Started process (PID=825) to work on /opt/airflow/dags/sampleDataScript.py
[2025-10-21T10:17:13.112+0000] {processor.py:830} INFO - Processing file /opt/airflow/dags/sampleDataScript.py for tasks to queue
[2025-10-21T10:17:13.115+0000] {logging_mixin.py:188} INFO - [2025-10-21T10:17:13.115+0000] {dagbag.py:538} INFO - Filling up the DagBag from /opt/airflow/dags/sampleDataScript.py
[2025-10-21T10:17:13.878+0000] {processor.py:842} WARNING - No viable dags retrieved from /opt/airflow/dags/sampleDataScript.py
[2025-10-21T10:17:13.905+0000] {processor.py:183} INFO - Processing /opt/airflow/dags/sampleDataScript.py took 0.800 seconds
[2025-10-21T10:17:44.374+0000] {processor.py:161} INFO - Started process (PID=895) to work on /opt/airflow/dags/sampleDataScript.py
[2025-10-21T10:17:44.377+0000] {processor.py:830} INFO - Processing file /opt/airflow/dags/sampleDataScript.py for tasks to queue
[2025-10-21T10:17:44.381+0000] {logging_mixin.py:188} INFO - [2025-10-21T10:17:44.380+0000] {dagbag.py:538} INFO - Filling up the DagBag from /opt/airflow/dags/sampleDataScript.py
[2025-10-21T10:17:45.133+0000] {processor.py:842} WARNING - No viable dags retrieved from /opt/airflow/dags/sampleDataScript.py
[2025-10-21T10:17:45.157+0000] {processor.py:183} INFO - Processing /opt/airflow/dags/sampleDataScript.py took 0.789 seconds
[2025-10-21T10:18:16.235+0000] {processor.py:161} INFO - Started process (PID=965) to work on /opt/airflow/dags/sampleDataScript.py
[2025-10-21T10:18:16.237+0000] {processor.py:830} INFO - Processing file /opt/airflow/dags/sampleDataScript.py for tasks to queue
[2025-10-21T10:18:16.241+0000] {logging_mixin.py:188} INFO - [2025-10-21T10:18:16.241+0000] {dagbag.py:538} INFO - Filling up the DagBag from /opt/airflow/dags/sampleDataScript.py
[2025-10-21T10:18:17.170+0000] {processor.py:842} WARNING - No viable dags retrieved from /opt/airflow/dags/sampleDataScript.py
[2025-10-21T10:18:17.200+0000] {processor.py:183} INFO - Processing /opt/airflow/dags/sampleDataScript.py took 0.971 seconds
[2025-10-21T10:18:47.476+0000] {processor.py:161} INFO - Started process (PID=1041) to work on /opt/airflow/dags/sampleDataScript.py
[2025-10-21T10:18:47.477+0000] {processor.py:830} INFO - Processing file /opt/airflow/dags/sampleDataScript.py for tasks to queue
[2025-10-21T10:18:47.481+0000] {logging_mixin.py:188} INFO - [2025-10-21T10:18:47.481+0000] {dagbag.py:538} INFO - Filling up the DagBag from /opt/airflow/dags/sampleDataScript.py
[2025-10-21T10:18:48.293+0000] {processor.py:842} WARNING - No viable dags retrieved from /opt/airflow/dags/sampleDataScript.py
[2025-10-21T10:18:48.317+0000] {processor.py:183} INFO - Processing /opt/airflow/dags/sampleDataScript.py took 0.847 seconds
[2025-10-21T10:19:19.203+0000] {processor.py:161} INFO - Started process (PID=1111) to work on /opt/airflow/dags/sampleDataScript.py
[2025-10-21T10:19:19.205+0000] {processor.py:830} INFO - Processing file /opt/airflow/dags/sampleDataScript.py for tasks to queue
[2025-10-21T10:19:19.209+0000] {logging_mixin.py:188} INFO - [2025-10-21T10:19:19.208+0000] {dagbag.py:538} INFO - Filling up the DagBag from /opt/airflow/dags/sampleDataScript.py
[2025-10-21T10:19:20.086+0000] {processor.py:842} WARNING - No viable dags retrieved from /opt/airflow/dags/sampleDataScript.py
[2025-10-21T10:19:20.108+0000] {processor.py:183} INFO - Processing /opt/airflow/dags/sampleDataScript.py took 0.912 seconds
[2025-10-21T10:19:50.406+0000] {processor.py:161} INFO - Started process (PID=1180) to work on /opt/airflow/dags/sampleDataScript.py
[2025-10-21T10:19:50.412+0000] {processor.py:830} INFO - Processing file /opt/airflow/dags/sampleDataScript.py for tasks to queue
[2025-10-21T10:19:50.426+0000] {logging_mixin.py:188} INFO - [2025-10-21T10:19:50.423+0000] {dagbag.py:538} INFO - Filling up the DagBag from /opt/airflow/dags/sampleDataScript.py
[2025-10-21T10:19:51.349+0000] {processor.py:842} WARNING - No viable dags retrieved from /opt/airflow/dags/sampleDataScript.py
[2025-10-21T10:19:51.372+0000] {processor.py:183} INFO - Processing /opt/airflow/dags/sampleDataScript.py took 0.986 seconds
[2025-10-21T10:20:22.075+0000] {processor.py:161} INFO - Started process (PID=1250) to work on /opt/airflow/dags/sampleDataScript.py
[2025-10-21T10:20:22.079+0000] {processor.py:830} INFO - Processing file /opt/airflow/dags/sampleDataScript.py for tasks to queue
[2025-10-21T10:20:22.086+0000] {logging_mixin.py:188} INFO - [2025-10-21T10:20:22.085+0000] {dagbag.py:538} INFO - Filling up the DagBag from /opt/airflow/dags/sampleDataScript.py
[2025-10-21T10:20:23.096+0000] {processor.py:842} WARNING - No viable dags retrieved from /opt/airflow/dags/sampleDataScript.py
[2025-10-21T10:20:23.121+0000] {processor.py:183} INFO - Processing /opt/airflow/dags/sampleDataScript.py took 1.065 seconds
[2025-10-21T10:20:53.273+0000] {processor.py:161} INFO - Started process (PID=1321) to work on /opt/airflow/dags/sampleDataScript.py
[2025-10-21T10:20:53.276+0000] {processor.py:830} INFO - Processing file /opt/airflow/dags/sampleDataScript.py for tasks to queue
[2025-10-21T10:20:53.283+0000] {logging_mixin.py:188} INFO - [2025-10-21T10:20:53.282+0000] {dagbag.py:538} INFO - Filling up the DagBag from /opt/airflow/dags/sampleDataScript.py
[2025-10-21T10:20:54.343+0000] {processor.py:842} WARNING - No viable dags retrieved from /opt/airflow/dags/sampleDataScript.py
[2025-10-21T10:20:54.377+0000] {processor.py:183} INFO - Processing /opt/airflow/dags/sampleDataScript.py took 1.112 seconds
[2025-10-21T10:21:24.796+0000] {processor.py:161} INFO - Started process (PID=1391) to work on /opt/airflow/dags/sampleDataScript.py
[2025-10-21T10:21:24.800+0000] {processor.py:830} INFO - Processing file /opt/airflow/dags/sampleDataScript.py for tasks to queue
[2025-10-21T10:21:24.805+0000] {logging_mixin.py:188} INFO - [2025-10-21T10:21:24.804+0000] {dagbag.py:538} INFO - Filling up the DagBag from /opt/airflow/dags/sampleDataScript.py
[2025-10-21T10:21:25.566+0000] {processor.py:842} WARNING - No viable dags retrieved from /opt/airflow/dags/sampleDataScript.py
[2025-10-21T10:21:25.586+0000] {processor.py:183} INFO - Processing /opt/airflow/dags/sampleDataScript.py took 0.798 seconds
[2025-10-21T10:21:55.978+0000] {processor.py:161} INFO - Started process (PID=1462) to work on /opt/airflow/dags/sampleDataScript.py
[2025-10-21T10:21:55.979+0000] {processor.py:830} INFO - Processing file /opt/airflow/dags/sampleDataScript.py for tasks to queue
[2025-10-21T10:21:55.982+0000] {logging_mixin.py:188} INFO - [2025-10-21T10:21:55.982+0000] {dagbag.py:538} INFO - Filling up the DagBag from /opt/airflow/dags/sampleDataScript.py
[2025-10-21T10:21:57.008+0000] {processor.py:842} WARNING - No viable dags retrieved from /opt/airflow/dags/sampleDataScript.py
[2025-10-21T10:21:57.034+0000] {processor.py:183} INFO - Processing /opt/airflow/dags/sampleDataScript.py took 1.060 seconds
[2025-10-21T10:22:27.548+0000] {processor.py:161} INFO - Started process (PID=1532) to work on /opt/airflow/dags/sampleDataScript.py
[2025-10-21T10:22:27.550+0000] {processor.py:830} INFO - Processing file /opt/airflow/dags/sampleDataScript.py for tasks to queue
[2025-10-21T10:22:27.558+0000] {logging_mixin.py:188} INFO - [2025-10-21T10:22:27.557+0000] {dagbag.py:538} INFO - Filling up the DagBag from /opt/airflow/dags/sampleDataScript.py
[2025-10-21T10:22:28.372+0000] {processor.py:842} WARNING - No viable dags retrieved from /opt/airflow/dags/sampleDataScript.py
[2025-10-21T10:22:28.394+0000] {processor.py:183} INFO - Processing /opt/airflow/dags/sampleDataScript.py took 0.853 seconds
[2025-10-21T10:22:59.210+0000] {processor.py:161} INFO - Started process (PID=1602) to work on /opt/airflow/dags/sampleDataScript.py
[2025-10-21T10:22:59.212+0000] {processor.py:830} INFO - Processing file /opt/airflow/dags/sampleDataScript.py for tasks to queue
[2025-10-21T10:22:59.217+0000] {logging_mixin.py:188} INFO - [2025-10-21T10:22:59.216+0000] {dagbag.py:538} INFO - Filling up the DagBag from /opt/airflow/dags/sampleDataScript.py
[2025-10-21T10:23:00.059+0000] {processor.py:842} WARNING - No viable dags retrieved from /opt/airflow/dags/sampleDataScript.py
[2025-10-21T10:23:00.084+0000] {processor.py:183} INFO - Processing /opt/airflow/dags/sampleDataScript.py took 0.880 seconds
[2025-10-21T10:23:30.647+0000] {processor.py:161} INFO - Started process (PID=1672) to work on /opt/airflow/dags/sampleDataScript.py
[2025-10-21T10:23:30.649+0000] {processor.py:830} INFO - Processing file /opt/airflow/dags/sampleDataScript.py for tasks to queue
[2025-10-21T10:23:30.655+0000] {logging_mixin.py:188} INFO - [2025-10-21T10:23:30.652+0000] {dagbag.py:538} INFO - Filling up the DagBag from /opt/airflow/dags/sampleDataScript.py
[2025-10-21T10:23:31.459+0000] {processor.py:842} WARNING - No viable dags retrieved from /opt/airflow/dags/sampleDataScript.py
[2025-10-21T10:23:31.489+0000] {processor.py:183} INFO - Processing /opt/airflow/dags/sampleDataScript.py took 0.851 seconds
[2025-10-21T10:24:02.235+0000] {processor.py:161} INFO - Started process (PID=1742) to work on /opt/airflow/dags/sampleDataScript.py
[2025-10-21T10:24:02.238+0000] {processor.py:830} INFO - Processing file /opt/airflow/dags/sampleDataScript.py for tasks to queue
[2025-10-21T10:24:02.241+0000] {logging_mixin.py:188} INFO - [2025-10-21T10:24:02.241+0000] {dagbag.py:538} INFO - Filling up the DagBag from /opt/airflow/dags/sampleDataScript.py
[2025-10-21T10:24:03.286+0000] {processor.py:842} WARNING - No viable dags retrieved from /opt/airflow/dags/sampleDataScript.py
[2025-10-21T10:24:03.311+0000] {processor.py:183} INFO - Processing /opt/airflow/dags/sampleDataScript.py took 1.083 seconds
[2025-10-21T10:24:34.036+0000] {processor.py:161} INFO - Started process (PID=1813) to work on /opt/airflow/dags/sampleDataScript.py
[2025-10-21T10:24:34.038+0000] {processor.py:830} INFO - Processing file /opt/airflow/dags/sampleDataScript.py for tasks to queue
[2025-10-21T10:24:34.040+0000] {logging_mixin.py:188} INFO - [2025-10-21T10:24:34.040+0000] {dagbag.py:538} INFO - Filling up the DagBag from /opt/airflow/dags/sampleDataScript.py
[2025-10-21T10:24:34.789+0000] {processor.py:842} WARNING - No viable dags retrieved from /opt/airflow/dags/sampleDataScript.py
[2025-10-21T10:24:34.815+0000] {processor.py:183} INFO - Processing /opt/airflow/dags/sampleDataScript.py took 0.785 seconds
[2025-10-21T10:25:05.556+0000] {processor.py:161} INFO - Started process (PID=1883) to work on /opt/airflow/dags/sampleDataScript.py
[2025-10-21T10:25:05.558+0000] {processor.py:830} INFO - Processing file /opt/airflow/dags/sampleDataScript.py for tasks to queue
[2025-10-21T10:25:05.562+0000] {logging_mixin.py:188} INFO - [2025-10-21T10:25:05.561+0000] {dagbag.py:538} INFO - Filling up the DagBag from /opt/airflow/dags/sampleDataScript.py
[2025-10-21T10:25:06.503+0000] {processor.py:842} WARNING - No viable dags retrieved from /opt/airflow/dags/sampleDataScript.py
[2025-10-21T10:25:06.538+0000] {processor.py:183} INFO - Processing /opt/airflow/dags/sampleDataScript.py took 0.987 seconds
[2025-10-21T10:25:37.093+0000] {processor.py:161} INFO - Started process (PID=1953) to work on /opt/airflow/dags/sampleDataScript.py
[2025-10-21T10:25:37.095+0000] {processor.py:830} INFO - Processing file /opt/airflow/dags/sampleDataScript.py for tasks to queue
[2025-10-21T10:25:37.099+0000] {logging_mixin.py:188} INFO - [2025-10-21T10:25:37.098+0000] {dagbag.py:538} INFO - Filling up the DagBag from /opt/airflow/dags/sampleDataScript.py
[2025-10-21T10:25:37.995+0000] {processor.py:842} WARNING - No viable dags retrieved from /opt/airflow/dags/sampleDataScript.py
[2025-10-21T10:25:38.021+0000] {processor.py:183} INFO - Processing /opt/airflow/dags/sampleDataScript.py took 0.936 seconds
[2025-10-21T10:26:08.698+0000] {processor.py:161} INFO - Started process (PID=2023) to work on /opt/airflow/dags/sampleDataScript.py
[2025-10-21T10:26:08.700+0000] {processor.py:830} INFO - Processing file /opt/airflow/dags/sampleDataScript.py for tasks to queue
[2025-10-21T10:26:08.703+0000] {logging_mixin.py:188} INFO - [2025-10-21T10:26:08.703+0000] {dagbag.py:538} INFO - Filling up the DagBag from /opt/airflow/dags/sampleDataScript.py
[2025-10-21T10:26:09.719+0000] {processor.py:842} WARNING - No viable dags retrieved from /opt/airflow/dags/sampleDataScript.py
[2025-10-21T10:26:09.747+0000] {processor.py:183} INFO - Processing /opt/airflow/dags/sampleDataScript.py took 1.058 seconds
[2025-10-21T10:26:40.077+0000] {processor.py:161} INFO - Started process (PID=2093) to work on /opt/airflow/dags/sampleDataScript.py
[2025-10-21T10:26:40.079+0000] {processor.py:830} INFO - Processing file /opt/airflow/dags/sampleDataScript.py for tasks to queue
[2025-10-21T10:26:40.084+0000] {logging_mixin.py:188} INFO - [2025-10-21T10:26:40.084+0000] {dagbag.py:538} INFO - Filling up the DagBag from /opt/airflow/dags/sampleDataScript.py
[2025-10-21T10:26:40.974+0000] {processor.py:842} WARNING - No viable dags retrieved from /opt/airflow/dags/sampleDataScript.py
[2025-10-21T10:26:41.000+0000] {processor.py:183} INFO - Processing /opt/airflow/dags/sampleDataScript.py took 0.933 seconds
[2025-10-21T10:27:11.456+0000] {processor.py:161} INFO - Started process (PID=2163) to work on /opt/airflow/dags/sampleDataScript.py
[2025-10-21T10:27:11.458+0000] {processor.py:830} INFO - Processing file /opt/airflow/dags/sampleDataScript.py for tasks to queue
[2025-10-21T10:27:11.463+0000] {logging_mixin.py:188} INFO - [2025-10-21T10:27:11.462+0000] {dagbag.py:538} INFO - Filling up the DagBag from /opt/airflow/dags/sampleDataScript.py
[2025-10-21T10:27:12.398+0000] {processor.py:842} WARNING - No viable dags retrieved from /opt/airflow/dags/sampleDataScript.py
[2025-10-21T10:27:12.421+0000] {processor.py:183} INFO - Processing /opt/airflow/dags/sampleDataScript.py took 0.972 seconds
[2025-10-21T10:27:43.056+0000] {processor.py:161} INFO - Started process (PID=2233) to work on /opt/airflow/dags/sampleDataScript.py
[2025-10-21T10:27:43.058+0000] {processor.py:830} INFO - Processing file /opt/airflow/dags/sampleDataScript.py for tasks to queue
[2025-10-21T10:27:43.061+0000] {logging_mixin.py:188} INFO - [2025-10-21T10:27:43.061+0000] {dagbag.py:538} INFO - Filling up the DagBag from /opt/airflow/dags/sampleDataScript.py
[2025-10-21T10:27:43.837+0000] {processor.py:842} WARNING - No viable dags retrieved from /opt/airflow/dags/sampleDataScript.py
[2025-10-21T10:27:43.863+0000] {processor.py:183} INFO - Processing /opt/airflow/dags/sampleDataScript.py took 0.812 seconds
[2025-10-21T10:28:14.366+0000] {processor.py:161} INFO - Started process (PID=2303) to work on /opt/airflow/dags/sampleDataScript.py
[2025-10-21T10:28:14.368+0000] {processor.py:830} INFO - Processing file /opt/airflow/dags/sampleDataScript.py for tasks to queue
[2025-10-21T10:28:14.371+0000] {logging_mixin.py:188} INFO - [2025-10-21T10:28:14.371+0000] {dagbag.py:538} INFO - Filling up the DagBag from /opt/airflow/dags/sampleDataScript.py
[2025-10-21T10:28:15.100+0000] {processor.py:842} WARNING - No viable dags retrieved from /opt/airflow/dags/sampleDataScript.py
[2025-10-21T10:28:15.122+0000] {processor.py:183} INFO - Processing /opt/airflow/dags/sampleDataScript.py took 0.761 seconds
[2025-10-21T10:28:45.761+0000] {processor.py:161} INFO - Started process (PID=2373) to work on /opt/airflow/dags/sampleDataScript.py
[2025-10-21T10:28:45.763+0000] {processor.py:830} INFO - Processing file /opt/airflow/dags/sampleDataScript.py for tasks to queue
[2025-10-21T10:28:45.766+0000] {logging_mixin.py:188} INFO - [2025-10-21T10:28:45.765+0000] {dagbag.py:538} INFO - Filling up the DagBag from /opt/airflow/dags/sampleDataScript.py
[2025-10-21T10:28:46.542+0000] {processor.py:842} WARNING - No viable dags retrieved from /opt/airflow/dags/sampleDataScript.py
[2025-10-21T10:28:46.568+0000] {processor.py:183} INFO - Processing /opt/airflow/dags/sampleDataScript.py took 0.812 seconds
[2025-10-21T10:29:16.836+0000] {processor.py:161} INFO - Started process (PID=2443) to work on /opt/airflow/dags/sampleDataScript.py
[2025-10-21T10:29:16.837+0000] {processor.py:830} INFO - Processing file /opt/airflow/dags/sampleDataScript.py for tasks to queue
[2025-10-21T10:29:16.842+0000] {logging_mixin.py:188} INFO - [2025-10-21T10:29:16.841+0000] {dagbag.py:538} INFO - Filling up the DagBag from /opt/airflow/dags/sampleDataScript.py
[2025-10-21T10:29:17.751+0000] {processor.py:842} WARNING - No viable dags retrieved from /opt/airflow/dags/sampleDataScript.py
[2025-10-21T10:29:17.779+0000] {processor.py:183} INFO - Processing /opt/airflow/dags/sampleDataScript.py took 0.949 seconds
[2025-10-21T10:29:48.222+0000] {processor.py:161} INFO - Started process (PID=2513) to work on /opt/airflow/dags/sampleDataScript.py
[2025-10-21T10:29:48.228+0000] {processor.py:830} INFO - Processing file /opt/airflow/dags/sampleDataScript.py for tasks to queue
[2025-10-21T10:29:48.240+0000] {logging_mixin.py:188} INFO - [2025-10-21T10:29:48.238+0000] {dagbag.py:538} INFO - Filling up the DagBag from /opt/airflow/dags/sampleDataScript.py
[2025-10-21T10:29:49.086+0000] {processor.py:842} WARNING - No viable dags retrieved from /opt/airflow/dags/sampleDataScript.py
[2025-10-21T10:29:49.112+0000] {processor.py:183} INFO - Processing /opt/airflow/dags/sampleDataScript.py took 0.912 seconds
[2025-10-21T10:30:19.803+0000] {processor.py:161} INFO - Started process (PID=2589) to work on /opt/airflow/dags/sampleDataScript.py
[2025-10-21T10:30:19.806+0000] {processor.py:830} INFO - Processing file /opt/airflow/dags/sampleDataScript.py for tasks to queue
[2025-10-21T10:30:19.810+0000] {logging_mixin.py:188} INFO - [2025-10-21T10:30:19.809+0000] {dagbag.py:538} INFO - Filling up the DagBag from /opt/airflow/dags/sampleDataScript.py
[2025-10-21T10:30:20.399+0000] {processor.py:842} WARNING - No viable dags retrieved from /opt/airflow/dags/sampleDataScript.py
[2025-10-21T10:30:20.427+0000] {processor.py:183} INFO - Processing /opt/airflow/dags/sampleDataScript.py took 0.635 seconds
[2025-10-21T10:30:51.458+0000] {processor.py:161} INFO - Started process (PID=2659) to work on /opt/airflow/dags/sampleDataScript.py
[2025-10-21T10:30:51.460+0000] {processor.py:830} INFO - Processing file /opt/airflow/dags/sampleDataScript.py for tasks to queue
[2025-10-21T10:30:51.464+0000] {logging_mixin.py:188} INFO - [2025-10-21T10:30:51.463+0000] {dagbag.py:538} INFO - Filling up the DagBag from /opt/airflow/dags/sampleDataScript.py
[2025-10-21T10:30:52.057+0000] {processor.py:842} WARNING - No viable dags retrieved from /opt/airflow/dags/sampleDataScript.py
[2025-10-21T10:30:52.083+0000] {processor.py:183} INFO - Processing /opt/airflow/dags/sampleDataScript.py took 0.632 seconds
[2025-10-21T10:31:22.310+0000] {processor.py:161} INFO - Started process (PID=2729) to work on /opt/airflow/dags/sampleDataScript.py
[2025-10-21T10:31:22.312+0000] {processor.py:830} INFO - Processing file /opt/airflow/dags/sampleDataScript.py for tasks to queue
[2025-10-21T10:31:22.315+0000] {logging_mixin.py:188} INFO - [2025-10-21T10:31:22.315+0000] {dagbag.py:538} INFO - Filling up the DagBag from /opt/airflow/dags/sampleDataScript.py
[2025-10-21T10:31:22.838+0000] {processor.py:842} WARNING - No viable dags retrieved from /opt/airflow/dags/sampleDataScript.py
[2025-10-21T10:31:22.863+0000] {processor.py:183} INFO - Processing /opt/airflow/dags/sampleDataScript.py took 0.560 seconds
[2025-10-21T10:31:53.151+0000] {processor.py:161} INFO - Started process (PID=2799) to work on /opt/airflow/dags/sampleDataScript.py
[2025-10-21T10:31:53.154+0000] {processor.py:830} INFO - Processing file /opt/airflow/dags/sampleDataScript.py for tasks to queue
[2025-10-21T10:31:53.158+0000] {logging_mixin.py:188} INFO - [2025-10-21T10:31:53.157+0000] {dagbag.py:538} INFO - Filling up the DagBag from /opt/airflow/dags/sampleDataScript.py
[2025-10-21T10:31:53.693+0000] {processor.py:842} WARNING - No viable dags retrieved from /opt/airflow/dags/sampleDataScript.py
[2025-10-21T10:31:53.717+0000] {processor.py:183} INFO - Processing /opt/airflow/dags/sampleDataScript.py took 0.572 seconds
[2025-10-21T10:32:24.094+0000] {processor.py:161} INFO - Started process (PID=2869) to work on /opt/airflow/dags/sampleDataScript.py
[2025-10-21T10:32:24.095+0000] {processor.py:830} INFO - Processing file /opt/airflow/dags/sampleDataScript.py for tasks to queue
[2025-10-21T10:32:24.099+0000] {logging_mixin.py:188} INFO - [2025-10-21T10:32:24.098+0000] {dagbag.py:538} INFO - Filling up the DagBag from /opt/airflow/dags/sampleDataScript.py
[2025-10-21T10:32:24.623+0000] {processor.py:842} WARNING - No viable dags retrieved from /opt/airflow/dags/sampleDataScript.py
[2025-10-21T10:32:24.648+0000] {processor.py:183} INFO - Processing /opt/airflow/dags/sampleDataScript.py took 0.561 seconds
[2025-10-21T10:32:55.197+0000] {processor.py:161} INFO - Started process (PID=2940) to work on /opt/airflow/dags/sampleDataScript.py
[2025-10-21T10:32:55.199+0000] {processor.py:830} INFO - Processing file /opt/airflow/dags/sampleDataScript.py for tasks to queue
[2025-10-21T10:32:55.201+0000] {logging_mixin.py:188} INFO - [2025-10-21T10:32:55.201+0000] {dagbag.py:538} INFO - Filling up the DagBag from /opt/airflow/dags/sampleDataScript.py
[2025-10-21T10:32:55.850+0000] {processor.py:842} WARNING - No viable dags retrieved from /opt/airflow/dags/sampleDataScript.py
[2025-10-21T10:32:55.875+0000] {processor.py:183} INFO - Processing /opt/airflow/dags/sampleDataScript.py took 0.684 seconds
[2025-10-21T10:33:26.369+0000] {processor.py:161} INFO - Started process (PID=3010) to work on /opt/airflow/dags/sampleDataScript.py
[2025-10-21T10:33:26.371+0000] {processor.py:830} INFO - Processing file /opt/airflow/dags/sampleDataScript.py for tasks to queue
[2025-10-21T10:33:26.374+0000] {logging_mixin.py:188} INFO - [2025-10-21T10:33:26.374+0000] {dagbag.py:538} INFO - Filling up the DagBag from /opt/airflow/dags/sampleDataScript.py
[2025-10-21T10:33:27.066+0000] {processor.py:842} WARNING - No viable dags retrieved from /opt/airflow/dags/sampleDataScript.py
[2025-10-21T10:33:27.108+0000] {processor.py:183} INFO - Processing /opt/airflow/dags/sampleDataScript.py took 0.744 seconds
[2025-10-21T10:33:57.253+0000] {processor.py:161} INFO - Started process (PID=3081) to work on /opt/airflow/dags/sampleDataScript.py
[2025-10-21T10:33:57.254+0000] {processor.py:830} INFO - Processing file /opt/airflow/dags/sampleDataScript.py for tasks to queue
[2025-10-21T10:33:57.258+0000] {logging_mixin.py:188} INFO - [2025-10-21T10:33:57.257+0000] {dagbag.py:538} INFO - Filling up the DagBag from /opt/airflow/dags/sampleDataScript.py
[2025-10-21T10:33:57.894+0000] {processor.py:842} WARNING - No viable dags retrieved from /opt/airflow/dags/sampleDataScript.py
[2025-10-21T10:33:57.926+0000] {processor.py:183} INFO - Processing /opt/airflow/dags/sampleDataScript.py took 0.679 seconds
[2025-10-21T10:34:28.469+0000] {processor.py:161} INFO - Started process (PID=3152) to work on /opt/airflow/dags/sampleDataScript.py
[2025-10-21T10:34:28.470+0000] {processor.py:830} INFO - Processing file /opt/airflow/dags/sampleDataScript.py for tasks to queue
[2025-10-21T10:34:28.473+0000] {logging_mixin.py:188} INFO - [2025-10-21T10:34:28.473+0000] {dagbag.py:538} INFO - Filling up the DagBag from /opt/airflow/dags/sampleDataScript.py
[2025-10-21T10:34:29.068+0000] {processor.py:842} WARNING - No viable dags retrieved from /opt/airflow/dags/sampleDataScript.py
[2025-10-21T10:34:29.095+0000] {processor.py:183} INFO - Processing /opt/airflow/dags/sampleDataScript.py took 0.633 seconds
[2025-10-21T10:35:00.416+0000] {processor.py:161} INFO - Started process (PID=3221) to work on /opt/airflow/dags/sampleDataScript.py
[2025-10-21T10:35:00.417+0000] {processor.py:830} INFO - Processing file /opt/airflow/dags/sampleDataScript.py for tasks to queue
[2025-10-21T10:35:00.421+0000] {logging_mixin.py:188} INFO - [2025-10-21T10:35:00.420+0000] {dagbag.py:538} INFO - Filling up the DagBag from /opt/airflow/dags/sampleDataScript.py
[2025-10-21T10:35:01.055+0000] {processor.py:842} WARNING - No viable dags retrieved from /opt/airflow/dags/sampleDataScript.py
[2025-10-21T10:35:01.084+0000] {processor.py:183} INFO - Processing /opt/airflow/dags/sampleDataScript.py took 0.674 seconds
[2025-10-21T10:35:31.912+0000] {processor.py:161} INFO - Started process (PID=3291) to work on /opt/airflow/dags/sampleDataScript.py
[2025-10-21T10:35:31.914+0000] {processor.py:830} INFO - Processing file /opt/airflow/dags/sampleDataScript.py for tasks to queue
[2025-10-21T10:35:31.917+0000] {logging_mixin.py:188} INFO - [2025-10-21T10:35:31.917+0000] {dagbag.py:538} INFO - Filling up the DagBag from /opt/airflow/dags/sampleDataScript.py
[2025-10-21T10:35:32.595+0000] {processor.py:842} WARNING - No viable dags retrieved from /opt/airflow/dags/sampleDataScript.py
[2025-10-21T10:35:32.627+0000] {processor.py:183} INFO - Processing /opt/airflow/dags/sampleDataScript.py took 0.725 seconds
[2025-10-21T10:36:03.232+0000] {processor.py:161} INFO - Started process (PID=3362) to work on /opt/airflow/dags/sampleDataScript.py
[2025-10-21T10:36:03.234+0000] {processor.py:830} INFO - Processing file /opt/airflow/dags/sampleDataScript.py for tasks to queue
[2025-10-21T10:36:03.237+0000] {logging_mixin.py:188} INFO - [2025-10-21T10:36:03.237+0000] {dagbag.py:538} INFO - Filling up the DagBag from /opt/airflow/dags/sampleDataScript.py
[2025-10-21T10:36:03.819+0000] {processor.py:842} WARNING - No viable dags retrieved from /opt/airflow/dags/sampleDataScript.py
[2025-10-21T10:36:03.846+0000] {processor.py:183} INFO - Processing /opt/airflow/dags/sampleDataScript.py took 0.619 seconds
[2025-10-21T10:36:33.981+0000] {processor.py:161} INFO - Started process (PID=3432) to work on /opt/airflow/dags/sampleDataScript.py
[2025-10-21T10:36:33.983+0000] {processor.py:830} INFO - Processing file /opt/airflow/dags/sampleDataScript.py for tasks to queue
[2025-10-21T10:36:33.986+0000] {logging_mixin.py:188} INFO - [2025-10-21T10:36:33.985+0000] {dagbag.py:538} INFO - Filling up the DagBag from /opt/airflow/dags/sampleDataScript.py
[2025-10-21T10:36:34.533+0000] {processor.py:842} WARNING - No viable dags retrieved from /opt/airflow/dags/sampleDataScript.py
[2025-10-21T10:36:34.561+0000] {processor.py:183} INFO - Processing /opt/airflow/dags/sampleDataScript.py took 0.585 seconds
[2025-10-21T10:37:05.525+0000] {processor.py:161} INFO - Started process (PID=3501) to work on /opt/airflow/dags/sampleDataScript.py
[2025-10-21T10:37:05.528+0000] {processor.py:830} INFO - Processing file /opt/airflow/dags/sampleDataScript.py for tasks to queue
[2025-10-21T10:37:05.532+0000] {logging_mixin.py:188} INFO - [2025-10-21T10:37:05.532+0000] {dagbag.py:538} INFO - Filling up the DagBag from /opt/airflow/dags/sampleDataScript.py
[2025-10-21T10:37:06.087+0000] {processor.py:842} WARNING - No viable dags retrieved from /opt/airflow/dags/sampleDataScript.py
[2025-10-21T10:37:06.111+0000] {processor.py:183} INFO - Processing /opt/airflow/dags/sampleDataScript.py took 0.592 seconds
[2025-10-21T10:37:36.829+0000] {processor.py:161} INFO - Started process (PID=3572) to work on /opt/airflow/dags/sampleDataScript.py
[2025-10-21T10:37:36.831+0000] {processor.py:830} INFO - Processing file /opt/airflow/dags/sampleDataScript.py for tasks to queue
[2025-10-21T10:37:36.834+0000] {logging_mixin.py:188} INFO - [2025-10-21T10:37:36.833+0000] {dagbag.py:538} INFO - Filling up the DagBag from /opt/airflow/dags/sampleDataScript.py
[2025-10-21T10:37:37.558+0000] {processor.py:842} WARNING - No viable dags retrieved from /opt/airflow/dags/sampleDataScript.py
[2025-10-21T10:37:37.582+0000] {processor.py:183} INFO - Processing /opt/airflow/dags/sampleDataScript.py took 0.759 seconds
[2025-10-21T10:38:07.808+0000] {processor.py:161} INFO - Started process (PID=3642) to work on /opt/airflow/dags/sampleDataScript.py
[2025-10-21T10:38:07.810+0000] {processor.py:830} INFO - Processing file /opt/airflow/dags/sampleDataScript.py for tasks to queue
[2025-10-21T10:38:07.814+0000] {logging_mixin.py:188} INFO - [2025-10-21T10:38:07.813+0000] {dagbag.py:538} INFO - Filling up the DagBag from /opt/airflow/dags/sampleDataScript.py
[2025-10-21T10:38:08.406+0000] {processor.py:842} WARNING - No viable dags retrieved from /opt/airflow/dags/sampleDataScript.py
[2025-10-21T10:38:08.432+0000] {processor.py:183} INFO - Processing /opt/airflow/dags/sampleDataScript.py took 0.630 seconds
[2025-10-21T10:38:39.140+0000] {processor.py:161} INFO - Started process (PID=3712) to work on /opt/airflow/dags/sampleDataScript.py
[2025-10-21T10:38:39.141+0000] {processor.py:830} INFO - Processing file /opt/airflow/dags/sampleDataScript.py for tasks to queue
[2025-10-21T10:38:39.145+0000] {logging_mixin.py:188} INFO - [2025-10-21T10:38:39.144+0000] {dagbag.py:538} INFO - Filling up the DagBag from /opt/airflow/dags/sampleDataScript.py
[2025-10-21T10:38:39.785+0000] {processor.py:842} WARNING - No viable dags retrieved from /opt/airflow/dags/sampleDataScript.py
[2025-10-21T10:38:39.820+0000] {processor.py:183} INFO - Processing /opt/airflow/dags/sampleDataScript.py took 0.691 seconds
[2025-10-21T10:39:10.449+0000] {processor.py:161} INFO - Started process (PID=3782) to work on /opt/airflow/dags/sampleDataScript.py
[2025-10-21T10:39:10.451+0000] {processor.py:830} INFO - Processing file /opt/airflow/dags/sampleDataScript.py for tasks to queue
[2025-10-21T10:39:10.455+0000] {logging_mixin.py:188} INFO - [2025-10-21T10:39:10.454+0000] {dagbag.py:538} INFO - Filling up the DagBag from /opt/airflow/dags/sampleDataScript.py
[2025-10-21T10:39:11.012+0000] {processor.py:842} WARNING - No viable dags retrieved from /opt/airflow/dags/sampleDataScript.py
[2025-10-21T10:39:11.036+0000] {processor.py:183} INFO - Processing /opt/airflow/dags/sampleDataScript.py took 0.594 seconds
[2025-10-21T10:39:41.381+0000] {processor.py:161} INFO - Started process (PID=3852) to work on /opt/airflow/dags/sampleDataScript.py
[2025-10-21T10:39:41.384+0000] {processor.py:830} INFO - Processing file /opt/airflow/dags/sampleDataScript.py for tasks to queue
[2025-10-21T10:39:41.388+0000] {logging_mixin.py:188} INFO - [2025-10-21T10:39:41.387+0000] {dagbag.py:538} INFO - Filling up the DagBag from /opt/airflow/dags/sampleDataScript.py
[2025-10-21T10:39:41.914+0000] {processor.py:842} WARNING - No viable dags retrieved from /opt/airflow/dags/sampleDataScript.py
[2025-10-21T10:39:41.937+0000] {processor.py:183} INFO - Processing /opt/airflow/dags/sampleDataScript.py took 0.562 seconds
[2025-10-21T10:40:12.611+0000] {processor.py:161} INFO - Started process (PID=3922) to work on /opt/airflow/dags/sampleDataScript.py
[2025-10-21T10:40:12.614+0000] {processor.py:830} INFO - Processing file /opt/airflow/dags/sampleDataScript.py for tasks to queue
[2025-10-21T10:40:12.618+0000] {logging_mixin.py:188} INFO - [2025-10-21T10:40:12.618+0000] {dagbag.py:538} INFO - Filling up the DagBag from /opt/airflow/dags/sampleDataScript.py
[2025-10-21T10:40:13.127+0000] {processor.py:842} WARNING - No viable dags retrieved from /opt/airflow/dags/sampleDataScript.py
[2025-10-21T10:40:13.159+0000] {processor.py:183} INFO - Processing /opt/airflow/dags/sampleDataScript.py took 0.555 seconds
[2025-10-21T10:40:44.227+0000] {processor.py:161} INFO - Started process (PID=3992) to work on /opt/airflow/dags/sampleDataScript.py
[2025-10-21T10:40:44.229+0000] {processor.py:830} INFO - Processing file /opt/airflow/dags/sampleDataScript.py for tasks to queue
[2025-10-21T10:40:44.232+0000] {logging_mixin.py:188} INFO - [2025-10-21T10:40:44.232+0000] {dagbag.py:538} INFO - Filling up the DagBag from /opt/airflow/dags/sampleDataScript.py
[2025-10-21T10:40:44.817+0000] {processor.py:842} WARNING - No viable dags retrieved from /opt/airflow/dags/sampleDataScript.py
[2025-10-21T10:40:44.839+0000] {processor.py:183} INFO - Processing /opt/airflow/dags/sampleDataScript.py took 0.617 seconds
[2025-10-21T10:41:15.599+0000] {processor.py:161} INFO - Started process (PID=4062) to work on /opt/airflow/dags/sampleDataScript.py
[2025-10-21T10:41:15.600+0000] {processor.py:830} INFO - Processing file /opt/airflow/dags/sampleDataScript.py for tasks to queue
[2025-10-21T10:41:15.604+0000] {logging_mixin.py:188} INFO - [2025-10-21T10:41:15.603+0000] {dagbag.py:538} INFO - Filling up the DagBag from /opt/airflow/dags/sampleDataScript.py
[2025-10-21T10:41:16.133+0000] {processor.py:842} WARNING - No viable dags retrieved from /opt/airflow/dags/sampleDataScript.py
[2025-10-21T10:41:16.161+0000] {processor.py:183} INFO - Processing /opt/airflow/dags/sampleDataScript.py took 0.568 seconds
[2025-10-21T10:41:47.083+0000] {processor.py:161} INFO - Started process (PID=4132) to work on /opt/airflow/dags/sampleDataScript.py
[2025-10-21T10:41:47.085+0000] {processor.py:830} INFO - Processing file /opt/airflow/dags/sampleDataScript.py for tasks to queue
[2025-10-21T10:41:47.090+0000] {logging_mixin.py:188} INFO - [2025-10-21T10:41:47.089+0000] {dagbag.py:538} INFO - Filling up the DagBag from /opt/airflow/dags/sampleDataScript.py
[2025-10-21T10:41:48.207+0000] {processor.py:842} WARNING - No viable dags retrieved from /opt/airflow/dags/sampleDataScript.py
[2025-10-21T10:41:48.245+0000] {processor.py:183} INFO - Processing /opt/airflow/dags/sampleDataScript.py took 1.171 seconds
[2025-10-21T10:42:18.372+0000] {processor.py:161} INFO - Started process (PID=4202) to work on /opt/airflow/dags/sampleDataScript.py
[2025-10-21T10:42:18.374+0000] {processor.py:830} INFO - Processing file /opt/airflow/dags/sampleDataScript.py for tasks to queue
[2025-10-21T10:42:18.378+0000] {logging_mixin.py:188} INFO - [2025-10-21T10:42:18.377+0000] {dagbag.py:538} INFO - Filling up the DagBag from /opt/airflow/dags/sampleDataScript.py
[2025-10-21T10:42:18.902+0000] {processor.py:842} WARNING - No viable dags retrieved from /opt/airflow/dags/sampleDataScript.py
[2025-10-21T10:42:18.929+0000] {processor.py:183} INFO - Processing /opt/airflow/dags/sampleDataScript.py took 0.562 seconds
[2025-10-21T10:42:49.816+0000] {processor.py:161} INFO - Started process (PID=4271) to work on /opt/airflow/dags/sampleDataScript.py
[2025-10-21T10:42:49.818+0000] {processor.py:830} INFO - Processing file /opt/airflow/dags/sampleDataScript.py for tasks to queue
[2025-10-21T10:42:49.824+0000] {logging_mixin.py:188} INFO - [2025-10-21T10:42:49.823+0000] {dagbag.py:538} INFO - Filling up the DagBag from /opt/airflow/dags/sampleDataScript.py
[2025-10-21T10:42:50.446+0000] {processor.py:842} WARNING - No viable dags retrieved from /opt/airflow/dags/sampleDataScript.py
[2025-10-21T10:42:50.473+0000] {processor.py:183} INFO - Processing /opt/airflow/dags/sampleDataScript.py took 0.667 seconds
[2025-10-21T10:43:21.420+0000] {processor.py:161} INFO - Started process (PID=4347) to work on /opt/airflow/dags/sampleDataScript.py
[2025-10-21T10:43:21.423+0000] {processor.py:830} INFO - Processing file /opt/airflow/dags/sampleDataScript.py for tasks to queue
[2025-10-21T10:43:21.429+0000] {logging_mixin.py:188} INFO - [2025-10-21T10:43:21.428+0000] {dagbag.py:538} INFO - Filling up the DagBag from /opt/airflow/dags/sampleDataScript.py
[2025-10-21T10:43:22.145+0000] {processor.py:842} WARNING - No viable dags retrieved from /opt/airflow/dags/sampleDataScript.py
[2025-10-21T10:43:22.182+0000] {processor.py:183} INFO - Processing /opt/airflow/dags/sampleDataScript.py took 0.770 seconds
[2025-10-21T10:43:52.754+0000] {processor.py:161} INFO - Started process (PID=4417) to work on /opt/airflow/dags/sampleDataScript.py
[2025-10-21T10:43:52.757+0000] {processor.py:830} INFO - Processing file /opt/airflow/dags/sampleDataScript.py for tasks to queue
[2025-10-21T10:43:52.762+0000] {logging_mixin.py:188} INFO - [2025-10-21T10:43:52.762+0000] {dagbag.py:538} INFO - Filling up the DagBag from /opt/airflow/dags/sampleDataScript.py
[2025-10-21T10:43:53.428+0000] {processor.py:842} WARNING - No viable dags retrieved from /opt/airflow/dags/sampleDataScript.py
[2025-10-21T10:43:53.457+0000] {processor.py:183} INFO - Processing /opt/airflow/dags/sampleDataScript.py took 0.709 seconds
[2025-10-21T10:44:24.223+0000] {processor.py:161} INFO - Started process (PID=4487) to work on /opt/airflow/dags/sampleDataScript.py
[2025-10-21T10:44:24.225+0000] {processor.py:830} INFO - Processing file /opt/airflow/dags/sampleDataScript.py for tasks to queue
[2025-10-21T10:44:24.228+0000] {logging_mixin.py:188} INFO - [2025-10-21T10:44:24.227+0000] {dagbag.py:538} INFO - Filling up the DagBag from /opt/airflow/dags/sampleDataScript.py
[2025-10-21T10:44:24.876+0000] {processor.py:842} WARNING - No viable dags retrieved from /opt/airflow/dags/sampleDataScript.py
[2025-10-21T10:44:24.901+0000] {processor.py:183} INFO - Processing /opt/airflow/dags/sampleDataScript.py took 0.686 seconds
[2025-10-21T10:44:55.496+0000] {processor.py:161} INFO - Started process (PID=4557) to work on /opt/airflow/dags/sampleDataScript.py
[2025-10-21T10:44:55.498+0000] {processor.py:830} INFO - Processing file /opt/airflow/dags/sampleDataScript.py for tasks to queue
[2025-10-21T10:44:55.501+0000] {logging_mixin.py:188} INFO - [2025-10-21T10:44:55.500+0000] {dagbag.py:538} INFO - Filling up the DagBag from /opt/airflow/dags/sampleDataScript.py
[2025-10-21T10:44:56.148+0000] {processor.py:842} WARNING - No viable dags retrieved from /opt/airflow/dags/sampleDataScript.py
[2025-10-21T10:44:56.178+0000] {processor.py:183} INFO - Processing /opt/airflow/dags/sampleDataScript.py took 0.688 seconds
[2025-10-21T10:45:27.046+0000] {processor.py:161} INFO - Started process (PID=4628) to work on /opt/airflow/dags/sampleDataScript.py
[2025-10-21T10:45:27.048+0000] {processor.py:830} INFO - Processing file /opt/airflow/dags/sampleDataScript.py for tasks to queue
[2025-10-21T10:45:27.052+0000] {logging_mixin.py:188} INFO - [2025-10-21T10:45:27.051+0000] {dagbag.py:538} INFO - Filling up the DagBag from /opt/airflow/dags/sampleDataScript.py
[2025-10-21T10:45:27.766+0000] {processor.py:842} WARNING - No viable dags retrieved from /opt/airflow/dags/sampleDataScript.py
[2025-10-21T10:45:27.795+0000] {processor.py:183} INFO - Processing /opt/airflow/dags/sampleDataScript.py took 0.755 seconds
[2025-10-21T10:45:59.004+0000] {processor.py:161} INFO - Started process (PID=4700) to work on /opt/airflow/dags/sampleDataScript.py
[2025-10-21T10:45:59.006+0000] {processor.py:830} INFO - Processing file /opt/airflow/dags/sampleDataScript.py for tasks to queue
[2025-10-21T10:45:59.009+0000] {logging_mixin.py:188} INFO - [2025-10-21T10:45:59.008+0000] {dagbag.py:538} INFO - Filling up the DagBag from /opt/airflow/dags/sampleDataScript.py
[2025-10-21T10:45:59.568+0000] {processor.py:842} WARNING - No viable dags retrieved from /opt/airflow/dags/sampleDataScript.py
[2025-10-21T10:45:59.607+0000] {processor.py:183} INFO - Processing /opt/airflow/dags/sampleDataScript.py took 0.609 seconds
[2025-10-21T10:46:29.995+0000] {processor.py:161} INFO - Started process (PID=4769) to work on /opt/airflow/dags/sampleDataScript.py
[2025-10-21T10:46:29.997+0000] {processor.py:830} INFO - Processing file /opt/airflow/dags/sampleDataScript.py for tasks to queue
[2025-10-21T10:46:29.999+0000] {logging_mixin.py:188} INFO - [2025-10-21T10:46:29.999+0000] {dagbag.py:538} INFO - Filling up the DagBag from /opt/airflow/dags/sampleDataScript.py
[2025-10-21T10:46:30.626+0000] {processor.py:842} WARNING - No viable dags retrieved from /opt/airflow/dags/sampleDataScript.py
[2025-10-21T10:46:30.654+0000] {processor.py:183} INFO - Processing /opt/airflow/dags/sampleDataScript.py took 0.664 seconds
[2025-10-21T10:47:01.442+0000] {processor.py:161} INFO - Started process (PID=4840) to work on /opt/airflow/dags/sampleDataScript.py
[2025-10-21T10:47:01.444+0000] {processor.py:830} INFO - Processing file /opt/airflow/dags/sampleDataScript.py for tasks to queue
[2025-10-21T10:47:01.448+0000] {logging_mixin.py:188} INFO - [2025-10-21T10:47:01.448+0000] {dagbag.py:538} INFO - Filling up the DagBag from /opt/airflow/dags/sampleDataScript.py
[2025-10-21T10:47:02.046+0000] {processor.py:842} WARNING - No viable dags retrieved from /opt/airflow/dags/sampleDataScript.py
[2025-10-21T10:47:02.071+0000] {processor.py:183} INFO - Processing /opt/airflow/dags/sampleDataScript.py took 0.635 seconds
[2025-10-21T10:47:32.161+0000] {processor.py:161} INFO - Started process (PID=4910) to work on /opt/airflow/dags/sampleDataScript.py
[2025-10-21T10:47:32.163+0000] {processor.py:830} INFO - Processing file /opt/airflow/dags/sampleDataScript.py for tasks to queue
[2025-10-21T10:47:32.167+0000] {logging_mixin.py:188} INFO - [2025-10-21T10:47:32.166+0000] {dagbag.py:538} INFO - Filling up the DagBag from /opt/airflow/dags/sampleDataScript.py
[2025-10-21T10:47:32.769+0000] {processor.py:842} WARNING - No viable dags retrieved from /opt/airflow/dags/sampleDataScript.py
[2025-10-21T10:47:32.795+0000] {processor.py:183} INFO - Processing /opt/airflow/dags/sampleDataScript.py took 0.643 seconds
[2025-10-21T10:48:03.430+0000] {processor.py:161} INFO - Started process (PID=4980) to work on /opt/airflow/dags/sampleDataScript.py
[2025-10-21T10:48:03.432+0000] {processor.py:830} INFO - Processing file /opt/airflow/dags/sampleDataScript.py for tasks to queue
[2025-10-21T10:48:03.435+0000] {logging_mixin.py:188} INFO - [2025-10-21T10:48:03.434+0000] {dagbag.py:538} INFO - Filling up the DagBag from /opt/airflow/dags/sampleDataScript.py
[2025-10-21T10:48:04.247+0000] {processor.py:842} WARNING - No viable dags retrieved from /opt/airflow/dags/sampleDataScript.py
[2025-10-21T10:48:04.274+0000] {processor.py:183} INFO - Processing /opt/airflow/dags/sampleDataScript.py took 0.853 seconds
[2025-10-21T10:50:21.742+0000] {processor.py:161} INFO - Started process (PID=48) to work on /opt/airflow/dags/sampleDataScript.py
[2025-10-21T10:50:21.744+0000] {processor.py:830} INFO - Processing file /opt/airflow/dags/sampleDataScript.py for tasks to queue
[2025-10-21T10:50:21.748+0000] {logging_mixin.py:188} INFO - [2025-10-21T10:50:21.748+0000] {dagbag.py:538} INFO - Filling up the DagBag from /opt/airflow/dags/sampleDataScript.py
[2025-10-21T10:50:22.494+0000] {processor.py:842} WARNING - No viable dags retrieved from /opt/airflow/dags/sampleDataScript.py
[2025-10-21T10:50:22.520+0000] {processor.py:183} INFO - Processing /opt/airflow/dags/sampleDataScript.py took 0.786 seconds
[2025-10-21T10:50:52.725+0000] {processor.py:161} INFO - Started process (PID=117) to work on /opt/airflow/dags/sampleDataScript.py
[2025-10-21T10:50:52.727+0000] {processor.py:830} INFO - Processing file /opt/airflow/dags/sampleDataScript.py for tasks to queue
[2025-10-21T10:50:52.730+0000] {logging_mixin.py:188} INFO - [2025-10-21T10:50:52.730+0000] {dagbag.py:538} INFO - Filling up the DagBag from /opt/airflow/dags/sampleDataScript.py
[2025-10-21T10:50:53.535+0000] {processor.py:842} WARNING - No viable dags retrieved from /opt/airflow/dags/sampleDataScript.py
[2025-10-21T10:50:53.564+0000] {processor.py:183} INFO - Processing /opt/airflow/dags/sampleDataScript.py took 0.844 seconds
[2025-10-21T10:51:24.301+0000] {processor.py:161} INFO - Started process (PID=186) to work on /opt/airflow/dags/sampleDataScript.py
[2025-10-21T10:51:24.304+0000] {processor.py:830} INFO - Processing file /opt/airflow/dags/sampleDataScript.py for tasks to queue
[2025-10-21T10:51:24.306+0000] {logging_mixin.py:188} INFO - [2025-10-21T10:51:24.305+0000] {dagbag.py:538} INFO - Filling up the DagBag from /opt/airflow/dags/sampleDataScript.py
[2025-10-21T10:51:25.220+0000] {processor.py:842} WARNING - No viable dags retrieved from /opt/airflow/dags/sampleDataScript.py
[2025-10-21T10:51:25.253+0000] {processor.py:183} INFO - Processing /opt/airflow/dags/sampleDataScript.py took 0.959 seconds
[2025-10-21T10:51:56.404+0000] {processor.py:161} INFO - Started process (PID=258) to work on /opt/airflow/dags/sampleDataScript.py
[2025-10-21T10:51:56.407+0000] {processor.py:830} INFO - Processing file /opt/airflow/dags/sampleDataScript.py for tasks to queue
[2025-10-21T10:51:56.409+0000] {logging_mixin.py:188} INFO - [2025-10-21T10:51:56.408+0000] {dagbag.py:538} INFO - Filling up the DagBag from /opt/airflow/dags/sampleDataScript.py
[2025-10-21T10:51:57.136+0000] {processor.py:842} WARNING - No viable dags retrieved from /opt/airflow/dags/sampleDataScript.py
[2025-10-21T10:51:57.160+0000] {processor.py:183} INFO - Processing /opt/airflow/dags/sampleDataScript.py took 0.761 seconds
[2025-10-21T10:52:28.896+0000] {processor.py:161} INFO - Started process (PID=328) to work on /opt/airflow/dags/sampleDataScript.py
[2025-10-21T10:52:28.899+0000] {processor.py:830} INFO - Processing file /opt/airflow/dags/sampleDataScript.py for tasks to queue
[2025-10-21T10:52:28.902+0000] {logging_mixin.py:188} INFO - [2025-10-21T10:52:28.901+0000] {dagbag.py:538} INFO - Filling up the DagBag from /opt/airflow/dags/sampleDataScript.py
[2025-10-21T10:52:31.152+0000] {processor.py:842} WARNING - No viable dags retrieved from /opt/airflow/dags/sampleDataScript.py
[2025-10-21T10:52:31.198+0000] {processor.py:183} INFO - Processing /opt/airflow/dags/sampleDataScript.py took 2.315 seconds
[2025-10-21T10:53:01.953+0000] {processor.py:161} INFO - Started process (PID=404) to work on /opt/airflow/dags/sampleDataScript.py
[2025-10-21T10:53:01.955+0000] {processor.py:830} INFO - Processing file /opt/airflow/dags/sampleDataScript.py for tasks to queue
[2025-10-21T10:53:01.958+0000] {logging_mixin.py:188} INFO - [2025-10-21T10:53:01.957+0000] {dagbag.py:538} INFO - Filling up the DagBag from /opt/airflow/dags/sampleDataScript.py
[2025-10-21T10:53:03.322+0000] {processor.py:842} WARNING - No viable dags retrieved from /opt/airflow/dags/sampleDataScript.py
[2025-10-21T10:53:03.378+0000] {processor.py:183} INFO - Processing /opt/airflow/dags/sampleDataScript.py took 1.432 seconds
[2025-10-21T10:53:33.771+0000] {processor.py:161} INFO - Started process (PID=479) to work on /opt/airflow/dags/sampleDataScript.py
[2025-10-21T10:53:33.773+0000] {processor.py:830} INFO - Processing file /opt/airflow/dags/sampleDataScript.py for tasks to queue
[2025-10-21T10:53:33.776+0000] {logging_mixin.py:188} INFO - [2025-10-21T10:53:33.775+0000] {dagbag.py:538} INFO - Filling up the DagBag from /opt/airflow/dags/sampleDataScript.py
[2025-10-21T10:53:35.185+0000] {processor.py:842} WARNING - No viable dags retrieved from /opt/airflow/dags/sampleDataScript.py
[2025-10-21T10:53:35.229+0000] {processor.py:183} INFO - Processing /opt/airflow/dags/sampleDataScript.py took 1.467 seconds
[2025-10-21T10:54:05.737+0000] {processor.py:161} INFO - Started process (PID=550) to work on /opt/airflow/dags/sampleDataScript.py
[2025-10-21T10:54:05.739+0000] {processor.py:830} INFO - Processing file /opt/airflow/dags/sampleDataScript.py for tasks to queue
[2025-10-21T10:54:05.742+0000] {logging_mixin.py:188} INFO - [2025-10-21T10:54:05.741+0000] {dagbag.py:538} INFO - Filling up the DagBag from /opt/airflow/dags/sampleDataScript.py
[2025-10-21T10:54:06.437+0000] {processor.py:842} WARNING - No viable dags retrieved from /opt/airflow/dags/sampleDataScript.py
[2025-10-21T10:54:06.465+0000] {processor.py:183} INFO - Processing /opt/airflow/dags/sampleDataScript.py took 0.734 seconds
[2025-10-21T10:54:36.958+0000] {processor.py:161} INFO - Started process (PID=619) to work on /opt/airflow/dags/sampleDataScript.py
[2025-10-21T10:54:36.960+0000] {processor.py:830} INFO - Processing file /opt/airflow/dags/sampleDataScript.py for tasks to queue
[2025-10-21T10:54:36.962+0000] {logging_mixin.py:188} INFO - [2025-10-21T10:54:36.962+0000] {dagbag.py:538} INFO - Filling up the DagBag from /opt/airflow/dags/sampleDataScript.py
[2025-10-21T10:54:37.879+0000] {processor.py:842} WARNING - No viable dags retrieved from /opt/airflow/dags/sampleDataScript.py
[2025-10-21T10:54:37.918+0000] {processor.py:183} INFO - Processing /opt/airflow/dags/sampleDataScript.py took 0.966 seconds
[2025-10-21T10:55:08.184+0000] {processor.py:161} INFO - Started process (PID=689) to work on /opt/airflow/dags/sampleDataScript.py
[2025-10-21T10:55:08.187+0000] {processor.py:830} INFO - Processing file /opt/airflow/dags/sampleDataScript.py for tasks to queue
[2025-10-21T10:55:08.189+0000] {logging_mixin.py:188} INFO - [2025-10-21T10:55:08.188+0000] {dagbag.py:538} INFO - Filling up the DagBag from /opt/airflow/dags/sampleDataScript.py
[2025-10-21T10:55:09.183+0000] {processor.py:842} WARNING - No viable dags retrieved from /opt/airflow/dags/sampleDataScript.py
[2025-10-21T10:55:09.210+0000] {processor.py:183} INFO - Processing /opt/airflow/dags/sampleDataScript.py took 1.034 seconds
[2025-10-21T10:55:39.589+0000] {processor.py:161} INFO - Started process (PID=758) to work on /opt/airflow/dags/sampleDataScript.py
[2025-10-21T10:55:39.591+0000] {processor.py:830} INFO - Processing file /opt/airflow/dags/sampleDataScript.py for tasks to queue
[2025-10-21T10:55:39.594+0000] {logging_mixin.py:188} INFO - [2025-10-21T10:55:39.592+0000] {dagbag.py:538} INFO - Filling up the DagBag from /opt/airflow/dags/sampleDataScript.py
[2025-10-21T10:55:40.841+0000] {processor.py:842} WARNING - No viable dags retrieved from /opt/airflow/dags/sampleDataScript.py
[2025-10-21T10:55:40.868+0000] {processor.py:183} INFO - Processing /opt/airflow/dags/sampleDataScript.py took 1.285 seconds
[2025-10-21T10:56:11.413+0000] {processor.py:161} INFO - Started process (PID=828) to work on /opt/airflow/dags/sampleDataScript.py
[2025-10-21T10:56:11.415+0000] {processor.py:830} INFO - Processing file /opt/airflow/dags/sampleDataScript.py for tasks to queue
[2025-10-21T10:56:11.417+0000] {logging_mixin.py:188} INFO - [2025-10-21T10:56:11.416+0000] {dagbag.py:538} INFO - Filling up the DagBag from /opt/airflow/dags/sampleDataScript.py
[2025-10-21T10:56:12.446+0000] {processor.py:842} WARNING - No viable dags retrieved from /opt/airflow/dags/sampleDataScript.py
[2025-10-21T10:56:12.482+0000] {processor.py:183} INFO - Processing /opt/airflow/dags/sampleDataScript.py took 1.077 seconds
[2025-10-21T10:56:42.571+0000] {processor.py:161} INFO - Started process (PID=898) to work on /opt/airflow/dags/sampleDataScript.py
[2025-10-21T10:56:42.573+0000] {processor.py:830} INFO - Processing file /opt/airflow/dags/sampleDataScript.py for tasks to queue
[2025-10-21T10:56:42.576+0000] {logging_mixin.py:188} INFO - [2025-10-21T10:56:42.575+0000] {dagbag.py:538} INFO - Filling up the DagBag from /opt/airflow/dags/sampleDataScript.py
[2025-10-21T10:56:43.506+0000] {processor.py:842} WARNING - No viable dags retrieved from /opt/airflow/dags/sampleDataScript.py
[2025-10-21T10:56:43.535+0000] {processor.py:183} INFO - Processing /opt/airflow/dags/sampleDataScript.py took 0.969 seconds
[2025-10-21T10:57:15.349+0000] {processor.py:161} INFO - Started process (PID=969) to work on /opt/airflow/dags/sampleDataScript.py
[2025-10-21T10:57:15.351+0000] {processor.py:830} INFO - Processing file /opt/airflow/dags/sampleDataScript.py for tasks to queue
[2025-10-21T10:57:15.353+0000] {logging_mixin.py:188} INFO - [2025-10-21T10:57:15.352+0000] {dagbag.py:538} INFO - Filling up the DagBag from /opt/airflow/dags/sampleDataScript.py
[2025-10-21T10:57:16.210+0000] {processor.py:842} WARNING - No viable dags retrieved from /opt/airflow/dags/sampleDataScript.py
[2025-10-21T10:57:16.244+0000] {processor.py:183} INFO - Processing /opt/airflow/dags/sampleDataScript.py took 0.903 seconds
[2025-10-21T10:57:46.474+0000] {processor.py:161} INFO - Started process (PID=1039) to work on /opt/airflow/dags/sampleDataScript.py
[2025-10-21T10:57:46.476+0000] {processor.py:830} INFO - Processing file /opt/airflow/dags/sampleDataScript.py for tasks to queue
[2025-10-21T10:57:46.478+0000] {logging_mixin.py:188} INFO - [2025-10-21T10:57:46.477+0000] {dagbag.py:538} INFO - Filling up the DagBag from /opt/airflow/dags/sampleDataScript.py
[2025-10-21T10:57:47.276+0000] {processor.py:842} WARNING - No viable dags retrieved from /opt/airflow/dags/sampleDataScript.py
[2025-10-21T10:57:47.298+0000] {processor.py:183} INFO - Processing /opt/airflow/dags/sampleDataScript.py took 0.831 seconds
[2025-10-21T10:58:17.599+0000] {processor.py:161} INFO - Started process (PID=1108) to work on /opt/airflow/dags/sampleDataScript.py
[2025-10-21T10:58:17.605+0000] {processor.py:830} INFO - Processing file /opt/airflow/dags/sampleDataScript.py for tasks to queue
[2025-10-21T10:58:17.607+0000] {logging_mixin.py:188} INFO - [2025-10-21T10:58:17.607+0000] {dagbag.py:538} INFO - Filling up the DagBag from /opt/airflow/dags/sampleDataScript.py
[2025-10-21T10:58:18.452+0000] {processor.py:842} WARNING - No viable dags retrieved from /opt/airflow/dags/sampleDataScript.py
[2025-10-21T10:58:18.479+0000] {processor.py:183} INFO - Processing /opt/airflow/dags/sampleDataScript.py took 0.889 seconds
[2025-10-21T10:58:49.152+0000] {processor.py:161} INFO - Started process (PID=1179) to work on /opt/airflow/dags/sampleDataScript.py
[2025-10-21T10:58:49.154+0000] {processor.py:830} INFO - Processing file /opt/airflow/dags/sampleDataScript.py for tasks to queue
[2025-10-21T10:58:49.157+0000] {logging_mixin.py:188} INFO - [2025-10-21T10:58:49.155+0000] {dagbag.py:538} INFO - Filling up the DagBag from /opt/airflow/dags/sampleDataScript.py
[2025-10-21T10:58:50.076+0000] {processor.py:842} WARNING - No viable dags retrieved from /opt/airflow/dags/sampleDataScript.py
[2025-10-21T10:58:50.124+0000] {processor.py:183} INFO - Processing /opt/airflow/dags/sampleDataScript.py took 0.980 seconds
[2025-10-21T10:59:21.580+0000] {processor.py:161} INFO - Started process (PID=1256) to work on /opt/airflow/dags/sampleDataScript.py
[2025-10-21T10:59:21.582+0000] {processor.py:830} INFO - Processing file /opt/airflow/dags/sampleDataScript.py for tasks to queue
[2025-10-21T10:59:21.584+0000] {logging_mixin.py:188} INFO - [2025-10-21T10:59:21.583+0000] {dagbag.py:538} INFO - Filling up the DagBag from /opt/airflow/dags/sampleDataScript.py
[2025-10-21T10:59:22.565+0000] {processor.py:842} WARNING - No viable dags retrieved from /opt/airflow/dags/sampleDataScript.py
[2025-10-21T10:59:22.590+0000] {processor.py:183} INFO - Processing /opt/airflow/dags/sampleDataScript.py took 1.017 seconds
[2025-10-21T10:59:52.804+0000] {processor.py:161} INFO - Started process (PID=1327) to work on /opt/airflow/dags/sampleDataScript.py
[2025-10-21T10:59:52.806+0000] {processor.py:830} INFO - Processing file /opt/airflow/dags/sampleDataScript.py for tasks to queue
[2025-10-21T10:59:52.809+0000] {logging_mixin.py:188} INFO - [2025-10-21T10:59:52.808+0000] {dagbag.py:538} INFO - Filling up the DagBag from /opt/airflow/dags/sampleDataScript.py
[2025-10-21T10:59:53.721+0000] {processor.py:842} WARNING - No viable dags retrieved from /opt/airflow/dags/sampleDataScript.py
[2025-10-21T10:59:53.749+0000] {processor.py:183} INFO - Processing /opt/airflow/dags/sampleDataScript.py took 0.951 seconds
[2025-10-21T11:00:24.232+0000] {processor.py:161} INFO - Started process (PID=1398) to work on /opt/airflow/dags/sampleDataScript.py
[2025-10-21T11:00:24.234+0000] {processor.py:830} INFO - Processing file /opt/airflow/dags/sampleDataScript.py for tasks to queue
[2025-10-21T11:00:24.236+0000] {logging_mixin.py:188} INFO - [2025-10-21T11:00:24.235+0000] {dagbag.py:538} INFO - Filling up the DagBag from /opt/airflow/dags/sampleDataScript.py
[2025-10-21T11:00:25.142+0000] {processor.py:842} WARNING - No viable dags retrieved from /opt/airflow/dags/sampleDataScript.py
[2025-10-21T11:00:25.167+0000] {processor.py:183} INFO - Processing /opt/airflow/dags/sampleDataScript.py took 0.940 seconds
[2025-10-21T11:00:55.730+0000] {processor.py:161} INFO - Started process (PID=1469) to work on /opt/airflow/dags/sampleDataScript.py
[2025-10-21T11:00:55.731+0000] {processor.py:830} INFO - Processing file /opt/airflow/dags/sampleDataScript.py for tasks to queue
[2025-10-21T11:00:55.733+0000] {logging_mixin.py:188} INFO - [2025-10-21T11:00:55.733+0000] {dagbag.py:538} INFO - Filling up the DagBag from /opt/airflow/dags/sampleDataScript.py
[2025-10-21T11:00:56.578+0000] {processor.py:842} WARNING - No viable dags retrieved from /opt/airflow/dags/sampleDataScript.py
[2025-10-21T11:00:56.604+0000] {processor.py:183} INFO - Processing /opt/airflow/dags/sampleDataScript.py took 0.880 seconds
[2025-10-21T11:01:26.896+0000] {processor.py:161} INFO - Started process (PID=1537) to work on /opt/airflow/dags/sampleDataScript.py
[2025-10-21T11:01:26.898+0000] {processor.py:830} INFO - Processing file /opt/airflow/dags/sampleDataScript.py for tasks to queue
[2025-10-21T11:01:26.900+0000] {logging_mixin.py:188} INFO - [2025-10-21T11:01:26.899+0000] {dagbag.py:538} INFO - Filling up the DagBag from /opt/airflow/dags/sampleDataScript.py
[2025-10-21T11:01:27.695+0000] {processor.py:842} WARNING - No viable dags retrieved from /opt/airflow/dags/sampleDataScript.py
[2025-10-21T11:01:27.725+0000] {processor.py:183} INFO - Processing /opt/airflow/dags/sampleDataScript.py took 0.834 seconds
[2025-10-21T11:01:58.317+0000] {processor.py:161} INFO - Started process (PID=1609) to work on /opt/airflow/dags/sampleDataScript.py
[2025-10-21T11:01:58.319+0000] {processor.py:830} INFO - Processing file /opt/airflow/dags/sampleDataScript.py for tasks to queue
[2025-10-21T11:01:58.321+0000] {logging_mixin.py:188} INFO - [2025-10-21T11:01:58.320+0000] {dagbag.py:538} INFO - Filling up the DagBag from /opt/airflow/dags/sampleDataScript.py
[2025-10-21T11:01:59.140+0000] {processor.py:842} WARNING - No viable dags retrieved from /opt/airflow/dags/sampleDataScript.py
[2025-10-21T11:01:59.167+0000] {processor.py:183} INFO - Processing /opt/airflow/dags/sampleDataScript.py took 0.855 seconds
[2025-10-21T11:02:29.712+0000] {processor.py:161} INFO - Started process (PID=1679) to work on /opt/airflow/dags/sampleDataScript.py
[2025-10-21T11:02:29.714+0000] {processor.py:830} INFO - Processing file /opt/airflow/dags/sampleDataScript.py for tasks to queue
[2025-10-21T11:02:29.715+0000] {logging_mixin.py:188} INFO - [2025-10-21T11:02:29.715+0000] {dagbag.py:538} INFO - Filling up the DagBag from /opt/airflow/dags/sampleDataScript.py
[2025-10-21T11:02:30.701+0000] {processor.py:842} WARNING - No viable dags retrieved from /opt/airflow/dags/sampleDataScript.py
[2025-10-21T11:02:30.724+0000] {processor.py:183} INFO - Processing /opt/airflow/dags/sampleDataScript.py took 1.019 seconds
[2025-10-21T11:03:01.185+0000] {processor.py:161} INFO - Started process (PID=1748) to work on /opt/airflow/dags/sampleDataScript.py
[2025-10-21T11:03:01.187+0000] {processor.py:830} INFO - Processing file /opt/airflow/dags/sampleDataScript.py for tasks to queue
[2025-10-21T11:03:01.188+0000] {logging_mixin.py:188} INFO - [2025-10-21T11:03:01.188+0000] {dagbag.py:538} INFO - Filling up the DagBag from /opt/airflow/dags/sampleDataScript.py
[2025-10-21T11:03:02.102+0000] {processor.py:842} WARNING - No viable dags retrieved from /opt/airflow/dags/sampleDataScript.py
[2025-10-21T11:03:02.137+0000] {processor.py:183} INFO - Processing /opt/airflow/dags/sampleDataScript.py took 0.958 seconds
[2025-10-21T11:03:32.708+0000] {processor.py:161} INFO - Started process (PID=1819) to work on /opt/airflow/dags/sampleDataScript.py
[2025-10-21T11:03:32.710+0000] {processor.py:830} INFO - Processing file /opt/airflow/dags/sampleDataScript.py for tasks to queue
[2025-10-21T11:03:32.712+0000] {logging_mixin.py:188} INFO - [2025-10-21T11:03:32.711+0000] {dagbag.py:538} INFO - Filling up the DagBag from /opt/airflow/dags/sampleDataScript.py
[2025-10-21T11:03:33.527+0000] {processor.py:842} WARNING - No viable dags retrieved from /opt/airflow/dags/sampleDataScript.py
[2025-10-21T11:03:33.554+0000] {processor.py:183} INFO - Processing /opt/airflow/dags/sampleDataScript.py took 0.852 seconds
[2025-10-21T11:04:04.974+0000] {processor.py:161} INFO - Started process (PID=1891) to work on /opt/airflow/dags/sampleDataScript.py
[2025-10-21T11:04:04.976+0000] {processor.py:830} INFO - Processing file /opt/airflow/dags/sampleDataScript.py for tasks to queue
[2025-10-21T11:04:04.978+0000] {logging_mixin.py:188} INFO - [2025-10-21T11:04:04.977+0000] {dagbag.py:538} INFO - Filling up the DagBag from /opt/airflow/dags/sampleDataScript.py
[2025-10-21T11:04:06.155+0000] {processor.py:842} WARNING - No viable dags retrieved from /opt/airflow/dags/sampleDataScript.py
[2025-10-21T11:04:06.188+0000] {processor.py:183} INFO - Processing /opt/airflow/dags/sampleDataScript.py took 1.222 seconds
[2025-10-21T11:04:36.809+0000] {processor.py:161} INFO - Started process (PID=1962) to work on /opt/airflow/dags/sampleDataScript.py
[2025-10-21T11:04:36.811+0000] {processor.py:830} INFO - Processing file /opt/airflow/dags/sampleDataScript.py for tasks to queue
[2025-10-21T11:04:36.813+0000] {logging_mixin.py:188} INFO - [2025-10-21T11:04:36.812+0000] {dagbag.py:538} INFO - Filling up the DagBag from /opt/airflow/dags/sampleDataScript.py
[2025-10-21T11:04:37.519+0000] {processor.py:842} WARNING - No viable dags retrieved from /opt/airflow/dags/sampleDataScript.py
[2025-10-21T11:04:37.548+0000] {processor.py:183} INFO - Processing /opt/airflow/dags/sampleDataScript.py took 0.743 seconds
[2025-10-21T11:05:07.816+0000] {processor.py:161} INFO - Started process (PID=2029) to work on /opt/airflow/dags/sampleDataScript.py
[2025-10-21T11:05:07.819+0000] {processor.py:830} INFO - Processing file /opt/airflow/dags/sampleDataScript.py for tasks to queue
[2025-10-21T11:05:07.822+0000] {logging_mixin.py:188} INFO - [2025-10-21T11:05:07.821+0000] {dagbag.py:538} INFO - Filling up the DagBag from /opt/airflow/dags/sampleDataScript.py
[2025-10-21T11:05:08.715+0000] {processor.py:842} WARNING - No viable dags retrieved from /opt/airflow/dags/sampleDataScript.py
[2025-10-21T11:05:08.742+0000] {processor.py:183} INFO - Processing /opt/airflow/dags/sampleDataScript.py took 0.935 seconds
[2025-10-21T11:05:39.459+0000] {processor.py:161} INFO - Started process (PID=2101) to work on /opt/airflow/dags/sampleDataScript.py
[2025-10-21T11:05:39.461+0000] {processor.py:830} INFO - Processing file /opt/airflow/dags/sampleDataScript.py for tasks to queue
[2025-10-21T11:05:39.462+0000] {logging_mixin.py:188} INFO - [2025-10-21T11:05:39.462+0000] {dagbag.py:538} INFO - Filling up the DagBag from /opt/airflow/dags/sampleDataScript.py
[2025-10-21T11:05:40.634+0000] {processor.py:842} WARNING - No viable dags retrieved from /opt/airflow/dags/sampleDataScript.py
[2025-10-21T11:05:40.692+0000] {processor.py:183} INFO - Processing /opt/airflow/dags/sampleDataScript.py took 1.239 seconds
[2025-10-21T11:06:11.123+0000] {processor.py:161} INFO - Started process (PID=2171) to work on /opt/airflow/dags/sampleDataScript.py
[2025-10-21T11:06:11.125+0000] {processor.py:830} INFO - Processing file /opt/airflow/dags/sampleDataScript.py for tasks to queue
[2025-10-21T11:06:11.126+0000] {logging_mixin.py:188} INFO - [2025-10-21T11:06:11.126+0000] {dagbag.py:538} INFO - Filling up the DagBag from /opt/airflow/dags/sampleDataScript.py
[2025-10-21T11:06:12.020+0000] {processor.py:842} WARNING - No viable dags retrieved from /opt/airflow/dags/sampleDataScript.py
[2025-10-21T11:06:12.044+0000] {processor.py:183} INFO - Processing /opt/airflow/dags/sampleDataScript.py took 0.927 seconds
[2025-10-21T11:06:43.081+0000] {processor.py:161} INFO - Started process (PID=2241) to work on /opt/airflow/dags/sampleDataScript.py
[2025-10-21T11:06:43.082+0000] {processor.py:830} INFO - Processing file /opt/airflow/dags/sampleDataScript.py for tasks to queue
[2025-10-21T11:06:43.084+0000] {logging_mixin.py:188} INFO - [2025-10-21T11:06:43.083+0000] {dagbag.py:538} INFO - Filling up the DagBag from /opt/airflow/dags/sampleDataScript.py
[2025-10-21T11:06:43.939+0000] {processor.py:842} WARNING - No viable dags retrieved from /opt/airflow/dags/sampleDataScript.py
[2025-10-21T11:06:43.966+0000] {processor.py:183} INFO - Processing /opt/airflow/dags/sampleDataScript.py took 0.891 seconds
[2025-10-21T11:07:14.521+0000] {processor.py:161} INFO - Started process (PID=2314) to work on /opt/airflow/dags/sampleDataScript.py
[2025-10-21T11:07:14.523+0000] {processor.py:830} INFO - Processing file /opt/airflow/dags/sampleDataScript.py for tasks to queue
[2025-10-21T11:07:14.525+0000] {logging_mixin.py:188} INFO - [2025-10-21T11:07:14.524+0000] {dagbag.py:538} INFO - Filling up the DagBag from /opt/airflow/dags/sampleDataScript.py
[2025-10-21T11:07:15.204+0000] {processor.py:842} WARNING - No viable dags retrieved from /opt/airflow/dags/sampleDataScript.py
[2025-10-21T11:07:15.230+0000] {processor.py:183} INFO - Processing /opt/airflow/dags/sampleDataScript.py took 0.715 seconds
[2025-10-21T11:07:45.612+0000] {processor.py:161} INFO - Started process (PID=2384) to work on /opt/airflow/dags/sampleDataScript.py
[2025-10-21T11:07:45.614+0000] {processor.py:830} INFO - Processing file /opt/airflow/dags/sampleDataScript.py for tasks to queue
[2025-10-21T11:07:45.615+0000] {logging_mixin.py:188} INFO - [2025-10-21T11:07:45.615+0000] {dagbag.py:538} INFO - Filling up the DagBag from /opt/airflow/dags/sampleDataScript.py
[2025-10-21T11:07:46.290+0000] {processor.py:842} WARNING - No viable dags retrieved from /opt/airflow/dags/sampleDataScript.py
[2025-10-21T11:07:46.310+0000] {processor.py:183} INFO - Processing /opt/airflow/dags/sampleDataScript.py took 0.703 seconds
[2025-10-21T11:08:16.385+0000] {processor.py:161} INFO - Started process (PID=2451) to work on /opt/airflow/dags/sampleDataScript.py
[2025-10-21T11:08:16.387+0000] {processor.py:830} INFO - Processing file /opt/airflow/dags/sampleDataScript.py for tasks to queue
[2025-10-21T11:08:16.389+0000] {logging_mixin.py:188} INFO - [2025-10-21T11:08:16.388+0000] {dagbag.py:538} INFO - Filling up the DagBag from /opt/airflow/dags/sampleDataScript.py
[2025-10-21T11:08:16.989+0000] {processor.py:842} WARNING - No viable dags retrieved from /opt/airflow/dags/sampleDataScript.py
[2025-10-21T11:08:17.009+0000] {processor.py:183} INFO - Processing /opt/airflow/dags/sampleDataScript.py took 0.629 seconds
[2025-10-21T11:08:47.795+0000] {processor.py:161} INFO - Started process (PID=2522) to work on /opt/airflow/dags/sampleDataScript.py
[2025-10-21T11:08:47.798+0000] {processor.py:830} INFO - Processing file /opt/airflow/dags/sampleDataScript.py for tasks to queue
[2025-10-21T11:08:47.799+0000] {logging_mixin.py:188} INFO - [2025-10-21T11:08:47.799+0000] {dagbag.py:538} INFO - Filling up the DagBag from /opt/airflow/dags/sampleDataScript.py
[2025-10-21T11:08:48.440+0000] {processor.py:842} WARNING - No viable dags retrieved from /opt/airflow/dags/sampleDataScript.py
[2025-10-21T11:08:48.460+0000] {processor.py:183} INFO - Processing /opt/airflow/dags/sampleDataScript.py took 0.670 seconds
[2025-10-21T11:09:19.220+0000] {processor.py:161} INFO - Started process (PID=2592) to work on /opt/airflow/dags/sampleDataScript.py
[2025-10-21T11:09:19.222+0000] {processor.py:830} INFO - Processing file /opt/airflow/dags/sampleDataScript.py for tasks to queue
[2025-10-21T11:09:19.224+0000] {logging_mixin.py:188} INFO - [2025-10-21T11:09:19.224+0000] {dagbag.py:538} INFO - Filling up the DagBag from /opt/airflow/dags/sampleDataScript.py
[2025-10-21T11:09:19.864+0000] {processor.py:842} WARNING - No viable dags retrieved from /opt/airflow/dags/sampleDataScript.py
[2025-10-21T11:09:19.884+0000] {processor.py:183} INFO - Processing /opt/airflow/dags/sampleDataScript.py took 0.672 seconds
[2025-10-21T11:09:50.010+0000] {processor.py:161} INFO - Started process (PID=2661) to work on /opt/airflow/dags/sampleDataScript.py
[2025-10-21T11:09:50.012+0000] {processor.py:830} INFO - Processing file /opt/airflow/dags/sampleDataScript.py for tasks to queue
[2025-10-21T11:09:50.013+0000] {logging_mixin.py:188} INFO - [2025-10-21T11:09:50.013+0000] {dagbag.py:538} INFO - Filling up the DagBag from /opt/airflow/dags/sampleDataScript.py
[2025-10-21T11:09:50.844+0000] {processor.py:842} WARNING - No viable dags retrieved from /opt/airflow/dags/sampleDataScript.py
[2025-10-21T11:09:50.867+0000] {processor.py:183} INFO - Processing /opt/airflow/dags/sampleDataScript.py took 0.862 seconds
[2025-10-21T11:10:21.556+0000] {processor.py:161} INFO - Started process (PID=2737) to work on /opt/airflow/dags/sampleDataScript.py
[2025-10-21T11:10:21.558+0000] {processor.py:830} INFO - Processing file /opt/airflow/dags/sampleDataScript.py for tasks to queue
[2025-10-21T11:10:21.560+0000] {logging_mixin.py:188} INFO - [2025-10-21T11:10:21.559+0000] {dagbag.py:538} INFO - Filling up the DagBag from /opt/airflow/dags/sampleDataScript.py
[2025-10-21T11:10:22.051+0000] {processor.py:842} WARNING - No viable dags retrieved from /opt/airflow/dags/sampleDataScript.py
[2025-10-21T11:10:22.074+0000] {processor.py:183} INFO - Processing /opt/airflow/dags/sampleDataScript.py took 0.522 seconds
[2025-10-21T11:10:53.186+0000] {processor.py:161} INFO - Started process (PID=2807) to work on /opt/airflow/dags/sampleDataScript.py
[2025-10-21T11:10:53.188+0000] {processor.py:830} INFO - Processing file /opt/airflow/dags/sampleDataScript.py for tasks to queue
[2025-10-21T11:10:53.190+0000] {logging_mixin.py:188} INFO - [2025-10-21T11:10:53.189+0000] {dagbag.py:538} INFO - Filling up the DagBag from /opt/airflow/dags/sampleDataScript.py
[2025-10-21T11:10:53.734+0000] {processor.py:842} WARNING - No viable dags retrieved from /opt/airflow/dags/sampleDataScript.py
[2025-10-21T11:10:53.778+0000] {processor.py:183} INFO - Processing /opt/airflow/dags/sampleDataScript.py took 0.599 seconds
[2025-10-21T11:11:24.057+0000] {processor.py:161} INFO - Started process (PID=2877) to work on /opt/airflow/dags/sampleDataScript.py
[2025-10-21T11:11:24.058+0000] {processor.py:830} INFO - Processing file /opt/airflow/dags/sampleDataScript.py for tasks to queue
[2025-10-21T11:11:24.060+0000] {logging_mixin.py:188} INFO - [2025-10-21T11:11:24.059+0000] {dagbag.py:538} INFO - Filling up the DagBag from /opt/airflow/dags/sampleDataScript.py
[2025-10-21T11:11:24.566+0000] {processor.py:842} WARNING - No viable dags retrieved from /opt/airflow/dags/sampleDataScript.py
[2025-10-21T11:11:24.589+0000] {processor.py:183} INFO - Processing /opt/airflow/dags/sampleDataScript.py took 0.537 seconds
[2025-10-21T11:11:54.709+0000] {processor.py:161} INFO - Started process (PID=2948) to work on /opt/airflow/dags/sampleDataScript.py
[2025-10-21T11:11:54.711+0000] {processor.py:830} INFO - Processing file /opt/airflow/dags/sampleDataScript.py for tasks to queue
[2025-10-21T11:11:54.712+0000] {logging_mixin.py:188} INFO - [2025-10-21T11:11:54.712+0000] {dagbag.py:538} INFO - Filling up the DagBag from /opt/airflow/dags/sampleDataScript.py
[2025-10-21T11:11:55.186+0000] {processor.py:842} WARNING - No viable dags retrieved from /opt/airflow/dags/sampleDataScript.py
[2025-10-21T11:11:55.211+0000] {processor.py:183} INFO - Processing /opt/airflow/dags/sampleDataScript.py took 0.506 seconds
[2025-10-21T11:12:25.534+0000] {processor.py:161} INFO - Started process (PID=3018) to work on /opt/airflow/dags/sampleDataScript.py
[2025-10-21T11:12:25.536+0000] {processor.py:830} INFO - Processing file /opt/airflow/dags/sampleDataScript.py for tasks to queue
[2025-10-21T11:12:25.537+0000] {logging_mixin.py:188} INFO - [2025-10-21T11:12:25.537+0000] {dagbag.py:538} INFO - Filling up the DagBag from /opt/airflow/dags/sampleDataScript.py
[2025-10-21T11:12:26.019+0000] {processor.py:842} WARNING - No viable dags retrieved from /opt/airflow/dags/sampleDataScript.py
[2025-10-21T11:12:26.042+0000] {processor.py:183} INFO - Processing /opt/airflow/dags/sampleDataScript.py took 0.513 seconds
[2025-10-21T11:12:56.335+0000] {processor.py:161} INFO - Started process (PID=3089) to work on /opt/airflow/dags/sampleDataScript.py
[2025-10-21T11:12:56.336+0000] {processor.py:830} INFO - Processing file /opt/airflow/dags/sampleDataScript.py for tasks to queue
[2025-10-21T11:12:56.338+0000] {logging_mixin.py:188} INFO - [2025-10-21T11:12:56.337+0000] {dagbag.py:538} INFO - Filling up the DagBag from /opt/airflow/dags/sampleDataScript.py
[2025-10-21T11:12:56.836+0000] {processor.py:842} WARNING - No viable dags retrieved from /opt/airflow/dags/sampleDataScript.py
[2025-10-21T11:12:56.865+0000] {processor.py:183} INFO - Processing /opt/airflow/dags/sampleDataScript.py took 0.535 seconds
[2025-10-21T11:13:27.739+0000] {processor.py:161} INFO - Started process (PID=3160) to work on /opt/airflow/dags/sampleDataScript.py
[2025-10-21T11:13:27.741+0000] {processor.py:830} INFO - Processing file /opt/airflow/dags/sampleDataScript.py for tasks to queue
[2025-10-21T11:13:27.743+0000] {logging_mixin.py:188} INFO - [2025-10-21T11:13:27.742+0000] {dagbag.py:538} INFO - Filling up the DagBag from /opt/airflow/dags/sampleDataScript.py
[2025-10-21T11:13:28.253+0000] {processor.py:842} WARNING - No viable dags retrieved from /opt/airflow/dags/sampleDataScript.py
[2025-10-21T11:13:28.278+0000] {processor.py:183} INFO - Processing /opt/airflow/dags/sampleDataScript.py took 0.544 seconds
[2025-10-21T11:13:58.476+0000] {processor.py:161} INFO - Started process (PID=3228) to work on /opt/airflow/dags/sampleDataScript.py
[2025-10-21T11:13:58.478+0000] {processor.py:830} INFO - Processing file /opt/airflow/dags/sampleDataScript.py for tasks to queue
[2025-10-21T11:13:58.481+0000] {logging_mixin.py:188} INFO - [2025-10-21T11:13:58.480+0000] {dagbag.py:538} INFO - Filling up the DagBag from /opt/airflow/dags/sampleDataScript.py
[2025-10-21T11:13:58.949+0000] {processor.py:842} WARNING - No viable dags retrieved from /opt/airflow/dags/sampleDataScript.py
[2025-10-21T11:13:58.974+0000] {processor.py:183} INFO - Processing /opt/airflow/dags/sampleDataScript.py took 0.508 seconds
[2025-10-21T11:14:29.231+0000] {processor.py:161} INFO - Started process (PID=3298) to work on /opt/airflow/dags/sampleDataScript.py
[2025-10-21T11:14:29.233+0000] {processor.py:830} INFO - Processing file /opt/airflow/dags/sampleDataScript.py for tasks to queue
[2025-10-21T11:14:29.235+0000] {logging_mixin.py:188} INFO - [2025-10-21T11:14:29.234+0000] {dagbag.py:538} INFO - Filling up the DagBag from /opt/airflow/dags/sampleDataScript.py
[2025-10-21T11:14:29.718+0000] {processor.py:842} WARNING - No viable dags retrieved from /opt/airflow/dags/sampleDataScript.py
[2025-10-21T11:14:29.757+0000] {processor.py:183} INFO - Processing /opt/airflow/dags/sampleDataScript.py took 0.532 seconds
[2025-10-21T11:15:00.307+0000] {processor.py:161} INFO - Started process (PID=3368) to work on /opt/airflow/dags/sampleDataScript.py
[2025-10-21T11:15:00.308+0000] {processor.py:830} INFO - Processing file /opt/airflow/dags/sampleDataScript.py for tasks to queue
[2025-10-21T11:15:00.310+0000] {logging_mixin.py:188} INFO - [2025-10-21T11:15:00.309+0000] {dagbag.py:538} INFO - Filling up the DagBag from /opt/airflow/dags/sampleDataScript.py
[2025-10-21T11:15:00.894+0000] {processor.py:842} WARNING - No viable dags retrieved from /opt/airflow/dags/sampleDataScript.py
[2025-10-21T11:15:00.931+0000] {processor.py:183} INFO - Processing /opt/airflow/dags/sampleDataScript.py took 0.629 seconds
[2025-10-21T11:15:31.576+0000] {processor.py:161} INFO - Started process (PID=3436) to work on /opt/airflow/dags/sampleDataScript.py
[2025-10-21T11:15:31.578+0000] {processor.py:830} INFO - Processing file /opt/airflow/dags/sampleDataScript.py for tasks to queue
[2025-10-21T11:15:31.579+0000] {logging_mixin.py:188} INFO - [2025-10-21T11:15:31.579+0000] {dagbag.py:538} INFO - Filling up the DagBag from /opt/airflow/dags/sampleDataScript.py
[2025-10-21T11:15:32.052+0000] {processor.py:842} WARNING - No viable dags retrieved from /opt/airflow/dags/sampleDataScript.py
[2025-10-21T11:15:32.079+0000] {processor.py:183} INFO - Processing /opt/airflow/dags/sampleDataScript.py took 0.508 seconds
[2025-10-21T11:16:02.446+0000] {processor.py:161} INFO - Started process (PID=3506) to work on /opt/airflow/dags/sampleDataScript.py
[2025-10-21T11:16:02.447+0000] {processor.py:830} INFO - Processing file /opt/airflow/dags/sampleDataScript.py for tasks to queue
[2025-10-21T11:16:02.450+0000] {logging_mixin.py:188} INFO - [2025-10-21T11:16:02.449+0000] {dagbag.py:538} INFO - Filling up the DagBag from /opt/airflow/dags/sampleDataScript.py
[2025-10-21T11:16:02.918+0000] {processor.py:842} WARNING - No viable dags retrieved from /opt/airflow/dags/sampleDataScript.py
[2025-10-21T11:16:02.942+0000] {processor.py:183} INFO - Processing /opt/airflow/dags/sampleDataScript.py took 0.502 seconds
[2025-10-21T11:16:33.413+0000] {processor.py:161} INFO - Started process (PID=3577) to work on /opt/airflow/dags/sampleDataScript.py
[2025-10-21T11:16:33.415+0000] {processor.py:830} INFO - Processing file /opt/airflow/dags/sampleDataScript.py for tasks to queue
[2025-10-21T11:16:33.417+0000] {logging_mixin.py:188} INFO - [2025-10-21T11:16:33.416+0000] {dagbag.py:538} INFO - Filling up the DagBag from /opt/airflow/dags/sampleDataScript.py
[2025-10-21T11:16:34.073+0000] {processor.py:842} WARNING - No viable dags retrieved from /opt/airflow/dags/sampleDataScript.py
[2025-10-21T11:16:34.096+0000] {processor.py:183} INFO - Processing /opt/airflow/dags/sampleDataScript.py took 0.687 seconds
[2025-10-21T11:17:04.500+0000] {processor.py:161} INFO - Started process (PID=3646) to work on /opt/airflow/dags/sampleDataScript.py
[2025-10-21T11:17:04.503+0000] {processor.py:830} INFO - Processing file /opt/airflow/dags/sampleDataScript.py for tasks to queue
[2025-10-21T11:17:04.505+0000] {logging_mixin.py:188} INFO - [2025-10-21T11:17:04.504+0000] {dagbag.py:538} INFO - Filling up the DagBag from /opt/airflow/dags/sampleDataScript.py
[2025-10-21T11:17:04.984+0000] {processor.py:842} WARNING - No viable dags retrieved from /opt/airflow/dags/sampleDataScript.py
[2025-10-21T11:17:05.009+0000] {processor.py:183} INFO - Processing /opt/airflow/dags/sampleDataScript.py took 0.516 seconds
[2025-10-21T11:17:35.611+0000] {processor.py:161} INFO - Started process (PID=3716) to work on /opt/airflow/dags/sampleDataScript.py
[2025-10-21T11:17:35.613+0000] {processor.py:830} INFO - Processing file /opt/airflow/dags/sampleDataScript.py for tasks to queue
[2025-10-21T11:17:35.615+0000] {logging_mixin.py:188} INFO - [2025-10-21T11:17:35.614+0000] {dagbag.py:538} INFO - Filling up the DagBag from /opt/airflow/dags/sampleDataScript.py
[2025-10-21T11:17:36.157+0000] {processor.py:842} WARNING - No viable dags retrieved from /opt/airflow/dags/sampleDataScript.py
[2025-10-21T11:17:36.183+0000] {processor.py:183} INFO - Processing /opt/airflow/dags/sampleDataScript.py took 0.579 seconds
[2025-10-21T11:18:06.445+0000] {processor.py:161} INFO - Started process (PID=3786) to work on /opt/airflow/dags/sampleDataScript.py
[2025-10-21T11:18:06.447+0000] {processor.py:830} INFO - Processing file /opt/airflow/dags/sampleDataScript.py for tasks to queue
[2025-10-21T11:18:06.448+0000] {logging_mixin.py:188} INFO - [2025-10-21T11:18:06.448+0000] {dagbag.py:538} INFO - Filling up the DagBag from /opt/airflow/dags/sampleDataScript.py
[2025-10-21T11:18:06.953+0000] {processor.py:842} WARNING - No viable dags retrieved from /opt/airflow/dags/sampleDataScript.py
[2025-10-21T11:18:06.976+0000] {processor.py:183} INFO - Processing /opt/airflow/dags/sampleDataScript.py took 0.536 seconds
[2025-10-21T14:18:40.607+0000] {processor.py:161} INFO - Started process (PID=3855) to work on /opt/airflow/dags/sampleDataScript.py
[2025-10-21T14:18:40.611+0000] {processor.py:830} INFO - Processing file /opt/airflow/dags/sampleDataScript.py for tasks to queue
[2025-10-21T14:18:40.613+0000] {logging_mixin.py:188} INFO - [2025-10-21T14:18:40.612+0000] {dagbag.py:538} INFO - Filling up the DagBag from /opt/airflow/dags/sampleDataScript.py
[2025-10-21T14:18:41.824+0000] {processor.py:842} WARNING - No viable dags retrieved from /opt/airflow/dags/sampleDataScript.py
[2025-10-21T14:18:41.863+0000] {processor.py:183} INFO - Processing /opt/airflow/dags/sampleDataScript.py took 1.266 seconds
