[2025-10-12T08:24:17.906+0000] {taskinstance.py:1956} INFO - Dependencies all met for dep_context=non-requeueable deps ti=<TaskInstance: dim_customer_dag.load_dim_customer manual__2025-10-12T08:24:15.057909+00:00 [queued]>
[2025-10-12T08:24:17.917+0000] {taskinstance.py:1956} INFO - Dependencies all met for dep_context=requeueable deps ti=<TaskInstance: dim_customer_dag.load_dim_customer manual__2025-10-12T08:24:15.057909+00:00 [queued]>
[2025-10-12T08:24:17.918+0000] {taskinstance.py:2170} INFO - Starting attempt 1 of 1
[2025-10-12T08:24:17.935+0000] {taskinstance.py:2191} INFO - Executing <Task(PythonOperator): load_dim_customer> on 2025-10-12 08:24:15.057909+00:00
[2025-10-12T08:24:17.941+0000] {standard_task_runner.py:60} INFO - Started process 1456 to run task
[2025-10-12T08:24:17.945+0000] {standard_task_runner.py:87} INFO - Running: ['***', 'tasks', 'run', 'dim_customer_dag', 'load_dim_customer', 'manual__2025-10-12T08:24:15.057909+00:00', '--job-id', '116', '--raw', '--subdir', 'DAGS_FOLDER/dim_customer_dag.py', '--cfg-path', '/tmp/tmpc0m7b5gn']
[2025-10-12T08:24:17.947+0000] {standard_task_runner.py:88} INFO - Job 116: Subtask load_dim_customer
[2025-10-12T08:24:18.065+0000] {task_command.py:423} INFO - Running <TaskInstance: dim_customer_dag.load_dim_customer manual__2025-10-12T08:24:15.057909+00:00 [running]> on host ba936f2a330d
[2025-10-12T08:24:18.177+0000] {taskinstance.py:2480} INFO - Exporting env vars: AIRFLOW_CTX_DAG_OWNER='***' AIRFLOW_CTX_DAG_ID='dim_customer_dag' AIRFLOW_CTX_TASK_ID='load_dim_customer' AIRFLOW_CTX_EXECUTION_DATE='2025-10-12T08:24:15.057909+00:00' AIRFLOW_CTX_TRY_NUMBER='1' AIRFLOW_CTX_DAG_RUN_ID='manual__2025-10-12T08:24:15.057909+00:00'
[2025-10-12T08:24:18.179+0000] {logging_mixin.py:188} INFO - 🚀 Starting dim_customer ETL pipeline
[2025-10-12T08:24:18.242+0000] {logging_mixin.py:188} INFO - 🕓 Last SUCCESS run for dim_customer: 2025-10-10 15:55:32.516945
[2025-10-12T08:24:18.243+0000] {logging_mixin.py:188} INFO - ✅ Last successful run found: 2025-10-10 15:55:32.516945
[2025-10-12T08:34:51.583+0000] {logging_mixin.py:188} INFO - 🔍 Found 541909 new/updated records since last run.
[2025-10-12T08:34:52.664+0000] {logging_mixin.py:188} INFO - ✅ Successfully loaded 4373 records into dim_customer
[2025-10-12T08:34:52.674+0000] {logging_mixin.py:188} INFO - 🟩 Logged ETL run for dim_customer: success at 2025-10-12 08:34:52.670365
[2025-10-12T08:34:52.675+0000] {logging_mixin.py:188} INFO - 🟩 dim_customer ETL completed successfully.
[2025-10-12T08:34:53.005+0000] {python.py:201} INFO - Done. Returned value was: None
[2025-10-12T08:34:53.021+0000] {taskinstance.py:1138} INFO - Marking task as SUCCESS. dag_id=dim_customer_dag, task_id=load_dim_customer, execution_date=20251012T082415, start_date=20251012T082417, end_date=20251012T083453
[2025-10-12T08:34:53.024+0000] {logging_mixin.py:188} INFO - 🟩 Logged ETL run for dim_customer: success at 2025-10-12 08:34:53.022254
[2025-10-12T08:34:53.076+0000] {local_task_job_runner.py:234} INFO - Task exited with return code 0
[2025-10-12T08:34:53.106+0000] {taskinstance.py:3280} INFO - 0 downstream tasks scheduled from follow-on schedule check
