[2025-10-22T15:24:14.481+0000] {taskinstance.py:1956} INFO - Dependencies all met for dep_context=non-requeueable deps ti=<TaskInstance: sales_pipeline_master_dag.load_dim_customer manual__2025-10-22T15:24:09.963418+00:00 [queued]>
[2025-10-22T15:24:14.499+0000] {taskinstance.py:1956} INFO - Dependencies all met for dep_context=requeueable deps ti=<TaskInstance: sales_pipeline_master_dag.load_dim_customer manual__2025-10-22T15:24:09.963418+00:00 [queued]>
[2025-10-22T15:24:14.500+0000] {taskinstance.py:2170} INFO - Starting attempt 1 of 1
[2025-10-22T15:24:14.525+0000] {taskinstance.py:2191} INFO - Executing <Task(PythonOperator): load_dim_customer> on 2025-10-22 15:24:09.963418+00:00
[2025-10-22T15:24:14.534+0000] {standard_task_runner.py:60} INFO - Started process 5944 to run task
[2025-10-22T15:24:14.540+0000] {standard_task_runner.py:87} INFO - Running: ['***', 'tasks', 'run', 'sales_pipeline_master_dag', 'load_dim_customer', 'manual__2025-10-22T15:24:09.963418+00:00', '--job-id', '370', '--raw', '--subdir', 'DAGS_FOLDER/dim_customer_dag.py', '--cfg-path', '/tmp/tmpaplux0lv']
[2025-10-22T15:24:14.543+0000] {standard_task_runner.py:88} INFO - Job 370: Subtask load_dim_customer
[2025-10-22T15:24:14.634+0000] {task_command.py:423} INFO - Running <TaskInstance: sales_pipeline_master_dag.load_dim_customer manual__2025-10-22T15:24:09.963418+00:00 [running]> on host 73b97317d540
[2025-10-22T15:24:14.777+0000] {taskinstance.py:2480} INFO - Exporting env vars: AIRFLOW_CTX_DAG_OWNER='***' AIRFLOW_CTX_DAG_ID='sales_pipeline_master_dag' AIRFLOW_CTX_TASK_ID='load_dim_customer' AIRFLOW_CTX_EXECUTION_DATE='2025-10-22T15:24:09.963418+00:00' AIRFLOW_CTX_TRY_NUMBER='1' AIRFLOW_CTX_DAG_RUN_ID='manual__2025-10-22T15:24:09.963418+00:00'
[2025-10-22T15:24:14.779+0000] {logging_mixin.py:188} INFO -  Starting dim_customer ETL pipeline
[2025-10-22T15:24:14.859+0000] {logging_mixin.py:188} INFO -  Last SUCCESS run for dim_customer: 2025-10-22 15:18:34.238823
[2025-10-22T15:24:14.859+0000] {logging_mixin.py:188} INFO -  Last successful run found: 2025-10-22 15:18:34.238823
[2025-10-22T15:24:27.538+0000] {warnings.py:109} WARNING - /opt/***/dags/etl_scripts/customer_etl.py:44: UserWarning: Parsing dates in %d/%m/%Y %I:%M:%S %p format when dayfirst=False (the default) was specified. Pass `dayfirst=True` or specify a format to silence this warning.
  df["in_date"] = pd.to_datetime(df["in_date"], errors="coerce")

[2025-10-22T15:24:29.220+0000] {logging_mixin.py:188} INFO - Found 1 new/updated records since last run.
[2025-10-22T15:24:29.270+0000] {logging_mixin.py:188} INFO - Inserted/Upserted 1 rows into dim_customer
[2025-10-22T15:24:29.273+0000] {logging_mixin.py:188} INFO - Upsert completed: 1 records processed into dim_customer.
[2025-10-22T15:24:29.713+0000] {logging_mixin.py:188} INFO - dim_customer ETL completed successfully.
[2025-10-22T15:24:29.715+0000] {python.py:201} INFO - Done. Returned value was: None
[2025-10-22T15:24:29.748+0000] {taskinstance.py:1138} INFO - Marking task as SUCCESS. dag_id=sales_pipeline_master_dag, task_id=load_dim_customer, execution_date=20251022T152409, start_date=20251022T152414, end_date=20251022T152429
[2025-10-22T15:24:29.756+0000] {logging_mixin.py:188} INFO -  Logged ETL run for dim_customer: success at 2025-10-22 15:24:29.750025
[2025-10-22T15:24:29.820+0000] {local_task_job_runner.py:234} INFO - Task exited with return code 0
[2025-10-22T15:24:29.865+0000] {taskinstance.py:3280} INFO - 0 downstream tasks scheduled from follow-on schedule check
