[2025-10-13T06:58:15.296+0000] {taskinstance.py:1956} INFO - Dependencies all met for dep_context=non-requeueable deps ti=<TaskInstance: dim_date_dag.load_dim_date manual__2025-10-13T06:58:12.517789+00:00 [queued]>
[2025-10-13T06:58:15.307+0000] {taskinstance.py:1956} INFO - Dependencies all met for dep_context=requeueable deps ti=<TaskInstance: dim_date_dag.load_dim_date manual__2025-10-13T06:58:12.517789+00:00 [queued]>
[2025-10-13T06:58:15.308+0000] {taskinstance.py:2170} INFO - Starting attempt 1 of 1
[2025-10-13T06:58:15.330+0000] {taskinstance.py:2191} INFO - Executing <Task(PythonOperator): load_dim_date> on 2025-10-13 06:58:12.517789+00:00
[2025-10-13T06:58:15.336+0000] {standard_task_runner.py:60} INFO - Started process 1909 to run task
[2025-10-13T06:58:15.341+0000] {standard_task_runner.py:87} INFO - Running: ['***', 'tasks', 'run', 'dim_date_dag', 'load_dim_date', 'manual__2025-10-13T06:58:12.517789+00:00', '--job-id', '164', '--raw', '--subdir', 'DAGS_FOLDER/dim_date_dag.py', '--cfg-path', '/tmp/tmpohelvjis']
[2025-10-13T06:58:15.343+0000] {standard_task_runner.py:88} INFO - Job 164: Subtask load_dim_date
[2025-10-13T06:58:15.430+0000] {task_command.py:423} INFO - Running <TaskInstance: dim_date_dag.load_dim_date manual__2025-10-13T06:58:12.517789+00:00 [running]> on host cd1b8c665937
[2025-10-13T06:58:15.574+0000] {taskinstance.py:2480} INFO - Exporting env vars: AIRFLOW_CTX_DAG_OWNER='***' AIRFLOW_CTX_DAG_ID='dim_date_dag' AIRFLOW_CTX_TASK_ID='load_dim_date' AIRFLOW_CTX_EXECUTION_DATE='2025-10-13T06:58:12.517789+00:00' AIRFLOW_CTX_TRY_NUMBER='1' AIRFLOW_CTX_DAG_RUN_ID='manual__2025-10-13T06:58:12.517789+00:00'
[2025-10-13T06:58:15.578+0000] {logging_mixin.py:188} INFO - 🚀 Starting dim_date ETL pipeline
[2025-10-13T06:58:15.611+0000] {logging_mixin.py:188} INFO - ⚠️ No successful run found for dim_date — will perform full load.
[2025-10-13T06:58:15.612+0000] {logging_mixin.py:188} INFO - ⚠️ No successful run found — performing full load.
[2025-10-13T06:58:24.173+0000] {warnings.py:109} WARNING - /opt/***/dags/etl_scripts/date_etl.py:36: UserWarning: Parsing dates in %d/%m/%Y %I:%M:%S %p format when dayfirst=False (the default) was specified. Pass `dayfirst=True` or specify a format to silence this warning.
  df["InDate"] = pd.to_datetime(df["InDate"], errors="coerce")

[2025-10-13T06:58:24.221+0000] {logging_mixin.py:188} INFO - 🆕 First load — total date records: 10
[2025-10-13T06:58:24.259+0000] {logging_mixin.py:188} INFO - ✅ Successfully loaded 5 records into dim_date
[2025-10-13T06:58:24.261+0000] {logging_mixin.py:188} INFO - 🟩 dim_date ETL completed successfully.
[2025-10-13T06:58:24.262+0000] {python.py:201} INFO - Done. Returned value was: None
[2025-10-13T06:58:24.276+0000] {taskinstance.py:1138} INFO - Marking task as SUCCESS. dag_id=dim_date_dag, task_id=load_dim_date, execution_date=20251013T065812, start_date=20251013T065815, end_date=20251013T065824
[2025-10-13T06:58:24.281+0000] {logging_mixin.py:188} INFO - 🟩 Logged ETL run for dim_date: success at 2025-10-13 06:58:24.277597
[2025-10-13T06:58:24.339+0000] {local_task_job_runner.py:234} INFO - Task exited with return code 0
[2025-10-13T06:58:24.361+0000] {taskinstance.py:3280} INFO - 0 downstream tasks scheduled from follow-on schedule check
