[2025-10-10T15:53:39.016+0000] {taskinstance.py:1956} INFO - Dependencies all met for dep_context=non-requeueable deps ti=<TaskInstance: dim_customer_dag.load_dim_customer manual__2025-10-10T15:53:35.483232+00:00 [queued]>
[2025-10-10T15:53:39.039+0000] {taskinstance.py:1956} INFO - Dependencies all met for dep_context=requeueable deps ti=<TaskInstance: dim_customer_dag.load_dim_customer manual__2025-10-10T15:53:35.483232+00:00 [queued]>
[2025-10-10T15:53:39.040+0000] {taskinstance.py:2170} INFO - Starting attempt 1 of 1
[2025-10-10T15:53:39.150+0000] {taskinstance.py:2191} INFO - Executing <Task(PythonOperator): load_dim_customer> on 2025-10-10 15:53:35.483232+00:00
[2025-10-10T15:53:39.177+0000] {standard_task_runner.py:60} INFO - Started process 168 to run task
[2025-10-10T15:53:39.198+0000] {standard_task_runner.py:87} INFO - Running: ['***', 'tasks', 'run', 'dim_customer_dag', 'load_dim_customer', 'manual__2025-10-10T15:53:35.483232+00:00', '--job-id', '113', '--raw', '--subdir', 'DAGS_FOLDER/dim_customer_dag.py', '--cfg-path', '/tmp/tmph8hv8srb']
[2025-10-10T15:53:39.203+0000] {standard_task_runner.py:88} INFO - Job 113: Subtask load_dim_customer
[2025-10-10T15:53:39.348+0000] {task_command.py:423} INFO - Running <TaskInstance: dim_customer_dag.load_dim_customer manual__2025-10-10T15:53:35.483232+00:00 [running]> on host ba936f2a330d
[2025-10-10T15:53:39.593+0000] {taskinstance.py:2480} INFO - Exporting env vars: AIRFLOW_CTX_DAG_OWNER='***' AIRFLOW_CTX_DAG_ID='dim_customer_dag' AIRFLOW_CTX_TASK_ID='load_dim_customer' AIRFLOW_CTX_EXECUTION_DATE='2025-10-10T15:53:35.483232+00:00' AIRFLOW_CTX_TRY_NUMBER='1' AIRFLOW_CTX_DAG_RUN_ID='manual__2025-10-10T15:53:35.483232+00:00'
[2025-10-10T15:53:39.597+0000] {logging_mixin.py:188} INFO - 🚀 Starting dim_customer ETL pipeline
[2025-10-10T15:53:39.693+0000] {logging_mixin.py:188} INFO - ⚠️ No successful run found for dim_customer — will perform full load.
[2025-10-10T15:53:39.694+0000] {logging_mixin.py:188} INFO - ⚠️ No successful run found — performing full load.
[2025-10-10T15:53:49.483+0000] {logging_mixin.py:188} INFO - 🆕 First load — total records to insert: 10
[2025-10-10T15:53:49.542+0000] {logging_mixin.py:188} INFO - ✅ Successfully loaded 2 records into dim_customer
[2025-10-10T15:53:49.555+0000] {logging_mixin.py:188} INFO - 🟩 Logged ETL run for dim_customer: success at 2025-10-10 15:53:49.550481
[2025-10-10T15:53:49.558+0000] {logging_mixin.py:188} INFO - 🟩 dim_customer ETL completed successfully.
[2025-10-10T15:53:49.559+0000] {python.py:201} INFO - Done. Returned value was: None
[2025-10-10T15:53:49.590+0000] {taskinstance.py:1138} INFO - Marking task as SUCCESS. dag_id=dim_customer_dag, task_id=load_dim_customer, execution_date=20251010T155335, start_date=20251010T155339, end_date=20251010T155349
[2025-10-10T15:53:49.595+0000] {logging_mixin.py:188} INFO - 🟩 Logged ETL run for dim_customer: success at 2025-10-10 15:53:49.591259
[2025-10-10T15:53:49.653+0000] {local_task_job_runner.py:234} INFO - Task exited with return code 0
[2025-10-10T15:53:49.697+0000] {taskinstance.py:3280} INFO - 0 downstream tasks scheduled from follow-on schedule check
