[2025-10-13T06:57:21.034+0000] {taskinstance.py:1956} INFO - Dependencies all met for dep_context=non-requeueable deps ti=<TaskInstance: fact_sales_dag.load_fact_sales manual__2025-10-13T06:57:18.821261+00:00 [queued]>
[2025-10-13T06:57:21.044+0000] {taskinstance.py:1956} INFO - Dependencies all met for dep_context=requeueable deps ti=<TaskInstance: fact_sales_dag.load_fact_sales manual__2025-10-13T06:57:18.821261+00:00 [queued]>
[2025-10-13T06:57:21.045+0000] {taskinstance.py:2170} INFO - Starting attempt 1 of 1
[2025-10-13T06:57:21.065+0000] {taskinstance.py:2191} INFO - Executing <Task(PythonOperator): load_fact_sales> on 2025-10-13 06:57:18.821261+00:00
[2025-10-13T06:57:21.072+0000] {standard_task_runner.py:60} INFO - Started process 1889 to run task
[2025-10-13T06:57:21.076+0000] {standard_task_runner.py:87} INFO - Running: ['***', 'tasks', 'run', 'fact_sales_dag', 'load_fact_sales', 'manual__2025-10-13T06:57:18.821261+00:00', '--job-id', '163', '--raw', '--subdir', 'DAGS_FOLDER/fact_sales_dag.py', '--cfg-path', '/tmp/tmpxsmqwuo4']
[2025-10-13T06:57:21.078+0000] {standard_task_runner.py:88} INFO - Job 163: Subtask load_fact_sales
[2025-10-13T06:57:21.148+0000] {task_command.py:423} INFO - Running <TaskInstance: fact_sales_dag.load_fact_sales manual__2025-10-13T06:57:18.821261+00:00 [running]> on host cd1b8c665937
[2025-10-13T06:57:21.262+0000] {taskinstance.py:2480} INFO - Exporting env vars: AIRFLOW_CTX_DAG_OWNER='***' AIRFLOW_CTX_DAG_ID='fact_sales_dag' AIRFLOW_CTX_TASK_ID='load_fact_sales' AIRFLOW_CTX_EXECUTION_DATE='2025-10-13T06:57:18.821261+00:00' AIRFLOW_CTX_TRY_NUMBER='1' AIRFLOW_CTX_DAG_RUN_ID='manual__2025-10-13T06:57:18.821261+00:00'
[2025-10-13T06:57:21.264+0000] {logging_mixin.py:188} INFO - 🚀 Starting fact_sales ETL pipeline
[2025-10-13T06:57:21.288+0000] {logging_mixin.py:188} INFO - 🕓 Last SUCCESS run for fact_sales: 2025-10-13 06:56:46.516976
[2025-10-13T06:57:21.289+0000] {logging_mixin.py:188} INFO - ✅ Last successful run found: 2025-10-13 06:56:46.516976
[2025-10-13T06:57:28.877+0000] {warnings.py:109} WARNING - /opt/***/dags/etl_scripts/sales_etl.py:37: UserWarning: Parsing dates in %d/%m/%Y %I:%M:%S %p format when dayfirst=False (the default) was specified. Pass `dayfirst=True` or specify a format to silence this warning.
  df["InDate"] = pd.to_datetime(df["InDate"], errors="coerce")

[2025-10-13T06:57:28.880+0000] {logging_mixin.py:188} INFO - 🔍 Found 1 new sales records since last run.
[2025-10-13T06:57:37.173+0000] {warnings.py:109} WARNING - /opt/***/dags/etl_scripts/sales_etl.py:59: SettingWithCopyWarning: 
A value is trying to be set on a copy of a slice from a DataFrame

See the caveats in the documentation: https://pandas.pydata.org/pandas-docs/stable/user_guide/indexing.html#returning-a-view-versus-a-copy
  new_data.rename(columns={

[2025-10-13T06:57:37.520+0000] {logging_mixin.py:188} INFO - ✅ Successfully loaded 58 records into fact_sales
[2025-10-13T06:57:37.522+0000] {logging_mixin.py:188} INFO - 🟩 fact_sales ETL completed successfully.
[2025-10-13T06:57:38.325+0000] {python.py:201} INFO - Done. Returned value was: None
[2025-10-13T06:57:38.355+0000] {taskinstance.py:1138} INFO - Marking task as SUCCESS. dag_id=fact_sales_dag, task_id=load_fact_sales, execution_date=20251013T065718, start_date=20251013T065721, end_date=20251013T065738
[2025-10-13T06:57:38.361+0000] {logging_mixin.py:188} INFO - 🟩 Logged ETL run for fact_sales: success at 2025-10-13 06:57:38.356812
[2025-10-13T06:57:38.450+0000] {local_task_job_runner.py:234} INFO - Task exited with return code 0
[2025-10-13T06:57:38.495+0000] {taskinstance.py:3280} INFO - 0 downstream tasks scheduled from follow-on schedule check
