[2025-10-10T12:40:49.655+0000] {taskinstance.py:1956} INFO - Dependencies all met for dep_context=non-requeueable deps ti=<TaskInstance: dim_customer_dag.load_dim_customer manual__2025-10-10T12:40:46.814521+00:00 [queued]>
[2025-10-10T12:40:49.664+0000] {taskinstance.py:1956} INFO - Dependencies all met for dep_context=requeueable deps ti=<TaskInstance: dim_customer_dag.load_dim_customer manual__2025-10-10T12:40:46.814521+00:00 [queued]>
[2025-10-10T12:40:49.665+0000] {taskinstance.py:2170} INFO - Starting attempt 1 of 1
[2025-10-10T12:40:49.683+0000] {taskinstance.py:2191} INFO - Executing <Task(PythonOperator): load_dim_customer> on 2025-10-10 12:40:46.814521+00:00
[2025-10-10T12:40:49.689+0000] {standard_task_runner.py:60} INFO - Started process 165 to run task
[2025-10-10T12:40:49.692+0000] {standard_task_runner.py:87} INFO - Running: ['***', 'tasks', 'run', 'dim_customer_dag', 'load_dim_customer', 'manual__2025-10-10T12:40:46.814521+00:00', '--job-id', '107', '--raw', '--subdir', 'DAGS_FOLDER/dim_customer_dag.py', '--cfg-path', '/tmp/tmpk6ggcnkb']
[2025-10-10T12:40:49.694+0000] {standard_task_runner.py:88} INFO - Job 107: Subtask load_dim_customer
[2025-10-10T12:40:49.761+0000] {task_command.py:423} INFO - Running <TaskInstance: dim_customer_dag.load_dim_customer manual__2025-10-10T12:40:46.814521+00:00 [running]> on host b905618527a1
[2025-10-10T12:40:49.879+0000] {taskinstance.py:2480} INFO - Exporting env vars: AIRFLOW_CTX_DAG_OWNER='***' AIRFLOW_CTX_DAG_ID='dim_customer_dag' AIRFLOW_CTX_TASK_ID='load_dim_customer' AIRFLOW_CTX_EXECUTION_DATE='2025-10-10T12:40:46.814521+00:00' AIRFLOW_CTX_TRY_NUMBER='1' AIRFLOW_CTX_DAG_RUN_ID='manual__2025-10-10T12:40:46.814521+00:00'
[2025-10-10T12:40:49.881+0000] {logging_mixin.py:188} INFO - 🚀 Starting dim_customer ETL pipeline
[2025-10-10T12:40:49.949+0000] {logging_mixin.py:188} INFO - ⚠️ No successful run found for dim_customer — will perform full load.
[2025-10-10T12:40:49.950+0000] {logging_mixin.py:188} INFO - ⚠️ No successful run found — performing full load.
[2025-10-10T12:49:21.977+0000] {logging_mixin.py:188} INFO - 🆕 First load — total records to insert: 541909
[2025-10-10T12:49:22.610+0000] {taskinstance.py:2698} ERROR - Task failed with exception
Traceback (most recent call last):
  File "/home/airflow/.local/lib/python3.8/site-packages/sqlalchemy/engine/base.py", line 1890, in _execute_context
    self.dialect.do_executemany(
  File "/home/airflow/.local/lib/python3.8/site-packages/sqlalchemy/dialects/postgresql/psycopg2.py", line 982, in do_executemany
    context._psycopg2_fetched_rows = xtras.execute_values(
  File "/home/airflow/.local/lib/python3.8/site-packages/psycopg2/extras.py", line 1299, in execute_values
    cur.execute(b''.join(parts))
psycopg2.errors.UndefinedColumn: column "updated_at" of relation "dim_customer" does not exist
LINE 1: ...gion, customer_type, preferred_channel, language, updated_at...
                                                             ^


The above exception was the direct cause of the following exception:

Traceback (most recent call last):
  File "/home/airflow/.local/lib/python3.8/site-packages/airflow/models/taskinstance.py", line 433, in _execute_task
    result = execute_callable(context=context, **execute_callable_kwargs)
  File "/home/airflow/.local/lib/python3.8/site-packages/airflow/operators/python.py", line 199, in execute
    return_value = self.execute_callable()
  File "/home/airflow/.local/lib/python3.8/site-packages/airflow/operators/python.py", line 216, in execute_callable
    return self.python_callable(*self.op_args, **self.op_kwargs)
  File "/opt/airflow/dags/etl_scripts/customer_etl.py", line 131, in run_customer_etl
    customer_dim.to_sql("dim_customer", engine, if_exists=if_exists_mode, index=False)
  File "/home/airflow/.local/lib/python3.8/site-packages/pandas/core/generic.py", line 2878, in to_sql
    return sql.to_sql(
  File "/home/airflow/.local/lib/python3.8/site-packages/pandas/io/sql.py", line 769, in to_sql
    return pandas_sql.to_sql(
  File "/home/airflow/.local/lib/python3.8/site-packages/pandas/io/sql.py", line 1920, in to_sql
    total_inserted = sql_engine.insert_records(
  File "/home/airflow/.local/lib/python3.8/site-packages/pandas/io/sql.py", line 1470, in insert_records
    raise err
  File "/home/airflow/.local/lib/python3.8/site-packages/pandas/io/sql.py", line 1461, in insert_records
    return table.insert(chunksize=chunksize, method=method)
  File "/home/airflow/.local/lib/python3.8/site-packages/pandas/io/sql.py", line 1023, in insert
    num_inserted = exec_insert(conn, keys, chunk_iter)
  File "/home/airflow/.local/lib/python3.8/site-packages/pandas/io/sql.py", line 929, in _execute_insert
    result = conn.execute(self.table.insert(), data)
  File "/home/airflow/.local/lib/python3.8/site-packages/sqlalchemy/engine/base.py", line 1385, in execute
    return meth(self, multiparams, params, _EMPTY_EXECUTION_OPTS)
  File "/home/airflow/.local/lib/python3.8/site-packages/sqlalchemy/sql/elements.py", line 334, in _execute_on_connection
    return connection._execute_clauseelement(
  File "/home/airflow/.local/lib/python3.8/site-packages/sqlalchemy/engine/base.py", line 1577, in _execute_clauseelement
    ret = self._execute_context(
  File "/home/airflow/.local/lib/python3.8/site-packages/sqlalchemy/engine/base.py", line 1953, in _execute_context
    self._handle_dbapi_exception(
  File "/home/airflow/.local/lib/python3.8/site-packages/sqlalchemy/engine/base.py", line 2134, in _handle_dbapi_exception
    util.raise_(
  File "/home/airflow/.local/lib/python3.8/site-packages/sqlalchemy/util/compat.py", line 211, in raise_
    raise exception
  File "/home/airflow/.local/lib/python3.8/site-packages/sqlalchemy/engine/base.py", line 1890, in _execute_context
    self.dialect.do_executemany(
  File "/home/airflow/.local/lib/python3.8/site-packages/sqlalchemy/dialects/postgresql/psycopg2.py", line 982, in do_executemany
    context._psycopg2_fetched_rows = xtras.execute_values(
  File "/home/airflow/.local/lib/python3.8/site-packages/psycopg2/extras.py", line 1299, in execute_values
    cur.execute(b''.join(parts))
sqlalchemy.exc.ProgrammingError: (psycopg2.errors.UndefinedColumn) column "updated_at" of relation "dim_customer" does not exist
LINE 1: ...gion, customer_type, preferred_channel, language, updated_at...
                                                             ^

[SQL: INSERT INTO dim_customer (customer_key, customer_id, country, first_name, last_name, title, gender, dob, age, marital_status, phone_no, email, address, city, pincode, region, customer_type, preferred_channel, language, updated_at) VALUES (%(customer_key)s, %(customer_id)s, %(country)s, %(first_name)s, %(last_name)s, %(title)s, %(gender)s, %(dob)s, %(age)s, %(marital_status)s, %(phone_no)s, %(email)s, %(address)s, %(city)s, %(pincode)s, %(region)s, %(customer_type)s, %(preferred_channel)s, %(language)s, %(updated_at)s)]
[parameters: ({'customer_key': '5b08ad58-73ec-42a2-90b2-03143daae31e', 'customer_id': 17850.0, 'country': 'United Kingdom', 'first_name': 'Bruce', 'last_name': 'Garcia', 'title': 'Mr.', 'gender': 'Male', 'dob': datetime.date(1965, 3, 26), 'age': 60, 'marital_status': 'Divorced', 'phone_no': '(443)821-1478x2817', 'email': 'gdavis@example.com', 'address': 'Unit 0695 Box 1169, DPO AP 62522', 'city': 'Muellerton', 'pincode': '06038', 'region': 'Nebraska', 'customer_type': 'Wholesale', 'preferred_channel': 'WhatsApp', 'language': 'Hindi', 'updated_at': datetime.datetime(2025, 10, 10, 12, 49, 21, 471145)}, {'customer_key': '0fc5da9e-56c2-4bf7-ab7d-96091ae4f379', 'customer_id': 13047.0, 'country': 'United Kingdom', 'first_name': 'Jerry', 'last_name': 'Bailey', 'title': 'Mr.', 'gender': 'Male', 'dob': datetime.date(1970, 6, 29), 'age': 55, 'marital_status': 'Married', 'phone_no': '+1-576-515-6357x01926', 'email': 'smithallison@example.org', 'address': '5747 Flynn Summit, Lake Neil, LA 71051', 'city': 'Lake Jamesside', 'pincode': '67449', 'region': 'Kentucky', 'customer_type': 'Corporate', 'preferred_channel': 'Phone', 'language': 'French', 'updated_at': datetime.datetime(2025, 10, 10, 12, 49, 21, 471145)}, {'customer_key': 'bdada60d-879e-4c1f-a0fd-f9f25a6abadb', 'customer_id': 12583.0, 'country': 'France', 'first_name': 'Taylor', 'last_name': 'Baker', 'title': 'Mr.', 'gender': 'Male', 'dob': datetime.date(1973, 8, 22), 'age': 52, 'marital_status': 'Single', 'phone_no': '874.304.1370x76565', 'email': 'duranjustin@example.net', 'address': '4957 Scott Isle Suite 416, West Charlesland, MS 18667', 'city': 'East Tanyamouth', 'pincode': '75755', 'region': 'Florida', 'customer_type': 'Corporate', 'preferred_channel': 'Phone', 'language': 'Spanish', 'updated_at': datetime.datetime(2025, 10, 10, 12, 49, 21, 471145)}, {'customer_key': '48fd19a4-bb50-43e3-ae0b-9ba17acc0335', 'customer_id': 13748.0, 'country': 'United Kingdom', 'first_name': 'Michele', 'last_name': 'Ward', 'title': 'Ms.', 'gender': 'Female', 'dob': datetime.date(1968, 7, 16), 'age': 57, 'marital_status': 'Married', 'phone_no': '(626)740-6746x519', 'email': 'ecook@example.org', 'address': '836 Elizabeth Crest, East Tylerburgh, IL 48332', 'city': 'South Jeffrey', 'pincode': '25502', 'region': 'Pennsylvania', 'customer_type': 'Corporate', 'preferred_channel': 'Email', 'language': 'English', 'updated_at': datetime.datetime(2025, 10, 10, 12, 49, 21, 471145)}, {'customer_key': 'a7ea16e9-b348-41b3-ad31-2676f3bd475e', 'customer_id': 15100.0, 'country': 'United Kingdom', 'first_name': 'Nicholas', 'last_name': 'Parker', 'title': 'Mr.', 'gender': 'Male', 'dob': datetime.date(2001, 9, 19), 'age': 24, 'marital_status': 'Divorced', 'phone_no': '+1-474-409-3852', 'email': 'anacabrera@example.com', 'address': '05910 Owens Summit, Riveratown, LA 69488', 'city': 'North Traci', 'pincode': '35255', 'region': 'North Dakota', 'customer_type': 'Wholesale', 'preferred_channel': 'WhatsApp', 'language': 'Hindi', 'updated_at': datetime.datetime(2025, 10, 10, 12, 49, 21, 471145)}, {'customer_key': 'fd6b6dac-eff5-4091-a9c8-cf2f36435364', 'customer_id': 15291.0, 'country': 'United Kingdom', 'first_name': 'Joanne', 'last_name': 'Collins', 'title': 'Ms.', 'gender': 'Female', 'dob': datetime.date(1972, 7, 5), 'age': 53, 'marital_status': 'Married', 'phone_no': '001-230-489-8739x43680', 'email': 'gary25@example.com', 'address': '674 Christian Expressway Suite 635, Smallside, NV 07975', 'city': 'Mitchellmouth', 'pincode': '11240', 'region': 'South Carolina', 'customer_type': 'Corporate', 'preferred_channel': 'Email', 'language': 'Hindi', 'updated_at': datetime.datetime(2025, 10, 10, 12, 49, 21, 471145)}, {'customer_key': 'c760aad1-91bb-4fb6-b880-396814b3478b', 'customer_id': 14688.0, 'country': 'United Kingdom', 'first_name': 'Dylan', 'last_name': 'Anderson', 'title': 'Mr.', 'gender': 'Male', 'dob': datetime.date(1958, 8, 1), 'age': 67, 'marital_status': 'Married', 'phone_no': '001-686-933-1352x426', 'email': 'staciedecker@example.org', 'address': '5799 Cassandra Spring, Laurafurt, PW 65975', 'city': 'Woodville', 'pincode': '28198', 'region': 'New Jersey', 'customer_type': 'Retail', 'preferred_channel': 'WhatsApp', 'language': 'French', 'updated_at': datetime.datetime(2025, 10, 10, 12, 49, 21, 471145)}, {'customer_key': 'a2c1848d-9e3e-44c4-812f-00ee9e287204', 'customer_id': 17809.0, 'country': 'United Kingdom', 'first_name': 'Michele', 'last_name': 'Ferguson', 'title': 'Ms.', 'gender': 'Female', 'dob': datetime.date(2000, 12, 16), 'age': 24, 'marital_status': 'Married', 'phone_no': '971-940-1495', 'email': 'timothymann@example.org', 'address': 'Unit 5668 Box 6033, DPO AE 32076', 'city': 'Irwinfort', 'pincode': '22752', 'region': 'Maine', 'customer_type': 'Corporate', 'preferred_channel': 'Phone', 'language': 'Spanish', 'updated_at': datetime.datetime(2025, 10, 10, 12, 49, 21, 471145)}  ... displaying 10 of 4373 total bound parameter sets ...  {'customer_key': 'ab798212-a2f1-45f7-ac0c-851430d1afc5', 'customer_id': 14569.0, 'country': 'United Kingdom', 'first_name': 'David', 'last_name': 'Harvey', 'title': 'Mr.', 'gender': 'Male', 'dob': datetime.date(1963, 6, 5), 'age': 62, 'marital_status': 'Married', 'phone_no': '208-702-7423x47916', 'email': 'hubbardlaura@example.net', 'address': '0488 Jennifer Courts, Lake Deniseburgh, PR 92086', 'city': 'Hallfurt', 'pincode': '51229', 'region': 'Louisiana', 'customer_type': 'Retail', 'preferred_channel': 'SMS', 'language': 'English', 'updated_at': datetime.datetime(2025, 10, 10, 12, 49, 21, 471145)}, {'customer_key': '3b43cdae-93be-492b-b0cf-2449b4094d1d', 'customer_id': 12713.0, 'country': 'Germany', 'first_name': 'Tiffany', 'last_name': 'Acosta', 'title': 'Ms.', 'gender': 'Female', 'dob': datetime.date(1966, 7, 7), 'age': 59, 'marital_status': 'Single', 'phone_no': '307.830.9738x4028', 'email': 'juliebowman@example.org', 'address': '10016 Bennett Mountains Suite 572, Lake Tina, ME 21507', 'city': 'Shepardview', 'pincode': '08285', 'region': 'North Carolina', 'customer_type': 'Corporate', 'preferred_channel': 'Phone', 'language': 'German', 'updated_at': datetime.datetime(2025, 10, 10, 12, 49, 21, 471145)})]
(Background on this error at: https://sqlalche.me/e/14/f405)
[2025-10-10T12:49:22.652+0000] {taskinstance.py:1138} INFO - Marking task as FAILED. dag_id=dim_customer_dag, task_id=load_dim_customer, execution_date=20251010T124046, start_date=20251010T124049, end_date=20251010T124922
[2025-10-10T12:49:22.661+0000] {logging_mixin.py:188} INFO - 🟩 Logged ETL run for dim_customer: failed at 2025-10-10 12:49:22.653571
[2025-10-10T12:49:22.687+0000] {standard_task_runner.py:107} ERROR - Failed to execute job 107 for task load_dim_customer ((psycopg2.errors.UndefinedColumn) column "updated_at" of relation "dim_customer" does not exist
LINE 1: ...gion, customer_type, preferred_channel, language, updated_at...
                                                             ^

[SQL: INSERT INTO dim_customer (customer_key, customer_id, country, first_name, last_name, title, gender, dob, age, marital_status, phone_no, email, address, city, pincode, region, customer_type, preferred_channel, language, updated_at) VALUES (%(customer_key)s, %(customer_id)s, %(country)s, %(first_name)s, %(last_name)s, %(title)s, %(gender)s, %(dob)s, %(age)s, %(marital_status)s, %(phone_no)s, %(email)s, %(address)s, %(city)s, %(pincode)s, %(region)s, %(customer_type)s, %(preferred_channel)s, %(language)s, %(updated_at)s)]
[parameters: ({'customer_key': '5b08ad58-73ec-42a2-90b2-03143daae31e', 'customer_id': 17850.0, 'country': 'United Kingdom', 'first_name': 'Bruce', 'last_name': 'Garcia', 'title': 'Mr.', 'gender': 'Male', 'dob': datetime.date(1965, 3, 26), 'age': 60, 'marital_status': 'Divorced', 'phone_no': '(443)821-1478x2817', 'email': 'gdavis@example.com', 'address': 'Unit 0695 Box 1169, DPO AP 62522', 'city': 'Muellerton', 'pincode': '06038', 'region': 'Nebraska', 'customer_type': 'Wholesale', 'preferred_channel': 'WhatsApp', 'language': 'Hindi', 'updated_at': datetime.datetime(2025, 10, 10, 12, 49, 21, 471145)}, {'customer_key': '0fc5da9e-56c2-4bf7-ab7d-96091ae4f379', 'customer_id': 13047.0, 'country': 'United Kingdom', 'first_name': 'Jerry', 'last_name': 'Bailey', 'title': 'Mr.', 'gender': 'Male', 'dob': datetime.date(1970, 6, 29), 'age': 55, 'marital_status': 'Married', 'phone_no': '+1-576-515-6357x01926', 'email': 'smithallison@example.org', 'address': '5747 Flynn Summit, Lake Neil, LA 71051', 'city': 'Lake Jamesside', 'pincode': '67449', 'region': 'Kentucky', 'customer_type': 'Corporate', 'preferred_channel': 'Phone', 'language': 'French', 'updated_at': datetime.datetime(2025, 10, 10, 12, 49, 21, 471145)}, {'customer_key': 'bdada60d-879e-4c1f-a0fd-f9f25a6abadb', 'customer_id': 12583.0, 'country': 'France', 'first_name': 'Taylor', 'last_name': 'Baker', 'title': 'Mr.', 'gender': 'Male', 'dob': datetime.date(1973, 8, 22), 'age': 52, 'marital_status': 'Single', 'phone_no': '874.304.1370x76565', 'email': 'duranjustin@example.net', 'address': '4957 Scott Isle Suite 416, West Charlesland, MS 18667', 'city': 'East Tanyamouth', 'pincode': '75755', 'region': 'Florida', 'customer_type': 'Corporate', 'preferred_channel': 'Phone', 'language': 'Spanish', 'updated_at': datetime.datetime(2025, 10, 10, 12, 49, 21, 471145)}, {'customer_key': '48fd19a4-bb50-43e3-ae0b-9ba17acc0335', 'customer_id': 13748.0, 'country': 'United Kingdom', 'first_name': 'Michele', 'last_name': 'Ward', 'title': 'Ms.', 'gender': 'Female', 'dob': datetime.date(1968, 7, 16), 'age': 57, 'marital_status': 'Married', 'phone_no': '(626)740-6746x519', 'email': 'ecook@example.org', 'address': '836 Elizabeth Crest, East Tylerburgh, IL 48332', 'city': 'South Jeffrey', 'pincode': '25502', 'region': 'Pennsylvania', 'customer_type': 'Corporate', 'preferred_channel': 'Email', 'language': 'English', 'updated_at': datetime.datetime(2025, 10, 10, 12, 49, 21, 471145)}, {'customer_key': 'a7ea16e9-b348-41b3-ad31-2676f3bd475e', 'customer_id': 15100.0, 'country': 'United Kingdom', 'first_name': 'Nicholas', 'last_name': 'Parker', 'title': 'Mr.', 'gender': 'Male', 'dob': datetime.date(2001, 9, 19), 'age': 24, 'marital_status': 'Divorced', 'phone_no': '+1-474-409-3852', 'email': 'anacabrera@example.com', 'address': '05910 Owens Summit, Riveratown, LA 69488', 'city': 'North Traci', 'pincode': '35255', 'region': 'North Dakota', 'customer_type': 'Wholesale', 'preferred_channel': 'WhatsApp', 'language': 'Hindi', 'updated_at': datetime.datetime(2025, 10, 10, 12, 49, 21, 471145)}, {'customer_key': 'fd6b6dac-eff5-4091-a9c8-cf2f36435364', 'customer_id': 15291.0, 'country': 'United Kingdom', 'first_name': 'Joanne', 'last_name': 'Collins', 'title': 'Ms.', 'gender': 'Female', 'dob': datetime.date(1972, 7, 5), 'age': 53, 'marital_status': 'Married', 'phone_no': '001-230-489-8739x43680', 'email': 'gary25@example.com', 'address': '674 Christian Expressway Suite 635, Smallside, NV 07975', 'city': 'Mitchellmouth', 'pincode': '11240', 'region': 'South Carolina', 'customer_type': 'Corporate', 'preferred_channel': 'Email', 'language': 'Hindi', 'updated_at': datetime.datetime(2025, 10, 10, 12, 49, 21, 471145)}, {'customer_key': 'c760aad1-91bb-4fb6-b880-396814b3478b', 'customer_id': 14688.0, 'country': 'United Kingdom', 'first_name': 'Dylan', 'last_name': 'Anderson', 'title': 'Mr.', 'gender': 'Male', 'dob': datetime.date(1958, 8, 1), 'age': 67, 'marital_status': 'Married', 'phone_no': '001-686-933-1352x426', 'email': 'staciedecker@example.org', 'address': '5799 Cassandra Spring, Laurafurt, PW 65975', 'city': 'Woodville', 'pincode': '28198', 'region': 'New Jersey', 'customer_type': 'Retail', 'preferred_channel': 'WhatsApp', 'language': 'French', 'updated_at': datetime.datetime(2025, 10, 10, 12, 49, 21, 471145)}, {'customer_key': 'a2c1848d-9e3e-44c4-812f-00ee9e287204', 'customer_id': 17809.0, 'country': 'United Kingdom', 'first_name': 'Michele', 'last_name': 'Ferguson', 'title': 'Ms.', 'gender': 'Female', 'dob': datetime.date(2000, 12, 16), 'age': 24, 'marital_status': 'Married', 'phone_no': '971-940-1495', 'email': 'timothymann@example.org', 'address': 'Unit 5668 Box 6033, DPO AE 32076', 'city': 'Irwinfort', 'pincode': '22752', 'region': 'Maine', 'customer_type': 'Corporate', 'preferred_channel': 'Phone', 'language': 'Spanish', 'updated_at': datetime.datetime(2025, 10, 10, 12, 49, 21, 471145)}  ... displaying 10 of 4373 total bound parameter sets ...  {'customer_key': 'ab798212-a2f1-45f7-ac0c-851430d1afc5', 'customer_id': 14569.0, 'country': 'United Kingdom', 'first_name': 'David', 'last_name': 'Harvey', 'title': 'Mr.', 'gender': 'Male', 'dob': datetime.date(1963, 6, 5), 'age': 62, 'marital_status': 'Married', 'phone_no': '208-702-7423x47916', 'email': 'hubbardlaura@example.net', 'address': '0488 Jennifer Courts, Lake Deniseburgh, PR 92086', 'city': 'Hallfurt', 'pincode': '51229', 'region': 'Louisiana', 'customer_type': 'Retail', 'preferred_channel': 'SMS', 'language': 'English', 'updated_at': datetime.datetime(2025, 10, 10, 12, 49, 21, 471145)}, {'customer_key': '3b43cdae-93be-492b-b0cf-2449b4094d1d', 'customer_id': 12713.0, 'country': 'Germany', 'first_name': 'Tiffany', 'last_name': 'Acosta', 'title': 'Ms.', 'gender': 'Female', 'dob': datetime.date(1966, 7, 7), 'age': 59, 'marital_status': 'Single', 'phone_no': '307.830.9738x4028', 'email': 'juliebowman@example.org', 'address': '10016 Bennett Mountains Suite 572, Lake Tina, ME 21507', 'city': 'Shepardview', 'pincode': '08285', 'region': 'North Carolina', 'customer_type': 'Corporate', 'preferred_channel': 'Phone', 'language': 'German', 'updated_at': datetime.datetime(2025, 10, 10, 12, 49, 21, 471145)})]
(Background on this error at: https://sqlalche.me/e/14/f405); 165)
[2025-10-10T12:49:22.739+0000] {local_task_job_runner.py:234} INFO - Task exited with return code 1
[2025-10-10T12:49:22.761+0000] {taskinstance.py:3280} INFO - 0 downstream tasks scheduled from follow-on schedule check
