[2025-10-12T12:44:19.880+0000] {taskinstance.py:1956} INFO - Dependencies all met for dep_context=non-requeueable deps ti=<TaskInstance: dim_customer_dag.load_dim_customer manual__2025-10-12T12:44:16.508405+00:00 [queued]>
[2025-10-12T12:44:19.892+0000] {taskinstance.py:1956} INFO - Dependencies all met for dep_context=requeueable deps ti=<TaskInstance: dim_customer_dag.load_dim_customer manual__2025-10-12T12:44:16.508405+00:00 [queued]>
[2025-10-12T12:44:19.893+0000] {taskinstance.py:2170} INFO - Starting attempt 1 of 1
[2025-10-12T12:44:19.913+0000] {taskinstance.py:2191} INFO - Executing <Task(PythonOperator): load_dim_customer> on 2025-10-12 12:44:16.508405+00:00
[2025-10-12T12:44:19.920+0000] {standard_task_runner.py:60} INFO - Started process 2346 to run task
[2025-10-12T12:44:19.925+0000] {standard_task_runner.py:87} INFO - Running: ['***', 'tasks', 'run', 'dim_customer_dag', 'load_dim_customer', 'manual__2025-10-12T12:44:16.508405+00:00', '--job-id', '118', '--raw', '--subdir', 'DAGS_FOLDER/dim_customer_dag.py', '--cfg-path', '/tmp/tmpr2vmo3hg']
[2025-10-12T12:44:19.928+0000] {standard_task_runner.py:88} INFO - Job 118: Subtask load_dim_customer
[2025-10-12T12:44:20.008+0000] {task_command.py:423} INFO - Running <TaskInstance: dim_customer_dag.load_dim_customer manual__2025-10-12T12:44:16.508405+00:00 [running]> on host ba936f2a330d
[2025-10-12T12:44:20.174+0000] {taskinstance.py:2480} INFO - Exporting env vars: AIRFLOW_CTX_DAG_OWNER='***' AIRFLOW_CTX_DAG_ID='dim_customer_dag' AIRFLOW_CTX_TASK_ID='load_dim_customer' AIRFLOW_CTX_EXECUTION_DATE='2025-10-12T12:44:16.508405+00:00' AIRFLOW_CTX_TRY_NUMBER='1' AIRFLOW_CTX_DAG_RUN_ID='manual__2025-10-12T12:44:16.508405+00:00'
[2025-10-12T12:44:20.177+0000] {logging_mixin.py:188} INFO - 🚀 Starting dim_customer ETL pipeline
[2025-10-12T12:44:20.295+0000] {logging_mixin.py:188} INFO - 🕓 Last SUCCESS run for dim_customer: 2025-10-12 10:00:05.600928
[2025-10-12T12:44:20.296+0000] {logging_mixin.py:188} INFO - ✅ Last successful run found: 2025-10-12 10:00:05.600928
[2025-10-12T12:52:56.852+0000] {taskinstance.py:2698} ERROR - Task failed with exception
Traceback (most recent call last):
  File "/home/airflow/.local/lib/python3.8/site-packages/airflow/models/taskinstance.py", line 433, in _execute_task
    result = execute_callable(context=context, **execute_callable_kwargs)
  File "/home/airflow/.local/lib/python3.8/site-packages/airflow/operators/python.py", line 199, in execute
    return_value = self.execute_callable()
  File "/home/airflow/.local/lib/python3.8/site-packages/airflow/operators/python.py", line 216, in execute_callable
    return self.python_callable(*self.op_args, **self.op_kwargs)
  File "/opt/airflow/dags/etl_scripts/customer_etl.py", line 93, in run_customer_etl
    new_data = df[df["in_date"] > last_success]
  File "/home/airflow/.local/lib/python3.8/site-packages/pandas/core/ops/common.py", line 81, in new_method
    return method(self, other)
  File "/home/airflow/.local/lib/python3.8/site-packages/pandas/core/arraylike.py", line 56, in __gt__
    return self._cmp_method(other, operator.gt)
  File "/home/airflow/.local/lib/python3.8/site-packages/pandas/core/series.py", line 6096, in _cmp_method
    res_values = ops.comparison_op(lvalues, rvalues, op)
  File "/home/airflow/.local/lib/python3.8/site-packages/pandas/core/ops/array_ops.py", line 293, in comparison_op
    res_values = comp_method_OBJECT_ARRAY(op, lvalues, rvalues)
  File "/home/airflow/.local/lib/python3.8/site-packages/pandas/core/ops/array_ops.py", line 82, in comp_method_OBJECT_ARRAY
    result = libops.scalar_compare(x.ravel(), y, op)
  File "pandas/_libs/ops.pyx", line 107, in pandas._libs.ops.scalar_compare
TypeError: '>' not supported between instances of 'str' and 'Timestamp'
[2025-10-12T12:52:56.987+0000] {taskinstance.py:1138} INFO - Marking task as FAILED. dag_id=dim_customer_dag, task_id=load_dim_customer, execution_date=20251012T124416, start_date=20251012T124419, end_date=20251012T125256
[2025-10-12T12:52:56.997+0000] {logging_mixin.py:188} INFO - 🟩 Logged ETL run for dim_customer: failed at 2025-10-12 12:52:56.988633
[2025-10-12T12:52:57.124+0000] {standard_task_runner.py:107} ERROR - Failed to execute job 118 for task load_dim_customer ('>' not supported between instances of 'str' and 'Timestamp'; 2346)
[2025-10-12T12:52:57.171+0000] {local_task_job_runner.py:234} INFO - Task exited with return code 1
[2025-10-12T12:52:57.193+0000] {taskinstance.py:3280} INFO - 0 downstream tasks scheduled from follow-on schedule check
