[2025-10-13T05:26:02.416+0000] {taskinstance.py:1956} INFO - Dependencies all met for dep_context=non-requeueable deps ti=<TaskInstance: dim_date_dag.load_dim_date manual__2025-10-13T05:26:00.202657+00:00 [queued]>
[2025-10-13T05:26:02.424+0000] {taskinstance.py:1956} INFO - Dependencies all met for dep_context=requeueable deps ti=<TaskInstance: dim_date_dag.load_dim_date manual__2025-10-13T05:26:00.202657+00:00 [queued]>
[2025-10-13T05:26:02.425+0000] {taskinstance.py:2170} INFO - Starting attempt 1 of 1
[2025-10-13T05:26:02.443+0000] {taskinstance.py:2191} INFO - Executing <Task(PythonOperator): load_dim_date> on 2025-10-13 05:26:00.202657+00:00
[2025-10-13T05:26:02.448+0000] {standard_task_runner.py:60} INFO - Started process 512 to run task
[2025-10-13T05:26:02.452+0000] {standard_task_runner.py:87} INFO - Running: ['***', 'tasks', 'run', 'dim_date_dag', 'load_dim_date', 'manual__2025-10-13T05:26:00.202657+00:00', '--job-id', '144', '--raw', '--subdir', 'DAGS_FOLDER/dim_date_dag.py', '--cfg-path', '/tmp/tmpotrc0a97']
[2025-10-13T05:26:02.454+0000] {standard_task_runner.py:88} INFO - Job 144: Subtask load_dim_date
[2025-10-13T05:26:02.521+0000] {task_command.py:423} INFO - Running <TaskInstance: dim_date_dag.load_dim_date manual__2025-10-13T05:26:00.202657+00:00 [running]> on host cd1b8c665937
[2025-10-13T05:26:02.625+0000] {taskinstance.py:2480} INFO - Exporting env vars: AIRFLOW_CTX_DAG_OWNER='***' AIRFLOW_CTX_DAG_ID='dim_date_dag' AIRFLOW_CTX_TASK_ID='load_dim_date' AIRFLOW_CTX_EXECUTION_DATE='2025-10-13T05:26:00.202657+00:00' AIRFLOW_CTX_TRY_NUMBER='1' AIRFLOW_CTX_DAG_RUN_ID='manual__2025-10-13T05:26:00.202657+00:00'
[2025-10-13T05:26:02.628+0000] {logging_mixin.py:188} INFO - 🚀 Starting dim_date ETL pipeline
[2025-10-13T05:26:02.651+0000] {logging_mixin.py:188} INFO - 🕓 Last SUCCESS run for dim_date: 2025-10-12 13:55:40.397498
[2025-10-13T05:26:02.652+0000] {logging_mixin.py:188} INFO - ✅ Last successful run found: 2025-10-12 13:55:40.397498
[2025-10-13T05:26:09.936+0000] {warnings.py:109} WARNING - /opt/***/dags/etl_scripts/date_etl.py:36: UserWarning: Parsing dates in %d/%m/%Y %I:%M:%S %p format when dayfirst=False (the default) was specified. Pass `dayfirst=True` or specify a format to silence this warning.
  df["InDate"] = pd.to_datetime(df["InDate"], errors="coerce")

[2025-10-13T05:26:09.992+0000] {logging_mixin.py:188} INFO - 🔍 Found 1 new date records since last run.
[2025-10-13T05:26:10.026+0000] {logging_mixin.py:188} INFO - 🧱 dim_date table not found — creating new table.
[2025-10-13T05:26:10.048+0000] {logging_mixin.py:188} INFO - ✅ Successfully loaded 1 records into dim_date
[2025-10-13T05:26:10.054+0000] {logging_mixin.py:188} INFO - 🟩 Logged ETL run for dim_date: success at 2025-10-13 05:26:10.051029
[2025-10-13T05:26:10.054+0000] {logging_mixin.py:188} INFO - 🟩 dim_date ETL completed successfully.
[2025-10-13T05:26:10.055+0000] {python.py:201} INFO - Done. Returned value was: None
[2025-10-13T05:26:10.075+0000] {taskinstance.py:1138} INFO - Marking task as SUCCESS. dag_id=dim_date_dag, task_id=load_dim_date, execution_date=20251013T052600, start_date=20251013T052602, end_date=20251013T052610
[2025-10-13T05:26:10.079+0000] {logging_mixin.py:188} INFO - 🟩 Logged ETL run for dim_date: success at 2025-10-13 05:26:10.076335
[2025-10-13T05:26:10.108+0000] {local_task_job_runner.py:234} INFO - Task exited with return code 0
[2025-10-13T05:26:10.133+0000] {taskinstance.py:3280} INFO - 0 downstream tasks scheduled from follow-on schedule check
