[2025-10-22T13:55:43.062+0000] {taskinstance.py:1956} INFO - Dependencies all met for dep_context=non-requeueable deps ti=<TaskInstance: sales_pipeline_master_dag.load_dim_date manual__2025-10-22T13:55:38.220209+00:00 [queued]>
[2025-10-22T13:55:43.079+0000] {taskinstance.py:1956} INFO - Dependencies all met for dep_context=requeueable deps ti=<TaskInstance: sales_pipeline_master_dag.load_dim_date manual__2025-10-22T13:55:38.220209+00:00 [queued]>
[2025-10-22T13:55:43.080+0000] {taskinstance.py:2170} INFO - Starting attempt 1 of 1
[2025-10-22T13:55:43.104+0000] {taskinstance.py:2191} INFO - Executing <Task(PythonOperator): load_dim_date> on 2025-10-22 13:55:38.220209+00:00
[2025-10-22T13:55:43.112+0000] {standard_task_runner.py:60} INFO - Started process 4558 to run task
[2025-10-22T13:55:43.119+0000] {standard_task_runner.py:87} INFO - Running: ['***', 'tasks', 'run', 'sales_pipeline_master_dag', 'load_dim_date', 'manual__2025-10-22T13:55:38.220209+00:00', '--job-id', '321', '--raw', '--subdir', 'DAGS_FOLDER/dim_customer_dag.py', '--cfg-path', '/tmp/tmp_gpz2wu5']
[2025-10-22T13:55:43.122+0000] {standard_task_runner.py:88} INFO - Job 321: Subtask load_dim_date
[2025-10-22T13:55:43.228+0000] {task_command.py:423} INFO - Running <TaskInstance: sales_pipeline_master_dag.load_dim_date manual__2025-10-22T13:55:38.220209+00:00 [running]> on host 73b97317d540
[2025-10-22T13:55:43.418+0000] {taskinstance.py:2480} INFO - Exporting env vars: AIRFLOW_CTX_DAG_OWNER='***' AIRFLOW_CTX_DAG_ID='sales_pipeline_master_dag' AIRFLOW_CTX_TASK_ID='load_dim_date' AIRFLOW_CTX_EXECUTION_DATE='2025-10-22T13:55:38.220209+00:00' AIRFLOW_CTX_TRY_NUMBER='1' AIRFLOW_CTX_DAG_RUN_ID='manual__2025-10-22T13:55:38.220209+00:00'
[2025-10-22T13:55:43.421+0000] {logging_mixin.py:188} INFO -  Starting dim_date ETL pipeline
[2025-10-22T13:55:43.459+0000] {logging_mixin.py:188} INFO -  Last SUCCESS run for dim_date: 2025-10-22 13:52:13.678630
[2025-10-22T13:55:43.460+0000] {logging_mixin.py:188} INFO -  Last successful run found: 2025-10-22 13:52:13.678630
[2025-10-22T13:55:54.311+0000] {warnings.py:109} WARNING - /opt/***/dags/etl_scripts/date_etl.py:36: UserWarning: Parsing dates in %d/%m/%Y %I:%M:%S %p format when dayfirst=False (the default) was specified. Pass `dayfirst=True` or specify a format to silence this warning.
  df["InDate"] = pd.to_datetime(df["InDate"], errors="coerce")

[2025-10-22T13:55:54.394+0000] {logging_mixin.py:188} INFO -  Found 1 new date records since last run.
[2025-10-22T13:55:54.410+0000] {logging_mixin.py:188} INFO - Verified: dim_date table exists in database.
[2025-10-22T13:55:54.430+0000] {logging_mixin.py:188} INFO - Upserted 1 rows into dim_date
[2025-10-22T13:55:54.433+0000] {logging_mixin.py:188} INFO - ✅ Upsert completed: 1 records processed into dim_date.
[2025-10-22T13:55:54.434+0000] {logging_mixin.py:188} INFO -  dim_date ETL completed successfully.
[2025-10-22T13:55:54.436+0000] {python.py:201} INFO - Done. Returned value was: None
[2025-10-22T13:55:54.454+0000] {taskinstance.py:1138} INFO - Marking task as SUCCESS. dag_id=sales_pipeline_master_dag, task_id=load_dim_date, execution_date=20251022T135538, start_date=20251022T135543, end_date=20251022T135554
[2025-10-22T13:55:54.459+0000] {logging_mixin.py:188} INFO -  Logged ETL run for dim_date: success at 2025-10-22 13:55:54.456018
[2025-10-22T13:55:54.492+0000] {local_task_job_runner.py:234} INFO - Task exited with return code 0
[2025-10-22T13:55:54.534+0000] {taskinstance.py:3280} INFO - 0 downstream tasks scheduled from follow-on schedule check
