[2025-10-22T14:31:14.001+0000] {taskinstance.py:1956} INFO - Dependencies all met for dep_context=non-requeueable deps ti=<TaskInstance: sales_pipeline_master_dag.load_dim_date manual__2025-10-22T14:31:08.748978+00:00 [queued]>
[2025-10-22T14:31:14.020+0000] {taskinstance.py:1956} INFO - Dependencies all met for dep_context=requeueable deps ti=<TaskInstance: sales_pipeline_master_dag.load_dim_date manual__2025-10-22T14:31:08.748978+00:00 [queued]>
[2025-10-22T14:31:14.021+0000] {taskinstance.py:2170} INFO - Starting attempt 1 of 1
[2025-10-22T14:31:14.058+0000] {taskinstance.py:2191} INFO - Executing <Task(PythonOperator): load_dim_date> on 2025-10-22 14:31:08.748978+00:00
[2025-10-22T14:31:14.070+0000] {standard_task_runner.py:60} INFO - Started process 5134 to run task
[2025-10-22T14:31:14.078+0000] {standard_task_runner.py:87} INFO - Running: ['***', 'tasks', 'run', 'sales_pipeline_master_dag', 'load_dim_date', 'manual__2025-10-22T14:31:08.748978+00:00', '--job-id', '345', '--raw', '--subdir', 'DAGS_FOLDER/dim_customer_dag.py', '--cfg-path', '/tmp/tmpk5nuis1g']
[2025-10-22T14:31:14.083+0000] {standard_task_runner.py:88} INFO - Job 345: Subtask load_dim_date
[2025-10-22T14:31:14.258+0000] {task_command.py:423} INFO - Running <TaskInstance: sales_pipeline_master_dag.load_dim_date manual__2025-10-22T14:31:08.748978+00:00 [running]> on host 73b97317d540
[2025-10-22T14:31:14.534+0000] {taskinstance.py:2480} INFO - Exporting env vars: AIRFLOW_CTX_DAG_OWNER='***' AIRFLOW_CTX_DAG_ID='sales_pipeline_master_dag' AIRFLOW_CTX_TASK_ID='load_dim_date' AIRFLOW_CTX_EXECUTION_DATE='2025-10-22T14:31:08.748978+00:00' AIRFLOW_CTX_TRY_NUMBER='1' AIRFLOW_CTX_DAG_RUN_ID='manual__2025-10-22T14:31:08.748978+00:00'
[2025-10-22T14:31:14.537+0000] {logging_mixin.py:188} INFO -  Starting dim_date ETL pipeline
[2025-10-22T14:31:14.595+0000] {logging_mixin.py:188} INFO -  Last SUCCESS run for dim_date: 2025-10-22 14:27:44.575031
[2025-10-22T14:31:14.596+0000] {logging_mixin.py:188} INFO -  Last successful run found: 2025-10-22 14:27:44.575031
[2025-10-22T14:31:28.012+0000] {warnings.py:109} WARNING - /opt/***/dags/etl_scripts/date_etl.py:36: UserWarning: Parsing dates in %d/%m/%Y %I:%M:%S %p format when dayfirst=False (the default) was specified. Pass `dayfirst=True` or specify a format to silence this warning.
  df["InDate"] = pd.to_datetime(df["InDate"], errors="coerce")

[2025-10-22T14:31:28.180+0000] {logging_mixin.py:188} INFO -  Found 1 new date records since last run.
[2025-10-22T14:31:28.200+0000] {logging_mixin.py:188} INFO - Verified: dim_date table exists in database.
[2025-10-22T14:31:28.224+0000] {logging_mixin.py:188} INFO - Inserted/Upserted 1 rows into dim_date
[2025-10-22T14:31:28.227+0000] {logging_mixin.py:188} INFO - ✅ Upsert completed: 1 records processed into dim_date.
[2025-10-22T14:31:28.228+0000] {logging_mixin.py:188} INFO -  dim_date ETL completed successfully.
[2025-10-22T14:31:28.321+0000] {python.py:201} INFO - Done. Returned value was: None
[2025-10-22T14:31:28.350+0000] {taskinstance.py:1138} INFO - Marking task as SUCCESS. dag_id=sales_pipeline_master_dag, task_id=load_dim_date, execution_date=20251022T143108, start_date=20251022T143114, end_date=20251022T143128
[2025-10-22T14:31:28.355+0000] {logging_mixin.py:188} INFO -  Logged ETL run for dim_date: success at 2025-10-22 14:31:28.350970
[2025-10-22T14:31:28.425+0000] {local_task_job_runner.py:234} INFO - Task exited with return code 0
[2025-10-22T14:31:28.467+0000] {taskinstance.py:3280} INFO - 0 downstream tasks scheduled from follow-on schedule check
