[2025-10-22T04:17:55.021+0000] {taskinstance.py:1956} INFO - Dependencies all met for dep_context=non-requeueable deps ti=<TaskInstance: sales_pipeline_master_dag.load_fact_sales manual__2025-10-22T04:17:36.916019+00:00 [queued]>
[2025-10-22T04:17:55.035+0000] {taskinstance.py:1956} INFO - Dependencies all met for dep_context=requeueable deps ti=<TaskInstance: sales_pipeline_master_dag.load_fact_sales manual__2025-10-22T04:17:36.916019+00:00 [queued]>
[2025-10-22T04:17:55.036+0000] {taskinstance.py:2170} INFO - Starting attempt 1 of 1
[2025-10-22T04:17:55.057+0000] {taskinstance.py:2191} INFO - Executing <Task(PythonOperator): load_fact_sales> on 2025-10-22 04:17:36.916019+00:00
[2025-10-22T04:17:55.068+0000] {standard_task_runner.py:60} INFO - Started process 1470 to run task
[2025-10-22T04:17:55.074+0000] {standard_task_runner.py:87} INFO - Running: ['***', 'tasks', 'run', 'sales_pipeline_master_dag', 'load_fact_sales', 'manual__2025-10-22T04:17:36.916019+00:00', '--job-id', '242', '--raw', '--subdir', 'DAGS_FOLDER/dim_customer_dag.py', '--cfg-path', '/tmp/tmpa96odl6_']
[2025-10-22T04:17:55.076+0000] {standard_task_runner.py:88} INFO - Job 242: Subtask load_fact_sales
[2025-10-22T04:17:55.167+0000] {task_command.py:423} INFO - Running <TaskInstance: sales_pipeline_master_dag.load_fact_sales manual__2025-10-22T04:17:36.916019+00:00 [running]> on host 73b97317d540
[2025-10-22T04:17:55.292+0000] {taskinstance.py:2480} INFO - Exporting env vars: AIRFLOW_CTX_DAG_OWNER='***' AIRFLOW_CTX_DAG_ID='sales_pipeline_master_dag' AIRFLOW_CTX_TASK_ID='load_fact_sales' AIRFLOW_CTX_EXECUTION_DATE='2025-10-22T04:17:36.916019+00:00' AIRFLOW_CTX_TRY_NUMBER='1' AIRFLOW_CTX_DAG_RUN_ID='manual__2025-10-22T04:17:36.916019+00:00'
[2025-10-22T04:17:55.294+0000] {logging_mixin.py:188} INFO -  Starting fact_sales ETL pipeline
[2025-10-22T04:17:55.316+0000] {logging_mixin.py:188} INFO -  Last SUCCESS run for fact_sales: 2025-10-22 04:10:17.364795
[2025-10-22T04:17:55.317+0000] {logging_mixin.py:188} INFO -  Last successful run found: 2025-10-22 04:10:17.364795
[2025-10-22T04:18:03.336+0000] {warnings.py:109} WARNING - /opt/***/dags/etl_scripts/sales_etl.py:37: UserWarning: Parsing dates in %d/%m/%Y %I:%M:%S %p format when dayfirst=False (the default) was specified. Pass `dayfirst=True` or specify a format to silence this warning.
  df["InDate"] = pd.to_datetime(df["InDate"], errors="coerce")

[2025-10-22T04:18:03.340+0000] {logging_mixin.py:188} INFO -  Found 1 new sales records since last run.
[2025-10-22T04:18:03.366+0000] {warnings.py:109} WARNING - /opt/***/dags/etl_scripts/sales_etl.py:59: SettingWithCopyWarning: 
A value is trying to be set on a copy of a slice from a DataFrame

See the caveats in the documentation: https://pandas.pydata.org/pandas-docs/stable/user_guide/indexing.html#returning-a-view-versus-a-copy
  new_data.rename(columns={

[2025-10-22T04:18:03.394+0000] {logging_mixin.py:188} INFO -  Successfully loaded 1 records into fact_sales
[2025-10-22T04:18:03.396+0000] {logging_mixin.py:188} INFO -  fact_sales ETL completed successfully.
[2025-10-22T04:18:03.444+0000] {python.py:201} INFO - Done. Returned value was: None
[2025-10-22T04:18:03.459+0000] {taskinstance.py:1138} INFO - Marking task as SUCCESS. dag_id=sales_pipeline_master_dag, task_id=load_fact_sales, execution_date=20251022T041736, start_date=20251022T041755, end_date=20251022T041803
[2025-10-22T04:18:03.463+0000] {logging_mixin.py:188} INFO -  Logged ETL run for fact_sales: success at 2025-10-22 04:18:03.460602
[2025-10-22T04:18:03.498+0000] {local_task_job_runner.py:234} INFO - Task exited with return code 0
[2025-10-22T04:18:03.525+0000] {taskinstance.py:3280} INFO - 0 downstream tasks scheduled from follow-on schedule check
