[2025-10-22T15:44:27.597+0000] {taskinstance.py:1956} INFO - Dependencies all met for dep_context=non-requeueable deps ti=<TaskInstance: sales_pipeline_master_dag.load_dim_customer manual__2025-10-22T15:44:22.118678+00:00 [queued]>
[2025-10-22T15:44:27.623+0000] {taskinstance.py:1956} INFO - Dependencies all met for dep_context=requeueable deps ti=<TaskInstance: sales_pipeline_master_dag.load_dim_customer manual__2025-10-22T15:44:22.118678+00:00 [queued]>
[2025-10-22T15:44:27.629+0000] {taskinstance.py:2170} INFO - Starting attempt 1 of 1
[2025-10-22T15:44:27.668+0000] {taskinstance.py:2191} INFO - Executing <Task(PythonOperator): load_dim_customer> on 2025-10-22 15:44:22.118678+00:00
[2025-10-22T15:44:27.680+0000] {standard_task_runner.py:60} INFO - Started process 6262 to run task
[2025-10-22T15:44:27.690+0000] {standard_task_runner.py:87} INFO - Running: ['***', 'tasks', 'run', 'sales_pipeline_master_dag', 'load_dim_customer', 'manual__2025-10-22T15:44:22.118678+00:00', '--job-id', '380', '--raw', '--subdir', 'DAGS_FOLDER/dim_customer_dag.py', '--cfg-path', '/tmp/tmp67pbe8jm']
[2025-10-22T15:44:27.693+0000] {standard_task_runner.py:88} INFO - Job 380: Subtask load_dim_customer
[2025-10-22T15:44:27.841+0000] {task_command.py:423} INFO - Running <TaskInstance: sales_pipeline_master_dag.load_dim_customer manual__2025-10-22T15:44:22.118678+00:00 [running]> on host 73b97317d540
[2025-10-22T15:44:28.076+0000] {taskinstance.py:2480} INFO - Exporting env vars: AIRFLOW_CTX_DAG_OWNER='***' AIRFLOW_CTX_DAG_ID='sales_pipeline_master_dag' AIRFLOW_CTX_TASK_ID='load_dim_customer' AIRFLOW_CTX_EXECUTION_DATE='2025-10-22T15:44:22.118678+00:00' AIRFLOW_CTX_TRY_NUMBER='1' AIRFLOW_CTX_DAG_RUN_ID='manual__2025-10-22T15:44:22.118678+00:00'
[2025-10-22T15:44:28.082+0000] {logging_mixin.py:188} INFO -  Starting dim_customer ETL pipeline
[2025-10-22T15:44:28.211+0000] {logging_mixin.py:188} INFO -  No successful run found for dim_customer — will perform full load.
[2025-10-22T15:44:28.213+0000] {logging_mixin.py:188} INFO -  No successful run found — performing full load.
[2025-10-22T15:44:38.763+0000] {warnings.py:109} WARNING - /opt/***/dags/etl_scripts/customer_etl.py:44: UserWarning: Parsing dates in %d/%m/%Y %I:%M:%S %p format when dayfirst=False (the default) was specified. Pass `dayfirst=True` or specify a format to silence this warning.
  df["in_date"] = pd.to_datetime(df["in_date"], errors="coerce")

[2025-10-22T15:44:39.814+0000] {logging_mixin.py:188} INFO - First load — total records to insert: 1000
[2025-10-22T15:44:39.836+0000] {logging_mixin.py:188} INFO - Table 'dim_customer' not found. Creating now...
[2025-10-22T15:44:39.859+0000] {logging_mixin.py:188} INFO - ✅ Table 'dim_customer' created successfully.
[2025-10-22T15:44:39.892+0000] {logging_mixin.py:188} INFO - Inserted/Upserted 49 rows into dim_customer
[2025-10-22T15:44:39.893+0000] {logging_mixin.py:188} INFO - Inserted 49 rows into newly created table.
[2025-10-22T15:44:39.897+0000] {logging_mixin.py:188} INFO - dim_customer ETL completed successfully.
[2025-10-22T15:44:39.899+0000] {python.py:201} INFO - Done. Returned value was: None
[2025-10-22T15:44:39.921+0000] {taskinstance.py:1138} INFO - Marking task as SUCCESS. dag_id=sales_pipeline_master_dag, task_id=load_dim_customer, execution_date=20251022T154422, start_date=20251022T154427, end_date=20251022T154439
[2025-10-22T15:44:39.927+0000] {logging_mixin.py:188} INFO -  Logged ETL run for dim_customer: success at 2025-10-22 15:44:39.922429
[2025-10-22T15:44:40.002+0000] {local_task_job_runner.py:234} INFO - Task exited with return code 0
[2025-10-22T15:44:40.090+0000] {taskinstance.py:3280} INFO - 1 downstream tasks scheduled from follow-on schedule check
