[2025-10-12T13:28:12.262+0000] {taskinstance.py:1956} INFO - Dependencies all met for dep_context=non-requeueable deps ti=<TaskInstance: dim_customer_dag.load_dim_customer manual__2025-10-12T13:28:08.428714+00:00 [queued]>
[2025-10-12T13:28:12.285+0000] {taskinstance.py:1956} INFO - Dependencies all met for dep_context=requeueable deps ti=<TaskInstance: dim_customer_dag.load_dim_customer manual__2025-10-12T13:28:08.428714+00:00 [queued]>
[2025-10-12T13:28:12.286+0000] {taskinstance.py:2170} INFO - Starting attempt 1 of 1
[2025-10-12T13:28:12.319+0000] {taskinstance.py:2191} INFO - Executing <Task(PythonOperator): load_dim_customer> on 2025-10-12 13:28:08.428714+00:00
[2025-10-12T13:28:12.330+0000] {standard_task_runner.py:60} INFO - Started process 2926 to run task
[2025-10-12T13:28:12.340+0000] {standard_task_runner.py:87} INFO - Running: ['***', 'tasks', 'run', 'dim_customer_dag', 'load_dim_customer', 'manual__2025-10-12T13:28:08.428714+00:00', '--job-id', '121', '--raw', '--subdir', 'DAGS_FOLDER/dim_customer_dag.py', '--cfg-path', '/tmp/tmp0uebcltj']
[2025-10-12T13:28:12.343+0000] {standard_task_runner.py:88} INFO - Job 121: Subtask load_dim_customer
[2025-10-12T13:28:12.482+0000] {task_command.py:423} INFO - Running <TaskInstance: dim_customer_dag.load_dim_customer manual__2025-10-12T13:28:08.428714+00:00 [running]> on host ba936f2a330d
[2025-10-12T13:28:12.713+0000] {taskinstance.py:2480} INFO - Exporting env vars: AIRFLOW_CTX_DAG_OWNER='***' AIRFLOW_CTX_DAG_ID='dim_customer_dag' AIRFLOW_CTX_TASK_ID='load_dim_customer' AIRFLOW_CTX_EXECUTION_DATE='2025-10-12T13:28:08.428714+00:00' AIRFLOW_CTX_TRY_NUMBER='1' AIRFLOW_CTX_DAG_RUN_ID='manual__2025-10-12T13:28:08.428714+00:00'
[2025-10-12T13:28:12.716+0000] {logging_mixin.py:188} INFO - 🚀 Starting dim_customer ETL pipeline
[2025-10-12T13:28:12.896+0000] {logging_mixin.py:188} INFO - 🕓 Last SUCCESS run for dim_customer: 2025-10-12 13:09:08.109229
[2025-10-12T13:28:12.897+0000] {logging_mixin.py:188} INFO - ✅ Last successful run found: 2025-10-12 13:09:08.109229
[2025-10-12T13:28:24.507+0000] {logging_mixin.py:188} INFO - 🔍 Found 1 new/updated records since last run.
[2025-10-12T13:28:24.556+0000] {logging_mixin.py:188} INFO - ✅ Successfully loaded 1 records into dim_customer
[2025-10-12T13:28:24.572+0000] {logging_mixin.py:188} INFO - 🟩 Logged ETL run for dim_customer: success at 2025-10-12 13:28:24.566731
[2025-10-12T13:28:24.573+0000] {logging_mixin.py:188} INFO - 🟩 dim_customer ETL completed successfully.
[2025-10-12T13:28:24.574+0000] {python.py:201} INFO - Done. Returned value was: None
[2025-10-12T13:28:24.599+0000] {taskinstance.py:1138} INFO - Marking task as SUCCESS. dag_id=dim_customer_dag, task_id=load_dim_customer, execution_date=20251012T132808, start_date=20251012T132812, end_date=20251012T132824
[2025-10-12T13:28:24.607+0000] {logging_mixin.py:188} INFO - 🟩 Logged ETL run for dim_customer: success at 2025-10-12 13:28:24.601020
[2025-10-12T13:28:24.680+0000] {local_task_job_runner.py:234} INFO - Task exited with return code 0
[2025-10-12T13:28:24.730+0000] {taskinstance.py:3280} INFO - 0 downstream tasks scheduled from follow-on schedule check
