[2025-10-14T05:50:27.486+0000] {taskinstance.py:1956} INFO - Dependencies all met for dep_context=non-requeueable deps ti=<TaskInstance: dim_date_dag.load_dim_date manual__2025-10-14T05:50:25.003554+00:00 [queued]>
[2025-10-14T05:50:27.497+0000] {taskinstance.py:1956} INFO - Dependencies all met for dep_context=requeueable deps ti=<TaskInstance: dim_date_dag.load_dim_date manual__2025-10-14T05:50:25.003554+00:00 [queued]>
[2025-10-14T05:50:27.498+0000] {taskinstance.py:2170} INFO - Starting attempt 1 of 1
[2025-10-14T05:50:27.522+0000] {taskinstance.py:2191} INFO - Executing <Task(PythonOperator): load_dim_date> on 2025-10-14 05:50:25.003554+00:00
[2025-10-14T05:50:27.528+0000] {standard_task_runner.py:60} INFO - Started process 5144 to run task
[2025-10-14T05:50:27.534+0000] {standard_task_runner.py:87} INFO - Running: ['***', 'tasks', 'run', 'dim_date_dag', 'load_dim_date', 'manual__2025-10-14T05:50:25.003554+00:00', '--job-id', '168', '--raw', '--subdir', 'DAGS_FOLDER/dim_date_dag.py', '--cfg-path', '/tmp/tmpcpjmt1fk']
[2025-10-14T05:50:27.536+0000] {standard_task_runner.py:88} INFO - Job 168: Subtask load_dim_date
[2025-10-14T05:50:27.618+0000] {task_command.py:423} INFO - Running <TaskInstance: dim_date_dag.load_dim_date manual__2025-10-14T05:50:25.003554+00:00 [running]> on host cd1b8c665937
[2025-10-14T05:50:27.751+0000] {taskinstance.py:2480} INFO - Exporting env vars: AIRFLOW_CTX_DAG_OWNER='***' AIRFLOW_CTX_DAG_ID='dim_date_dag' AIRFLOW_CTX_TASK_ID='load_dim_date' AIRFLOW_CTX_EXECUTION_DATE='2025-10-14T05:50:25.003554+00:00' AIRFLOW_CTX_TRY_NUMBER='1' AIRFLOW_CTX_DAG_RUN_ID='manual__2025-10-14T05:50:25.003554+00:00'
[2025-10-14T05:50:27.753+0000] {logging_mixin.py:188} INFO -  Starting dim_date ETL pipeline
[2025-10-14T05:50:27.789+0000] {logging_mixin.py:188} INFO -  No successful run found for dim_date — will perform full load.
[2025-10-14T05:50:27.791+0000] {logging_mixin.py:188} INFO -  No successful run found — performing full load.
[2025-10-14T05:50:42.325+0000] {warnings.py:109} WARNING - /opt/***/dags/etl_scripts/date_etl.py:36: UserWarning: Parsing dates in %d/%m/%Y %I:%M:%S %p format when dayfirst=False (the default) was specified. Pass `dayfirst=True` or specify a format to silence this warning.
  df["InDate"] = pd.to_datetime(df["InDate"], errors="coerce")

[2025-10-14T05:50:42.403+0000] {logging_mixin.py:188} INFO -  First load — total date records: 10
[2025-10-14T05:50:42.458+0000] {logging_mixin.py:188} INFO -  Successfully loaded 5 records into dim_date
[2025-10-14T05:50:42.464+0000] {logging_mixin.py:188} INFO -  dim_date ETL completed successfully.
[2025-10-14T05:50:42.469+0000] {python.py:201} INFO - Done. Returned value was: None
[2025-10-14T05:50:42.494+0000] {taskinstance.py:1138} INFO - Marking task as SUCCESS. dag_id=dim_date_dag, task_id=load_dim_date, execution_date=20251014T055025, start_date=20251014T055027, end_date=20251014T055042
[2025-10-14T05:50:42.502+0000] {logging_mixin.py:188} INFO -  Logged ETL run for dim_date: success at 2025-10-14 05:50:42.494904
[2025-10-14T05:50:42.549+0000] {local_task_job_runner.py:234} INFO - Task exited with return code 0
[2025-10-14T05:50:42.583+0000] {taskinstance.py:3280} INFO - 0 downstream tasks scheduled from follow-on schedule check
