[2025-10-12T13:54:56.724+0000] {taskinstance.py:1956} INFO - Dependencies all met for dep_context=non-requeueable deps ti=<TaskInstance: dim_date_dag.load_dim_date manual__2025-10-12T13:54:52.896103+00:00 [queued]>
[2025-10-12T13:54:56.741+0000] {taskinstance.py:1956} INFO - Dependencies all met for dep_context=requeueable deps ti=<TaskInstance: dim_date_dag.load_dim_date manual__2025-10-12T13:54:52.896103+00:00 [queued]>
[2025-10-12T13:54:56.743+0000] {taskinstance.py:2170} INFO - Starting attempt 1 of 1
[2025-10-12T13:54:56.776+0000] {taskinstance.py:2191} INFO - Executing <Task(PythonOperator): load_dim_date> on 2025-10-12 13:54:52.896103+00:00
[2025-10-12T13:54:56.786+0000] {standard_task_runner.py:60} INFO - Started process 3321 to run task
[2025-10-12T13:54:56.792+0000] {standard_task_runner.py:87} INFO - Running: ['***', 'tasks', 'run', 'dim_date_dag', 'load_dim_date', 'manual__2025-10-12T13:54:52.896103+00:00', '--job-id', '126', '--raw', '--subdir', 'DAGS_FOLDER/dim_date_dag.py', '--cfg-path', '/tmp/tmpv05fa1bj']
[2025-10-12T13:54:56.796+0000] {standard_task_runner.py:88} INFO - Job 126: Subtask load_dim_date
[2025-10-12T13:54:56.915+0000] {task_command.py:423} INFO - Running <TaskInstance: dim_date_dag.load_dim_date manual__2025-10-12T13:54:52.896103+00:00 [running]> on host ba936f2a330d
[2025-10-12T13:54:57.165+0000] {taskinstance.py:2480} INFO - Exporting env vars: AIRFLOW_CTX_DAG_OWNER='***' AIRFLOW_CTX_DAG_ID='dim_date_dag' AIRFLOW_CTX_TASK_ID='load_dim_date' AIRFLOW_CTX_EXECUTION_DATE='2025-10-12T13:54:52.896103+00:00' AIRFLOW_CTX_TRY_NUMBER='1' AIRFLOW_CTX_DAG_RUN_ID='manual__2025-10-12T13:54:52.896103+00:00'
[2025-10-12T13:54:57.167+0000] {logging_mixin.py:188} INFO - 🚀 Starting dim_date ETL pipeline
[2025-10-12T13:54:57.199+0000] {logging_mixin.py:188} INFO - ⚠️ No successful run found for dim_date — will perform full load.
[2025-10-12T13:54:57.199+0000] {logging_mixin.py:188} INFO - ⚠️ No successful run found — performing full load.
[2025-10-12T13:55:09.746+0000] {logging_mixin.py:188} INFO - 🆕 First load — total date records: 10
[2025-10-12T13:55:09.831+0000] {logging_mixin.py:188} INFO - ✅ Successfully loaded 5 records into dim_date
[2025-10-12T13:55:09.923+0000] {logging_mixin.py:188} INFO - 🟩 Logged ETL run for dim_date: success at 2025-10-12 13:55:09.918347
[2025-10-12T13:55:09.924+0000] {logging_mixin.py:188} INFO - 🟩 dim_date ETL completed successfully.
[2025-10-12T13:55:09.999+0000] {python.py:201} INFO - Done. Returned value was: None
[2025-10-12T13:55:10.020+0000] {taskinstance.py:1138} INFO - Marking task as SUCCESS. dag_id=dim_date_dag, task_id=load_dim_date, execution_date=20251012T135452, start_date=20251012T135456, end_date=20251012T135510
[2025-10-12T13:55:10.024+0000] {logging_mixin.py:188} INFO - 🟩 Logged ETL run for dim_date: success at 2025-10-12 13:55:10.021074
[2025-10-12T13:55:10.094+0000] {local_task_job_runner.py:234} INFO - Task exited with return code 0
[2025-10-12T13:55:10.154+0000] {taskinstance.py:3280} INFO - 0 downstream tasks scheduled from follow-on schedule check
