[2025-10-22T14:58:04.765+0000] {taskinstance.py:1956} INFO - Dependencies all met for dep_context=non-requeueable deps ti=<TaskInstance: sales_pipeline_master_dag.load_dim_product manual__2025-10-22T14:57:59.702740+00:00 [queued]>
[2025-10-22T14:58:04.783+0000] {taskinstance.py:1956} INFO - Dependencies all met for dep_context=requeueable deps ti=<TaskInstance: sales_pipeline_master_dag.load_dim_product manual__2025-10-22T14:57:59.702740+00:00 [queued]>
[2025-10-22T14:58:04.784+0000] {taskinstance.py:2170} INFO - Starting attempt 1 of 1
[2025-10-22T14:58:04.841+0000] {taskinstance.py:2191} INFO - Executing <Task(PythonOperator): load_dim_product> on 2025-10-22 14:57:59.702740+00:00
[2025-10-22T14:58:04.853+0000] {standard_task_runner.py:60} INFO - Started process 5529 to run task
[2025-10-22T14:58:04.860+0000] {standard_task_runner.py:87} INFO - Running: ['***', 'tasks', 'run', 'sales_pipeline_master_dag', 'load_dim_product', 'manual__2025-10-22T14:57:59.702740+00:00', '--job-id', '354', '--raw', '--subdir', 'DAGS_FOLDER/dim_customer_dag.py', '--cfg-path', '/tmp/tmpap9qfqcf']
[2025-10-22T14:58:04.864+0000] {standard_task_runner.py:88} INFO - Job 354: Subtask load_dim_product
[2025-10-22T14:58:04.994+0000] {task_command.py:423} INFO - Running <TaskInstance: sales_pipeline_master_dag.load_dim_product manual__2025-10-22T14:57:59.702740+00:00 [running]> on host 73b97317d540
[2025-10-22T14:58:05.332+0000] {taskinstance.py:2480} INFO - Exporting env vars: AIRFLOW_CTX_DAG_OWNER='***' AIRFLOW_CTX_DAG_ID='sales_pipeline_master_dag' AIRFLOW_CTX_TASK_ID='load_dim_product' AIRFLOW_CTX_EXECUTION_DATE='2025-10-22T14:57:59.702740+00:00' AIRFLOW_CTX_TRY_NUMBER='1' AIRFLOW_CTX_DAG_RUN_ID='manual__2025-10-22T14:57:59.702740+00:00'
[2025-10-22T14:58:05.336+0000] {logging_mixin.py:188} INFO - 🚀 Starting dim_product ETL pipeline
[2025-10-22T14:58:05.490+0000] {logging_mixin.py:188} INFO -  No successful run found for dim_product — will perform full load.
[2025-10-22T14:58:05.491+0000] {logging_mixin.py:188} INFO -  No successful run found — performing full load.
[2025-10-22T14:58:16.438+0000] {warnings.py:109} WARNING - /opt/***/dags/etl_scripts/product_etl.py:46: UserWarning: Parsing dates in %d/%m/%Y %I:%M:%S %p format when dayfirst=False (the default) was specified. Pass `dayfirst=True` or specify a format to silence this warning.
  df["in_date"] = pd.to_datetime(df["in_date"], errors="coerce")

[2025-10-22T14:58:17.374+0000] {logging_mixin.py:188} INFO -  First load — total records to insert: 1000
[2025-10-22T14:58:17.396+0000] {logging_mixin.py:188} INFO - ✅ Verified: dim_product table exists in database.
[2025-10-22T14:58:18.021+0000] {logging_mixin.py:188} INFO - Inserted/Upserted 590 rows into dim_product
[2025-10-22T14:58:18.026+0000] {logging_mixin.py:188} INFO - Upsert completed: 590 records processed into dim_product.
[2025-10-22T14:58:18.027+0000] {logging_mixin.py:188} INFO -  dim_product ETL completed successfully.
[2025-10-22T14:58:18.030+0000] {python.py:201} INFO - Done. Returned value was: None
[2025-10-22T14:58:18.062+0000] {taskinstance.py:1138} INFO - Marking task as SUCCESS. dag_id=sales_pipeline_master_dag, task_id=load_dim_product, execution_date=20251022T145759, start_date=20251022T145804, end_date=20251022T145818
[2025-10-22T14:58:18.070+0000] {logging_mixin.py:188} INFO -  Logged ETL run for dim_product: success at 2025-10-22 14:58:18.063995
[2025-10-22T14:58:18.146+0000] {local_task_job_runner.py:234} INFO - Task exited with return code 0
[2025-10-22T14:58:18.194+0000] {taskinstance.py:3280} INFO - 0 downstream tasks scheduled from follow-on schedule check
