[2025-10-12T14:25:37.568+0000] {taskinstance.py:1956} INFO - Dependencies all met for dep_context=non-requeueable deps ti=<TaskInstance: fact_sales_dag.load_fact_sales manual__2025-10-12T14:25:33.915565+00:00 [queued]>
[2025-10-12T14:25:37.583+0000] {taskinstance.py:1956} INFO - Dependencies all met for dep_context=requeueable deps ti=<TaskInstance: fact_sales_dag.load_fact_sales manual__2025-10-12T14:25:33.915565+00:00 [queued]>
[2025-10-12T14:25:37.585+0000] {taskinstance.py:2170} INFO - Starting attempt 1 of 1
[2025-10-12T14:25:37.614+0000] {taskinstance.py:2191} INFO - Executing <Task(PythonOperator): load_fact_sales> on 2025-10-12 14:25:33.915565+00:00
[2025-10-12T14:25:37.622+0000] {standard_task_runner.py:60} INFO - Started process 3772 to run task
[2025-10-12T14:25:37.628+0000] {standard_task_runner.py:87} INFO - Running: ['***', 'tasks', 'run', 'fact_sales_dag', 'load_fact_sales', 'manual__2025-10-12T14:25:33.915565+00:00', '--job-id', '134', '--raw', '--subdir', 'DAGS_FOLDER/fact_sales_dag.py', '--cfg-path', '/tmp/tmpnbg04s01']
[2025-10-12T14:25:37.630+0000] {standard_task_runner.py:88} INFO - Job 134: Subtask load_fact_sales
[2025-10-12T14:25:37.725+0000] {task_command.py:423} INFO - Running <TaskInstance: fact_sales_dag.load_fact_sales manual__2025-10-12T14:25:33.915565+00:00 [running]> on host ba936f2a330d
[2025-10-12T14:25:37.906+0000] {taskinstance.py:2480} INFO - Exporting env vars: AIRFLOW_CTX_DAG_OWNER='***' AIRFLOW_CTX_DAG_ID='fact_sales_dag' AIRFLOW_CTX_TASK_ID='load_fact_sales' AIRFLOW_CTX_EXECUTION_DATE='2025-10-12T14:25:33.915565+00:00' AIRFLOW_CTX_TRY_NUMBER='1' AIRFLOW_CTX_DAG_RUN_ID='manual__2025-10-12T14:25:33.915565+00:00'
[2025-10-12T14:25:37.910+0000] {logging_mixin.py:188} INFO - 🚀 Starting fact_sales ETL pipeline
[2025-10-12T14:25:37.954+0000] {logging_mixin.py:188} INFO - 🕓 Last SUCCESS run for fact_sales: 2025-10-12 14:18:05.136611
[2025-10-12T14:25:37.955+0000] {logging_mixin.py:188} INFO - ✅ Last successful run found: 2025-10-12 14:18:05.136611
[2025-10-12T14:25:50.477+0000] {logging_mixin.py:188} INFO - 🔍 Found 0 new sales records since last run.
[2025-10-12T14:25:50.479+0000] {logging_mixin.py:188} INFO - ℹ️ No new sales records to insert.
[2025-10-12T14:25:50.488+0000] {logging_mixin.py:188} INFO - 🟩 Logged ETL run for fact_sales: success at 2025-10-12 14:25:50.480657
[2025-10-12T14:25:50.588+0000] {python.py:201} INFO - Done. Returned value was: None
[2025-10-12T14:25:50.613+0000] {taskinstance.py:1138} INFO - Marking task as SUCCESS. dag_id=fact_sales_dag, task_id=load_fact_sales, execution_date=20251012T142533, start_date=20251012T142537, end_date=20251012T142550
[2025-10-12T14:25:50.617+0000] {logging_mixin.py:188} INFO - 🟩 Logged ETL run for fact_sales: success at 2025-10-12 14:25:50.614342
[2025-10-12T14:25:50.668+0000] {local_task_job_runner.py:234} INFO - Task exited with return code 0
[2025-10-12T14:25:50.713+0000] {taskinstance.py:3280} INFO - 0 downstream tasks scheduled from follow-on schedule check
