[2025-10-10T15:33:22.851+0000] {taskinstance.py:1956} INFO - Dependencies all met for dep_context=non-requeueable deps ti=<TaskInstance: dim_customer_dag.load_dim_customer manual__2025-10-10T15:33:19.327415+00:00 [queued]>
[2025-10-10T15:33:22.864+0000] {taskinstance.py:1956} INFO - Dependencies all met for dep_context=requeueable deps ti=<TaskInstance: dim_customer_dag.load_dim_customer manual__2025-10-10T15:33:19.327415+00:00 [queued]>
[2025-10-10T15:33:22.865+0000] {taskinstance.py:2170} INFO - Starting attempt 1 of 1
[2025-10-10T15:33:22.894+0000] {taskinstance.py:2191} INFO - Executing <Task(PythonOperator): load_dim_customer> on 2025-10-10 15:33:19.327415+00:00
[2025-10-10T15:33:22.902+0000] {standard_task_runner.py:60} INFO - Started process 740 to run task
[2025-10-10T15:33:22.907+0000] {standard_task_runner.py:87} INFO - Running: ['***', 'tasks', 'run', 'dim_customer_dag', 'load_dim_customer', 'manual__2025-10-10T15:33:19.327415+00:00', '--job-id', '109', '--raw', '--subdir', 'DAGS_FOLDER/dim_customer_dag.py', '--cfg-path', '/tmp/tmp8ad6rziw']
[2025-10-10T15:33:22.909+0000] {standard_task_runner.py:88} INFO - Job 109: Subtask load_dim_customer
[2025-10-10T15:33:22.996+0000] {task_command.py:423} INFO - Running <TaskInstance: dim_customer_dag.load_dim_customer manual__2025-10-10T15:33:19.327415+00:00 [running]> on host b905618527a1
[2025-10-10T15:33:23.139+0000] {taskinstance.py:2480} INFO - Exporting env vars: AIRFLOW_CTX_DAG_OWNER='***' AIRFLOW_CTX_DAG_ID='dim_customer_dag' AIRFLOW_CTX_TASK_ID='load_dim_customer' AIRFLOW_CTX_EXECUTION_DATE='2025-10-10T15:33:19.327415+00:00' AIRFLOW_CTX_TRY_NUMBER='1' AIRFLOW_CTX_DAG_RUN_ID='manual__2025-10-10T15:33:19.327415+00:00'
[2025-10-10T15:33:23.142+0000] {logging_mixin.py:188} INFO - 🚀 Starting dim_customer ETL pipeline
[2025-10-10T15:33:23.217+0000] {logging_mixin.py:188} INFO - ⚠️ No successful run found for dim_customer — will perform full load.
[2025-10-10T15:33:23.217+0000] {logging_mixin.py:188} INFO - ⚠️ No successful run found — performing full load.
[2025-10-10T15:43:28.609+0000] {logging_mixin.py:188} INFO - 🆕 First load — total records to insert: 541909
[2025-10-10T15:43:29.724+0000] {logging_mixin.py:188} INFO - ✅ Successfully loaded 4373 records into dim_customer
[2025-10-10T15:43:29.770+0000] {taskinstance.py:2698} ERROR - Task failed with exception
Traceback (most recent call last):
  File "/home/airflow/.local/lib/python3.8/site-packages/airflow/models/taskinstance.py", line 433, in _execute_task
    result = execute_callable(context=context, **execute_callable_kwargs)
  File "/home/airflow/.local/lib/python3.8/site-packages/airflow/operators/python.py", line 199, in execute
    return_value = self.execute_callable()
  File "/home/airflow/.local/lib/python3.8/site-packages/airflow/operators/python.py", line 216, in execute_callable
    return self.python_callable(*self.op_args, **self.op_kwargs)
  File "/opt/airflow/dags/etl_scripts/customer_etl.py", line 137, in run_customer_etl
    conn.commit()
AttributeError: 'Connection' object has no attribute 'commit'
[2025-10-10T15:43:29.806+0000] {taskinstance.py:1138} INFO - Marking task as FAILED. dag_id=dim_customer_dag, task_id=load_dim_customer, execution_date=20251010T153319, start_date=20251010T153322, end_date=20251010T154329
[2025-10-10T15:43:29.813+0000] {logging_mixin.py:188} INFO - 🟩 Logged ETL run for dim_customer: failed at 2025-10-10 15:43:29.808250
[2025-10-10T15:43:29.841+0000] {standard_task_runner.py:107} ERROR - Failed to execute job 109 for task load_dim_customer ('Connection' object has no attribute 'commit'; 740)
[2025-10-10T15:43:29.921+0000] {local_task_job_runner.py:234} INFO - Task exited with return code 1
[2025-10-10T15:43:29.974+0000] {taskinstance.py:3280} INFO - 0 downstream tasks scheduled from follow-on schedule check
