[2025-10-22T03:33:50.818+0000] {taskinstance.py:1956} INFO - Dependencies all met for dep_context=non-requeueable deps ti=<TaskInstance: sales_pipeline_master_dag.load_dim_date manual__2025-10-22T03:33:44.022035+00:00 [queued]>
[2025-10-22T03:33:50.839+0000] {taskinstance.py:1956} INFO - Dependencies all met for dep_context=requeueable deps ti=<TaskInstance: sales_pipeline_master_dag.load_dim_date manual__2025-10-22T03:33:44.022035+00:00 [queued]>
[2025-10-22T03:33:50.844+0000] {taskinstance.py:2170} INFO - Starting attempt 1 of 1
[2025-10-22T03:33:50.883+0000] {taskinstance.py:2191} INFO - Executing <Task(PythonOperator): load_dim_date> on 2025-10-22 03:33:44.022035+00:00
[2025-10-22T03:33:50.895+0000] {standard_task_runner.py:60} INFO - Started process 749 to run task
[2025-10-22T03:33:50.902+0000] {standard_task_runner.py:87} INFO - Running: ['***', 'tasks', 'run', 'sales_pipeline_master_dag', 'load_dim_date', 'manual__2025-10-22T03:33:44.022035+00:00', '--job-id', '213', '--raw', '--subdir', 'DAGS_FOLDER/dim_customer_dag.py', '--cfg-path', '/tmp/tmphcgvw_ce']
[2025-10-22T03:33:50.904+0000] {standard_task_runner.py:88} INFO - Job 213: Subtask load_dim_date
[2025-10-22T03:33:51.004+0000] {task_command.py:423} INFO - Running <TaskInstance: sales_pipeline_master_dag.load_dim_date manual__2025-10-22T03:33:44.022035+00:00 [running]> on host 73b97317d540
[2025-10-22T03:33:51.180+0000] {taskinstance.py:2480} INFO - Exporting env vars: AIRFLOW_CTX_DAG_OWNER='***' AIRFLOW_CTX_DAG_ID='sales_pipeline_master_dag' AIRFLOW_CTX_TASK_ID='load_dim_date' AIRFLOW_CTX_EXECUTION_DATE='2025-10-22T03:33:44.022035+00:00' AIRFLOW_CTX_TRY_NUMBER='1' AIRFLOW_CTX_DAG_RUN_ID='manual__2025-10-22T03:33:44.022035+00:00'
[2025-10-22T03:33:51.183+0000] {logging_mixin.py:188} INFO -  Starting dim_date ETL pipeline
[2025-10-22T03:33:51.238+0000] {logging_mixin.py:188} INFO -  Last SUCCESS run for dim_date: 2025-10-21 10:53:40.417482
[2025-10-22T03:33:51.239+0000] {logging_mixin.py:188} INFO -  Last successful run found: 2025-10-21 10:53:40.417482
[2025-10-22T03:34:12.869+0000] {warnings.py:109} WARNING - /opt/***/dags/etl_scripts/date_etl.py:36: UserWarning: Parsing dates in %d/%m/%Y %I:%M:%S %p format when dayfirst=False (the default) was specified. Pass `dayfirst=True` or specify a format to silence this warning.
  df["InDate"] = pd.to_datetime(df["InDate"], errors="coerce")

[2025-10-22T03:34:12.952+0000] {logging_mixin.py:188} INFO -  Found 0 new date records since last run.
[2025-10-22T03:34:12.953+0000] {logging_mixin.py:188} INFO -  No new date records to insert.
[2025-10-22T03:34:12.960+0000] {logging_mixin.py:188} INFO -  Logged ETL run for dim_date: success at 2025-10-22 03:34:12.954439
[2025-10-22T03:34:12.961+0000] {python.py:201} INFO - Done. Returned value was: None
[2025-10-22T03:34:12.983+0000] {taskinstance.py:1138} INFO - Marking task as SUCCESS. dag_id=sales_pipeline_master_dag, task_id=load_dim_date, execution_date=20251022T033344, start_date=20251022T033350, end_date=20251022T033412
[2025-10-22T03:34:12.989+0000] {logging_mixin.py:188} INFO -  Logged ETL run for dim_date: success at 2025-10-22 03:34:12.984845
[2025-10-22T03:34:13.025+0000] {local_task_job_runner.py:234} INFO - Task exited with return code 0
[2025-10-22T03:34:13.076+0000] {taskinstance.py:3280} INFO - 1 downstream tasks scheduled from follow-on schedule check
