[2025-10-22T12:33:30.377+0000] {taskinstance.py:1956} INFO - Dependencies all met for dep_context=non-requeueable deps ti=<TaskInstance: sales_pipeline_master_dag.load_dim_customer manual__2025-10-22T12:33:26.490271+00:00 [queued]>
[2025-10-22T12:33:30.400+0000] {taskinstance.py:1956} INFO - Dependencies all met for dep_context=requeueable deps ti=<TaskInstance: sales_pipeline_master_dag.load_dim_customer manual__2025-10-22T12:33:26.490271+00:00 [queued]>
[2025-10-22T12:33:30.401+0000] {taskinstance.py:2170} INFO - Starting attempt 1 of 1
[2025-10-22T12:33:30.445+0000] {taskinstance.py:2191} INFO - Executing <Task(PythonOperator): load_dim_customer> on 2025-10-22 12:33:26.490271+00:00
[2025-10-22T12:33:30.456+0000] {standard_task_runner.py:60} INFO - Started process 4415 to run task
[2025-10-22T12:33:30.464+0000] {standard_task_runner.py:87} INFO - Running: ['***', 'tasks', 'run', 'sales_pipeline_master_dag', 'load_dim_customer', 'manual__2025-10-22T12:33:26.490271+00:00', '--job-id', '314', '--raw', '--subdir', 'DAGS_FOLDER/dim_customer_dag.py', '--cfg-path', '/tmp/tmp1hdbqo0y']
[2025-10-22T12:33:30.467+0000] {standard_task_runner.py:88} INFO - Job 314: Subtask load_dim_customer
[2025-10-22T12:33:30.600+0000] {task_command.py:423} INFO - Running <TaskInstance: sales_pipeline_master_dag.load_dim_customer manual__2025-10-22T12:33:26.490271+00:00 [running]> on host 73b97317d540
[2025-10-22T12:33:30.796+0000] {taskinstance.py:2480} INFO - Exporting env vars: AIRFLOW_CTX_DAG_OWNER='***' AIRFLOW_CTX_DAG_ID='sales_pipeline_master_dag' AIRFLOW_CTX_TASK_ID='load_dim_customer' AIRFLOW_CTX_EXECUTION_DATE='2025-10-22T12:33:26.490271+00:00' AIRFLOW_CTX_TRY_NUMBER='1' AIRFLOW_CTX_DAG_RUN_ID='manual__2025-10-22T12:33:26.490271+00:00'
[2025-10-22T12:33:30.799+0000] {logging_mixin.py:188} INFO -  Starting dim_customer ETL pipeline
[2025-10-22T12:33:30.916+0000] {logging_mixin.py:188} INFO -  Last SUCCESS run for dim_customer: 2025-10-22 12:25:35.003558
[2025-10-22T12:33:30.917+0000] {logging_mixin.py:188} INFO -  Last successful run found: 2025-10-22 12:25:35.003558
[2025-10-22T12:33:43.127+0000] {warnings.py:109} WARNING - /opt/***/dags/etl_scripts/customer_etl.py:44: UserWarning: Parsing dates in %d/%m/%Y %I:%M:%S %p format when dayfirst=False (the default) was specified. Pass `dayfirst=True` or specify a format to silence this warning.
  df["in_date"] = pd.to_datetime(df["in_date"], errors="coerce")

[2025-10-22T12:33:44.253+0000] {logging_mixin.py:188} INFO - Found 1 new/updated records since last run.
[2025-10-22T12:33:44.283+0000] {logging_mixin.py:188} INFO - Table 'dim_customer' already exists — continuing with upsert...
[2025-10-22T12:33:44.295+0000] {taskinstance.py:2698} ERROR - Task failed with exception
Traceback (most recent call last):
  File "/home/airflow/.local/lib/python3.8/site-packages/sqlalchemy/engine/base.py", line 1910, in _execute_context
    self.dialect.do_execute(
  File "/home/airflow/.local/lib/python3.8/site-packages/sqlalchemy/engine/default.py", line 736, in do_execute
    cursor.execute(statement, parameters)
psycopg2.errors.SyntaxError: syntax error at or near ")"
LINE 4:         ON CONFLICT () DO UPDATE
                             ^


The above exception was the direct cause of the following exception:

Traceback (most recent call last):
  File "/home/airflow/.local/lib/python3.8/site-packages/airflow/models/taskinstance.py", line 433, in _execute_task
    result = execute_callable(context=context, **execute_callable_kwargs)
  File "/home/airflow/.local/lib/python3.8/site-packages/airflow/operators/python.py", line 199, in execute
    return_value = self.execute_callable()
  File "/home/airflow/.local/lib/python3.8/site-packages/airflow/operators/python.py", line 216, in execute_callable
    return self.python_callable(*self.op_args, **self.op_kwargs)
  File "/opt/airflow/dags/etl_scripts/customer_etl.py", line 166, in run_customer_etl
    upsert_dimension(
  File "/opt/airflow/dags/etl_scripts/common_utils.py", line 76, in upsert_dimension
    conn.execute(sql, rows_prepped)
  File "/home/airflow/.local/lib/python3.8/site-packages/sqlalchemy/engine/base.py", line 1385, in execute
    return meth(self, multiparams, params, _EMPTY_EXECUTION_OPTS)
  File "/home/airflow/.local/lib/python3.8/site-packages/sqlalchemy/sql/elements.py", line 334, in _execute_on_connection
    return connection._execute_clauseelement(
  File "/home/airflow/.local/lib/python3.8/site-packages/sqlalchemy/engine/base.py", line 1577, in _execute_clauseelement
    ret = self._execute_context(
  File "/home/airflow/.local/lib/python3.8/site-packages/sqlalchemy/engine/base.py", line 1953, in _execute_context
    self._handle_dbapi_exception(
  File "/home/airflow/.local/lib/python3.8/site-packages/sqlalchemy/engine/base.py", line 2134, in _handle_dbapi_exception
    util.raise_(
  File "/home/airflow/.local/lib/python3.8/site-packages/sqlalchemy/util/compat.py", line 211, in raise_
    raise exception
  File "/home/airflow/.local/lib/python3.8/site-packages/sqlalchemy/engine/base.py", line 1910, in _execute_context
    self.dialect.do_execute(
  File "/home/airflow/.local/lib/python3.8/site-packages/sqlalchemy/engine/default.py", line 736, in do_execute
    cursor.execute(statement, parameters)
sqlalchemy.exc.ProgrammingError: (psycopg2.errors.SyntaxError) syntax error at or near ")"
LINE 4:         ON CONFLICT () DO UPDATE
                             ^

[SQL: 
        INSERT INTO dim_customer (customer_key, country, first_name, last_name, title, gender, dob, age, marital_status, phone_no, email, address, city, pincode, region, customer_type, preferred_channel, language, updated_at)
        VALUES (%(customer_key)s, %(country)s, %(first_name)s, %(last_name)s, %(title)s, %(gender)s, %(dob)s, %(age)s, %(marital_status)s, %(phone_no)s, %(email)s, %(address)s, %(city)s, %(pincode)s, %(region)s, %(customer_type)s, %(preferred_channel)s, %(language)s, %(updated_at)s)
        ON CONFLICT () DO UPDATE
        SET country=EXCLUDED.country, first_name=EXCLUDED.first_name, last_name=EXCLUDED.last_name, title=EXCLUDED.title, gender=EXCLUDED.gender, dob=EXCLUDED.dob, age=EXCLUDED.age, marital_status=EXCLUDED.marital_status, phone_no=EXCLUDED.phone_no, email=EXCLUDED.email, address=EXCLUDED.address, city=EXCLUDED.city, pincode=EXCLUDED.pincode, region=EXCLUDED.region, customer_type=EXCLUDED.customer_type, preferred_channel=EXCLUDED.preferred_channel, language=EXCLUDED.language, updated_at=EXCLUDED.updated_at
        ]
[parameters: {'customer_key': 'c3a05fe6-7654-468d-b921-3a0c7c6a60ed', 'country': 'United Kingdom', 'first_name': 'Brittany', 'last_name': 'Davis', 'title': 'Ms.', 'gender': 'Female', 'dob': datetime.date(1949, 9, 11), 'age': 76, 'marital_status': 'Married', 'phone_no': '+1-315-240-0892x2121', 'email': 'thomas62@example.com', 'address': 'Unit 5418 Box 6943, DPO AP 82780', 'city': 'Katherinefurt', 'pincode': '66725', 'region': 'California', 'customer_type': 'Corporate', 'preferred_channel': 'WhatsApp', 'language': 'Spanish', 'updated_at': Timestamp('2025-10-22 12:33:44.250056')}]
(Background on this error at: https://sqlalche.me/e/14/f405)
[2025-10-22T12:33:44.333+0000] {taskinstance.py:1138} INFO - Marking task as FAILED. dag_id=sales_pipeline_master_dag, task_id=load_dim_customer, execution_date=20251022T123326, start_date=20251022T123330, end_date=20251022T123344
[2025-10-22T12:33:44.361+0000] {logging_mixin.py:188} INFO -  Logged ETL run for dim_customer: failed at 2025-10-22 12:33:44.334571
[2025-10-22T12:33:44.363+0000] {logging_mixin.py:188} INFO - Task load_dim_customer in DAG sales_pipeline_master_dag failed!
[2025-10-22T12:33:44.388+0000] {standard_task_runner.py:107} ERROR - Failed to execute job 314 for task load_dim_customer ((psycopg2.errors.SyntaxError) syntax error at or near ")"
LINE 4:         ON CONFLICT () DO UPDATE
                             ^

[SQL: 
        INSERT INTO dim_customer (customer_key, country, first_name, last_name, title, gender, dob, age, marital_status, phone_no, email, address, city, pincode, region, customer_type, preferred_channel, language, updated_at)
        VALUES (%(customer_key)s, %(country)s, %(first_name)s, %(last_name)s, %(title)s, %(gender)s, %(dob)s, %(age)s, %(marital_status)s, %(phone_no)s, %(email)s, %(address)s, %(city)s, %(pincode)s, %(region)s, %(customer_type)s, %(preferred_channel)s, %(language)s, %(updated_at)s)
        ON CONFLICT () DO UPDATE
        SET country=EXCLUDED.country, first_name=EXCLUDED.first_name, last_name=EXCLUDED.last_name, title=EXCLUDED.title, gender=EXCLUDED.gender, dob=EXCLUDED.dob, age=EXCLUDED.age, marital_status=EXCLUDED.marital_status, phone_no=EXCLUDED.phone_no, email=EXCLUDED.email, address=EXCLUDED.address, city=EXCLUDED.city, pincode=EXCLUDED.pincode, region=EXCLUDED.region, customer_type=EXCLUDED.customer_type, preferred_channel=EXCLUDED.preferred_channel, language=EXCLUDED.language, updated_at=EXCLUDED.updated_at
        ]
[parameters: {'customer_key': 'c3a05fe6-7654-468d-b921-3a0c7c6a60ed', 'country': 'United Kingdom', 'first_name': 'Brittany', 'last_name': 'Davis', 'title': 'Ms.', 'gender': 'Female', 'dob': datetime.date(1949, 9, 11), 'age': 76, 'marital_status': 'Married', 'phone_no': '+1-315-240-0892x2121', 'email': 'thomas62@example.com', 'address': 'Unit 5418 Box 6943, DPO AP 82780', 'city': 'Katherinefurt', 'pincode': '66725', 'region': 'California', 'customer_type': 'Corporate', 'preferred_channel': 'WhatsApp', 'language': 'Spanish', 'updated_at': Timestamp('2025-10-22 12:33:44.250056')}]
(Background on this error at: https://sqlalche.me/e/14/f405); 4415)
[2025-10-22T12:33:44.417+0000] {local_task_job_runner.py:234} INFO - Task exited with return code 1
[2025-10-22T12:33:44.469+0000] {taskinstance.py:3280} INFO - 0 downstream tasks scheduled from follow-on schedule check
