[2025-10-09T06:45:02.045+0000] {taskinstance.py:1956} INFO - Dependencies all met for dep_context=non-requeueable deps ti=<TaskInstance: run_sample_data_every_5min.sampleDataScript scheduled__2025-10-09T06:30:00+00:00 [queued]>
[2025-10-09T06:45:02.057+0000] {taskinstance.py:1956} INFO - Dependencies all met for dep_context=requeueable deps ti=<TaskInstance: run_sample_data_every_5min.sampleDataScript scheduled__2025-10-09T06:30:00+00:00 [queued]>
[2025-10-09T06:45:02.058+0000] {taskinstance.py:2170} INFO - Starting attempt 1 of 2
[2025-10-09T06:45:02.078+0000] {taskinstance.py:2191} INFO - Executing <Task(PythonOperator): sampleDataScript> on 2025-10-09 06:30:00+00:00
[2025-10-09T06:45:02.086+0000] {standard_task_runner.py:60} INFO - Started process 545 to run task
[2025-10-09T06:45:02.091+0000] {standard_task_runner.py:87} INFO - Running: ['***', 'tasks', 'run', 'run_sample_data_every_5min', 'sampleDataScript', 'scheduled__2025-10-09T06:30:00+00:00', '--job-id', '50', '--raw', '--subdir', 'DAGS_FOLDER/dag_file.py', '--cfg-path', '/tmp/tmp68_tq_59']
[2025-10-09T06:45:02.093+0000] {standard_task_runner.py:88} INFO - Job 50: Subtask sampleDataScript
[2025-10-09T06:45:02.181+0000] {task_command.py:423} INFO - Running <TaskInstance: run_sample_data_every_5min.sampleDataScript scheduled__2025-10-09T06:30:00+00:00 [running]> on host e3feac1b091b
[2025-10-09T06:45:02.336+0000] {taskinstance.py:2480} INFO - Exporting env vars: AIRFLOW_CTX_DAG_OWNER='***' AIRFLOW_CTX_DAG_ID='run_sample_data_every_5min' AIRFLOW_CTX_TASK_ID='sampleDataScript' AIRFLOW_CTX_EXECUTION_DATE='2025-10-09T06:30:00+00:00' AIRFLOW_CTX_TRY_NUMBER='1' AIRFLOW_CTX_DAG_RUN_ID='scheduled__2025-10-09T06:30:00+00:00'
[2025-10-09T06:45:02.361+0000] {logging_mixin.py:188} INFO - CSV loaded successfully!
[2025-10-09T06:45:02.466+0000] {taskinstance.py:2698} ERROR - Task failed with exception
Traceback (most recent call last):
  File "/home/airflow/.local/lib/python3.8/site-packages/sqlalchemy/engine/base.py", line 1890, in _execute_context
    self.dialect.do_executemany(
  File "/home/airflow/.local/lib/python3.8/site-packages/sqlalchemy/dialects/postgresql/psycopg2.py", line 982, in do_executemany
    context._psycopg2_fetched_rows = xtras.execute_values(
  File "/home/airflow/.local/lib/python3.8/site-packages/psycopg2/extras.py", line 1299, in execute_values
    cur.execute(b''.join(parts))
psycopg2.errors.UndefinedColumn: column "invoice_no" of relation "dim_customer" does not exist
LINE 1: INSERT INTO dim_customer (invoice_no, stock_code, descriptio...
                                  ^


The above exception was the direct cause of the following exception:

Traceback (most recent call last):
  File "/home/airflow/.local/lib/python3.8/site-packages/airflow/models/taskinstance.py", line 433, in _execute_task
    result = execute_callable(context=context, **execute_callable_kwargs)
  File "/home/airflow/.local/lib/python3.8/site-packages/airflow/operators/python.py", line 199, in execute
    return_value = self.execute_callable()
  File "/home/airflow/.local/lib/python3.8/site-packages/airflow/operators/python.py", line 216, in execute_callable
    return self.python_callable(*self.op_args, **self.op_kwargs)
  File "/opt/airflow/dags/sampleDataScript.py", line 103, in run_script
    new_customers.to_sql('dim_customer', engine, if_exists='append', index=False)
  File "/home/airflow/.local/lib/python3.8/site-packages/pandas/core/generic.py", line 2878, in to_sql
    return sql.to_sql(
  File "/home/airflow/.local/lib/python3.8/site-packages/pandas/io/sql.py", line 769, in to_sql
    return pandas_sql.to_sql(
  File "/home/airflow/.local/lib/python3.8/site-packages/pandas/io/sql.py", line 1920, in to_sql
    total_inserted = sql_engine.insert_records(
  File "/home/airflow/.local/lib/python3.8/site-packages/pandas/io/sql.py", line 1470, in insert_records
    raise err
  File "/home/airflow/.local/lib/python3.8/site-packages/pandas/io/sql.py", line 1461, in insert_records
    return table.insert(chunksize=chunksize, method=method)
  File "/home/airflow/.local/lib/python3.8/site-packages/pandas/io/sql.py", line 1023, in insert
    num_inserted = exec_insert(conn, keys, chunk_iter)
  File "/home/airflow/.local/lib/python3.8/site-packages/pandas/io/sql.py", line 929, in _execute_insert
    result = conn.execute(self.table.insert(), data)
  File "/home/airflow/.local/lib/python3.8/site-packages/sqlalchemy/engine/base.py", line 1385, in execute
    return meth(self, multiparams, params, _EMPTY_EXECUTION_OPTS)
  File "/home/airflow/.local/lib/python3.8/site-packages/sqlalchemy/sql/elements.py", line 334, in _execute_on_connection
    return connection._execute_clauseelement(
  File "/home/airflow/.local/lib/python3.8/site-packages/sqlalchemy/engine/base.py", line 1577, in _execute_clauseelement
    ret = self._execute_context(
  File "/home/airflow/.local/lib/python3.8/site-packages/sqlalchemy/engine/base.py", line 1953, in _execute_context
    self._handle_dbapi_exception(
  File "/home/airflow/.local/lib/python3.8/site-packages/sqlalchemy/engine/base.py", line 2134, in _handle_dbapi_exception
    util.raise_(
  File "/home/airflow/.local/lib/python3.8/site-packages/sqlalchemy/util/compat.py", line 211, in raise_
    raise exception
  File "/home/airflow/.local/lib/python3.8/site-packages/sqlalchemy/engine/base.py", line 1890, in _execute_context
    self.dialect.do_executemany(
  File "/home/airflow/.local/lib/python3.8/site-packages/sqlalchemy/dialects/postgresql/psycopg2.py", line 982, in do_executemany
    context._psycopg2_fetched_rows = xtras.execute_values(
  File "/home/airflow/.local/lib/python3.8/site-packages/psycopg2/extras.py", line 1299, in execute_values
    cur.execute(b''.join(parts))
sqlalchemy.exc.ProgrammingError: (psycopg2.errors.UndefinedColumn) column "invoice_no" of relation "dim_customer" does not exist
LINE 1: INSERT INTO dim_customer (invoice_no, stock_code, descriptio...
                                  ^

[SQL: INSERT INTO dim_customer (invoice_no, stock_code, description, quantity, invoice_date, unit_price, customer_id, country, title, first_name, last_name, gender, dob, age, marital_status, phone_no, address, city, pincode, region, customer_type, preferred_channel, language, email) VALUES (%(invoice_no)s, %(stock_code)s, %(description)s, %(quantity)s, %(invoice_date)s, %(unit_price)s, %(customer_id)s, %(country)s, %(title)s, %(first_name)s, %(last_name)s, %(gender)s, %(dob)s, %(age)s, %(marital_status)s, %(phone_no)s, %(address)s, %(city)s, %(pincode)s, %(region)s, %(customer_type)s, %(preferred_channel)s, %(language)s, %(email)s)]
[parameters: ({'invoice_no': 536365, 'stock_code': '85123A', 'description': 'WHITE HANGING HEART T-LIGHT HOLDER', 'quantity': 6, 'invoice_date': '12/1/2010 8:26', 'unit_price': 2.55, 'customer_id': 17850, 'country': 'United Kingdom', 'title': 'Mr.', 'first_name': 'Raymond', 'last_name': 'York', 'gender': 'Male', 'dob': datetime.date(1958, 8, 16), 'age': 67, 'marital_status': 'Single', 'phone_no': '(571)909-3006', 'address': '96894 Katrina Track, Lake Alanmouth, MN 24405', 'city': 'Port Jennifer', 'pincode': '99586', 'region': 'Michigan', 'customer_type': 'Wholesale', 'preferred_channel': 'Email', 'language': 'French', 'email': 'blairnicholas@example.net'}, {'invoice_no': 536365, 'stock_code': '71053', 'description': 'WHITE METAL LANTERN', 'quantity': 6, 'invoice_date': '12/1/2010 8:26', 'unit_price': 3.39, 'customer_id': 17850, 'country': 'United Kingdom', 'title': 'Ms.', 'first_name': 'Ann', 'last_name': 'Smith', 'gender': 'Female', 'dob': datetime.date(1979, 9, 6), 'age': 46, 'marital_status': 'Single', 'phone_no': '497.237.9378x589', 'address': '87447 Stacy Circles, South Jake, DC 98571', 'city': 'Warnerhaven', 'pincode': '62309', 'region': 'Michigan', 'customer_type': 'Retail', 'preferred_channel': 'Phone', 'language': 'German', 'email': 'diana81@example.org'}, {'invoice_no': 536365, 'stock_code': '84406B', 'description': 'CREAM CUPID HEARTS COAT HANGER', 'quantity': 8, 'invoice_date': '12/1/2010 8:26', 'unit_price': 2.75, 'customer_id': 17850, 'country': 'United Kingdom', 'title': 'Ms.', 'first_name': 'Robin', 'last_name': 'Kelley', 'gender': 'Female', 'dob': datetime.date(2005, 3, 9), 'age': 20, 'marital_status': 'Divorced', 'phone_no': '405-853-4579x7404', 'address': '74541 Yolanda Parkway Apt. 880, New Elizabethchester, AK 17260', 'city': 'Lake Robinchester', 'pincode': '19362', 'region': 'North Dakota', 'customer_type': 'Retail', 'preferred_channel': 'WhatsApp', 'language': 'Hindi', 'email': 'fmckay@example.org'}, {'invoice_no': 536365, 'stock_code': '84029G', 'description': 'KNITTED UNION FLAG HOT WATER BOTTLE', 'quantity': 6, 'invoice_date': '12/1/2010 8:26', 'unit_price': 3.39, 'customer_id': 17850, 'country': 'United Kingdom', 'title': 'Mr.', 'first_name': 'Andrew', 'last_name': 'Stewart', 'gender': 'Male', 'dob': datetime.date(1975, 6, 23), 'age': 50, 'marital_status': 'Single', 'phone_no': '408-624-3770x92135', 'address': '3822 Alexandra Gardens, Lake Jason, ME 76377', 'city': 'Danatown', 'pincode': '04789', 'region': 'Maryland', 'customer_type': 'Wholesale', 'preferred_channel': 'Phone', 'language': 'English', 'email': 'diazjames@example.net'}, {'invoice_no': 536365, 'stock_code': '84029E', 'description': 'RED WOOLLY HOTTIE WHITE HEART.', 'quantity': 6, 'invoice_date': '12/1/2010 8:26', 'unit_price': 3.39, 'customer_id': 17850, 'country': 'United Kingdom', 'title': 'Mr.', 'first_name': 'Marcus', 'last_name': 'Pratt', 'gender': 'Male', 'dob': datetime.date(2005, 2, 15), 'age': 20, 'marital_status': 'Divorced', 'phone_no': '876.314.1818x6757', 'address': '5969 Morgan Oval, Daviston, IA 94933', 'city': 'Michaelborough', 'pincode': '72712', 'region': 'Montana', 'customer_type': 'Retail', 'preferred_channel': 'SMS', 'language': 'Hindi', 'email': 'pamela00@example.net'}, {'invoice_no': 536365, 'stock_code': '22752', 'description': 'SET 7 BABUSHKA NESTING BOXES', 'quantity': 2, 'invoice_date': '12/1/2010 8:26', 'unit_price': 7.65, 'customer_id': 17850, 'country': 'United Kingdom', 'title': 'Mr.', 'first_name': 'Andrew', 'last_name': 'Bailey', 'gender': 'Male', 'dob': datetime.date(1961, 2, 5), 'age': 64, 'marital_status': 'Married', 'phone_no': '677-300-1040x27004', 'address': '33262 Julie Field, West Shelby, MA 06261', 'city': 'West Michaelbury', 'pincode': '86351', 'region': 'Indiana', 'customer_type': 'Corporate', 'preferred_channel': 'WhatsApp', 'language': 'French', 'email': 'chrisreese@example.org'}, {'invoice_no': 536365, 'stock_code': '21730', 'description': 'GLASS STAR FROSTED T-LIGHT HOLDER', 'quantity': 6, 'invoice_date': '12/1/2010 8:26', 'unit_price': 4.25, 'customer_id': 17850, 'country': 'United Kingdom', 'title': 'Mr.', 'first_name': 'David', 'last_name': 'Kennedy', 'gender': 'Male', 'dob': datetime.date(2004, 9, 17), 'age': 21, 'marital_status': 'Married', 'phone_no': '9953220470', 'address': 'Unit 1250 Box 5696, DPO AE 33598', 'city': 'New Thomas', 'pincode': '28421', 'region': 'Utah', 'customer_type': 'Retail', 'preferred_channel': 'Email', 'language': 'French', 'email': 'mercadocharles@example.com'}, {'invoice_no': 536366, 'stock_code': '22633', 'description': 'HAND WARMER UNION JACK', 'quantity': 6, 'invoice_date': '12/1/2010 8:28', 'unit_price': 1.85, 'customer_id': 17850, 'country': 'United Kingdom', 'title': 'Mr.', 'first_name': 'Michael', 'last_name': 'Rice', 'gender': 'Male', 'dob': datetime.date(1973, 2, 11), 'age': 52, 'marital_status': 'Married', 'phone_no': '812-496-5575x25634', 'address': '18214 Kirby Bypass Suite 424, Walkerfurt, MD 46968', 'city': 'East Rhondahaven', 'pincode': '31053', 'region': 'Hawaii', 'customer_type': 'Retail', 'preferred_channel': 'WhatsApp', 'language': 'French', 'email': 'taylorphillips@example.net'}, {'invoice_no': 536366, 'stock_code': '22632', 'description': 'HAND WARMER RED POLKA DOT', 'quantity': 6, 'invoice_date': '12/1/2010 8:28', 'unit_price': 1.85, 'customer_id': 17850, 'country': 'United Kingdom', 'title': 'Mr.', 'first_name': 'Johnny', 'last_name': 'Gray', 'gender': 'Male', 'dob': datetime.date(2007, 3, 16), 'age': 18, 'marital_status': 'Divorced', 'phone_no': '538.210.6868', 'address': '566 Owens Village, Carlastad, AS 19057', 'city': 'Lake Christopherton', 'pincode': '91898', 'region': 'Massachusetts', 'customer_type': 'Retail', 'preferred_channel': 'Email', 'language': 'Spanish', 'email': 'ztaylor@example.org'}, {'invoice_no': 536367, 'stock_code': '84879', 'description': 'ASSORTED COLOUR BIRD ORNAMENT', 'quantity': 32, 'invoice_date': '12/1/2010 8:34', 'unit_price': 1.69, 'customer_id': 13047, 'country': 'United Kingdom', 'title': 'Ms.', 'first_name': 'Kristi', 'last_name': 'Arnold', 'gender': 'Female', 'dob': datetime.date(1991, 4, 29), 'age': 34, 'marital_status': 'Single', 'phone_no': '001-383-969-5047x128', 'address': '01059 Jennifer Trace, Port Troy, HI 13892', 'city': 'East Larrymouth', 'pincode': '29739', 'region': 'Wyoming', 'customer_type': 'Wholesale', 'preferred_channel': 'WhatsApp', 'language': 'Spanish', 'email': 'kimberly65@example.com'})]
(Background on this error at: https://sqlalche.me/e/14/f405)
[2025-10-09T06:45:02.492+0000] {taskinstance.py:1138} INFO - Marking task as UP_FOR_RETRY. dag_id=run_sample_data_every_5min, task_id=sampleDataScript, execution_date=20251009T063000, start_date=20251009T064502, end_date=20251009T064502
[2025-10-09T06:45:02.528+0000] {standard_task_runner.py:107} ERROR - Failed to execute job 50 for task sampleDataScript ((psycopg2.errors.UndefinedColumn) column "invoice_no" of relation "dim_customer" does not exist
LINE 1: INSERT INTO dim_customer (invoice_no, stock_code, descriptio...
                                  ^

[SQL: INSERT INTO dim_customer (invoice_no, stock_code, description, quantity, invoice_date, unit_price, customer_id, country, title, first_name, last_name, gender, dob, age, marital_status, phone_no, address, city, pincode, region, customer_type, preferred_channel, language, email) VALUES (%(invoice_no)s, %(stock_code)s, %(description)s, %(quantity)s, %(invoice_date)s, %(unit_price)s, %(customer_id)s, %(country)s, %(title)s, %(first_name)s, %(last_name)s, %(gender)s, %(dob)s, %(age)s, %(marital_status)s, %(phone_no)s, %(address)s, %(city)s, %(pincode)s, %(region)s, %(customer_type)s, %(preferred_channel)s, %(language)s, %(email)s)]
[parameters: ({'invoice_no': 536365, 'stock_code': '85123A', 'description': 'WHITE HANGING HEART T-LIGHT HOLDER', 'quantity': 6, 'invoice_date': '12/1/2010 8:26', 'unit_price': 2.55, 'customer_id': 17850, 'country': 'United Kingdom', 'title': 'Mr.', 'first_name': 'Raymond', 'last_name': 'York', 'gender': 'Male', 'dob': datetime.date(1958, 8, 16), 'age': 67, 'marital_status': 'Single', 'phone_no': '(571)909-3006', 'address': '96894 Katrina Track, Lake Alanmouth, MN 24405', 'city': 'Port Jennifer', 'pincode': '99586', 'region': 'Michigan', 'customer_type': 'Wholesale', 'preferred_channel': 'Email', 'language': 'French', 'email': 'blairnicholas@example.net'}, {'invoice_no': 536365, 'stock_code': '71053', 'description': 'WHITE METAL LANTERN', 'quantity': 6, 'invoice_date': '12/1/2010 8:26', 'unit_price': 3.39, 'customer_id': 17850, 'country': 'United Kingdom', 'title': 'Ms.', 'first_name': 'Ann', 'last_name': 'Smith', 'gender': 'Female', 'dob': datetime.date(1979, 9, 6), 'age': 46, 'marital_status': 'Single', 'phone_no': '497.237.9378x589', 'address': '87447 Stacy Circles, South Jake, DC 98571', 'city': 'Warnerhaven', 'pincode': '62309', 'region': 'Michigan', 'customer_type': 'Retail', 'preferred_channel': 'Phone', 'language': 'German', 'email': 'diana81@example.org'}, {'invoice_no': 536365, 'stock_code': '84406B', 'description': 'CREAM CUPID HEARTS COAT HANGER', 'quantity': 8, 'invoice_date': '12/1/2010 8:26', 'unit_price': 2.75, 'customer_id': 17850, 'country': 'United Kingdom', 'title': 'Ms.', 'first_name': 'Robin', 'last_name': 'Kelley', 'gender': 'Female', 'dob': datetime.date(2005, 3, 9), 'age': 20, 'marital_status': 'Divorced', 'phone_no': '405-853-4579x7404', 'address': '74541 Yolanda Parkway Apt. 880, New Elizabethchester, AK 17260', 'city': 'Lake Robinchester', 'pincode': '19362', 'region': 'North Dakota', 'customer_type': 'Retail', 'preferred_channel': 'WhatsApp', 'language': 'Hindi', 'email': 'fmckay@example.org'}, {'invoice_no': 536365, 'stock_code': '84029G', 'description': 'KNITTED UNION FLAG HOT WATER BOTTLE', 'quantity': 6, 'invoice_date': '12/1/2010 8:26', 'unit_price': 3.39, 'customer_id': 17850, 'country': 'United Kingdom', 'title': 'Mr.', 'first_name': 'Andrew', 'last_name': 'Stewart', 'gender': 'Male', 'dob': datetime.date(1975, 6, 23), 'age': 50, 'marital_status': 'Single', 'phone_no': '408-624-3770x92135', 'address': '3822 Alexandra Gardens, Lake Jason, ME 76377', 'city': 'Danatown', 'pincode': '04789', 'region': 'Maryland', 'customer_type': 'Wholesale', 'preferred_channel': 'Phone', 'language': 'English', 'email': 'diazjames@example.net'}, {'invoice_no': 536365, 'stock_code': '84029E', 'description': 'RED WOOLLY HOTTIE WHITE HEART.', 'quantity': 6, 'invoice_date': '12/1/2010 8:26', 'unit_price': 3.39, 'customer_id': 17850, 'country': 'United Kingdom', 'title': 'Mr.', 'first_name': 'Marcus', 'last_name': 'Pratt', 'gender': 'Male', 'dob': datetime.date(2005, 2, 15), 'age': 20, 'marital_status': 'Divorced', 'phone_no': '876.314.1818x6757', 'address': '5969 Morgan Oval, Daviston, IA 94933', 'city': 'Michaelborough', 'pincode': '72712', 'region': 'Montana', 'customer_type': 'Retail', 'preferred_channel': 'SMS', 'language': 'Hindi', 'email': 'pamela00@example.net'}, {'invoice_no': 536365, 'stock_code': '22752', 'description': 'SET 7 BABUSHKA NESTING BOXES', 'quantity': 2, 'invoice_date': '12/1/2010 8:26', 'unit_price': 7.65, 'customer_id': 17850, 'country': 'United Kingdom', 'title': 'Mr.', 'first_name': 'Andrew', 'last_name': 'Bailey', 'gender': 'Male', 'dob': datetime.date(1961, 2, 5), 'age': 64, 'marital_status': 'Married', 'phone_no': '677-300-1040x27004', 'address': '33262 Julie Field, West Shelby, MA 06261', 'city': 'West Michaelbury', 'pincode': '86351', 'region': 'Indiana', 'customer_type': 'Corporate', 'preferred_channel': 'WhatsApp', 'language': 'French', 'email': 'chrisreese@example.org'}, {'invoice_no': 536365, 'stock_code': '21730', 'description': 'GLASS STAR FROSTED T-LIGHT HOLDER', 'quantity': 6, 'invoice_date': '12/1/2010 8:26', 'unit_price': 4.25, 'customer_id': 17850, 'country': 'United Kingdom', 'title': 'Mr.', 'first_name': 'David', 'last_name': 'Kennedy', 'gender': 'Male', 'dob': datetime.date(2004, 9, 17), 'age': 21, 'marital_status': 'Married', 'phone_no': '9953220470', 'address': 'Unit 1250 Box 5696, DPO AE 33598', 'city': 'New Thomas', 'pincode': '28421', 'region': 'Utah', 'customer_type': 'Retail', 'preferred_channel': 'Email', 'language': 'French', 'email': 'mercadocharles@example.com'}, {'invoice_no': 536366, 'stock_code': '22633', 'description': 'HAND WARMER UNION JACK', 'quantity': 6, 'invoice_date': '12/1/2010 8:28', 'unit_price': 1.85, 'customer_id': 17850, 'country': 'United Kingdom', 'title': 'Mr.', 'first_name': 'Michael', 'last_name': 'Rice', 'gender': 'Male', 'dob': datetime.date(1973, 2, 11), 'age': 52, 'marital_status': 'Married', 'phone_no': '812-496-5575x25634', 'address': '18214 Kirby Bypass Suite 424, Walkerfurt, MD 46968', 'city': 'East Rhondahaven', 'pincode': '31053', 'region': 'Hawaii', 'customer_type': 'Retail', 'preferred_channel': 'WhatsApp', 'language': 'French', 'email': 'taylorphillips@example.net'}, {'invoice_no': 536366, 'stock_code': '22632', 'description': 'HAND WARMER RED POLKA DOT', 'quantity': 6, 'invoice_date': '12/1/2010 8:28', 'unit_price': 1.85, 'customer_id': 17850, 'country': 'United Kingdom', 'title': 'Mr.', 'first_name': 'Johnny', 'last_name': 'Gray', 'gender': 'Male', 'dob': datetime.date(2007, 3, 16), 'age': 18, 'marital_status': 'Divorced', 'phone_no': '538.210.6868', 'address': '566 Owens Village, Carlastad, AS 19057', 'city': 'Lake Christopherton', 'pincode': '91898', 'region': 'Massachusetts', 'customer_type': 'Retail', 'preferred_channel': 'Email', 'language': 'Spanish', 'email': 'ztaylor@example.org'}, {'invoice_no': 536367, 'stock_code': '84879', 'description': 'ASSORTED COLOUR BIRD ORNAMENT', 'quantity': 32, 'invoice_date': '12/1/2010 8:34', 'unit_price': 1.69, 'customer_id': 13047, 'country': 'United Kingdom', 'title': 'Ms.', 'first_name': 'Kristi', 'last_name': 'Arnold', 'gender': 'Female', 'dob': datetime.date(1991, 4, 29), 'age': 34, 'marital_status': 'Single', 'phone_no': '001-383-969-5047x128', 'address': '01059 Jennifer Trace, Port Troy, HI 13892', 'city': 'East Larrymouth', 'pincode': '29739', 'region': 'Wyoming', 'customer_type': 'Wholesale', 'preferred_channel': 'WhatsApp', 'language': 'Spanish', 'email': 'kimberly65@example.com'})]
(Background on this error at: https://sqlalche.me/e/14/f405); 545)
[2025-10-09T06:45:02.586+0000] {local_task_job_runner.py:234} INFO - Task exited with return code 1
[2025-10-09T06:45:02.666+0000] {taskinstance.py:3280} INFO - 0 downstream tasks scheduled from follow-on schedule check
