[2025-10-09T05:50:02.067+0000] {taskinstance.py:1956} INFO - Dependencies all met for dep_context=non-requeueable deps ti=<TaskInstance: run_sample_data_every_5min.run_sample_etl scheduled__2025-10-09T05:45:00+00:00 [queued]>
[2025-10-09T05:50:02.077+0000] {taskinstance.py:1956} INFO - Dependencies all met for dep_context=requeueable deps ti=<TaskInstance: run_sample_data_every_5min.run_sample_etl scheduled__2025-10-09T05:45:00+00:00 [queued]>
[2025-10-09T05:50:02.077+0000] {taskinstance.py:2170} INFO - Starting attempt 1 of 2
[2025-10-09T05:50:02.095+0000] {taskinstance.py:2191} INFO - Executing <Task(PythonOperator): run_sample_etl> on 2025-10-09 05:45:00+00:00
[2025-10-09T05:50:02.101+0000] {standard_task_runner.py:60} INFO - Started process 232 to run task
[2025-10-09T05:50:02.104+0000] {standard_task_runner.py:87} INFO - Running: ['***', 'tasks', 'run', 'run_sample_data_every_5min', 'run_sample_etl', 'scheduled__2025-10-09T05:45:00+00:00', '--job-id', '33', '--raw', '--subdir', 'DAGS_FOLDER/dag_file.py', '--cfg-path', '/tmp/tmpcz8sniy1']
[2025-10-09T05:50:02.107+0000] {standard_task_runner.py:88} INFO - Job 33: Subtask run_sample_etl
[2025-10-09T05:50:02.176+0000] {task_command.py:423} INFO - Running <TaskInstance: run_sample_data_every_5min.run_sample_etl scheduled__2025-10-09T05:45:00+00:00 [running]> on host 69f5375b780d
[2025-10-09T05:50:02.276+0000] {taskinstance.py:2480} INFO - Exporting env vars: AIRFLOW_CTX_DAG_OWNER='***' AIRFLOW_CTX_DAG_ID='run_sample_data_every_5min' AIRFLOW_CTX_TASK_ID='run_sample_etl' AIRFLOW_CTX_EXECUTION_DATE='2025-10-09T05:45:00+00:00' AIRFLOW_CTX_TRY_NUMBER='1' AIRFLOW_CTX_DAG_RUN_ID='scheduled__2025-10-09T05:45:00+00:00'
[2025-10-09T05:50:02.349+0000] {logging_mixin.py:188} INFO - CSV loaded successfully!
[2025-10-09T05:50:02.401+0000] {logging_mixin.py:188} INFO - 
Customer Dimension:
[2025-10-09T05:50:02.424+0000] {logging_mixin.py:188} INFO -                            customer_key  customer_id  ... preferred_channel language
0  a21342cd-47cf-48d1-8030-f754f3fdf38f        17850  ...               SMS  Spanish
1  9157b537-32db-437b-8b40-e9d06a7df309        13047  ...             Email  Spanish

[2 rows x 19 columns]
[2025-10-09T05:50:02.562+0000] {logging_mixin.py:188} INFO - ✅ All tables loaded successfully!
[2025-10-09T05:50:02.563+0000] {python.py:201} INFO - Done. Returned value was: None
[2025-10-09T05:50:02.576+0000] {taskinstance.py:1138} INFO - Marking task as SUCCESS. dag_id=run_sample_data_every_5min, task_id=run_sample_etl, execution_date=20251009T054500, start_date=20251009T055002, end_date=20251009T055002
[2025-10-09T05:50:02.598+0000] {local_task_job_runner.py:234} INFO - Task exited with return code 0
[2025-10-09T05:50:02.621+0000] {taskinstance.py:3280} INFO - 0 downstream tasks scheduled from follow-on schedule check
