[2025-10-22T04:06:11.976+0000] {taskinstance.py:1956} INFO - Dependencies all met for dep_context=non-requeueable deps ti=<TaskInstance: sales_pipeline_master_dag.load_dim_customer manual__2025-10-22T04:06:07.512681+00:00 [queued]>
[2025-10-22T04:06:11.991+0000] {taskinstance.py:1956} INFO - Dependencies all met for dep_context=requeueable deps ti=<TaskInstance: sales_pipeline_master_dag.load_dim_customer manual__2025-10-22T04:06:07.512681+00:00 [queued]>
[2025-10-22T04:06:11.992+0000] {taskinstance.py:2170} INFO - Starting attempt 1 of 1
[2025-10-22T04:06:12.018+0000] {taskinstance.py:2191} INFO - Executing <Task(PythonOperator): load_dim_customer> on 2025-10-22 04:06:07.512681+00:00
[2025-10-22T04:06:12.026+0000] {standard_task_runner.py:60} INFO - Started process 1268 to run task
[2025-10-22T04:06:12.033+0000] {standard_task_runner.py:87} INFO - Running: ['***', 'tasks', 'run', 'sales_pipeline_master_dag', 'load_dim_customer', 'manual__2025-10-22T04:06:07.512681+00:00', '--job-id', '230', '--raw', '--subdir', 'DAGS_FOLDER/dim_customer_dag.py', '--cfg-path', '/tmp/tmpmfmq_2g1']
[2025-10-22T04:06:12.036+0000] {standard_task_runner.py:88} INFO - Job 230: Subtask load_dim_customer
[2025-10-22T04:06:12.129+0000] {task_command.py:423} INFO - Running <TaskInstance: sales_pipeline_master_dag.load_dim_customer manual__2025-10-22T04:06:07.512681+00:00 [running]> on host 73b97317d540
[2025-10-22T04:06:12.295+0000] {taskinstance.py:2480} INFO - Exporting env vars: AIRFLOW_CTX_DAG_OWNER='***' AIRFLOW_CTX_DAG_ID='sales_pipeline_master_dag' AIRFLOW_CTX_TASK_ID='load_dim_customer' AIRFLOW_CTX_EXECUTION_DATE='2025-10-22T04:06:07.512681+00:00' AIRFLOW_CTX_TRY_NUMBER='1' AIRFLOW_CTX_DAG_RUN_ID='manual__2025-10-22T04:06:07.512681+00:00'
[2025-10-22T04:06:12.298+0000] {logging_mixin.py:188} INFO -  Starting dim_customer ETL pipeline
[2025-10-22T04:06:12.396+0000] {logging_mixin.py:188} INFO -  Last SUCCESS run for dim_customer: 2025-10-22 03:48:29.334749
[2025-10-22T04:06:12.397+0000] {logging_mixin.py:188} INFO -  Last successful run found: 2025-10-22 03:48:29.334749
[2025-10-22T04:06:23.379+0000] {warnings.py:109} WARNING - /opt/***/dags/etl_scripts/customer_etl.py:44: UserWarning: Parsing dates in %d/%m/%Y %I:%M:%S %p format when dayfirst=False (the default) was specified. Pass `dayfirst=True` or specify a format to silence this warning.
  df["in_date"] = pd.to_datetime(df["in_date"], errors="coerce")

[2025-10-22T04:06:23.409+0000] {logging_mixin.py:188} INFO - Found 1 new/updated records since last run.
[2025-10-22T04:06:23.438+0000] {taskinstance.py:2698} ERROR - Task failed with exception
Traceback (most recent call last):
  File "/home/airflow/.local/lib/python3.8/site-packages/airflow/models/taskinstance.py", line 433, in _execute_task
    result = execute_callable(context=context, **execute_callable_kwargs)
  File "/home/airflow/.local/lib/python3.8/site-packages/airflow/operators/python.py", line 199, in execute
    return_value = self.execute_callable()
  File "/home/airflow/.local/lib/python3.8/site-packages/airflow/operators/python.py", line 216, in execute_callable
    return self.python_callable(*self.op_args, **self.op_kwargs)
  File "/opt/airflow/dags/etl_scripts/customer_etl.py", line 132, in run_customer_etl
    upsert_dimension(
  File "/opt/airflow/dags/etl_scripts/common_utils.py", line 66, in upsert_dimension
    sql = text(
NameError: name 'text' is not defined
[2025-10-22T04:06:23.466+0000] {taskinstance.py:1138} INFO - Marking task as FAILED. dag_id=sales_pipeline_master_dag, task_id=load_dim_customer, execution_date=20251022T040607, start_date=20251022T040611, end_date=20251022T040623
[2025-10-22T04:06:23.472+0000] {logging_mixin.py:188} INFO -  Logged ETL run for dim_customer: failed at 2025-10-22 04:06:23.467518
[2025-10-22T04:06:23.473+0000] {logging_mixin.py:188} INFO - Task load_dim_customer in DAG sales_pipeline_master_dag failed!
[2025-10-22T04:06:23.501+0000] {standard_task_runner.py:107} ERROR - Failed to execute job 230 for task load_dim_customer (name 'text' is not defined; 1268)
[2025-10-22T04:06:23.555+0000] {local_task_job_runner.py:234} INFO - Task exited with return code 1
[2025-10-22T04:06:23.606+0000] {taskinstance.py:3280} INFO - 0 downstream tasks scheduled from follow-on schedule check
