[2025-10-21T10:53:03.118+0000] {taskinstance.py:1956} INFO - Dependencies all met for dep_context=non-requeueable deps ti=<TaskInstance: sales_pipeline_master_dag.load_dim_product manual__2025-10-21T10:52:54.879607+00:00 [queued]>
[2025-10-21T10:53:03.156+0000] {taskinstance.py:1956} INFO - Dependencies all met for dep_context=requeueable deps ti=<TaskInstance: sales_pipeline_master_dag.load_dim_product manual__2025-10-21T10:52:54.879607+00:00 [queued]>
[2025-10-21T10:53:03.159+0000] {taskinstance.py:2170} INFO - Starting attempt 1 of 1
[2025-10-21T10:53:03.214+0000] {taskinstance.py:2191} INFO - Executing <Task(PythonOperator): load_dim_product> on 2025-10-21 10:52:54.879607+00:00
[2025-10-21T10:53:03.232+0000] {standard_task_runner.py:60} INFO - Started process 98 to run task
[2025-10-21T10:53:03.247+0000] {standard_task_runner.py:87} INFO - Running: ['***', 'tasks', 'run', 'sales_pipeline_master_dag', 'load_dim_product', 'manual__2025-10-21T10:52:54.879607+00:00', '--job-id', '205', '--raw', '--subdir', 'DAGS_FOLDER/dim_customer_dag.py', '--cfg-path', '/tmp/tmpt_10l1cj']
[2025-10-21T10:53:03.251+0000] {standard_task_runner.py:88} INFO - Job 205: Subtask load_dim_product
[2025-10-21T10:53:03.518+0000] {task_command.py:423} INFO - Running <TaskInstance: sales_pipeline_master_dag.load_dim_product manual__2025-10-21T10:52:54.879607+00:00 [running]> on host 73b97317d540
[2025-10-21T10:53:03.816+0000] {taskinstance.py:2480} INFO - Exporting env vars: AIRFLOW_CTX_DAG_OWNER='***' AIRFLOW_CTX_DAG_ID='sales_pipeline_master_dag' AIRFLOW_CTX_TASK_ID='load_dim_product' AIRFLOW_CTX_EXECUTION_DATE='2025-10-21T10:52:54.879607+00:00' AIRFLOW_CTX_TRY_NUMBER='1' AIRFLOW_CTX_DAG_RUN_ID='manual__2025-10-21T10:52:54.879607+00:00'
[2025-10-21T10:53:03.819+0000] {logging_mixin.py:188} INFO - 🚀 Starting dim_product ETL pipeline
[2025-10-21T10:53:03.951+0000] {logging_mixin.py:188} INFO -  Last SUCCESS run for dim_product: 2025-10-21 10:14:21.220953
[2025-10-21T10:53:03.952+0000] {logging_mixin.py:188} INFO -  Last successful run found: 2025-10-21 10:14:21.220953
[2025-10-21T10:53:27.568+0000] {warnings.py:109} WARNING - /opt/***/dags/etl_scripts/product_etl.py:46: UserWarning: Parsing dates in %d/%m/%Y %I:%M:%S %p format when dayfirst=False (the default) was specified. Pass `dayfirst=True` or specify a format to silence this warning.
  df["in_date"] = pd.to_datetime(df["in_date"], errors="coerce")

[2025-10-21T10:53:27.650+0000] {logging_mixin.py:188} INFO - 🔍 Found 0 new/updated product records since last run.
[2025-10-21T10:53:27.652+0000] {logging_mixin.py:188} INFO -  No new product records to insert.
[2025-10-21T10:53:27.678+0000] {logging_mixin.py:188} INFO -  Logged ETL run for dim_product: success at 2025-10-21 10:53:27.653809
[2025-10-21T10:53:27.681+0000] {python.py:201} INFO - Done. Returned value was: None
[2025-10-21T10:53:27.733+0000] {taskinstance.py:1138} INFO - Marking task as SUCCESS. dag_id=sales_pipeline_master_dag, task_id=load_dim_product, execution_date=20251021T105254, start_date=20251021T105303, end_date=20251021T105327
[2025-10-21T10:53:27.747+0000] {logging_mixin.py:188} INFO -  Logged ETL run for dim_product: success at 2025-10-21 10:53:27.736763
[2025-10-21T10:53:27.868+0000] {local_task_job_runner.py:234} INFO - Task exited with return code 0
[2025-10-21T10:53:28.003+0000] {taskinstance.py:3280} INFO - 0 downstream tasks scheduled from follow-on schedule check
