[2025-10-22T15:01:22.941+0000] {taskinstance.py:1956} INFO - Dependencies all met for dep_context=non-requeueable deps ti=<TaskInstance: sales_pipeline_master_dag.load_dim_customer manual__2025-10-22T15:01:16.909413+00:00 [queued]>
[2025-10-22T15:01:22.960+0000] {taskinstance.py:1956} INFO - Dependencies all met for dep_context=requeueable deps ti=<TaskInstance: sales_pipeline_master_dag.load_dim_customer manual__2025-10-22T15:01:16.909413+00:00 [queued]>
[2025-10-22T15:01:22.961+0000] {taskinstance.py:2170} INFO - Starting attempt 1 of 1
[2025-10-22T15:01:22.995+0000] {taskinstance.py:2191} INFO - Executing <Task(PythonOperator): load_dim_customer> on 2025-10-22 15:01:16.909413+00:00
[2025-10-22T15:01:23.006+0000] {standard_task_runner.py:60} INFO - Started process 5585 to run task
[2025-10-22T15:01:23.016+0000] {standard_task_runner.py:87} INFO - Running: ['***', 'tasks', 'run', 'sales_pipeline_master_dag', 'load_dim_customer', 'manual__2025-10-22T15:01:16.909413+00:00', '--job-id', '356', '--raw', '--subdir', 'DAGS_FOLDER/dim_customer_dag.py', '--cfg-path', '/tmp/tmp71o3t023']
[2025-10-22T15:01:23.018+0000] {standard_task_runner.py:88} INFO - Job 356: Subtask load_dim_customer
[2025-10-22T15:01:23.153+0000] {task_command.py:423} INFO - Running <TaskInstance: sales_pipeline_master_dag.load_dim_customer manual__2025-10-22T15:01:16.909413+00:00 [running]> on host 73b97317d540
[2025-10-22T15:01:23.372+0000] {taskinstance.py:2480} INFO - Exporting env vars: AIRFLOW_CTX_DAG_OWNER='***' AIRFLOW_CTX_DAG_ID='sales_pipeline_master_dag' AIRFLOW_CTX_TASK_ID='load_dim_customer' AIRFLOW_CTX_EXECUTION_DATE='2025-10-22T15:01:16.909413+00:00' AIRFLOW_CTX_TRY_NUMBER='1' AIRFLOW_CTX_DAG_RUN_ID='manual__2025-10-22T15:01:16.909413+00:00'
[2025-10-22T15:01:23.375+0000] {logging_mixin.py:188} INFO -  Starting dim_customer ETL pipeline
[2025-10-22T15:01:23.502+0000] {logging_mixin.py:188} INFO -  No successful run found for dim_customer — will perform full load.
[2025-10-22T15:01:23.503+0000] {logging_mixin.py:188} INFO -  No successful run found — performing full load.
[2025-10-22T15:01:37.317+0000] {warnings.py:109} WARNING - /opt/***/dags/etl_scripts/customer_etl.py:44: UserWarning: Parsing dates in %d/%m/%Y %I:%M:%S %p format when dayfirst=False (the default) was specified. Pass `dayfirst=True` or specify a format to silence this warning.
  df["in_date"] = pd.to_datetime(df["in_date"], errors="coerce")

[2025-10-22T15:01:39.665+0000] {logging_mixin.py:188} INFO - First load — total records to insert: 1000
[2025-10-22T15:01:39.721+0000] {taskinstance.py:2698} ERROR - Task failed with exception
Traceback (most recent call last):
  File "/home/airflow/.local/lib/python3.8/site-packages/sqlalchemy/engine/base.py", line 1890, in _execute_context
    self.dialect.do_executemany(
  File "/home/airflow/.local/lib/python3.8/site-packages/sqlalchemy/dialects/postgresql/psycopg2.py", line 1000, in do_executemany
    cursor.executemany(statement, parameters)
psycopg2.errors.NumericValueOutOfRange: integer out of range


The above exception was the direct cause of the following exception:

Traceback (most recent call last):
  File "/home/airflow/.local/lib/python3.8/site-packages/airflow/models/taskinstance.py", line 433, in _execute_task
    result = execute_callable(context=context, **execute_callable_kwargs)
  File "/home/airflow/.local/lib/python3.8/site-packages/airflow/operators/python.py", line 199, in execute
    return_value = self.execute_callable()
  File "/home/airflow/.local/lib/python3.8/site-packages/airflow/operators/python.py", line 216, in execute_callable
    return self.python_callable(*self.op_args, **self.op_kwargs)
  File "/opt/airflow/dags/etl_scripts/customer_etl.py", line 163, in run_customer_etl
    upsert_dimension(
  File "/opt/airflow/dags/etl_scripts/common_utils.py", line 71, in upsert_dimension
    conn.execute(sql, rows_prepped)
  File "/home/airflow/.local/lib/python3.8/site-packages/sqlalchemy/engine/base.py", line 1385, in execute
    return meth(self, multiparams, params, _EMPTY_EXECUTION_OPTS)
  File "/home/airflow/.local/lib/python3.8/site-packages/sqlalchemy/sql/elements.py", line 334, in _execute_on_connection
    return connection._execute_clauseelement(
  File "/home/airflow/.local/lib/python3.8/site-packages/sqlalchemy/engine/base.py", line 1577, in _execute_clauseelement
    ret = self._execute_context(
  File "/home/airflow/.local/lib/python3.8/site-packages/sqlalchemy/engine/base.py", line 1953, in _execute_context
    self._handle_dbapi_exception(
  File "/home/airflow/.local/lib/python3.8/site-packages/sqlalchemy/engine/base.py", line 2134, in _handle_dbapi_exception
    util.raise_(
  File "/home/airflow/.local/lib/python3.8/site-packages/sqlalchemy/util/compat.py", line 211, in raise_
    raise exception
  File "/home/airflow/.local/lib/python3.8/site-packages/sqlalchemy/engine/base.py", line 1890, in _execute_context
    self.dialect.do_executemany(
  File "/home/airflow/.local/lib/python3.8/site-packages/sqlalchemy/dialects/postgresql/psycopg2.py", line 1000, in do_executemany
    cursor.executemany(statement, parameters)
sqlalchemy.exc.DataError: (psycopg2.errors.NumericValueOutOfRange) integer out of range

[SQL: 
            INSERT INTO dim_customer (customer_key, customer_id, country, first_name, last_name, title, gender, dob, age, marital_status, phone_no, email, address, city, pincode, region, customer_type, preferred_channel, language, updated_at)
            VALUES (%(customer_key)s, %(customer_id)s, %(country)s, %(first_name)s, %(last_name)s, %(title)s, %(gender)s, %(dob)s, %(age)s, %(marital_status)s, %(phone_no)s, %(email)s, %(address)s, %(city)s, %(pincode)s, %(region)s, %(customer_type)s, %(preferred_channel)s, %(language)s, %(updated_at)s)
        ]
[parameters: ({'customer_key': '57f0c8c3-d643-46b4-9e8e-19f427c72190', 'customer_id': 17850.0, 'country': 'United Kingdom', 'first_name': 'Thomas', 'last_name': 'Ward', 'title': 'Mr.', 'gender': 'Male', 'dob': datetime.date(1963, 8, 29), 'age': 62, 'marital_status': 'Single', 'phone_no': '+1-945-646-1716x14499', 'email': 'mary57@example.com', 'address': '9207 Riley Extension, Dayfurt, ND 86447', 'city': 'Jamestown', 'pincode': '28324', 'region': 'Maryland', 'customer_type': 'Retail', 'preferred_channel': 'WhatsApp', 'language': 'French', 'updated_at': Timestamp('2025-10-22 15:01:39.661963')}, {'customer_key': 'a443fbe7-7e19-4165-947b-3ebe6af1aa6f', 'customer_id': 13047.0, 'country': 'United Kingdom', 'first_name': 'John', 'last_name': 'Roman', 'title': 'Mr.', 'gender': 'Male', 'dob': datetime.date(1977, 5, 7), 'age': 48, 'marital_status': 'Married', 'phone_no': '814-574-0694x50471', 'email': 'michealwu@example.net', 'address': '31018 Scott Junction, North Allisonbury, KY 33062', 'city': 'Port Robert', 'pincode': '22918', 'region': 'South Carolina', 'customer_type': 'Wholesale', 'preferred_channel': 'Phone', 'language': 'English', 'updated_at': Timestamp('2025-10-22 15:01:39.661963')}, {'customer_key': '3a7fcf4d-a90e-4c68-b301-dfbbe8f2f479', 'customer_id': 12583.0, 'country': 'France', 'first_name': 'Kevin', 'last_name': 'Randolph', 'title': 'Mr.', 'gender': 'Male', 'dob': datetime.date(1960, 3, 5), 'age': 65, 'marital_status': 'Married', 'phone_no': '950.829.7589', 'email': 'wbarnes@example.com', 'address': '91089 Casey Ridge, East Matthewside, OH 56485', 'city': 'Shawnview', 'pincode': '25559', 'region': 'Idaho', 'customer_type': 'Retail', 'preferred_channel': 'SMS', 'language': 'Hindi', 'updated_at': Timestamp('2025-10-22 15:01:39.661963')}, {'customer_key': '590a0a86-9ac0-4782-ab92-b38b89f22b3c', 'customer_id': 13748.0, 'country': 'United Kingdom', 'first_name': 'Jennifer', 'last_name': 'Gutierrez', 'title': 'Ms.', 'gender': 'Female', 'dob': datetime.date(1953, 2, 12), 'age': 72, 'marital_status': 'Divorced', 'phone_no': '+1-605-788-8992x63693', 'email': 'patrick57@example.com', 'address': '672 Shaw Corners Suite 925, Leonardshire, NJ 38333', 'city': 'Lake Jennifershire', 'pincode': '88580', 'region': 'Vermont', 'customer_type': 'Retail', 'preferred_channel': 'Email', 'language': 'English', 'updated_at': Timestamp('2025-10-22 15:01:39.661963')}, {'customer_key': 'f8475538-4d4f-44e9-a4e6-033c8249cf09', 'customer_id': 15100.0, 'country': 'United Kingdom', 'first_name': 'Hunter', 'last_name': 'Fischer', 'title': 'Mr.', 'gender': 'Male', 'dob': datetime.date(2007, 8, 17), 'age': 18, 'marital_status': 'Divorced', 'phone_no': '494.401.0193x35010', 'email': 'richardwhite@example.org', 'address': '817 Fox Row Apt. 013, Margaretfurt, FL 60620', 'city': 'Smithport', 'pincode': '65307', 'region': 'Kansas', 'customer_type': 'Corporate', 'preferred_channel': 'SMS', 'language': 'English', 'updated_at': Timestamp('2025-10-22 15:01:39.661963')}, {'customer_key': '51ce8afc-4315-4614-948a-5400f867f591', 'customer_id': 15291.0, 'country': 'United Kingdom', 'first_name': 'Jeffrey', 'last_name': 'Cooke', 'title': 'Mr.', 'gender': 'Male', 'dob': datetime.date(2005, 1, 27), 'age': 20, 'marital_status': 'Married', 'phone_no': '3689523027', 'email': 'tbarnes@example.net', 'address': '621 Seth Flat Apt. 323, Hodgesborough, ND 60452', 'city': 'East Peter', 'pincode': '62220', 'region': 'North Dakota', 'customer_type': 'Wholesale', 'preferred_channel': 'SMS', 'language': 'Spanish', 'updated_at': Timestamp('2025-10-22 15:01:39.661963')}, {'customer_key': 'd804a0b9-c43b-4978-91df-237166bc4cb6', 'customer_id': 14688.0, 'country': 'United Kingdom', 'first_name': 'Stephanie', 'last_name': 'Garcia', 'title': 'Ms.', 'gender': 'Female', 'dob': datetime.date(1954, 11, 24), 'age': 70, 'marital_status': 'Single', 'phone_no': '387.255.6373', 'email': 'fjimenez@example.org', 'address': '9869 Olson Loaf, South Amanda, IA 55867', 'city': 'Port Laura', 'pincode': '99127', 'region': 'Idaho', 'customer_type': 'Corporate', 'preferred_channel': 'Email', 'language': 'German', 'updated_at': Timestamp('2025-10-22 15:01:39.661963')}, {'customer_key': '2ce6f8e8-1f22-4846-904e-394ed7fa17d8', 'customer_id': 17809.0, 'country': 'United Kingdom', 'first_name': 'John', 'last_name': 'Peterson', 'title': 'Mr.', 'gender': 'Male', 'dob': datetime.date(1992, 9, 4), 'age': 33, 'marital_status': 'Divorced', 'phone_no': '(524)476-3350x708', 'email': 'samantha43@example.com', 'address': '88717 Jose Oval, North Mckenzieland, IA 30626', 'city': 'South Katie', 'pincode': '85925', 'region': 'Alaska', 'customer_type': 'Retail', 'preferred_channel': 'WhatsApp', 'language': 'English', 'updated_at': Timestamp('2025-10-22 15:01:39.661963')}  ... displaying 10 of 49 total bound parameter sets ...  {'customer_key': '78cf4bc9-2e33-4891-adb8-f6a4773990b1', 'customer_id': 17951.0, 'country': 'United Kingdom', 'first_name': 'Matthew', 'last_name': 'Love', 'title': 'Mr.', 'gender': 'Male', 'dob': datetime.date(2005, 8, 2), 'age': 20, 'marital_status': 'Single', 'phone_no': '001-376-867-4273x2200', 'email': 'ybrown@example.org', 'address': '663 Kelly Valley, Lake Kennethville, GU 55079', 'city': 'New Jennifer', 'pincode': '24011', 'region': 'Mississippi', 'customer_type': 'Corporate', 'preferred_channel': 'Email', 'language': 'French', 'updated_at': Timestamp('2025-10-22 15:01:39.661963')}, {'customer_key': '6ccb3a88-4494-4b1e-acb9-f505b5026cfd', 'customer_id': 14729.0, 'country': 'United Kingdom', 'first_name': 'Andrew', 'last_name': 'Hernandez', 'title': 'Mr.', 'gender': 'Male', 'dob': datetime.date(2006, 3, 7), 'age': 19, 'marital_status': 'Single', 'phone_no': '318-341-3085x734', 'email': 'karengray@example.org', 'address': '222 Stanley Passage Apt. 399, Christopherview, PA 69835', 'city': 'North Johnview', 'pincode': '60166', 'region': 'New Jersey', 'customer_type': 'Retail', 'preferred_channel': 'Email', 'language': 'Hindi', 'updated_at': Timestamp('2025-10-22 15:01:39.661963')})]
(Background on this error at: https://sqlalche.me/e/14/9h9h)
[2025-10-22T15:01:39.751+0000] {taskinstance.py:1138} INFO - Marking task as FAILED. dag_id=sales_pipeline_master_dag, task_id=load_dim_customer, execution_date=20251022T150116, start_date=20251022T150122, end_date=20251022T150139
[2025-10-22T15:01:39.756+0000] {logging_mixin.py:188} INFO -  Logged ETL run for dim_customer: failed at 2025-10-22 15:01:39.752074
[2025-10-22T15:01:39.756+0000] {logging_mixin.py:188} INFO - Task load_dim_customer in DAG sales_pipeline_master_dag failed!
[2025-10-22T15:01:39.777+0000] {standard_task_runner.py:107} ERROR - Failed to execute job 356 for task load_dim_customer ((psycopg2.errors.NumericValueOutOfRange) integer out of range

[SQL: 
            INSERT INTO dim_customer (customer_key, customer_id, country, first_name, last_name, title, gender, dob, age, marital_status, phone_no, email, address, city, pincode, region, customer_type, preferred_channel, language, updated_at)
            VALUES (%(customer_key)s, %(customer_id)s, %(country)s, %(first_name)s, %(last_name)s, %(title)s, %(gender)s, %(dob)s, %(age)s, %(marital_status)s, %(phone_no)s, %(email)s, %(address)s, %(city)s, %(pincode)s, %(region)s, %(customer_type)s, %(preferred_channel)s, %(language)s, %(updated_at)s)
        ]
[parameters: ({'customer_key': '57f0c8c3-d643-46b4-9e8e-19f427c72190', 'customer_id': 17850.0, 'country': 'United Kingdom', 'first_name': 'Thomas', 'last_name': 'Ward', 'title': 'Mr.', 'gender': 'Male', 'dob': datetime.date(1963, 8, 29), 'age': 62, 'marital_status': 'Single', 'phone_no': '+1-945-646-1716x14499', 'email': 'mary57@example.com', 'address': '9207 Riley Extension, Dayfurt, ND 86447', 'city': 'Jamestown', 'pincode': '28324', 'region': 'Maryland', 'customer_type': 'Retail', 'preferred_channel': 'WhatsApp', 'language': 'French', 'updated_at': Timestamp('2025-10-22 15:01:39.661963')}, {'customer_key': 'a443fbe7-7e19-4165-947b-3ebe6af1aa6f', 'customer_id': 13047.0, 'country': 'United Kingdom', 'first_name': 'John', 'last_name': 'Roman', 'title': 'Mr.', 'gender': 'Male', 'dob': datetime.date(1977, 5, 7), 'age': 48, 'marital_status': 'Married', 'phone_no': '814-574-0694x50471', 'email': 'michealwu@example.net', 'address': '31018 Scott Junction, North Allisonbury, KY 33062', 'city': 'Port Robert', 'pincode': '22918', 'region': 'South Carolina', 'customer_type': 'Wholesale', 'preferred_channel': 'Phone', 'language': 'English', 'updated_at': Timestamp('2025-10-22 15:01:39.661963')}, {'customer_key': '3a7fcf4d-a90e-4c68-b301-dfbbe8f2f479', 'customer_id': 12583.0, 'country': 'France', 'first_name': 'Kevin', 'last_name': 'Randolph', 'title': 'Mr.', 'gender': 'Male', 'dob': datetime.date(1960, 3, 5), 'age': 65, 'marital_status': 'Married', 'phone_no': '950.829.7589', 'email': 'wbarnes@example.com', 'address': '91089 Casey Ridge, East Matthewside, OH 56485', 'city': 'Shawnview', 'pincode': '25559', 'region': 'Idaho', 'customer_type': 'Retail', 'preferred_channel': 'SMS', 'language': 'Hindi', 'updated_at': Timestamp('2025-10-22 15:01:39.661963')}, {'customer_key': '590a0a86-9ac0-4782-ab92-b38b89f22b3c', 'customer_id': 13748.0, 'country': 'United Kingdom', 'first_name': 'Jennifer', 'last_name': 'Gutierrez', 'title': 'Ms.', 'gender': 'Female', 'dob': datetime.date(1953, 2, 12), 'age': 72, 'marital_status': 'Divorced', 'phone_no': '+1-605-788-8992x63693', 'email': 'patrick57@example.com', 'address': '672 Shaw Corners Suite 925, Leonardshire, NJ 38333', 'city': 'Lake Jennifershire', 'pincode': '88580', 'region': 'Vermont', 'customer_type': 'Retail', 'preferred_channel': 'Email', 'language': 'English', 'updated_at': Timestamp('2025-10-22 15:01:39.661963')}, {'customer_key': 'f8475538-4d4f-44e9-a4e6-033c8249cf09', 'customer_id': 15100.0, 'country': 'United Kingdom', 'first_name': 'Hunter', 'last_name': 'Fischer', 'title': 'Mr.', 'gender': 'Male', 'dob': datetime.date(2007, 8, 17), 'age': 18, 'marital_status': 'Divorced', 'phone_no': '494.401.0193x35010', 'email': 'richardwhite@example.org', 'address': '817 Fox Row Apt. 013, Margaretfurt, FL 60620', 'city': 'Smithport', 'pincode': '65307', 'region': 'Kansas', 'customer_type': 'Corporate', 'preferred_channel': 'SMS', 'language': 'English', 'updated_at': Timestamp('2025-10-22 15:01:39.661963')}, {'customer_key': '51ce8afc-4315-4614-948a-5400f867f591', 'customer_id': 15291.0, 'country': 'United Kingdom', 'first_name': 'Jeffrey', 'last_name': 'Cooke', 'title': 'Mr.', 'gender': 'Male', 'dob': datetime.date(2005, 1, 27), 'age': 20, 'marital_status': 'Married', 'phone_no': '3689523027', 'email': 'tbarnes@example.net', 'address': '621 Seth Flat Apt. 323, Hodgesborough, ND 60452', 'city': 'East Peter', 'pincode': '62220', 'region': 'North Dakota', 'customer_type': 'Wholesale', 'preferred_channel': 'SMS', 'language': 'Spanish', 'updated_at': Timestamp('2025-10-22 15:01:39.661963')}, {'customer_key': 'd804a0b9-c43b-4978-91df-237166bc4cb6', 'customer_id': 14688.0, 'country': 'United Kingdom', 'first_name': 'Stephanie', 'last_name': 'Garcia', 'title': 'Ms.', 'gender': 'Female', 'dob': datetime.date(1954, 11, 24), 'age': 70, 'marital_status': 'Single', 'phone_no': '387.255.6373', 'email': 'fjimenez@example.org', 'address': '9869 Olson Loaf, South Amanda, IA 55867', 'city': 'Port Laura', 'pincode': '99127', 'region': 'Idaho', 'customer_type': 'Corporate', 'preferred_channel': 'Email', 'language': 'German', 'updated_at': Timestamp('2025-10-22 15:01:39.661963')}, {'customer_key': '2ce6f8e8-1f22-4846-904e-394ed7fa17d8', 'customer_id': 17809.0, 'country': 'United Kingdom', 'first_name': 'John', 'last_name': 'Peterson', 'title': 'Mr.', 'gender': 'Male', 'dob': datetime.date(1992, 9, 4), 'age': 33, 'marital_status': 'Divorced', 'phone_no': '(524)476-3350x708', 'email': 'samantha43@example.com', 'address': '88717 Jose Oval, North Mckenzieland, IA 30626', 'city': 'South Katie', 'pincode': '85925', 'region': 'Alaska', 'customer_type': 'Retail', 'preferred_channel': 'WhatsApp', 'language': 'English', 'updated_at': Timestamp('2025-10-22 15:01:39.661963')}  ... displaying 10 of 49 total bound parameter sets ...  {'customer_key': '78cf4bc9-2e33-4891-adb8-f6a4773990b1', 'customer_id': 17951.0, 'country': 'United Kingdom', 'first_name': 'Matthew', 'last_name': 'Love', 'title': 'Mr.', 'gender': 'Male', 'dob': datetime.date(2005, 8, 2), 'age': 20, 'marital_status': 'Single', 'phone_no': '001-376-867-4273x2200', 'email': 'ybrown@example.org', 'address': '663 Kelly Valley, Lake Kennethville, GU 55079', 'city': 'New Jennifer', 'pincode': '24011', 'region': 'Mississippi', 'customer_type': 'Corporate', 'preferred_channel': 'Email', 'language': 'French', 'updated_at': Timestamp('2025-10-22 15:01:39.661963')}, {'customer_key': '6ccb3a88-4494-4b1e-acb9-f505b5026cfd', 'customer_id': 14729.0, 'country': 'United Kingdom', 'first_name': 'Andrew', 'last_name': 'Hernandez', 'title': 'Mr.', 'gender': 'Male', 'dob': datetime.date(2006, 3, 7), 'age': 19, 'marital_status': 'Single', 'phone_no': '318-341-3085x734', 'email': 'karengray@example.org', 'address': '222 Stanley Passage Apt. 399, Christopherview, PA 69835', 'city': 'North Johnview', 'pincode': '60166', 'region': 'New Jersey', 'customer_type': 'Retail', 'preferred_channel': 'Email', 'language': 'Hindi', 'updated_at': Timestamp('2025-10-22 15:01:39.661963')})]
(Background on this error at: https://sqlalche.me/e/14/9h9h); 5585)
[2025-10-22T15:01:39.808+0000] {local_task_job_runner.py:234} INFO - Task exited with return code 1
[2025-10-22T15:01:39.861+0000] {taskinstance.py:3280} INFO - 0 downstream tasks scheduled from follow-on schedule check
