[2025-10-22T15:38:20.402+0000] {taskinstance.py:1956} INFO - Dependencies all met for dep_context=non-requeueable deps ti=<TaskInstance: sales_pipeline_master_dag.load_fact_sales manual__2025-10-22T15:37:57.074833+00:00 [queued]>
[2025-10-22T15:38:20.425+0000] {taskinstance.py:1956} INFO - Dependencies all met for dep_context=requeueable deps ti=<TaskInstance: sales_pipeline_master_dag.load_fact_sales manual__2025-10-22T15:37:57.074833+00:00 [queued]>
[2025-10-22T15:38:20.426+0000] {taskinstance.py:2170} INFO - Starting attempt 1 of 1
[2025-10-22T15:38:20.462+0000] {taskinstance.py:2191} INFO - Executing <Task(PythonOperator): load_fact_sales> on 2025-10-22 15:37:57.074833+00:00
[2025-10-22T15:38:20.476+0000] {standard_task_runner.py:60} INFO - Started process 6156 to run task
[2025-10-22T15:38:20.483+0000] {standard_task_runner.py:87} INFO - Running: ['***', 'tasks', 'run', 'sales_pipeline_master_dag', 'load_fact_sales', 'manual__2025-10-22T15:37:57.074833+00:00', '--job-id', '374', '--raw', '--subdir', 'DAGS_FOLDER/dim_customer_dag.py', '--cfg-path', '/tmp/tmphydgx9eq']
[2025-10-22T15:38:20.486+0000] {standard_task_runner.py:88} INFO - Job 374: Subtask load_fact_sales
[2025-10-22T15:38:20.585+0000] {task_command.py:423} INFO - Running <TaskInstance: sales_pipeline_master_dag.load_fact_sales manual__2025-10-22T15:37:57.074833+00:00 [running]> on host 73b97317d540
[2025-10-22T15:38:20.793+0000] {taskinstance.py:2480} INFO - Exporting env vars: AIRFLOW_CTX_DAG_OWNER='***' AIRFLOW_CTX_DAG_ID='sales_pipeline_master_dag' AIRFLOW_CTX_TASK_ID='load_fact_sales' AIRFLOW_CTX_EXECUTION_DATE='2025-10-22T15:37:57.074833+00:00' AIRFLOW_CTX_TRY_NUMBER='1' AIRFLOW_CTX_DAG_RUN_ID='manual__2025-10-22T15:37:57.074833+00:00'
[2025-10-22T15:38:20.798+0000] {logging_mixin.py:188} INFO -  Starting fact_sales ETL pipeline
[2025-10-22T15:38:20.840+0000] {logging_mixin.py:188} INFO -  No successful run found for fact_sales — will perform full load.
[2025-10-22T15:38:20.842+0000] {logging_mixin.py:188} INFO -  No successful run found — performing full load.
[2025-10-22T15:38:31.781+0000] {warnings.py:109} WARNING - /opt/***/dags/etl_scripts/sales_etl.py:37: UserWarning: Parsing dates in %d/%m/%Y %I:%M:%S %p format when dayfirst=False (the default) was specified. Pass `dayfirst=True` or specify a format to silence this warning.
  df["InDate"] = pd.to_datetime(df["InDate"], errors="coerce")

[2025-10-22T15:38:31.785+0000] {logging_mixin.py:188} INFO -  First load — total sales records: 1000
[2025-10-22T15:38:31.843+0000] {taskinstance.py:2698} ERROR - Task failed with exception
Traceback (most recent call last):
  File "/home/airflow/.local/lib/python3.8/site-packages/airflow/models/taskinstance.py", line 433, in _execute_task
    result = execute_callable(context=context, **execute_callable_kwargs)
  File "/home/airflow/.local/lib/python3.8/site-packages/airflow/operators/python.py", line 199, in execute
    return_value = self.execute_callable()
  File "/home/airflow/.local/lib/python3.8/site-packages/airflow/operators/python.py", line 216, in execute_callable
    return self.python_callable(*self.op_args, **self.op_kwargs)
  File "/opt/airflow/dags/etl_scripts/sales_etl.py", line 68, in run_sales_etl
    new_data['customer_id'] = new_data['customer_id'].astype(int)
  File "/home/airflow/.local/lib/python3.8/site-packages/pandas/core/generic.py", line 6324, in astype
    new_data = self._mgr.astype(dtype=dtype, copy=copy, errors=errors)
  File "/home/airflow/.local/lib/python3.8/site-packages/pandas/core/internals/managers.py", line 451, in astype
    return self.apply(
  File "/home/airflow/.local/lib/python3.8/site-packages/pandas/core/internals/managers.py", line 352, in apply
    applied = getattr(b, f)(**kwargs)
  File "/home/airflow/.local/lib/python3.8/site-packages/pandas/core/internals/blocks.py", line 511, in astype
    new_values = astype_array_safe(values, dtype, copy=copy, errors=errors)
  File "/home/airflow/.local/lib/python3.8/site-packages/pandas/core/dtypes/astype.py", line 242, in astype_array_safe
    new_values = astype_array(values, dtype, copy=copy)
  File "/home/airflow/.local/lib/python3.8/site-packages/pandas/core/dtypes/astype.py", line 187, in astype_array
    values = _astype_nansafe(values, dtype, copy=copy)
  File "/home/airflow/.local/lib/python3.8/site-packages/pandas/core/dtypes/astype.py", line 105, in _astype_nansafe
    return _astype_float_to_int_nansafe(arr, dtype, copy)
  File "/home/airflow/.local/lib/python3.8/site-packages/pandas/core/dtypes/astype.py", line 150, in _astype_float_to_int_nansafe
    raise IntCastingNaNError(
pandas.errors.IntCastingNaNError: Cannot convert non-finite values (NA or inf) to integer
[2025-10-22T15:38:31.869+0000] {taskinstance.py:1138} INFO - Marking task as FAILED. dag_id=sales_pipeline_master_dag, task_id=load_fact_sales, execution_date=20251022T153757, start_date=20251022T153820, end_date=20251022T153831
[2025-10-22T15:38:31.875+0000] {logging_mixin.py:188} INFO -  Logged ETL run for dim_customer: failed at 2025-10-22 15:38:31.870493
[2025-10-22T15:38:31.876+0000] {logging_mixin.py:188} INFO - Task load_fact_sales in DAG sales_pipeline_master_dag failed!
[2025-10-22T15:38:31.899+0000] {standard_task_runner.py:107} ERROR - Failed to execute job 374 for task load_fact_sales (Cannot convert non-finite values (NA or inf) to integer; 6156)
[2025-10-22T15:38:31.963+0000] {local_task_job_runner.py:234} INFO - Task exited with return code 1
[2025-10-22T15:38:31.994+0000] {taskinstance.py:3280} INFO - 0 downstream tasks scheduled from follow-on schedule check
