[2025-10-22T15:44:42.849+0000] {taskinstance.py:1956} INFO - Dependencies all met for dep_context=non-requeueable deps ti=<TaskInstance: sales_pipeline_master_dag.load_fact_sales manual__2025-10-22T15:44:22.118678+00:00 [queued]>
[2025-10-22T15:44:42.860+0000] {taskinstance.py:1956} INFO - Dependencies all met for dep_context=requeueable deps ti=<TaskInstance: sales_pipeline_master_dag.load_fact_sales manual__2025-10-22T15:44:22.118678+00:00 [queued]>
[2025-10-22T15:44:42.861+0000] {taskinstance.py:2170} INFO - Starting attempt 1 of 1
[2025-10-22T15:44:42.881+0000] {taskinstance.py:2191} INFO - Executing <Task(PythonOperator): load_fact_sales> on 2025-10-22 15:44:22.118678+00:00
[2025-10-22T15:44:42.889+0000] {standard_task_runner.py:60} INFO - Started process 6265 to run task
[2025-10-22T15:44:42.893+0000] {standard_task_runner.py:87} INFO - Running: ['***', 'tasks', 'run', 'sales_pipeline_master_dag', 'load_fact_sales', 'manual__2025-10-22T15:44:22.118678+00:00', '--job-id', '381', '--raw', '--subdir', 'DAGS_FOLDER/dim_customer_dag.py', '--cfg-path', '/tmp/tmp09obgxl7']
[2025-10-22T15:44:42.895+0000] {standard_task_runner.py:88} INFO - Job 381: Subtask load_fact_sales
[2025-10-22T15:44:42.980+0000] {task_command.py:423} INFO - Running <TaskInstance: sales_pipeline_master_dag.load_fact_sales manual__2025-10-22T15:44:22.118678+00:00 [running]> on host 73b97317d540
[2025-10-22T15:44:43.130+0000] {taskinstance.py:2480} INFO - Exporting env vars: AIRFLOW_CTX_DAG_OWNER='***' AIRFLOW_CTX_DAG_ID='sales_pipeline_master_dag' AIRFLOW_CTX_TASK_ID='load_fact_sales' AIRFLOW_CTX_EXECUTION_DATE='2025-10-22T15:44:22.118678+00:00' AIRFLOW_CTX_TRY_NUMBER='1' AIRFLOW_CTX_DAG_RUN_ID='manual__2025-10-22T15:44:22.118678+00:00'
[2025-10-22T15:44:43.132+0000] {logging_mixin.py:188} INFO -  Starting fact_sales ETL pipeline
[2025-10-22T15:44:43.161+0000] {logging_mixin.py:188} INFO -  No successful run found for fact_sales — will perform full load.
[2025-10-22T15:44:43.162+0000] {logging_mixin.py:188} INFO -  No successful run found — performing full load.
[2025-10-22T15:44:53.134+0000] {warnings.py:109} WARNING - /opt/***/dags/etl_scripts/sales_etl.py:37: UserWarning: Parsing dates in %d/%m/%Y %I:%M:%S %p format when dayfirst=False (the default) was specified. Pass `dayfirst=True` or specify a format to silence this warning.
  df["InDate"] = pd.to_datetime(df["InDate"], errors="coerce")

[2025-10-22T15:44:53.138+0000] {logging_mixin.py:188} INFO -  First load — total sales records: 1000
[2025-10-22T15:44:53.319+0000] {logging_mixin.py:188} INFO -  Successfully loaded 1000 records into fact_sales
[2025-10-22T15:44:53.325+0000] {logging_mixin.py:188} INFO -  fact_sales ETL completed successfully.
[2025-10-22T15:44:53.412+0000] {python.py:201} INFO - Done. Returned value was: None
[2025-10-22T15:44:53.430+0000] {taskinstance.py:1138} INFO - Marking task as SUCCESS. dag_id=sales_pipeline_master_dag, task_id=load_fact_sales, execution_date=20251022T154422, start_date=20251022T154442, end_date=20251022T154453
[2025-10-22T15:44:53.438+0000] {logging_mixin.py:188} INFO -  Logged ETL run for fact_sales: success at 2025-10-22 15:44:53.431705
[2025-10-22T15:44:53.478+0000] {local_task_job_runner.py:234} INFO - Task exited with return code 0
[2025-10-22T15:44:53.506+0000] {taskinstance.py:3280} INFO - 0 downstream tasks scheduled from follow-on schedule check
