[2025-10-21T10:53:16.849+0000] {taskinstance.py:1956} INFO - Dependencies all met for dep_context=non-requeueable deps ti=<TaskInstance: sales_pipeline_master_dag.load_dim_date manual__2025-10-21T10:53:10.349460+00:00 [queued]>
[2025-10-21T10:53:16.875+0000] {taskinstance.py:1956} INFO - Dependencies all met for dep_context=requeueable deps ti=<TaskInstance: sales_pipeline_master_dag.load_dim_date manual__2025-10-21T10:53:10.349460+00:00 [queued]>
[2025-10-21T10:53:16.877+0000] {taskinstance.py:2170} INFO - Starting attempt 1 of 1
[2025-10-21T10:53:16.916+0000] {taskinstance.py:2191} INFO - Executing <Task(PythonOperator): load_dim_date> on 2025-10-21 10:53:10.349460+00:00
[2025-10-21T10:53:16.936+0000] {standard_task_runner.py:60} INFO - Started process 114 to run task
[2025-10-21T10:53:16.958+0000] {standard_task_runner.py:87} INFO - Running: ['***', 'tasks', 'run', 'sales_pipeline_master_dag', 'load_dim_date', 'manual__2025-10-21T10:53:10.349460+00:00', '--job-id', '206', '--raw', '--subdir', 'DAGS_FOLDER/dim_customer_dag.py', '--cfg-path', '/tmp/tmpn_sy5th6']
[2025-10-21T10:53:16.961+0000] {standard_task_runner.py:88} INFO - Job 206: Subtask load_dim_date
[2025-10-21T10:53:17.283+0000] {task_command.py:423} INFO - Running <TaskInstance: sales_pipeline_master_dag.load_dim_date manual__2025-10-21T10:53:10.349460+00:00 [running]> on host 73b97317d540
[2025-10-21T10:53:17.661+0000] {taskinstance.py:2480} INFO - Exporting env vars: AIRFLOW_CTX_DAG_OWNER='***' AIRFLOW_CTX_DAG_ID='sales_pipeline_master_dag' AIRFLOW_CTX_TASK_ID='load_dim_date' AIRFLOW_CTX_EXECUTION_DATE='2025-10-21T10:53:10.349460+00:00' AIRFLOW_CTX_TRY_NUMBER='1' AIRFLOW_CTX_DAG_RUN_ID='manual__2025-10-21T10:53:10.349460+00:00'
[2025-10-21T10:53:17.674+0000] {logging_mixin.py:188} INFO -  Starting dim_date ETL pipeline
[2025-10-21T10:53:17.800+0000] {logging_mixin.py:188} INFO -  Last SUCCESS run for dim_date: 2025-10-21 10:14:21.435258
[2025-10-21T10:53:17.807+0000] {logging_mixin.py:188} INFO -  Last successful run found: 2025-10-21 10:14:21.435258
[2025-10-21T10:53:40.068+0000] {warnings.py:109} WARNING - /opt/***/dags/etl_scripts/date_etl.py:36: UserWarning: Parsing dates in %d/%m/%Y %I:%M:%S %p format when dayfirst=False (the default) was specified. Pass `dayfirst=True` or specify a format to silence this warning.
  df["InDate"] = pd.to_datetime(df["InDate"], errors="coerce")

[2025-10-21T10:53:40.269+0000] {logging_mixin.py:188} INFO -  Found 0 new date records since last run.
[2025-10-21T10:53:40.270+0000] {logging_mixin.py:188} INFO -  No new date records to insert.
[2025-10-21T10:53:40.304+0000] {logging_mixin.py:188} INFO -  Logged ETL run for dim_date: success at 2025-10-21 10:53:40.273695
[2025-10-21T10:53:40.316+0000] {python.py:201} INFO - Done. Returned value was: None
[2025-10-21T10:53:40.413+0000] {taskinstance.py:1138} INFO - Marking task as SUCCESS. dag_id=sales_pipeline_master_dag, task_id=load_dim_date, execution_date=20251021T105310, start_date=20251021T105316, end_date=20251021T105340
[2025-10-21T10:53:40.425+0000] {logging_mixin.py:188} INFO -  Logged ETL run for dim_date: success at 2025-10-21 10:53:40.417482
[2025-10-21T10:53:40.562+0000] {local_task_job_runner.py:234} INFO - Task exited with return code 0
[2025-10-21T10:53:40.666+0000] {taskinstance.py:3280} INFO - 0 downstream tasks scheduled from follow-on schedule check
