[2025-10-22T11:48:21.847+0000] {taskinstance.py:1956} INFO - Dependencies all met for dep_context=non-requeueable deps ti=<TaskInstance: sales_pipeline_master_dag.load_dim_customer manual__2025-10-22T11:48:16.823965+00:00 [queued]>
[2025-10-22T11:48:21.866+0000] {taskinstance.py:1956} INFO - Dependencies all met for dep_context=requeueable deps ti=<TaskInstance: sales_pipeline_master_dag.load_dim_customer manual__2025-10-22T11:48:16.823965+00:00 [queued]>
[2025-10-22T11:48:21.867+0000] {taskinstance.py:2170} INFO - Starting attempt 1 of 1
[2025-10-22T11:48:21.901+0000] {taskinstance.py:2191} INFO - Executing <Task(PythonOperator): load_dim_customer> on 2025-10-22 11:48:16.823965+00:00
[2025-10-22T11:48:21.912+0000] {standard_task_runner.py:60} INFO - Started process 3693 to run task
[2025-10-22T11:48:21.920+0000] {standard_task_runner.py:87} INFO - Running: ['***', 'tasks', 'run', 'sales_pipeline_master_dag', 'load_dim_customer', 'manual__2025-10-22T11:48:16.823965+00:00', '--job-id', '284', '--raw', '--subdir', 'DAGS_FOLDER/dim_customer_dag.py', '--cfg-path', '/tmp/tmpcsxg_vol']
[2025-10-22T11:48:21.923+0000] {standard_task_runner.py:88} INFO - Job 284: Subtask load_dim_customer
[2025-10-22T11:48:22.048+0000] {task_command.py:423} INFO - Running <TaskInstance: sales_pipeline_master_dag.load_dim_customer manual__2025-10-22T11:48:16.823965+00:00 [running]> on host 73b97317d540
[2025-10-22T11:48:22.342+0000] {taskinstance.py:2480} INFO - Exporting env vars: AIRFLOW_CTX_DAG_OWNER='***' AIRFLOW_CTX_DAG_ID='sales_pipeline_master_dag' AIRFLOW_CTX_TASK_ID='load_dim_customer' AIRFLOW_CTX_EXECUTION_DATE='2025-10-22T11:48:16.823965+00:00' AIRFLOW_CTX_TRY_NUMBER='1' AIRFLOW_CTX_DAG_RUN_ID='manual__2025-10-22T11:48:16.823965+00:00'
[2025-10-22T11:48:22.345+0000] {logging_mixin.py:188} INFO -  Starting dim_customer ETL pipeline
[2025-10-22T11:48:22.473+0000] {logging_mixin.py:188} INFO -  Last SUCCESS run for dim_customer: 2025-10-22 05:14:17.638524
[2025-10-22T11:48:22.474+0000] {logging_mixin.py:188} INFO -  Last successful run found: 2025-10-22 05:14:17.638524
[2025-10-22T11:48:34.616+0000] {warnings.py:109} WARNING - /opt/***/dags/etl_scripts/customer_etl.py:44: UserWarning: Parsing dates in %d/%m/%Y %I:%M:%S %p format when dayfirst=False (the default) was specified. Pass `dayfirst=True` or specify a format to silence this warning.
  df["in_date"] = pd.to_datetime(df["in_date"], errors="coerce")

[2025-10-22T11:48:35.659+0000] {logging_mixin.py:188} INFO - Found 1 new/updated records since last run.
[2025-10-22T11:48:35.681+0000] {taskinstance.py:2698} ERROR - Task failed with exception
Traceback (most recent call last):
  File "/home/airflow/.local/lib/python3.8/site-packages/sqlalchemy/engine/base.py", line 1910, in _execute_context
    self.dialect.do_execute(
  File "/home/airflow/.local/lib/python3.8/site-packages/sqlalchemy/engine/default.py", line 736, in do_execute
    cursor.execute(statement, parameters)
psycopg2.errors.UndefinedTable: relation "dim_customer" does not exist
LINE 2:         INSERT INTO dim_customer (customer_key, customer_id,...
                            ^


The above exception was the direct cause of the following exception:

Traceback (most recent call last):
  File "/home/airflow/.local/lib/python3.8/site-packages/airflow/models/taskinstance.py", line 433, in _execute_task
    result = execute_callable(context=context, **execute_callable_kwargs)
  File "/home/airflow/.local/lib/python3.8/site-packages/airflow/operators/python.py", line 199, in execute
    return_value = self.execute_callable()
  File "/home/airflow/.local/lib/python3.8/site-packages/airflow/operators/python.py", line 216, in execute_callable
    return self.python_callable(*self.op_args, **self.op_kwargs)
  File "/opt/airflow/dags/etl_scripts/customer_etl.py", line 132, in run_customer_etl
    upsert_dimension(
  File "/opt/airflow/dags/etl_scripts/common_utils.py", line 76, in upsert_dimension
    conn.execute(sql, rows_prepped)
  File "/home/airflow/.local/lib/python3.8/site-packages/sqlalchemy/engine/base.py", line 1385, in execute
    return meth(self, multiparams, params, _EMPTY_EXECUTION_OPTS)
  File "/home/airflow/.local/lib/python3.8/site-packages/sqlalchemy/sql/elements.py", line 334, in _execute_on_connection
    return connection._execute_clauseelement(
  File "/home/airflow/.local/lib/python3.8/site-packages/sqlalchemy/engine/base.py", line 1577, in _execute_clauseelement
    ret = self._execute_context(
  File "/home/airflow/.local/lib/python3.8/site-packages/sqlalchemy/engine/base.py", line 1953, in _execute_context
    self._handle_dbapi_exception(
  File "/home/airflow/.local/lib/python3.8/site-packages/sqlalchemy/engine/base.py", line 2134, in _handle_dbapi_exception
    util.raise_(
  File "/home/airflow/.local/lib/python3.8/site-packages/sqlalchemy/util/compat.py", line 211, in raise_
    raise exception
  File "/home/airflow/.local/lib/python3.8/site-packages/sqlalchemy/engine/base.py", line 1910, in _execute_context
    self.dialect.do_execute(
  File "/home/airflow/.local/lib/python3.8/site-packages/sqlalchemy/engine/default.py", line 736, in do_execute
    cursor.execute(statement, parameters)
sqlalchemy.exc.ProgrammingError: (psycopg2.errors.UndefinedTable) relation "dim_customer" does not exist
LINE 2:         INSERT INTO dim_customer (customer_key, customer_id,...
                            ^

[SQL: 
        INSERT INTO dim_customer (customer_key, customer_id, country, first_name, last_name, title, gender, dob, age, marital_status, phone_no, email, address, city, pincode, region, customer_type, preferred_channel, language, updated_at)
        VALUES (%(customer_key)s, %(customer_id)s, %(country)s, %(first_name)s, %(last_name)s, %(title)s, %(gender)s, %(dob)s, %(age)s, %(marital_status)s, %(phone_no)s, %(email)s, %(address)s, %(city)s, %(pincode)s, %(region)s, %(customer_type)s, %(preferred_channel)s, %(language)s, %(updated_at)s)
        ON CONFLICT (customer_id) DO UPDATE
        SET country=EXCLUDED.country, first_name=EXCLUDED.first_name, last_name=EXCLUDED.last_name, title=EXCLUDED.title, gender=EXCLUDED.gender, dob=EXCLUDED.dob, age=EXCLUDED.age, marital_status=EXCLUDED.marital_status, phone_no=EXCLUDED.phone_no, email=EXCLUDED.email, address=EXCLUDED.address, city=EXCLUDED.city, pincode=EXCLUDED.pincode, region=EXCLUDED.region, customer_type=EXCLUDED.customer_type, preferred_channel=EXCLUDED.preferred_channel, language=EXCLUDED.language, updated_at=EXCLUDED.updated_at
        ]
[parameters: {'customer_key': '3e9383c6-d848-4d43-a320-67bc55ead70b', 'customer_id': 17850.0, 'country': 'United Kingdom', 'first_name': 'Frank', 'last_name': 'Smith', 'title': 'Mr.', 'gender': 'Male', 'dob': datetime.date(1968, 6, 10), 'age': 57, 'marital_status': 'Single', 'phone_no': '8728209986', 'email': 'molinajessica@example.net', 'address': '734 James Haven, Deborahmouth, MN 05499', 'city': 'Lake Karen', 'pincode': '71579', 'region': 'Oklahoma', 'customer_type': 'Corporate', 'preferred_channel': 'WhatsApp', 'language': 'German', 'updated_at': Timestamp('2025-10-22 11:48:35.656239')}]
(Background on this error at: https://sqlalche.me/e/14/f405)
[2025-10-22T11:48:35.713+0000] {taskinstance.py:1138} INFO - Marking task as FAILED. dag_id=sales_pipeline_master_dag, task_id=load_dim_customer, execution_date=20251022T114816, start_date=20251022T114821, end_date=20251022T114835
[2025-10-22T11:48:35.720+0000] {logging_mixin.py:188} INFO -  Logged ETL run for dim_customer: failed at 2025-10-22 11:48:35.714652
[2025-10-22T11:48:35.721+0000] {logging_mixin.py:188} INFO - Task load_dim_customer in DAG sales_pipeline_master_dag failed!
[2025-10-22T11:48:35.746+0000] {standard_task_runner.py:107} ERROR - Failed to execute job 284 for task load_dim_customer ((psycopg2.errors.UndefinedTable) relation "dim_customer" does not exist
LINE 2:         INSERT INTO dim_customer (customer_key, customer_id,...
                            ^

[SQL: 
        INSERT INTO dim_customer (customer_key, customer_id, country, first_name, last_name, title, gender, dob, age, marital_status, phone_no, email, address, city, pincode, region, customer_type, preferred_channel, language, updated_at)
        VALUES (%(customer_key)s, %(customer_id)s, %(country)s, %(first_name)s, %(last_name)s, %(title)s, %(gender)s, %(dob)s, %(age)s, %(marital_status)s, %(phone_no)s, %(email)s, %(address)s, %(city)s, %(pincode)s, %(region)s, %(customer_type)s, %(preferred_channel)s, %(language)s, %(updated_at)s)
        ON CONFLICT (customer_id) DO UPDATE
        SET country=EXCLUDED.country, first_name=EXCLUDED.first_name, last_name=EXCLUDED.last_name, title=EXCLUDED.title, gender=EXCLUDED.gender, dob=EXCLUDED.dob, age=EXCLUDED.age, marital_status=EXCLUDED.marital_status, phone_no=EXCLUDED.phone_no, email=EXCLUDED.email, address=EXCLUDED.address, city=EXCLUDED.city, pincode=EXCLUDED.pincode, region=EXCLUDED.region, customer_type=EXCLUDED.customer_type, preferred_channel=EXCLUDED.preferred_channel, language=EXCLUDED.language, updated_at=EXCLUDED.updated_at
        ]
[parameters: {'customer_key': '3e9383c6-d848-4d43-a320-67bc55ead70b', 'customer_id': 17850.0, 'country': 'United Kingdom', 'first_name': 'Frank', 'last_name': 'Smith', 'title': 'Mr.', 'gender': 'Male', 'dob': datetime.date(1968, 6, 10), 'age': 57, 'marital_status': 'Single', 'phone_no': '8728209986', 'email': 'molinajessica@example.net', 'address': '734 James Haven, Deborahmouth, MN 05499', 'city': 'Lake Karen', 'pincode': '71579', 'region': 'Oklahoma', 'customer_type': 'Corporate', 'preferred_channel': 'WhatsApp', 'language': 'German', 'updated_at': Timestamp('2025-10-22 11:48:35.656239')}]
(Background on this error at: https://sqlalche.me/e/14/f405); 3693)
[2025-10-22T11:48:35.780+0000] {local_task_job_runner.py:234} INFO - Task exited with return code 1
[2025-10-22T11:48:35.817+0000] {taskinstance.py:3280} INFO - 0 downstream tasks scheduled from follow-on schedule check
