[2025-10-15T11:05:58.053+0000] {taskinstance.py:1956} INFO - Dependencies all met for dep_context=non-requeueable deps ti=<TaskInstance: dim_customer_dag.load_dim_product manual__2025-10-15T11:05:37.602167+00:00 [queued]>
[2025-10-15T11:05:58.067+0000] {taskinstance.py:1956} INFO - Dependencies all met for dep_context=requeueable deps ti=<TaskInstance: dim_customer_dag.load_dim_product manual__2025-10-15T11:05:37.602167+00:00 [queued]>
[2025-10-15T11:05:58.068+0000] {taskinstance.py:2170} INFO - Starting attempt 1 of 1
[2025-10-15T11:05:58.093+0000] {taskinstance.py:2191} INFO - Executing <Task(PythonOperator): load_dim_product> on 2025-10-15 11:05:37.602167+00:00
[2025-10-15T11:05:58.102+0000] {standard_task_runner.py:60} INFO - Started process 11887 to run task
[2025-10-15T11:05:58.106+0000] {standard_task_runner.py:87} INFO - Running: ['***', 'tasks', 'run', 'dim_customer_dag', 'load_dim_product', 'manual__2025-10-15T11:05:37.602167+00:00', '--job-id', '174', '--raw', '--subdir', 'DAGS_FOLDER/dim_customer_dag.py', '--cfg-path', '/tmp/tmpbrbtaker']
[2025-10-15T11:05:58.109+0000] {standard_task_runner.py:88} INFO - Job 174: Subtask load_dim_product
[2025-10-15T11:05:58.209+0000] {task_command.py:423} INFO - Running <TaskInstance: dim_customer_dag.load_dim_product manual__2025-10-15T11:05:37.602167+00:00 [running]> on host cd1b8c665937
[2025-10-15T11:05:58.364+0000] {taskinstance.py:2480} INFO - Exporting env vars: AIRFLOW_CTX_DAG_OWNER='***' AIRFLOW_CTX_DAG_ID='dim_customer_dag' AIRFLOW_CTX_TASK_ID='load_dim_product' AIRFLOW_CTX_EXECUTION_DATE='2025-10-15T11:05:37.602167+00:00' AIRFLOW_CTX_TRY_NUMBER='1' AIRFLOW_CTX_DAG_RUN_ID='manual__2025-10-15T11:05:37.602167+00:00'
[2025-10-15T11:05:58.367+0000] {logging_mixin.py:188} INFO - 🚀 Starting dim_product ETL pipeline
[2025-10-15T11:05:58.507+0000] {logging_mixin.py:188} INFO -  Last SUCCESS run for dim_product: 2025-10-14 05:50:52.195275
[2025-10-15T11:05:58.508+0000] {logging_mixin.py:188} INFO -  Last successful run found: 2025-10-14 05:50:52.195275
[2025-10-15T11:06:08.620+0000] {warnings.py:109} WARNING - /opt/***/dags/etl_scripts/product_etl.py:46: UserWarning: Parsing dates in %d/%m/%Y %I:%M:%S %p format when dayfirst=False (the default) was specified. Pass `dayfirst=True` or specify a format to silence this warning.
  df["in_date"] = pd.to_datetime(df["in_date"], errors="coerce")

[2025-10-15T11:06:08.653+0000] {logging_mixin.py:188} INFO - 🔍 Found 1 new/updated product records since last run.
[2025-10-15T11:06:08.712+0000] {logging_mixin.py:188} INFO -  Successfully loaded 1 records into dim_product
[2025-10-15T11:06:08.966+0000] {logging_mixin.py:188} INFO -  dim_product ETL completed successfully.
[2025-10-15T11:06:08.967+0000] {python.py:201} INFO - Done. Returned value was: None
[2025-10-15T11:06:08.983+0000] {taskinstance.py:1138} INFO - Marking task as SUCCESS. dag_id=dim_customer_dag, task_id=load_dim_product, execution_date=20251015T110537, start_date=20251015T110558, end_date=20251015T110608
[2025-10-15T11:06:08.988+0000] {logging_mixin.py:188} INFO -  Logged ETL run for dim_product: success at 2025-10-15 11:06:08.984904
[2025-10-15T11:06:09.034+0000] {local_task_job_runner.py:234} INFO - Task exited with return code 0
[2025-10-15T11:06:09.114+0000] {taskinstance.py:3280} INFO - 0 downstream tasks scheduled from follow-on schedule check
