[2025-10-09T05:30:01.642+0000] {taskinstance.py:1956} INFO - Dependencies all met for dep_context=non-requeueable deps ti=<TaskInstance: run_sample_data_every_5min.run_sample_etl scheduled__2025-10-09T05:25:00+00:00 [queued]>
[2025-10-09T05:30:01.651+0000] {taskinstance.py:1956} INFO - Dependencies all met for dep_context=requeueable deps ti=<TaskInstance: run_sample_data_every_5min.run_sample_etl scheduled__2025-10-09T05:25:00+00:00 [queued]>
[2025-10-09T05:30:01.652+0000] {taskinstance.py:2170} INFO - Starting attempt 1 of 2
[2025-10-09T05:30:01.669+0000] {taskinstance.py:2191} INFO - Executing <Task(PythonOperator): run_sample_etl> on 2025-10-09 05:25:00+00:00
[2025-10-09T05:30:01.674+0000] {standard_task_runner.py:60} INFO - Started process 116 to run task
[2025-10-09T05:30:01.677+0000] {standard_task_runner.py:87} INFO - Running: ['***', 'tasks', 'run', 'run_sample_data_every_5min', 'run_sample_etl', 'scheduled__2025-10-09T05:25:00+00:00', '--job-id', '23', '--raw', '--subdir', 'DAGS_FOLDER/dag_file.py', '--cfg-path', '/tmp/tmpjumdm4ea']
[2025-10-09T05:30:01.681+0000] {standard_task_runner.py:88} INFO - Job 23: Subtask run_sample_etl
[2025-10-09T05:30:01.758+0000] {task_command.py:423} INFO - Running <TaskInstance: run_sample_data_every_5min.run_sample_etl scheduled__2025-10-09T05:25:00+00:00 [running]> on host bb11283bac74
[2025-10-09T05:30:01.861+0000] {taskinstance.py:2480} INFO - Exporting env vars: AIRFLOW_CTX_DAG_OWNER='***' AIRFLOW_CTX_DAG_ID='run_sample_data_every_5min' AIRFLOW_CTX_TASK_ID='run_sample_etl' AIRFLOW_CTX_EXECUTION_DATE='2025-10-09T05:25:00+00:00' AIRFLOW_CTX_TRY_NUMBER='1' AIRFLOW_CTX_DAG_RUN_ID='scheduled__2025-10-09T05:25:00+00:00'
[2025-10-09T05:30:01.936+0000] {logging_mixin.py:188} INFO - CSV loaded successfully!
[2025-10-09T05:30:01.988+0000] {logging_mixin.py:188} INFO - 
Customer Dimension:
[2025-10-09T05:30:02.012+0000] {logging_mixin.py:188} INFO -                            customer_key  customer_id  ... preferred_channel language
0  cc8037c4-b8b6-464f-b0a9-0aaca0eb5ebb        17850  ...             Email    Hindi
1  46d7c7a6-fc94-4128-b6cb-803f7974d3cc        13047  ...             Phone   German

[2 rows x 19 columns]
[2025-10-09T05:30:02.204+0000] {logging_mixin.py:188} INFO - ✅ All tables loaded successfully!
[2025-10-09T05:30:02.205+0000] {python.py:201} INFO - Done. Returned value was: None
[2025-10-09T05:30:02.219+0000] {taskinstance.py:1138} INFO - Marking task as SUCCESS. dag_id=run_sample_data_every_5min, task_id=run_sample_etl, execution_date=20251009T052500, start_date=20251009T053001, end_date=20251009T053002
[2025-10-09T05:30:02.252+0000] {local_task_job_runner.py:234} INFO - Task exited with return code 0
[2025-10-09T05:30:02.276+0000] {taskinstance.py:3280} INFO - 0 downstream tasks scheduled from follow-on schedule check
