[2025-10-09T05:10:02.251+0000] {taskinstance.py:1956} INFO - Dependencies all met for dep_context=non-requeueable deps ti=<TaskInstance: run_sample_data_every_5min.run_sample_etl scheduled__2025-10-09T05:05:00+00:00 [queued]>
[2025-10-09T05:10:02.261+0000] {taskinstance.py:1956} INFO - Dependencies all met for dep_context=requeueable deps ti=<TaskInstance: run_sample_data_every_5min.run_sample_etl scheduled__2025-10-09T05:05:00+00:00 [queued]>
[2025-10-09T05:10:02.262+0000] {taskinstance.py:2170} INFO - Starting attempt 1 of 2
[2025-10-09T05:10:02.282+0000] {taskinstance.py:2191} INFO - Executing <Task(PythonOperator): run_sample_etl> on 2025-10-09 05:05:00+00:00
[2025-10-09T05:10:02.288+0000] {standard_task_runner.py:60} INFO - Started process 120 to run task
[2025-10-09T05:10:02.291+0000] {standard_task_runner.py:87} INFO - Running: ['***', 'tasks', 'run', 'run_sample_data_every_5min', 'run_sample_etl', 'scheduled__2025-10-09T05:05:00+00:00', '--job-id', '16', '--raw', '--subdir', 'DAGS_FOLDER/dag_file.py', '--cfg-path', '/tmp/tmproeha5x7']
[2025-10-09T05:10:02.294+0000] {standard_task_runner.py:88} INFO - Job 16: Subtask run_sample_etl
[2025-10-09T05:10:02.378+0000] {task_command.py:423} INFO - Running <TaskInstance: run_sample_data_every_5min.run_sample_etl scheduled__2025-10-09T05:05:00+00:00 [running]> on host e525c82dec49
[2025-10-09T05:10:02.521+0000] {taskinstance.py:2480} INFO - Exporting env vars: AIRFLOW_CTX_DAG_OWNER='***' AIRFLOW_CTX_DAG_ID='run_sample_data_every_5min' AIRFLOW_CTX_TASK_ID='run_sample_etl' AIRFLOW_CTX_EXECUTION_DATE='2025-10-09T05:05:00+00:00' AIRFLOW_CTX_TRY_NUMBER='1' AIRFLOW_CTX_DAG_RUN_ID='scheduled__2025-10-09T05:05:00+00:00'
[2025-10-09T05:10:02.620+0000] {logging_mixin.py:188} INFO - CSV loaded successfully!
[2025-10-09T05:10:02.681+0000] {logging_mixin.py:188} INFO - 
Customer Dimension:
[2025-10-09T05:10:02.709+0000] {logging_mixin.py:188} INFO -                            customer_key  customer_id  ... preferred_channel language
0  44bf444b-7f9a-4f71-a60a-483ceb25e851        17850  ...             Email   French
1  b6c1efe9-a7b4-46b2-9f7d-eaac5dde6257        13047  ...               SMS   French

[2 rows x 19 columns]
[2025-10-09T05:10:02.898+0000] {logging_mixin.py:188} INFO - ✅ All tables loaded successfully!
[2025-10-09T05:10:02.899+0000] {python.py:201} INFO - Done. Returned value was: None
[2025-10-09T05:10:02.916+0000] {taskinstance.py:1138} INFO - Marking task as SUCCESS. dag_id=run_sample_data_every_5min, task_id=run_sample_etl, execution_date=20251009T050500, start_date=20251009T051002, end_date=20251009T051002
[2025-10-09T05:10:02.986+0000] {local_task_job_runner.py:234} INFO - Task exited with return code 0
[2025-10-09T05:10:03.034+0000] {taskinstance.py:3280} INFO - 0 downstream tasks scheduled from follow-on schedule check
