[2025-10-22T15:38:01.783+0000] {taskinstance.py:1956} INFO - Dependencies all met for dep_context=non-requeueable deps ti=<TaskInstance: sales_pipeline_master_dag.load_dim_date manual__2025-10-22T15:37:57.074833+00:00 [queued]>
[2025-10-22T15:38:01.806+0000] {taskinstance.py:1956} INFO - Dependencies all met for dep_context=requeueable deps ti=<TaskInstance: sales_pipeline_master_dag.load_dim_date manual__2025-10-22T15:37:57.074833+00:00 [queued]>
[2025-10-22T15:38:01.807+0000] {taskinstance.py:2170} INFO - Starting attempt 1 of 1
[2025-10-22T15:38:01.843+0000] {taskinstance.py:2191} INFO - Executing <Task(PythonOperator): load_dim_date> on 2025-10-22 15:37:57.074833+00:00
[2025-10-22T15:38:01.855+0000] {standard_task_runner.py:60} INFO - Started process 6152 to run task
[2025-10-22T15:38:01.863+0000] {standard_task_runner.py:87} INFO - Running: ['***', 'tasks', 'run', 'sales_pipeline_master_dag', 'load_dim_date', 'manual__2025-10-22T15:37:57.074833+00:00', '--job-id', '373', '--raw', '--subdir', 'DAGS_FOLDER/dim_customer_dag.py', '--cfg-path', '/tmp/tmpf3mr2cxt']
[2025-10-22T15:38:01.867+0000] {standard_task_runner.py:88} INFO - Job 373: Subtask load_dim_date
[2025-10-22T15:38:02.018+0000] {task_command.py:423} INFO - Running <TaskInstance: sales_pipeline_master_dag.load_dim_date manual__2025-10-22T15:37:57.074833+00:00 [running]> on host 73b97317d540
[2025-10-22T15:38:02.260+0000] {taskinstance.py:2480} INFO - Exporting env vars: AIRFLOW_CTX_DAG_OWNER='***' AIRFLOW_CTX_DAG_ID='sales_pipeline_master_dag' AIRFLOW_CTX_TASK_ID='load_dim_date' AIRFLOW_CTX_EXECUTION_DATE='2025-10-22T15:37:57.074833+00:00' AIRFLOW_CTX_TRY_NUMBER='1' AIRFLOW_CTX_DAG_RUN_ID='manual__2025-10-22T15:37:57.074833+00:00'
[2025-10-22T15:38:02.264+0000] {logging_mixin.py:188} INFO -  Starting dim_date ETL pipeline
[2025-10-22T15:38:02.323+0000] {logging_mixin.py:188} INFO -  No successful run found for dim_date — will perform full load.
[2025-10-22T15:38:02.325+0000] {logging_mixin.py:188} INFO -  No successful run found — performing full load.
[2025-10-22T15:38:15.822+0000] {warnings.py:109} WARNING - /opt/***/dags/etl_scripts/date_etl.py:36: UserWarning: Parsing dates in %d/%m/%Y %I:%M:%S %p format when dayfirst=False (the default) was specified. Pass `dayfirst=True` or specify a format to silence this warning.
  df["InDate"] = pd.to_datetime(df["InDate"], errors="coerce")

[2025-10-22T15:38:15.899+0000] {logging_mixin.py:188} INFO -  First load — total date records: 1000
[2025-10-22T15:38:15.918+0000] {logging_mixin.py:188} INFO - Verified: dim_date table exists in database.
[2025-10-22T15:38:15.949+0000] {logging_mixin.py:188} INFO - Inserted/Upserted 2 rows into dim_date
[2025-10-22T15:38:15.954+0000] {logging_mixin.py:188} INFO - ✅ Upsert completed: 2 records processed into dim_date.
[2025-10-22T15:38:15.955+0000] {logging_mixin.py:188} INFO -  dim_date ETL completed successfully.
[2025-10-22T15:38:15.956+0000] {python.py:201} INFO - Done. Returned value was: None
[2025-10-22T15:38:15.980+0000] {taskinstance.py:1138} INFO - Marking task as SUCCESS. dag_id=sales_pipeline_master_dag, task_id=load_dim_date, execution_date=20251022T153757, start_date=20251022T153801, end_date=20251022T153815
[2025-10-22T15:38:15.986+0000] {logging_mixin.py:188} INFO -  Logged ETL run for dim_date: success at 2025-10-22 15:38:15.981648
[2025-10-22T15:38:16.033+0000] {local_task_job_runner.py:234} INFO - Task exited with return code 0
[2025-10-22T15:38:16.080+0000] {taskinstance.py:3280} INFO - 0 downstream tasks scheduled from follow-on schedule check
