[2025-10-12T13:29:12.200+0000] {taskinstance.py:1956} INFO - Dependencies all met for dep_context=non-requeueable deps ti=<TaskInstance: dim_customer_dag.load_dim_customer manual__2025-10-12T13:29:08.120078+00:00 [queued]>
[2025-10-12T13:29:12.220+0000] {taskinstance.py:1956} INFO - Dependencies all met for dep_context=requeueable deps ti=<TaskInstance: dim_customer_dag.load_dim_customer manual__2025-10-12T13:29:08.120078+00:00 [queued]>
[2025-10-12T13:29:12.223+0000] {taskinstance.py:2170} INFO - Starting attempt 1 of 1
[2025-10-12T13:29:12.279+0000] {taskinstance.py:2191} INFO - Executing <Task(PythonOperator): load_dim_customer> on 2025-10-12 13:29:08.120078+00:00
[2025-10-12T13:29:12.296+0000] {standard_task_runner.py:60} INFO - Started process 2945 to run task
[2025-10-12T13:29:12.302+0000] {standard_task_runner.py:87} INFO - Running: ['***', 'tasks', 'run', 'dim_customer_dag', 'load_dim_customer', 'manual__2025-10-12T13:29:08.120078+00:00', '--job-id', '122', '--raw', '--subdir', 'DAGS_FOLDER/dim_customer_dag.py', '--cfg-path', '/tmp/tmpzmglgbu6']
[2025-10-12T13:29:12.308+0000] {standard_task_runner.py:88} INFO - Job 122: Subtask load_dim_customer
[2025-10-12T13:29:12.462+0000] {task_command.py:423} INFO - Running <TaskInstance: dim_customer_dag.load_dim_customer manual__2025-10-12T13:29:08.120078+00:00 [running]> on host ba936f2a330d
[2025-10-12T13:29:12.671+0000] {taskinstance.py:2480} INFO - Exporting env vars: AIRFLOW_CTX_DAG_OWNER='***' AIRFLOW_CTX_DAG_ID='dim_customer_dag' AIRFLOW_CTX_TASK_ID='load_dim_customer' AIRFLOW_CTX_EXECUTION_DATE='2025-10-12T13:29:08.120078+00:00' AIRFLOW_CTX_TRY_NUMBER='1' AIRFLOW_CTX_DAG_RUN_ID='manual__2025-10-12T13:29:08.120078+00:00'
[2025-10-12T13:29:12.674+0000] {logging_mixin.py:188} INFO - 🚀 Starting dim_customer ETL pipeline
[2025-10-12T13:29:12.802+0000] {logging_mixin.py:188} INFO - 🕓 Last SUCCESS run for dim_customer: 2025-10-12 13:28:24.601020
[2025-10-12T13:29:12.803+0000] {logging_mixin.py:188} INFO - ✅ Last successful run found: 2025-10-12 13:28:24.601020
[2025-10-12T13:29:24.256+0000] {logging_mixin.py:188} INFO - 🔍 Found 0 new/updated records since last run.
[2025-10-12T13:29:24.257+0000] {logging_mixin.py:188} INFO - ℹ️ No new records to insert.
[2025-10-12T13:29:24.283+0000] {logging_mixin.py:188} INFO - 🟩 Logged ETL run for dim_customer: success at 2025-10-12 13:29:24.257735
[2025-10-12T13:29:24.284+0000] {python.py:201} INFO - Done. Returned value was: None
[2025-10-12T13:29:24.312+0000] {taskinstance.py:1138} INFO - Marking task as SUCCESS. dag_id=dim_customer_dag, task_id=load_dim_customer, execution_date=20251012T132908, start_date=20251012T132912, end_date=20251012T132924
[2025-10-12T13:29:24.319+0000] {logging_mixin.py:188} INFO - 🟩 Logged ETL run for dim_customer: success at 2025-10-12 13:29:24.314161
[2025-10-12T13:29:24.385+0000] {local_task_job_runner.py:234} INFO - Task exited with return code 0
[2025-10-12T13:29:24.435+0000] {taskinstance.py:3280} INFO - 0 downstream tasks scheduled from follow-on schedule check
